<html>
<body>
<pre>
<h1>µVision Build Log</h1>
<h2>Project:</h2>
E:\OBD_2G\Firmware\FCAR_OBDII_4G_STM32F2x\FCAR_OBDII_2G_APP\STM32F2xx_StdPeriph_Lib_V1.1.0\Project\STM32F2xx_StdPeriph_Template\MDK-ARM\FCAR_OBDII_2G_APP_Project.uvproj
Project File Date:  04/24/2019

<h2>Output:</h2>
Build target 'STM322xG_EVAL'
compiling main.c...
..\USER\user_queue.h(155): warning:  #1-D: last line of file ends without a newline
..\USER\config.h(32): warning:  #47-D: incompatible redefinition of macro "USART_WordLength_8b" (declared at line 126 of "..\..\..\Libraries\STM32F2xx_StdPeriph_Driver\inc\stm32f2xx_usart.h")
..\USER\config.h(33): warning:  #47-D: incompatible redefinition of macro "USART_WordLength_9b" (declared at line 127 of "..\..\..\Libraries\STM32F2xx_StdPeriph_Driver\inc\stm32f2xx_usart.h")
..\USER\config.h(34): warning:  #47-D: incompatible redefinition of macro "USART_StopBits_1" (declared at line 139 of "..\..\..\Libraries\STM32F2xx_StdPeriph_Driver\inc\stm32f2xx_usart.h")
..\USER\config.h(35): warning:  #47-D: incompatible redefinition of macro "USART_StopBits_0_5" (declared at line 140 of "..\..\..\Libraries\STM32F2xx_StdPeriph_Driver\inc\stm32f2xx_usart.h")
..\USER\config.h(36): warning:  #47-D: incompatible redefinition of macro "USART_StopBits_2" (declared at line 141 of "..\..\..\Libraries\STM32F2xx_StdPeriph_Driver\inc\stm32f2xx_usart.h")
..\USER\config.h(37): warning:  #47-D: incompatible redefinition of macro "USART_StopBits_1_5" (declared at line 142 of "..\..\..\Libraries\STM32F2xx_StdPeriph_Driver\inc\stm32f2xx_usart.h")
..\USER\BootLoader\userflashconfig.h(77): warning:  #1-D: last line of file ends without a newline
..\main.c(69): warning:  #223-D: function "printfuartdebug" declared implicitly
..\main.c(86): warning:  #167-D: argument of type "void (*)(void)" is incompatible with parameter of type "TaskFunction_t"
..\main.c(82): warning:  #177-D: variable "p" was declared but never referenced
..\main.c(201): warning:  #870-D: invalid multibyte character sequence
..\main.c(392): warning:  #223-D: function "main_SPI" declared implicitly
..\main.c(334): warning:  #177-D: variable "i" was declared but never referenced
..\main.c(336): warning:  #177-D: variable "NvicInitdef" was declared but never referenced
..\main.c(455): warning:  #940-D: missing return statement at end of non-void function "GSM_Init"
compiling usart1.c...
..\..\..\Libraries\STM32F2xx_StdPeriph_Driver\inc\stm32f2xx_usart.h(126): warning:  #47-D: incompatible redefinition of macro "USART_WordLength_8b" (declared at line 32 of "..\USER\config.h")
..\..\..\Libraries\STM32F2xx_StdPeriph_Driver\inc\stm32f2xx_usart.h(127): warning:  #47-D: incompatible redefinition of macro "USART_WordLength_9b" (declared at line 33 of "..\USER\config.h")
..\..\..\Libraries\STM32F2xx_StdPeriph_Driver\inc\stm32f2xx_usart.h(139): warning:  #47-D: incompatible redefinition of macro "USART_StopBits_1" (declared at line 34 of "..\USER\config.h")
..\..\..\Libraries\STM32F2xx_StdPeriph_Driver\inc\stm32f2xx_usart.h(140): warning:  #47-D: incompatible redefinition of macro "USART_StopBits_0_5" (declared at line 35 of "..\USER\config.h")
..\..\..\Libraries\STM32F2xx_StdPeriph_Driver\inc\stm32f2xx_usart.h(141): warning:  #47-D: incompatible redefinition of macro "USART_StopBits_2" (declared at line 36 of "..\USER\config.h")
..\..\..\Libraries\STM32F2xx_StdPeriph_Driver\inc\stm32f2xx_usart.h(142): warning:  #47-D: incompatible redefinition of macro "USART_StopBits_1_5" (declared at line 37 of "..\USER\config.h")
..\USER\user_queue.h(155): warning:  #1-D: last line of file ends without a newline
..\USER\bluewifi\bluewifi.h(64): warning:  #1-D: last line of file ends without a newline
..\USER\usart1.c(79): warning:  #167-D: argument of type "uint8 *" is incompatible with parameter of type "char *"
..\USER\usart1.c(121): warning:  #167-D: argument of type "uint8 *" is incompatible with parameter of type "char *"
..\USER\usart1.c(195): warning:  #167-D: argument of type "uint8 *" is incompatible with parameter of type "char *"
..\USER\usart1.c(210): warning:  #167-D: argument of type "uint8_t *" is incompatible with parameter of type "char *"
..\USER\usart1.c(211): warning:  #1-D: last line of file ends without a newline
compiling usart1.c...
..\..\..\Libraries\STM32F2xx_StdPeriph_Driver\inc\stm32f2xx_usart.h(126): warning:  #47-D: incompatible redefinition of macro "USART_WordLength_8b" (declared at line 32 of "..\USER\config.h")
..\..\..\Libraries\STM32F2xx_StdPeriph_Driver\inc\stm32f2xx_usart.h(127): warning:  #47-D: incompatible redefinition of macro "USART_WordLength_9b" (declared at line 33 of "..\USER\config.h")
..\..\..\Libraries\STM32F2xx_StdPeriph_Driver\inc\stm32f2xx_usart.h(139): warning:  #47-D: incompatible redefinition of macro "USART_StopBits_1" (declared at line 34 of "..\USER\config.h")
..\..\..\Libraries\STM32F2xx_StdPeriph_Driver\inc\stm32f2xx_usart.h(140): warning:  #47-D: incompatible redefinition of macro "USART_StopBits_0_5" (declared at line 35 of "..\USER\config.h")
..\..\..\Libraries\STM32F2xx_StdPeriph_Driver\inc\stm32f2xx_usart.h(141): warning:  #47-D: incompatible redefinition of macro "USART_StopBits_2" (declared at line 36 of "..\USER\config.h")
..\..\..\Libraries\STM32F2xx_StdPeriph_Driver\inc\stm32f2xx_usart.h(142): warning:  #47-D: incompatible redefinition of macro "USART_StopBits_1_5" (declared at line 37 of "..\USER\config.h")
..\USER\user_queue.h(155): warning:  #1-D: last line of file ends without a newline
..\USER\bluewifi\bluewifi.h(64): warning:  #1-D: last line of file ends without a newline
..\USER\usart1.c(79): warning:  #167-D: argument of type "uint8 *" is incompatible with parameter of type "char *"
..\USER\usart1.c(121): warning:  #167-D: argument of type "uint8 *" is incompatible with parameter of type "char *"
..\USER\usart1.c(195): warning:  #167-D: argument of type "uint8 *" is incompatible with parameter of type "char *"
..\USER\usart1.c(210): warning:  #167-D: argument of type "uint8_t *" is incompatible with parameter of type "char *"
..\USER\usart1.c(211): warning:  #1-D: last line of file ends without a newline
compiling bluewifi.c...
..\USER\bluewifi\bluewifi.h(64): warning:  #1-D: last line of file ends without a newline
..\USER\user_queue.h(155): warning:  #1-D: last line of file ends without a newline
..\USER\interface.h(331): warning:  #1-D: last line of file ends without a newline
..\USER\gpio.h(21): warning:  #1-D: last line of file ends without a newline
..\USER\hardwaretest\hardwaretest.h(375): warning:  #1-D: last line of file ends without a newline
..\USER\config.h(32): warning:  #47-D: incompatible redefinition of macro "USART_WordLength_8b" (declared at line 126 of "..\..\..\Libraries\STM32F2xx_StdPeriph_Driver\inc\stm32f2xx_usart.h")
..\USER\config.h(33): warning:  #47-D: incompatible redefinition of macro "USART_WordLength_9b" (declared at line 127 of "..\..\..\Libraries\STM32F2xx_StdPeriph_Driver\inc\stm32f2xx_usart.h")
..\USER\config.h(34): warning:  #47-D: incompatible redefinition of macro "USART_StopBits_1" (declared at line 139 of "..\..\..\Libraries\STM32F2xx_StdPeriph_Driver\inc\stm32f2xx_usart.h")
..\USER\config.h(35): warning:  #47-D: incompatible redefinition of macro "USART_StopBits_0_5" (declared at line 140 of "..\..\..\Libraries\STM32F2xx_StdPeriph_Driver\inc\stm32f2xx_usart.h")
..\USER\config.h(36): warning:  #47-D: incompatible redefinition of macro "USART_StopBits_2" (declared at line 141 of "..\..\..\Libraries\STM32F2xx_StdPeriph_Driver\inc\stm32f2xx_usart.h")
..\USER\config.h(37): warning:  #47-D: incompatible redefinition of macro "USART_StopBits_1_5" (declared at line 142 of "..\..\..\Libraries\STM32F2xx_StdPeriph_Driver\inc\stm32f2xx_usart.h")
..\USER\config.h(133): warning:  #47-D: incompatible redefinition of macro "TXQUEUEBUFLEN" (declared at line 68 of "..\USER\conf_PDU.h")
..\USER\hardware.h(46): warning:  #1-D: last line of file ends without a newline
..\USER\interface.h(79): warning:  #47-D: incompatible redefinition of macro "PIO_PA22_IDX" (declared at line 62 of "..\USER\hardwaretest\hardwaretest.h")
..\USER\interface.h(189): warning:  #2775-D: white space is required between the macro name "RESET_J1850_VPW_TX1_PORT" and its replacement text
..\USER\interface.h(331): warning:  #1-D: last line of file ends without a newline
..\USER\bluewifi\bluewifi.c(67): warning:  #177-D: variable "cstr" was declared but never referenced
..\USER\bluewifi\bluewifi.c(118): warning:  #111-D: statement is unreachable
..\USER\bluewifi\bluewifi.c(140): warning:  #177-D: variable "len" was declared but never referenced
..\USER\bluewifi\bluewifi.c(141): warning:  #177-D: variable "i" was declared but never referenced
..\USER\bluewifi\bluewifi.c(158): warning:  #177-D: variable "i" was declared but never referenced
..\USER\bluewifi\bluewifi.c(190): warning:  #111-D: statement is unreachable
..\USER\bluewifi\bluewifi.c(193): warning:  #223-D: function "USB_SendData" declared implicitly
..\USER\bluewifi\bluewifi.c(202): warning:  #111-D: statement is unreachable
..\USER\bluewifi\bluewifi.c(206): warning:  #223-D: function "USB_SendData" declared implicitly
..\USER\bluewifi\bluewifi.c(218): warning:  #111-D: statement is unreachable
..\USER\bluewifi\bluewifi.c(221): warning:  #223-D: function "USB_SendData" declared implicitly
..\USER\bluewifi\bluewifi.c(258): warning:  #111-D: statement is unreachable
..\USER\bluewifi\bluewifi.c(279): warning:  #223-D: function "vTaskDelay" declared implicitly
linking...
.\STM322xG_EVAL\STM32F2xx_FCAR_OBDII_4G_APP_V1_00_20190327.axf: Warning: L6304W: Duplicate input file .\stm322xg_eval\usart1.o ignored.
.\STM322xG_EVAL\STM32F2xx_FCAR_OBDII_4G_APP_V1_00_20190327.axf: Warning: L6304W: Duplicate input file .\stm322xg_eval\bluewifi.o ignored.
Program Size: Code=93024 RO-data=28240 RW-data=1452 ZI-data=122788  
FromELF: creating hex file...
After Build - User command #1: fromelf --bin --output .\STM322xG_EVAL\STM32F2xx_FCAR_OBDII_APP_V1_00_20190327.bin .\STM322xG_EVAL\STM32F2xx_FCAR_OBDII_APP_V1_00_20190327.axf
".\STM322xG_EVAL\STM32F2xx_FCAR_OBDII_APP_V1_00_20190327.axf": Error: Q0122E: Could not open file '.\STM322xG_EVAL\STM32F2xx_FCAR_OBDII_APP_V1_00_20190327.axf': No such file or directory
Finished: 0 information, 0 warning and 1 error messages.
".\STM322xG_EVAL\STM32F2xx_FCAR_OBDII_4G_APP_V1_00_20190327.axf" - 0 Errors, 73 Warning(s).
Build target 'STM322xG_EVAL'
compiling bluewifi.c...
..\USER\bluewifi\bluewifi.h(64): warning:  #1-D: last line of file ends without a newline
..\USER\user_queue.h(155): warning:  #1-D: last line of file ends without a newline
..\USER\interface.h(331): warning:  #1-D: last line of file ends without a newline
..\USER\gpio.h(21): warning:  #1-D: last line of file ends without a newline
..\USER\hardwaretest\hardwaretest.h(375): warning:  #1-D: last line of file ends without a newline
..\USER\config.h(32): warning:  #47-D: incompatible redefinition of macro "USART_WordLength_8b" (declared at line 126 of "..\..\..\Libraries\STM32F2xx_StdPeriph_Driver\inc\stm32f2xx_usart.h")
..\USER\config.h(33): warning:  #47-D: incompatible redefinition of macro "USART_WordLength_9b" (declared at line 127 of "..\..\..\Libraries\STM32F2xx_StdPeriph_Driver\inc\stm32f2xx_usart.h")
..\USER\config.h(34): warning:  #47-D: incompatible redefinition of macro "USART_StopBits_1" (declared at line 139 of "..\..\..\Libraries\STM32F2xx_StdPeriph_Driver\inc\stm32f2xx_usart.h")
..\USER\config.h(35): warning:  #47-D: incompatible redefinition of macro "USART_StopBits_0_5" (declared at line 140 of "..\..\..\Libraries\STM32F2xx_StdPeriph_Driver\inc\stm32f2xx_usart.h")
..\USER\config.h(36): warning:  #47-D: incompatible redefinition of macro "USART_StopBits_2" (declared at line 141 of "..\..\..\Libraries\STM32F2xx_StdPeriph_Driver\inc\stm32f2xx_usart.h")
..\USER\config.h(37): warning:  #47-D: incompatible redefinition of macro "USART_StopBits_1_5" (declared at line 142 of "..\..\..\Libraries\STM32F2xx_StdPeriph_Driver\inc\stm32f2xx_usart.h")
..\USER\config.h(133): warning:  #47-D: incompatible redefinition of macro "TXQUEUEBUFLEN" (declared at line 68 of "..\USER\conf_PDU.h")
..\USER\hardware.h(46): warning:  #1-D: last line of file ends without a newline
..\USER\interface.h(79): warning:  #47-D: incompatible redefinition of macro "PIO_PA22_IDX" (declared at line 62 of "..\USER\hardwaretest\hardwaretest.h")
..\USER\interface.h(189): warning:  #2775-D: white space is required between the macro name "RESET_J1850_VPW_TX1_PORT" and its replacement text
..\USER\interface.h(331): warning:  #1-D: last line of file ends without a newline
..\USER\bluewifi\bluewifi.c(67): warning:  #177-D: variable "cstr" was declared but never referenced
..\USER\bluewifi\bluewifi.c(118): warning:  #111-D: statement is unreachable
..\USER\bluewifi\bluewifi.c(140): warning:  #177-D: variable "len" was declared but never referenced
..\USER\bluewifi\bluewifi.c(141): warning:  #177-D: variable "i" was declared but never referenced
..\USER\bluewifi\bluewifi.c(158): warning:  #177-D: variable "i" was declared but never referenced
..\USER\bluewifi\bluewifi.c(190): warning:  #111-D: statement is unreachable
..\USER\bluewifi\bluewifi.c(193): warning:  #223-D: function "USB_SendData" declared implicitly
..\USER\bluewifi\bluewifi.c(202): warning:  #111-D: statement is unreachable
..\USER\bluewifi\bluewifi.c(206): warning:  #223-D: function "USB_SendData" declared implicitly
..\USER\bluewifi\bluewifi.c(218): warning:  #111-D: statement is unreachable
..\USER\bluewifi\bluewifi.c(221): warning:  #223-D: function "USB_SendData" declared implicitly
..\USER\bluewifi\bluewifi.c(258): warning:  #111-D: statement is unreachable
..\USER\bluewifi\bluewifi.c(279): warning:  #223-D: function "vTaskDelay" declared implicitly
linking...
.\STM322xG_EVAL\STM32F2xx_FCAR_OBDII_4G_APP_V1_00_20190327.axf: Warning: L6304W: Duplicate input file .\stm322xg_eval\usart1.o ignored.
.\STM322xG_EVAL\STM32F2xx_FCAR_OBDII_4G_APP_V1_00_20190327.axf: Warning: L6304W: Duplicate input file .\stm322xg_eval\bluewifi.o ignored.
Program Size: Code=93024 RO-data=28240 RW-data=1452 ZI-data=122788  
FromELF: creating hex file...
After Build - User command #1: fromelf --bin --output .\STM322xG_EVAL\STM32F2xx_FCAR_OBDII_APP_V1_00_20190327.bin .\STM322xG_EVAL\STM32F2xx_FCAR_OBDII_APP_V1_00_20190327.axf
".\STM322xG_EVAL\STM32F2xx_FCAR_OBDII_APP_V1_00_20190327.axf": Error: Q0122E: Could not open file '.\STM322xG_EVAL\STM32F2xx_FCAR_OBDII_APP_V1_00_20190327.axf': No such file or directory
Finished: 0 information, 0 warning and 1 error messages.
".\STM322xG_EVAL\STM32F2xx_FCAR_OBDII_4G_APP_V1_00_20190327.axf" - 0 Errors, 31 Warning(s).
Build target 'STM322xG_EVAL'
compiling bluewifi.c...
..\USER\bluewifi\bluewifi.h(64): warning:  #1-D: last line of file ends without a newline
..\USER\user_queue.h(155): warning:  #1-D: last line of file ends without a newline
..\USER\interface.h(331): warning:  #1-D: last line of file ends without a newline
..\USER\gpio.h(21): warning:  #1-D: last line of file ends without a newline
..\USER\hardwaretest\hardwaretest.h(375): warning:  #1-D: last line of file ends without a newline
..\USER\config.h(32): warning:  #47-D: incompatible redefinition of macro "USART_WordLength_8b" (declared at line 126 of "..\..\..\Libraries\STM32F2xx_StdPeriph_Driver\inc\stm32f2xx_usart.h")
..\USER\config.h(33): warning:  #47-D: incompatible redefinition of macro "USART_WordLength_9b" (declared at line 127 of "..\..\..\Libraries\STM32F2xx_StdPeriph_Driver\inc\stm32f2xx_usart.h")
..\USER\config.h(34): warning:  #47-D: incompatible redefinition of macro "USART_StopBits_1" (declared at line 139 of "..\..\..\Libraries\STM32F2xx_StdPeriph_Driver\inc\stm32f2xx_usart.h")
..\USER\config.h(35): warning:  #47-D: incompatible redefinition of macro "USART_StopBits_0_5" (declared at line 140 of "..\..\..\Libraries\STM32F2xx_StdPeriph_Driver\inc\stm32f2xx_usart.h")
..\USER\config.h(36): warning:  #47-D: incompatible redefinition of macro "USART_StopBits_2" (declared at line 141 of "..\..\..\Libraries\STM32F2xx_StdPeriph_Driver\inc\stm32f2xx_usart.h")
..\USER\config.h(37): warning:  #47-D: incompatible redefinition of macro "USART_StopBits_1_5" (declared at line 142 of "..\..\..\Libraries\STM32F2xx_StdPeriph_Driver\inc\stm32f2xx_usart.h")
..\USER\config.h(133): warning:  #47-D: incompatible redefinition of macro "TXQUEUEBUFLEN" (declared at line 68 of "..\USER\conf_PDU.h")
..\USER\hardware.h(46): warning:  #1-D: last line of file ends without a newline
..\USER\interface.h(79): warning:  #47-D: incompatible redefinition of macro "PIO_PA22_IDX" (declared at line 62 of "..\USER\hardwaretest\hardwaretest.h")
..\USER\interface.h(189): warning:  #2775-D: white space is required between the macro name "RESET_J1850_VPW_TX1_PORT" and its replacement text
..\USER\interface.h(331): warning:  #1-D: last line of file ends without a newline
..\USER\bluewifi\bluewifi.c(67): warning:  #177-D: variable "cstr" was declared but never referenced
..\USER\bluewifi\bluewifi.c(118): warning:  #111-D: statement is unreachable
..\USER\bluewifi\bluewifi.c(140): warning:  #177-D: variable "len" was declared but never referenced
..\USER\bluewifi\bluewifi.c(141): warning:  #177-D: variable "i" was declared but never referenced
..\USER\bluewifi\bluewifi.c(158): warning:  #177-D: variable "i" was declared but never referenced
..\USER\bluewifi\bluewifi.c(190): warning:  #111-D: statement is unreachable
..\USER\bluewifi\bluewifi.c(193): warning:  #223-D: function "USB_SendData" declared implicitly
..\USER\bluewifi\bluewifi.c(202): warning:  #111-D: statement is unreachable
..\USER\bluewifi\bluewifi.c(206): warning:  #223-D: function "USB_SendData" declared implicitly
..\USER\bluewifi\bluewifi.c(218): warning:  #111-D: statement is unreachable
..\USER\bluewifi\bluewifi.c(221): warning:  #223-D: function "USB_SendData" declared implicitly
..\USER\bluewifi\bluewifi.c(258): warning:  #111-D: statement is unreachable
..\USER\bluewifi\bluewifi.c(279): warning:  #223-D: function "vTaskDelay" declared implicitly
linking...
.\STM322xG_EVAL\STM32F2xx_FCAR_OBDII_4G_APP_V1_00_20190327.axf: Warning: L6304W: Duplicate input file .\stm322xg_eval\usart1.o ignored.
.\STM322xG_EVAL\STM32F2xx_FCAR_OBDII_4G_APP_V1_00_20190327.axf: Warning: L6304W: Duplicate input file .\stm322xg_eval\bluewifi.o ignored.
Program Size: Code=93024 RO-data=28240 RW-data=1452 ZI-data=122788  
FromELF: creating hex file...
After Build - User command #1: fromelf --bin --output .\STM322xG_EVAL\STM32F2xx_FCAR_OBDII_4G_APP_V1_00_20190327.bin .\STM322xG_EVAL\STM32F2xx_FCAR_OBDII_APP_V1_00_20190327.axf
".\STM322xG_EVAL\STM32F2xx_FCAR_OBDII_APP_V1_00_20190327.axf": Error: Q0122E: Could not open file '.\STM322xG_EVAL\STM32F2xx_FCAR_OBDII_APP_V1_00_20190327.axf': No such file or directory
Finished: 0 information, 0 warning and 1 error messages.
".\STM322xG_EVAL\STM32F2xx_FCAR_OBDII_4G_APP_V1_00_20190327.axf" - 0 Errors, 31 Warning(s).
