Build target 'STM322xG_EVAL'
linking...
.\STM322xG_EVAL\STM32F2xx_FCAR_OBDII_APP_V1_00_2019_03_27.axf: Warning: L6304W: Duplicate input file .\stm322xg_eval\code.o ignored.
.\STM322xG_EVAL\STM32F2xx_FCAR_OBDII_APP_V1_00_2019_03_27.axf: Warning: L6304W: Duplicate input file .\stm322xg_eval\hardware.o ignored.
.\STM322xG_EVAL\STM32F2xx_FCAR_OBDII_APP_V1_00_2019_03_27.axf: Warning: L6304W: Duplicate input file .\stm322xg_eval\usart1.o ignored.
.\STM322xG_EVAL\STM32F2xx_FCAR_OBDII_APP_V1_00_2019_03_27.axf: Warning: L6304W: Duplicate input file .\stm322xg_eval\bluewifi.o ignored.
Program Size: Code=8868 RO-data=772 RW-data=144 ZI-data=4152  
FromELF: creating hex file...
".\STM322xG_EVAL\STM32F2xx_FCAR_OBDII_APP_V1_00_2019_03_27.axf" - 0 Errors, 4 Warning(s).
Build target 'STM322xG_EVAL'
compiling main.c...
..\USER\INCLUDE\user_stm32f2xx.h(50): warning:  #47-D: incompatible redefinition of macro "GPIO_Mode_AIN" (declared at line 358 of "..\..\..\Libraries\STM32F2xx_StdPeriph_Driver\inc\stm32f2xx_gpio.h")
..\USER\config.h(31): warning:  #47-D: incompatible redefinition of macro "USART_Parity_No" (declared at line 155 of "..\..\..\Libraries\STM32F2xx_StdPeriph_Driver\inc\stm32f2xx_usart.h")
..\USER\config.h(32): warning:  #47-D: incompatible redefinition of macro "USART_Parity_Even" (declared at line 156 of "..\..\..\Libraries\STM32F2xx_StdPeriph_Driver\inc\stm32f2xx_usart.h")
..\USER\config.h(33): warning:  #47-D: incompatible redefinition of macro "USART_Parity_Odd" (declared at line 157 of "..\..\..\Libraries\STM32F2xx_StdPeriph_Driver\inc\stm32f2xx_usart.h")
..\USER\config.h(34): warning:  #47-D: incompatible redefinition of macro "USART_WordLength_8b" (declared at line 126 of "..\..\..\Libraries\STM32F2xx_StdPeriph_Driver\inc\stm32f2xx_usart.h")
..\USER\config.h(35): warning:  #47-D: incompatible redefinition of macro "USART_WordLength_9b" (declared at line 127 of "..\..\..\Libraries\STM32F2xx_StdPeriph_Driver\inc\stm32f2xx_usart.h")
..\USER\config.h(36): warning:  #47-D: incompatible redefinition of macro "USART_StopBits_1" (declared at line 139 of "..\..\..\Libraries\STM32F2xx_StdPeriph_Driver\inc\stm32f2xx_usart.h")
..\USER\config.h(37): warning:  #47-D: incompatible redefinition of macro "USART_StopBits_0_5" (declared at line 140 of "..\..\..\Libraries\STM32F2xx_StdPeriph_Driver\inc\stm32f2xx_usart.h")
..\USER\config.h(38): warning:  #47-D: incompatible redefinition of macro "USART_StopBits_2" (declared at line 141 of "..\..\..\Libraries\STM32F2xx_StdPeriph_Driver\inc\stm32f2xx_usart.h")
..\USER\config.h(39): warning:  #47-D: incompatible redefinition of macro "USART_StopBits_1_5" (declared at line 142 of "..\..\..\Libraries\STM32F2xx_StdPeriph_Driver\inc\stm32f2xx_usart.h")
..\main.c(57): warning:  #69-D: integer conversion resulted in truncation
..\main.c(58): warning:  #69-D: integer conversion resulted in truncation
..\main.c(207): error:  #165: too few arguments in function call
..\main.c(221): warning:  #188-D: enumerated type mixed with another type
..\main.c(262): warning:  #223-D: function "main_minivci_app" declared implicitly
".\STM322xG_EVAL\STM32F2xx_FCAR_OBDII_APP_V1_00_2019_03_27.axf" - 1 Errors, 14 Warning(s).
Target not created
Build target 'STM322xG_EVAL'
compiling main.c...
..\USER\INCLUDE\user_stm32f2xx.h(50): warning:  #47-D: incompatible redefinition of macro "GPIO_Mode_AIN" (declared at line 358 of "..\..\..\Libraries\STM32F2xx_StdPeriph_Driver\inc\stm32f2xx_gpio.h")
..\USER\config.h(31): warning:  #47-D: incompatible redefinition of macro "USART_Parity_No" (declared at line 155 of "..\..\..\Libraries\STM32F2xx_StdPeriph_Driver\inc\stm32f2xx_usart.h")
..\USER\config.h(32): warning:  #47-D: incompatible redefinition of macro "USART_Parity_Even" (declared at line 156 of "..\..\..\Libraries\STM32F2xx_StdPeriph_Driver\inc\stm32f2xx_usart.h")
..\USER\config.h(33): warning:  #47-D: incompatible redefinition of macro "USART_Parity_Odd" (declared at line 157 of "..\..\..\Libraries\STM32F2xx_StdPeriph_Driver\inc\stm32f2xx_usart.h")
..\USER\config.h(34): warning:  #47-D: incompatible redefinition of macro "USART_WordLength_8b" (declared at line 126 of "..\..\..\Libraries\STM32F2xx_StdPeriph_Driver\inc\stm32f2xx_usart.h")
..\USER\config.h(35): warning:  #47-D: incompatible redefinition of macro "USART_WordLength_9b" (declared at line 127 of "..\..\..\Libraries\STM32F2xx_StdPeriph_Driver\inc\stm32f2xx_usart.h")
..\USER\config.h(36): warning:  #47-D: incompatible redefinition of macro "USART_StopBits_1" (declared at line 139 of "..\..\..\Libraries\STM32F2xx_StdPeriph_Driver\inc\stm32f2xx_usart.h")
..\USER\config.h(37): warning:  #47-D: incompatible redefinition of macro "USART_StopBits_0_5" (declared at line 140 of "..\..\..\Libraries\STM32F2xx_StdPeriph_Driver\inc\stm32f2xx_usart.h")
..\USER\config.h(38): warning:  #47-D: incompatible redefinition of macro "USART_StopBits_2" (declared at line 141 of "..\..\..\Libraries\STM32F2xx_StdPeriph_Driver\inc\stm32f2xx_usart.h")
..\USER\config.h(39): warning:  #47-D: incompatible redefinition of macro "USART_StopBits_1_5" (declared at line 142 of "..\..\..\Libraries\STM32F2xx_StdPeriph_Driver\inc\stm32f2xx_usart.h")
..\main.c(57): warning:  #69-D: integer conversion resulted in truncation
..\main.c(58): warning:  #69-D: integer conversion resulted in truncation
..\main.c(207): warning:  #188-D: enumerated type mixed with another type
..\main.c(207): warning:  #69-D: integer conversion resulted in truncation
..\main.c(208): warning:  #188-D: enumerated type mixed with another type
..\main.c(208): warning:  #69-D: integer conversion resulted in truncation
..\main.c(222): warning:  #188-D: enumerated type mixed with another type
..\main.c(263): warning:  #223-D: function "main_minivci_app" declared implicitly
compiling stm32f2xx_it.c...
compiling usart1.c...
..\..\..\Libraries\STM32F2xx_StdPeriph_Driver\inc\stm32f2xx_usart.h(126): warning:  #47-D: incompatible redefinition of macro "USART_WordLength_8b" (declared at line 34 of "..\USER\config.h")
..\..\..\Libraries\STM32F2xx_StdPeriph_Driver\inc\stm32f2xx_usart.h(127): warning:  #47-D: incompatible redefinition of macro "USART_WordLength_9b" (declared at line 35 of "..\USER\config.h")
..\..\..\Libraries\STM32F2xx_StdPeriph_Driver\inc\stm32f2xx_usart.h(139): warning:  #47-D: incompatible redefinition of macro "USART_StopBits_1" (declared at line 36 of "..\USER\config.h")
..\..\..\Libraries\STM32F2xx_StdPeriph_Driver\inc\stm32f2xx_usart.h(140): warning:  #47-D: incompatible redefinition of macro "USART_StopBits_0_5" (declared at line 37 of "..\USER\config.h")
..\..\..\Libraries\STM32F2xx_StdPeriph_Driver\inc\stm32f2xx_usart.h(141): warning:  #47-D: incompatible redefinition of macro "USART_StopBits_2" (declared at line 38 of "..\USER\config.h")
..\..\..\Libraries\STM32F2xx_StdPeriph_Driver\inc\stm32f2xx_usart.h(142): warning:  #47-D: incompatible redefinition of macro "USART_StopBits_1_5" (declared at line 39 of "..\USER\config.h")
..\..\..\Libraries\STM32F2xx_StdPeriph_Driver\inc\stm32f2xx_usart.h(155): warning:  #47-D: incompatible redefinition of macro "USART_Parity_No" (declared at line 31 of "..\USER\config.h")
..\..\..\Libraries\STM32F2xx_StdPeriph_Driver\inc\stm32f2xx_usart.h(156): warning:  #47-D: incompatible redefinition of macro "USART_Parity_Even" (declared at line 32 of "..\USER\config.h")
..\..\..\Libraries\STM32F2xx_StdPeriph_Driver\inc\stm32f2xx_usart.h(157): warning:  #47-D: incompatible redefinition of macro "USART_Parity_Odd" (declared at line 33 of "..\USER\config.h")
..\USER\INCLUDE\user_stm32f2xx.h(50): warning:  #47-D: incompatible redefinition of macro "GPIO_Mode_AIN" (declared at line 358 of "..\..\..\Libraries\STM32F2xx_StdPeriph_Driver\inc\stm32f2xx_gpio.h")
..\USER\uart\usart1.c(100): warning:  #177-D: variable "DMA_Initstructure" was declared but never referenced
..\USER\uart\usart1.c(211): warning:  #167-D: argument of type "char *" is incompatible with parameter of type "uint8_t *"
..\USER\uart\usart1.c(268): warning:  #177-D: variable "checkbyte" was declared but never referenced
..\USER\uart\usart1.c(269): warning:  #177-D: variable "i" was declared but never referenced
..\USER\uart\usart1.c(270): warning:  #177-D: variable "number" was declared but never referenced
..\USER\uart\usart1.c(209): warning: C4017W: i may be used before being set
compiling stm322xg_eval_fsmc_sram.c...
compiling stm322xg_eval_ioe.c...
compiling stm322xg_eval_lcd.c...
compiling stm322xg_eval.c...
..\USER\interface.h(254): warning:  #1-D: last line of file ends without a newline
..\USER\INCLUDE\user_stm32f2xx.h(50): warning:  #47-D: incompatible redefinition of macro "GPIO_Mode_AIN" (declared at line 358 of "..\..\..\Libraries\STM32F2xx_StdPeriph_Driver\inc\stm32f2xx_gpio.h")
..\USER\gpio.h(21): warning:  #1-D: last line of file ends without a newline
..\USER\hardwaretest\hardwaretest.h(375): warning:  #1-D: last line of file ends without a newline
..\USER\config.h(31): warning:  #47-D: incompatible redefinition of macro "USART_Parity_No" (declared at line 155 of "..\..\..\Libraries\STM32F2xx_StdPeriph_Driver\inc\stm32f2xx_usart.h")
..\USER\config.h(32): warning:  #47-D: incompatible redefinition of macro "USART_Parity_Even" (declared at line 156 of "..\..\..\Libraries\STM32F2xx_StdPeriph_Driver\inc\stm32f2xx_usart.h")
..\USER\config.h(33): warning:  #47-D: incompatible redefinition of macro "USART_Parity_Odd" (declared at line 157 of "..\..\..\Libraries\STM32F2xx_StdPeriph_Driver\inc\stm32f2xx_usart.h")
..\USER\config.h(34): warning:  #47-D: incompatible redefinition of macro "USART_WordLength_8b" (declared at line 126 of "..\..\..\Libraries\STM32F2xx_StdPeriph_Driver\inc\stm32f2xx_usart.h")
..\USER\config.h(35): warning:  #47-D: incompatible redefinition of macro "USART_WordLength_9b" (declared at line 127 of "..\..\..\Libraries\STM32F2xx_StdPeriph_Driver\inc\stm32f2xx_usart.h")
..\USER\config.h(36): warning:  #47-D: incompatible redefinition of macro "USART_StopBits_1" (declared at line 139 of "..\..\..\Libraries\STM32F2xx_StdPeriph_Driver\inc\stm32f2xx_usart.h")
..\USER\config.h(37): warning:  #47-D: incompatible redefinition of macro "USART_StopBits_0_5" (declared at line 140 of "..\..\..\Libraries\STM32F2xx_StdPeriph_Driver\inc\stm32f2xx_usart.h")
..\USER\config.h(38): warning:  #47-D: incompatible redefinition of macro "USART_StopBits_2" (declared at line 141 of "..\..\..\Libraries\STM32F2xx_StdPeriph_Driver\inc\stm32f2xx_usart.h")
..\USER\config.h(39): warning:  #47-D: incompatible redefinition of macro "USART_StopBits_1_5" (declared at line 142 of "..\..\..\Libraries\STM32F2xx_StdPeriph_Driver\inc\stm32f2xx_usart.h")
..\USER\hardware.h(46): warning:  #1-D: last line of file ends without a newline
..\USER\interface.h(11): warning:  #47-D: incompatible redefinition of macro "PIO_PA22_IDX" (declared at line 62 of "..\USER\hardwaretest\hardwaretest.h")
..\USER\interface.h(126): warning:  #2775-D: white space is required between the macro name "RESET_J1850_VPW_TX1_PORT" and its replacement text
..\USER\interface.h(254): warning:  #1-D: last line of file ends without a newline
..\..\..\Utilities\STM32_EVAL\STM322xG_EVAL\stm322xg_eval.c(87): error:  #146: too many initializer values
..\..\..\Utilities\STM32_EVAL\STM322xG_EVAL\stm322xg_eval.c(89): error:  #146: too many initializer values
..\..\..\Utilities\STM32_EVAL\STM322xG_EVAL\stm322xg_eval.c(91): error:  #146: too many initializer values
compiling PassThru_KWP.c...
..\USER\interface.h(254): warning:  #1-D: last line of file ends without a newline
..\..\..\Libraries\STM32F2xx_StdPeriph_Driver\inc\stm32f2xx_usart.h(126): warning:  #47-D: incompatible redefinition of macro "USART_WordLength_8b" (declared at line 34 of "..\USER\config.h")
..\..\..\Libraries\STM32F2xx_StdPeriph_Driver\inc\stm32f2xx_usart.h(127): warning:  #47-D: incompatible redefinition of macro "USART_WordLength_9b" (declared at line 35 of "..\USER\config.h")
..\..\..\Libraries\STM32F2xx_StdPeriph_Driver\inc\stm32f2xx_usart.h(139): warning:  #47-D: incompatible redefinition of macro "USART_StopBits_1" (declared at line 36 of "..\USER\config.h")
..\..\..\Libraries\STM32F2xx_StdPeriph_Driver\inc\stm32f2xx_usart.h(140): warning:  #47-D: incompatible redefinition of macro "USART_StopBits_0_5" (declared at line 37 of "..\USER\config.h")
..\..\..\Libraries\STM32F2xx_StdPeriph_Driver\inc\stm32f2xx_usart.h(141): warning:  #47-D: incompatible redefinition of macro "USART_StopBits_2" (declared at line 38 of "..\USER\config.h")
..\..\..\Libraries\STM32F2xx_StdPeriph_Driver\inc\stm32f2xx_usart.h(142): warning:  #47-D: incompatible redefinition of macro "USART_StopBits_1_5" (declared at line 39 of "..\USER\config.h")
..\..\..\Libraries\STM32F2xx_StdPeriph_Driver\inc\stm32f2xx_usart.h(155): warning:  #47-D: incompatible redefinition of macro "USART_Parity_No" (declared at line 31 of "..\USER\config.h")
..\..\..\Libraries\STM32F2xx_StdPeriph_Driver\inc\stm32f2xx_usart.h(156): warning:  #47-D: incompatible redefinition of macro "USART_Parity_Even" (declared at line 32 of "..\USER\config.h")
..\..\..\Libraries\STM32F2xx_StdPeriph_Driver\inc\stm32f2xx_usart.h(157): warning:  #47-D: incompatible redefinition of macro "USART_Parity_Odd" (declared at line 33 of "..\USER\config.h")
..\USER\INCLUDE\user_stm32f2xx.h(50): warning:  #47-D: incompatible redefinition of macro "GPIO_Mode_AIN" (declared at line 358 of "..\..\..\Libraries\STM32F2xx_StdPeriph_Driver\inc\stm32f2xx_gpio.h")
..\USER\gpio.h(21): warning:  #1-D: last line of file ends without a newline
..\USER\hardwaretest\hardwaretest.h(375): warning:  #1-D: last line of file ends without a newline
..\USER\hardware.h(46): warning:  #1-D: last line of file ends without a newline
..\USER\interface.h(11): warning:  #47-D: incompatible redefinition of macro "PIO_PA22_IDX" (declared at line 62 of "..\USER\hardwaretest\hardwaretest.h")
..\USER\interface.h(126): warning:  #2775-D: white space is required between the macro name "RESET_J1850_VPW_TX1_PORT" and its replacement text
..\USER\interface.h(254): warning:  #1-D: last line of file ends without a newline
..\USER\hardware.h(46): warning:  #1-D: last line of file ends without a newline
..\USER\user_queue.h(186): warning:  #1-D: last line of file ends without a newline
..\USER\uart\bluewifi.h(160): warning:  #1-D: last line of file ends without a newline
..\USER\usart.h(20): warning:  #1-D: last line of file ends without a newline
..\USER\ECU_DRV\PassThru_KWP.c(20): warning:  #47-D: incompatible redefinition of macro "UART_MR_PAR_EVEN" (declared at line 9 of "..\USER\usart.h")
..\USER\ECU_DRV\PassThru_KWP.c(21): warning:  #47-D: incompatible redefinition of macro "UART_MR_PAR_ODD" (declared at line 7 of "..\USER\usart.h")
..\USER\ECU_DRV\PassThru_KWP.c(22): warning:  #47-D: incompatible redefinition of macro "UART_MR_PAR_NO" (declared at line 8 of "..\USER\usart.h")
..\USER\ECU_DRV\PassThru_KWP.c(23): warning:  #47-D: incompatible redefinition of macro "US_MR_MODE9" (declared at line 11 of "..\USER\usart.h")
..\USER\ECU_DRV\PassThru_KWP.c(28): warning:  #47-D: incompatible redefinition of macro "zyIrqDisable" (declared at line 34 of "..\USER\conf_PDU.h")
..\USER\ECU_DRV\PassThru_KWP.c(29): warning:  #47-D: incompatible redefinition of macro "zyIrqEnable" (declared at line 35 of "..\USER\conf_PDU.h")
..\USER\ECU_DRV\PassThru_KWP.c(43): warning:  #47-D: incompatible redefinition of macro "GET_RX0_STATUS" (declared at line 26 of "..\USER\interface.h")
..\USER\ECU_DRV\PassThru_KWP.c(67): warning:  #231-D: declaration is not visible outside of function
..\USER\ECU_DRV\PassThru_KWP.c(70): warning:  #940-D: missing return statement at end of non-void function "usart_write"
..\USER\ECU_DRV\PassThru_KWP.c(83): warning:  #223-D: function "T_delay_ms" declared implicitly
..\USER\ECU_DRV\PassThru_KWP.c(85): warning:  #223-D: function "T_delay_ms_get_status" declared implicitly
..\USER\ECU_DRV\PassThru_KWP.c(89): warning:  #223-D: function "T_delay_ms_get_count" declared implicitly
..\USER\ECU_DRV\PassThru_KWP.c(100): warning:  #550-D: variable "USART_InitStructure" was set but never used
..\USER\ECU_DRV\PassThru_KWP.c(121): warning:  #223-D: function "OBD_EVAL_COMInit" declared implicitly
..\USER\ECU_DRV\PassThru_KWP.c(210): warning:  #174-D: expression has no effect
..\USER\ECU_DRV\PassThru_KWP.c(388): warning:  #940-D: missing return statement at end of non-void function "HAL_MINIVCI_UART_READ_us"
..\USER\ECU_DRV\PassThru_KWP.c(433): warning:  #223-D: function "T_delay_ms" declared implicitly
..\USER\ECU_DRV\PassThru_KWP.c(435): warning:  #223-D: function "T_delay_ms_get_status" declared implicitly
..\USER\ECU_DRV\PassThru_KWP.c(563): warning:  #513-D: a value of type "uint8_t (*)(uint16_t, uint8_t *)" cannot be assigned to an entity of type "uint8 (*)(uint32, uint8 *)"
..\USER\ECU_DRV\PassThru_KWP.c(672): warning:  #174-D: expression has no effect
..\USER\ECU_DRV\PassThru_KWP.c(739): warning:  #174-D: expression has no effect
..\USER\ECU_DRV\PassThru_KWP.c(771): warning:  #174-D: expression has no effect
..\USER\ECU_DRV\PassThru_KWP.c(931): warning:  #174-D: expression has no effect
..\USER\ECU_DRV\PassThru_KWP.c(931): warning:  #174-D: expression has no effect
..\USER\ECU_DRV\PassThru_KWP.c(942): warning:  #174-D: expression has no effect
..\USER\ECU_DRV\PassThru_KWP.c(944): warning:  #174-D: expression has no effect
..\USER\ECU_DRV\PassThru_KWP.c(946): warning:  #174-D: expression has no effect
..\USER\ECU_DRV\PassThru_KWP.c(952): warning:  #174-D: expression has no effect
..\USER\ECU_DRV\PassThru_KWP.c(1036): warning:  #174-D: expression has no effect
..\USER\ECU_DRV\PassThru_KWP.c(1036): warning:  #174-D: expression has no effect
..\USER\ECU_DRV\PassThru_KWP.c(1041): warning:  #223-D: function "T_delay_ms_init" declared implicitly
..\USER\ECU_DRV\PassThru_KWP.c(1044): warning:  #223-D: function "T_delay_ms_get_status" declared implicitly
..\USER\ECU_DRV\PassThru_KWP.c(1046): warning:  #174-D: expression has no effect
..\USER\ECU_DRV\PassThru_KWP.c(1046): warning:  #174-D: expression has no effect
..\USER\ECU_DRV\PassThru_KWP.c(1052): warning:  #223-D: function "T_delay_ms_clear_count" declared implicitly
..\USER\ECU_DRV\PassThru_KWP.c(1059): warning:  #223-D: function "T_delay_ms_get_status" declared implicitly
..\USER\ECU_DRV\PassThru_KWP.c(1065): warning:  #223-D: function "T_delay_ms_get_count" declared implicitly
..\USER\ECU_DRV\PassThru_KWP.c(1069): warning:  #223-D: function "T_delay_ms_get_status" declared implicitly
..\USER\ECU_DRV\PassThru_KWP.c(1206): warning:  #940-D: missing return statement at end of non-void function "hal_kwp_protocol_init_slow_minivci"
..\USER\ECU_DRV\PassThru_KWP.c(1092): warning:  #177-D: variable "ecu_cur_baud" was declared but never referenced
..\USER\ECU_DRV\PassThru_KWP.c(1093): warning:  #177-D: variable "recv_key" was declared but never referenced
..\USER\ECU_DRV\PassThru_KWP.c(1094): warning:  #177-D: variable "non_key2" was declared but never referenced
..\USER\ECU_DRV\PassThru_KWP.c(1095): warning:  #177-D: variable "recv_add" was declared but never referenced
..\USER\ECU_DRV\PassThru_KWP.c(1096): warning:  #177-D: variable "recv_data" was declared but never referenced
..\USER\ECU_DRV\PassThru_KWP.c(1097): warning:  #177-D: variable "loop" was declared but never referenced
..\USER\ECU_DRV\PassThru_KWP.c(1098): warning:  #177-D: variable "KeyByteNum" was declared but never referenced
..\USER\ECU_DRV\PassThru_KWP.c(1227): warning:  #940-D: missing return statement at end of non-void function "PassThru_KWP_RxData_Time"
..\USER\ECU_DRV\PassThru_KWP.c(1240): warning:  #174-D: expression has no effect
..\USER\ECU_DRV\PassThru_KWP.c(1240): warning:  #174-D: expression has no effect
..\USER\ECU_DRV\PassThru_KWP.c(1240): warning:  #174-D: expression has no effect
..\USER\ECU_DRV\PassThru_KWP.c(1246): warning:  #174-D: expression has no effect
..\USER\ECU_DRV\PassThru_KWP.c(1249): warning:  #174-D: expression has no effect
..\USER\ECU_DRV\PassThru_KWP.c(1252): warning:  #174-D: expression has no effect
..\USER\ECU_DRV\PassThru_KWP.c(1280): warning:  #117-D: non-void function "PassThru_KWP_Init_Slow" should return a value
..\USER\ECU_DRV\PassThru_KWP.c(1299): warning:  #117-D: non-void function "PassThru_KWP_Init_Slow" should return a value
..\USER\ECU_DRV\PassThru_KWP.c(1232): warning:  #177-D: variable "KeyByteNum" was declared but never referenced
..\USER\ECU_DRV\PassThru_KWP.c(1582): warning:  #174-D: expression has no effect
..\USER\ECU_DRV\PassThru_KWP.c(1667): warning:  #174-D: expression has no effect
..\USER\ECU_DRV\PassThru_KWP.c(1776): warning:  #174-D: expression has no effect
..\USER\ECU_DRV\PassThru_KWP.c(1843): warning:  #174-D: expression has no effect
..\USER\ECU_DRV\PassThru_KWP.c(1905): warning:  #174-D: expression has no effect
..\USER\ECU_DRV\PassThru_KWP.c(2211): warning:  #174-D: expression has no effect
..\USER\ECU_DRV\PassThru_KWP.c(2312): warning:  #174-D: expression has no effect
compiling usart1.c...
..\..\..\Libraries\STM32F2xx_StdPeriph_Driver\inc\stm32f2xx_usart.h(126): warning:  #47-D: incompatible redefinition of macro "USART_WordLength_8b" (declared at line 34 of "..\USER\config.h")
..\..\..\Libraries\STM32F2xx_StdPeriph_Driver\inc\stm32f2xx_usart.h(127): warning:  #47-D: incompatible redefinition of macro "USART_WordLength_9b" (declared at line 35 of "..\USER\config.h")
..\..\..\Libraries\STM32F2xx_StdPeriph_Driver\inc\stm32f2xx_usart.h(139): warning:  #47-D: incompatible redefinition of macro "USART_StopBits_1" (declared at line 36 of "..\USER\config.h")
..\..\..\Libraries\STM32F2xx_StdPeriph_Driver\inc\stm32f2xx_usart.h(140): warning:  #47-D: incompatible redefinition of macro "USART_StopBits_0_5" (declared at line 37 of "..\USER\config.h")
..\..\..\Libraries\STM32F2xx_StdPeriph_Driver\inc\stm32f2xx_usart.h(141): warning:  #47-D: incompatible redefinition of macro "USART_StopBits_2" (declared at line 38 of "..\USER\config.h")
..\..\..\Libraries\STM32F2xx_StdPeriph_Driver\inc\stm32f2xx_usart.h(142): warning:  #47-D: incompatible redefinition of macro "USART_StopBits_1_5" (declared at line 39 of "..\USER\config.h")
..\..\..\Libraries\STM32F2xx_StdPeriph_Driver\inc\stm32f2xx_usart.h(155): warning:  #47-D: incompatible redefinition of macro "USART_Parity_No" (declared at line 31 of "..\USER\config.h")
..\..\..\Libraries\STM32F2xx_StdPeriph_Driver\inc\stm32f2xx_usart.h(156): warning:  #47-D: incompatible redefinition of macro "USART_Parity_Even" (declared at line 32 of "..\USER\config.h")
..\..\..\Libraries\STM32F2xx_StdPeriph_Driver\inc\stm32f2xx_usart.h(157): warning:  #47-D: incompatible redefinition of macro "USART_Parity_Odd" (declared at line 33 of "..\USER\config.h")
..\USER\INCLUDE\user_stm32f2xx.h(50): warning:  #47-D: incompatible redefinition of macro "GPIO_Mode_AIN" (declared at line 358 of "..\..\..\Libraries\STM32F2xx_StdPeriph_Driver\inc\stm32f2xx_gpio.h")
..\USER\uart\usart1.c(100): warning:  #177-D: variable "DMA_Initstructure" was declared but never referenced
..\USER\uart\usart1.c(211): warning:  #167-D: argument of type "char *" is incompatible with parameter of type "uint8_t *"
..\USER\uart\usart1.c(268): warning:  #177-D: variable "checkbyte" was declared but never referenced
..\USER\uart\usart1.c(269): warning:  #177-D: variable "i" was declared but never referenced
..\USER\uart\usart1.c(270): warning:  #177-D: variable "number" was declared but never referenced
..\USER\uart\usart1.c(209): warning: C4017W: i may be used before being set
compiling spi_test.c...
".\STM322xG_EVAL\STM32F2xx_FCAR_OBDII_APP_V1_00_2019_03_27.axf" - 3 Errors, 151 Warning(s).
Target not created
Build target 'STM322xG_EVAL'
compiling stm322xg_eval.c...
..\USER\interface.h(254): warning:  #1-D: last line of file ends without a newline
..\USER\INCLUDE\user_stm32f2xx.h(50): warning:  #47-D: incompatible redefinition of macro "GPIO_Mode_AIN" (declared at line 358 of "..\..\..\Libraries\STM32F2xx_StdPeriph_Driver\inc\stm32f2xx_gpio.h")
..\USER\gpio.h(21): warning:  #1-D: last line of file ends without a newline
..\USER\hardwaretest\hardwaretest.h(375): warning:  #1-D: last line of file ends without a newline
..\USER\config.h(31): warning:  #47-D: incompatible redefinition of macro "USART_Parity_No" (declared at line 155 of "..\..\..\Libraries\STM32F2xx_StdPeriph_Driver\inc\stm32f2xx_usart.h")
..\USER\config.h(32): warning:  #47-D: incompatible redefinition of macro "USART_Parity_Even" (declared at line 156 of "..\..\..\Libraries\STM32F2xx_StdPeriph_Driver\inc\stm32f2xx_usart.h")
..\USER\config.h(33): warning:  #47-D: incompatible redefinition of macro "USART_Parity_Odd" (declared at line 157 of "..\..\..\Libraries\STM32F2xx_StdPeriph_Driver\inc\stm32f2xx_usart.h")
..\USER\config.h(34): warning:  #47-D: incompatible redefinition of macro "USART_WordLength_8b" (declared at line 126 of "..\..\..\Libraries\STM32F2xx_StdPeriph_Driver\inc\stm32f2xx_usart.h")
..\USER\config.h(35): warning:  #47-D: incompatible redefinition of macro "USART_WordLength_9b" (declared at line 127 of "..\..\..\Libraries\STM32F2xx_StdPeriph_Driver\inc\stm32f2xx_usart.h")
..\USER\config.h(36): warning:  #47-D: incompatible redefinition of macro "USART_StopBits_1" (declared at line 139 of "..\..\..\Libraries\STM32F2xx_StdPeriph_Driver\inc\stm32f2xx_usart.h")
..\USER\config.h(37): warning:  #47-D: incompatible redefinition of macro "USART_StopBits_0_5" (declared at line 140 of "..\..\..\Libraries\STM32F2xx_StdPeriph_Driver\inc\stm32f2xx_usart.h")
..\USER\config.h(38): warning:  #47-D: incompatible redefinition of macro "USART_StopBits_2" (declared at line 141 of "..\..\..\Libraries\STM32F2xx_StdPeriph_Driver\inc\stm32f2xx_usart.h")
..\USER\config.h(39): warning:  #47-D: incompatible redefinition of macro "USART_StopBits_1_5" (declared at line 142 of "..\..\..\Libraries\STM32F2xx_StdPeriph_Driver\inc\stm32f2xx_usart.h")
..\USER\hardware.h(46): warning:  #1-D: last line of file ends without a newline
..\USER\interface.h(11): warning:  #47-D: incompatible redefinition of macro "PIO_PA22_IDX" (declared at line 62 of "..\USER\hardwaretest\hardwaretest.h")
..\USER\interface.h(126): warning:  #2775-D: white space is required between the macro name "RESET_J1850_VPW_TX1_PORT" and its replacement text
..\USER\interface.h(254): warning:  #1-D: last line of file ends without a newline
..\..\..\Utilities\STM32_EVAL\STM322xG_EVAL\stm322xg_eval.c(87): error:  #146: too many initializer values
..\..\..\Utilities\STM32_EVAL\STM322xG_EVAL\stm322xg_eval.c(89): error:  #146: too many initializer values
..\..\..\Utilities\STM32_EVAL\STM322xG_EVAL\stm322xg_eval.c(91): error:  #146: too many initializer values
".\STM322xG_EVAL\STM32F2xx_FCAR_OBDII_APP_V1_00_2019_03_27.axf" - 3 Errors, 17 Warning(s).
Target not created
Build target 'STM322xG_EVAL'
compiling main.c...
..\USER\INCLUDE\user_stm32f2xx.h(50): warning:  #47-D: incompatible redefinition of macro "GPIO_Mode_AIN" (declared at line 358 of "..\..\..\Libraries\STM32F2xx_StdPeriph_Driver\inc\stm32f2xx_gpio.h")
..\USER\config.h(31): warning:  #47-D: incompatible redefinition of macro "USART_Parity_No" (declared at line 155 of "..\..\..\Libraries\STM32F2xx_StdPeriph_Driver\inc\stm32f2xx_usart.h")
..\USER\config.h(32): warning:  #47-D: incompatible redefinition of macro "USART_Parity_Even" (declared at line 156 of "..\..\..\Libraries\STM32F2xx_StdPeriph_Driver\inc\stm32f2xx_usart.h")
..\USER\config.h(33): warning:  #47-D: incompatible redefinition of macro "USART_Parity_Odd" (declared at line 157 of "..\..\..\Libraries\STM32F2xx_StdPeriph_Driver\inc\stm32f2xx_usart.h")
..\USER\config.h(34): warning:  #47-D: incompatible redefinition of macro "USART_WordLength_8b" (declared at line 126 of "..\..\..\Libraries\STM32F2xx_StdPeriph_Driver\inc\stm32f2xx_usart.h")
..\USER\config.h(35): warning:  #47-D: incompatible redefinition of macro "USART_WordLength_9b" (declared at line 127 of "..\..\..\Libraries\STM32F2xx_StdPeriph_Driver\inc\stm32f2xx_usart.h")
..\USER\config.h(36): warning:  #47-D: incompatible redefinition of macro "USART_StopBits_1" (declared at line 139 of "..\..\..\Libraries\STM32F2xx_StdPeriph_Driver\inc\stm32f2xx_usart.h")
..\USER\config.h(37): warning:  #47-D: incompatible redefinition of macro "USART_StopBits_0_5" (declared at line 140 of "..\..\..\Libraries\STM32F2xx_StdPeriph_Driver\inc\stm32f2xx_usart.h")
..\USER\config.h(38): warning:  #47-D: incompatible redefinition of macro "USART_StopBits_2" (declared at line 141 of "..\..\..\Libraries\STM32F2xx_StdPeriph_Driver\inc\stm32f2xx_usart.h")
..\USER\config.h(39): warning:  #47-D: incompatible redefinition of macro "USART_StopBits_1_5" (declared at line 142 of "..\..\..\Libraries\STM32F2xx_StdPeriph_Driver\inc\stm32f2xx_usart.h")
..\main.c(57): warning:  #69-D: integer conversion resulted in truncation
..\main.c(58): warning:  #69-D: integer conversion resulted in truncation
..\main.c(207): warning:  #188-D: enumerated type mixed with another type
..\main.c(207): warning:  #69-D: integer conversion resulted in truncation
..\main.c(208): warning:  #188-D: enumerated type mixed with another type
..\main.c(208): warning:  #69-D: integer conversion resulted in truncation
..\main.c(222): warning:  #188-D: enumerated type mixed with another type
..\main.c(263): warning:  #223-D: function "main_minivci_app" declared implicitly
compiling stm32f2xx_it.c...
compiling usart1.c...
..\..\..\Libraries\STM32F2xx_StdPeriph_Driver\inc\stm32f2xx_usart.h(126): warning:  #47-D: incompatible redefinition of macro "USART_WordLength_8b" (declared at line 34 of "..\USER\config.h")
..\..\..\Libraries\STM32F2xx_StdPeriph_Driver\inc\stm32f2xx_usart.h(127): warning:  #47-D: incompatible redefinition of macro "USART_WordLength_9b" (declared at line 35 of "..\USER\config.h")
..\..\..\Libraries\STM32F2xx_StdPeriph_Driver\inc\stm32f2xx_usart.h(139): warning:  #47-D: incompatible redefinition of macro "USART_StopBits_1" (declared at line 36 of "..\USER\config.h")
..\..\..\Libraries\STM32F2xx_StdPeriph_Driver\inc\stm32f2xx_usart.h(140): warning:  #47-D: incompatible redefinition of macro "USART_StopBits_0_5" (declared at line 37 of "..\USER\config.h")
..\..\..\Libraries\STM32F2xx_StdPeriph_Driver\inc\stm32f2xx_usart.h(141): warning:  #47-D: incompatible redefinition of macro "USART_StopBits_2" (declared at line 38 of "..\USER\config.h")
..\..\..\Libraries\STM32F2xx_StdPeriph_Driver\inc\stm32f2xx_usart.h(142): warning:  #47-D: incompatible redefinition of macro "USART_StopBits_1_5" (declared at line 39 of "..\USER\config.h")
..\..\..\Libraries\STM32F2xx_StdPeriph_Driver\inc\stm32f2xx_usart.h(155): warning:  #47-D: incompatible redefinition of macro "USART_Parity_No" (declared at line 31 of "..\USER\config.h")
..\..\..\Libraries\STM32F2xx_StdPeriph_Driver\inc\stm32f2xx_usart.h(156): warning:  #47-D: incompatible redefinition of macro "USART_Parity_Even" (declared at line 32 of "..\USER\config.h")
..\..\..\Libraries\STM32F2xx_StdPeriph_Driver\inc\stm32f2xx_usart.h(157): warning:  #47-D: incompatible redefinition of macro "USART_Parity_Odd" (declared at line 33 of "..\USER\config.h")
..\USER\INCLUDE\user_stm32f2xx.h(50): warning:  #47-D: incompatible redefinition of macro "GPIO_Mode_AIN" (declared at line 358 of "..\..\..\Libraries\STM32F2xx_StdPeriph_Driver\inc\stm32f2xx_gpio.h")
..\USER\uart\usart1.c(100): warning:  #177-D: variable "DMA_Initstructure" was declared but never referenced
..\USER\uart\usart1.c(211): warning:  #167-D: argument of type "char *" is incompatible with parameter of type "uint8_t *"
..\USER\uart\usart1.c(268): warning:  #177-D: variable "checkbyte" was declared but never referenced
..\USER\uart\usart1.c(269): warning:  #177-D: variable "i" was declared but never referenced
..\USER\uart\usart1.c(270): warning:  #177-D: variable "number" was declared but never referenced
..\USER\uart\usart1.c(209): warning: C4017W: i may be used before being set
compiling stm322xg_eval_fsmc_sram.c...
compiling stm322xg_eval_ioe.c...
compiling stm322xg_eval_lcd.c...
compiling stm322xg_eval.c...
..\USER\interface.h(254): warning:  #1-D: last line of file ends without a newline
..\USER\INCLUDE\user_stm32f2xx.h(50): warning:  #47-D: incompatible redefinition of macro "GPIO_Mode_AIN" (declared at line 358 of "..\..\..\Libraries\STM32F2xx_StdPeriph_Driver\inc\stm32f2xx_gpio.h")
..\USER\gpio.h(21): warning:  #1-D: last line of file ends without a newline
..\USER\hardwaretest\hardwaretest.h(375): warning:  #1-D: last line of file ends without a newline
..\USER\config.h(31): warning:  #47-D: incompatible redefinition of macro "USART_Parity_No" (declared at line 155 of "..\..\..\Libraries\STM32F2xx_StdPeriph_Driver\inc\stm32f2xx_usart.h")
..\USER\config.h(32): warning:  #47-D: incompatible redefinition of macro "USART_Parity_Even" (declared at line 156 of "..\..\..\Libraries\STM32F2xx_StdPeriph_Driver\inc\stm32f2xx_usart.h")
..\USER\config.h(33): warning:  #47-D: incompatible redefinition of macro "USART_Parity_Odd" (declared at line 157 of "..\..\..\Libraries\STM32F2xx_StdPeriph_Driver\inc\stm32f2xx_usart.h")
..\USER\config.h(34): warning:  #47-D: incompatible redefinition of macro "USART_WordLength_8b" (declared at line 126 of "..\..\..\Libraries\STM32F2xx_StdPeriph_Driver\inc\stm32f2xx_usart.h")
..\USER\config.h(35): warning:  #47-D: incompatible redefinition of macro "USART_WordLength_9b" (declared at line 127 of "..\..\..\Libraries\STM32F2xx_StdPeriph_Driver\inc\stm32f2xx_usart.h")
..\USER\config.h(36): warning:  #47-D: incompatible redefinition of macro "USART_StopBits_1" (declared at line 139 of "..\..\..\Libraries\STM32F2xx_StdPeriph_Driver\inc\stm32f2xx_usart.h")
..\USER\config.h(37): warning:  #47-D: incompatible redefinition of macro "USART_StopBits_0_5" (declared at line 140 of "..\..\..\Libraries\STM32F2xx_StdPeriph_Driver\inc\stm32f2xx_usart.h")
..\USER\config.h(38): warning:  #47-D: incompatible redefinition of macro "USART_StopBits_2" (declared at line 141 of "..\..\..\Libraries\STM32F2xx_StdPeriph_Driver\inc\stm32f2xx_usart.h")
..\USER\config.h(39): warning:  #47-D: incompatible redefinition of macro "USART_StopBits_1_5" (declared at line 142 of "..\..\..\Libraries\STM32F2xx_StdPeriph_Driver\inc\stm32f2xx_usart.h")
..\USER\hardware.h(46): warning:  #1-D: last line of file ends without a newline
..\USER\interface.h(11): warning:  #47-D: incompatible redefinition of macro "PIO_PA22_IDX" (declared at line 62 of "..\USER\hardwaretest\hardwaretest.h")
..\USER\interface.h(126): warning:  #2775-D: white space is required between the macro name "RESET_J1850_VPW_TX1_PORT" and its replacement text
..\USER\interface.h(254): warning:  #1-D: last line of file ends without a newline
compiling PassThru_KWP.c...
..\USER\interface.h(254): warning:  #1-D: last line of file ends without a newline
..\..\..\Libraries\STM32F2xx_StdPeriph_Driver\inc\stm32f2xx_usart.h(126): warning:  #47-D: incompatible redefinition of macro "USART_WordLength_8b" (declared at line 34 of "..\USER\config.h")
..\..\..\Libraries\STM32F2xx_StdPeriph_Driver\inc\stm32f2xx_usart.h(127): warning:  #47-D: incompatible redefinition of macro "USART_WordLength_9b" (declared at line 35 of "..\USER\config.h")
..\..\..\Libraries\STM32F2xx_StdPeriph_Driver\inc\stm32f2xx_usart.h(139): warning:  #47-D: incompatible redefinition of macro "USART_StopBits_1" (declared at line 36 of "..\USER\config.h")
..\..\..\Libraries\STM32F2xx_StdPeriph_Driver\inc\stm32f2xx_usart.h(140): warning:  #47-D: incompatible redefinition of macro "USART_StopBits_0_5" (declared at line 37 of "..\USER\config.h")
..\..\..\Libraries\STM32F2xx_StdPeriph_Driver\inc\stm32f2xx_usart.h(141): warning:  #47-D: incompatible redefinition of macro "USART_StopBits_2" (declared at line 38 of "..\USER\config.h")
..\..\..\Libraries\STM32F2xx_StdPeriph_Driver\inc\stm32f2xx_usart.h(142): warning:  #47-D: incompatible redefinition of macro "USART_StopBits_1_5" (declared at line 39 of "..\USER\config.h")
..\..\..\Libraries\STM32F2xx_StdPeriph_Driver\inc\stm32f2xx_usart.h(155): warning:  #47-D: incompatible redefinition of macro "USART_Parity_No" (declared at line 31 of "..\USER\config.h")
..\..\..\Libraries\STM32F2xx_StdPeriph_Driver\inc\stm32f2xx_usart.h(156): warning:  #47-D: incompatible redefinition of macro "USART_Parity_Even" (declared at line 32 of "..\USER\config.h")
..\..\..\Libraries\STM32F2xx_StdPeriph_Driver\inc\stm32f2xx_usart.h(157): warning:  #47-D: incompatible redefinition of macro "USART_Parity_Odd" (declared at line 33 of "..\USER\config.h")
..\USER\INCLUDE\user_stm32f2xx.h(50): warning:  #47-D: incompatible redefinition of macro "GPIO_Mode_AIN" (declared at line 358 of "..\..\..\Libraries\STM32F2xx_StdPeriph_Driver\inc\stm32f2xx_gpio.h")
..\USER\gpio.h(21): warning:  #1-D: last line of file ends without a newline
..\USER\hardwaretest\hardwaretest.h(375): warning:  #1-D: last line of file ends without a newline
..\USER\hardware.h(46): warning:  #1-D: last line of file ends without a newline
..\USER\interface.h(11): warning:  #47-D: incompatible redefinition of macro "PIO_PA22_IDX" (declared at line 62 of "..\USER\hardwaretest\hardwaretest.h")
..\USER\interface.h(126): warning:  #2775-D: white space is required between the macro name "RESET_J1850_VPW_TX1_PORT" and its replacement text
..\USER\interface.h(254): warning:  #1-D: last line of file ends without a newline
..\USER\hardware.h(46): warning:  #1-D: last line of file ends without a newline
..\USER\user_queue.h(186): warning:  #1-D: last line of file ends without a newline
..\USER\uart\bluewifi.h(160): warning:  #1-D: last line of file ends without a newline
..\USER\usart.h(20): warning:  #1-D: last line of file ends without a newline
..\USER\ECU_DRV\PassThru_KWP.c(20): warning:  #47-D: incompatible redefinition of macro "UART_MR_PAR_EVEN" (declared at line 9 of "..\USER\usart.h")
..\USER\ECU_DRV\PassThru_KWP.c(21): warning:  #47-D: incompatible redefinition of macro "UART_MR_PAR_ODD" (declared at line 7 of "..\USER\usart.h")
..\USER\ECU_DRV\PassThru_KWP.c(22): warning:  #47-D: incompatible redefinition of macro "UART_MR_PAR_NO" (declared at line 8 of "..\USER\usart.h")
..\USER\ECU_DRV\PassThru_KWP.c(23): warning:  #47-D: incompatible redefinition of macro "US_MR_MODE9" (declared at line 11 of "..\USER\usart.h")
..\USER\ECU_DRV\PassThru_KWP.c(28): warning:  #47-D: incompatible redefinition of macro "zyIrqDisable" (declared at line 34 of "..\USER\conf_PDU.h")
..\USER\ECU_DRV\PassThru_KWP.c(29): warning:  #47-D: incompatible redefinition of macro "zyIrqEnable" (declared at line 35 of "..\USER\conf_PDU.h")
..\USER\ECU_DRV\PassThru_KWP.c(43): warning:  #47-D: incompatible redefinition of macro "GET_RX0_STATUS" (declared at line 26 of "..\USER\interface.h")
..\USER\ECU_DRV\PassThru_KWP.c(67): warning:  #231-D: declaration is not visible outside of function
..\USER\ECU_DRV\PassThru_KWP.c(70): warning:  #940-D: missing return statement at end of non-void function "usart_write"
..\USER\ECU_DRV\PassThru_KWP.c(83): warning:  #223-D: function "T_delay_ms" declared implicitly
..\USER\ECU_DRV\PassThru_KWP.c(85): warning:  #223-D: function "T_delay_ms_get_status" declared implicitly
..\USER\ECU_DRV\PassThru_KWP.c(89): warning:  #223-D: function "T_delay_ms_get_count" declared implicitly
..\USER\ECU_DRV\PassThru_KWP.c(100): warning:  #550-D: variable "USART_InitStructure" was set but never used
..\USER\ECU_DRV\PassThru_KWP.c(121): warning:  #223-D: function "OBD_EVAL_COMInit" declared implicitly
..\USER\ECU_DRV\PassThru_KWP.c(210): warning:  #174-D: expression has no effect
..\USER\ECU_DRV\PassThru_KWP.c(388): warning:  #940-D: missing return statement at end of non-void function "HAL_MINIVCI_UART_READ_us"
..\USER\ECU_DRV\PassThru_KWP.c(433): warning:  #223-D: function "T_delay_ms" declared implicitly
..\USER\ECU_DRV\PassThru_KWP.c(435): warning:  #223-D: function "T_delay_ms_get_status" declared implicitly
..\USER\ECU_DRV\PassThru_KWP.c(563): warning:  #513-D: a value of type "uint8_t (*)(uint16_t, uint8_t *)" cannot be assigned to an entity of type "uint8 (*)(uint32, uint8 *)"
..\USER\ECU_DRV\PassThru_KWP.c(672): warning:  #174-D: expression has no effect
..\USER\ECU_DRV\PassThru_KWP.c(739): warning:  #174-D: expression has no effect
..\USER\ECU_DRV\PassThru_KWP.c(771): warning:  #174-D: expression has no effect
..\USER\ECU_DRV\PassThru_KWP.c(931): warning:  #174-D: expression has no effect
..\USER\ECU_DRV\PassThru_KWP.c(931): warning:  #174-D: expression has no effect
..\USER\ECU_DRV\PassThru_KWP.c(942): warning:  #174-D: expression has no effect
..\USER\ECU_DRV\PassThru_KWP.c(944): warning:  #174-D: expression has no effect
..\USER\ECU_DRV\PassThru_KWP.c(946): warning:  #174-D: expression has no effect
..\USER\ECU_DRV\PassThru_KWP.c(952): warning:  #174-D: expression has no effect
..\USER\ECU_DRV\PassThru_KWP.c(1036): warning:  #174-D: expression has no effect
..\USER\ECU_DRV\PassThru_KWP.c(1036): warning:  #174-D: expression has no effect
..\USER\ECU_DRV\PassThru_KWP.c(1041): warning:  #223-D: function "T_delay_ms_init" declared implicitly
..\USER\ECU_DRV\PassThru_KWP.c(1044): warning:  #223-D: function "T_delay_ms_get_status" declared implicitly
..\USER\ECU_DRV\PassThru_KWP.c(1046): warning:  #174-D: expression has no effect
..\USER\ECU_DRV\PassThru_KWP.c(1046): warning:  #174-D: expression has no effect
..\USER\ECU_DRV\PassThru_KWP.c(1052): warning:  #223-D: function "T_delay_ms_clear_count" declared implicitly
..\USER\ECU_DRV\PassThru_KWP.c(1059): warning:  #223-D: function "T_delay_ms_get_status" declared implicitly
..\USER\ECU_DRV\PassThru_KWP.c(1065): warning:  #223-D: function "T_delay_ms_get_count" declared implicitly
..\USER\ECU_DRV\PassThru_KWP.c(1069): warning:  #223-D: function "T_delay_ms_get_status" declared implicitly
..\USER\ECU_DRV\PassThru_KWP.c(1206): warning:  #940-D: missing return statement at end of non-void function "hal_kwp_protocol_init_slow_minivci"
..\USER\ECU_DRV\PassThru_KWP.c(1092): warning:  #177-D: variable "ecu_cur_baud" was declared but never referenced
..\USER\ECU_DRV\PassThru_KWP.c(1093): warning:  #177-D: variable "recv_key" was declared but never referenced
..\USER\ECU_DRV\PassThru_KWP.c(1094): warning:  #177-D: variable "non_key2" was declared but never referenced
..\USER\ECU_DRV\PassThru_KWP.c(1095): warning:  #177-D: variable "recv_add" was declared but never referenced
..\USER\ECU_DRV\PassThru_KWP.c(1096): warning:  #177-D: variable "recv_data" was declared but never referenced
..\USER\ECU_DRV\PassThru_KWP.c(1097): warning:  #177-D: variable "loop" was declared but never referenced
..\USER\ECU_DRV\PassThru_KWP.c(1098): warning:  #177-D: variable "KeyByteNum" was declared but never referenced
..\USER\ECU_DRV\PassThru_KWP.c(1227): warning:  #940-D: missing return statement at end of non-void function "PassThru_KWP_RxData_Time"
..\USER\ECU_DRV\PassThru_KWP.c(1240): warning:  #174-D: expression has no effect
..\USER\ECU_DRV\PassThru_KWP.c(1240): warning:  #174-D: expression has no effect
..\USER\ECU_DRV\PassThru_KWP.c(1240): warning:  #174-D: expression has no effect
..\USER\ECU_DRV\PassThru_KWP.c(1246): warning:  #174-D: expression has no effect
..\USER\ECU_DRV\PassThru_KWP.c(1249): warning:  #174-D: expression has no effect
..\USER\ECU_DRV\PassThru_KWP.c(1252): warning:  #174-D: expression has no effect
..\USER\ECU_DRV\PassThru_KWP.c(1280): warning:  #117-D: non-void function "PassThru_KWP_Init_Slow" should return a value
..\USER\ECU_DRV\PassThru_KWP.c(1299): warning:  #117-D: non-void function "PassThru_KWP_Init_Slow" should return a value
..\USER\ECU_DRV\PassThru_KWP.c(1232): warning:  #177-D: variable "KeyByteNum" was declared but never referenced
..\USER\ECU_DRV\PassThru_KWP.c(1582): warning:  #174-D: expression has no effect
..\USER\ECU_DRV\PassThru_KWP.c(1667): warning:  #174-D: expression has no effect
..\USER\ECU_DRV\PassThru_KWP.c(1776): warning:  #174-D: expression has no effect
..\USER\ECU_DRV\PassThru_KWP.c(1843): warning:  #174-D: expression has no effect
..\USER\ECU_DRV\PassThru_KWP.c(1905): warning:  #174-D: expression has no effect
..\USER\ECU_DRV\PassThru_KWP.c(2211): warning:  #174-D: expression has no effect
..\USER\ECU_DRV\PassThru_KWP.c(2312): warning:  #174-D: expression has no effect
compiling usart1.c...
..\..\..\Libraries\STM32F2xx_StdPeriph_Driver\inc\stm32f2xx_usart.h(126): warning:  #47-D: incompatible redefinition of macro "USART_WordLength_8b" (declared at line 34 of "..\USER\config.h")
..\..\..\Libraries\STM32F2xx_StdPeriph_Driver\inc\stm32f2xx_usart.h(127): warning:  #47-D: incompatible redefinition of macro "USART_WordLength_9b" (declared at line 35 of "..\USER\config.h")
..\..\..\Libraries\STM32F2xx_StdPeriph_Driver\inc\stm32f2xx_usart.h(139): warning:  #47-D: incompatible redefinition of macro "USART_StopBits_1" (declared at line 36 of "..\USER\config.h")
..\..\..\Libraries\STM32F2xx_StdPeriph_Driver\inc\stm32f2xx_usart.h(140): warning:  #47-D: incompatible redefinition of macro "USART_StopBits_0_5" (declared at line 37 of "..\USER\config.h")
..\..\..\Libraries\STM32F2xx_StdPeriph_Driver\inc\stm32f2xx_usart.h(141): warning:  #47-D: incompatible redefinition of macro "USART_StopBits_2" (declared at line 38 of "..\USER\config.h")
..\..\..\Libraries\STM32F2xx_StdPeriph_Driver\inc\stm32f2xx_usart.h(142): warning:  #47-D: incompatible redefinition of macro "USART_StopBits_1_5" (declared at line 39 of "..\USER\config.h")
..\..\..\Libraries\STM32F2xx_StdPeriph_Driver\inc\stm32f2xx_usart.h(155): warning:  #47-D: incompatible redefinition of macro "USART_Parity_No" (declared at line 31 of "..\USER\config.h")
..\..\..\Libraries\STM32F2xx_StdPeriph_Driver\inc\stm32f2xx_usart.h(156): warning:  #47-D: incompatible redefinition of macro "USART_Parity_Even" (declared at line 32 of "..\USER\config.h")
..\..\..\Libraries\STM32F2xx_StdPeriph_Driver\inc\stm32f2xx_usart.h(157): warning:  #47-D: incompatible redefinition of macro "USART_Parity_Odd" (declared at line 33 of "..\USER\config.h")
..\USER\INCLUDE\user_stm32f2xx.h(50): warning:  #47-D: incompatible redefinition of macro "GPIO_Mode_AIN" (declared at line 358 of "..\..\..\Libraries\STM32F2xx_StdPeriph_Driver\inc\stm32f2xx_gpio.h")
..\USER\uart\usart1.c(100): warning:  #177-D: variable "DMA_Initstructure" was declared but never referenced
..\USER\uart\usart1.c(211): warning:  #167-D: argument of type "char *" is incompatible with parameter of type "uint8_t *"
..\USER\uart\usart1.c(268): warning:  #177-D: variable "checkbyte" was declared but never referenced
..\USER\uart\usart1.c(269): warning:  #177-D: variable "i" was declared but never referenced
..\USER\uart\usart1.c(270): warning:  #177-D: variable "number" was declared but never referenced
..\USER\uart\usart1.c(209): warning: C4017W: i may be used before being set
compiling spi_test.c...
linking...
.\STM322xG_EVAL\STM32F2xx_FCAR_OBDII_APP_V1_00_2019_03_27.axf: Warning: L6304W: Duplicate input file .\stm322xg_eval\code.o ignored.
.\STM322xG_EVAL\STM32F2xx_FCAR_OBDII_APP_V1_00_2019_03_27.axf: Warning: L6304W: Duplicate input file .\stm322xg_eval\hardware.o ignored.
.\STM322xG_EVAL\STM32F2xx_FCAR_OBDII_APP_V1_00_2019_03_27.axf: Warning: L6304W: Duplicate input file .\stm322xg_eval\usart1.o ignored.
.\STM322xG_EVAL\STM32F2xx_FCAR_OBDII_APP_V1_00_2019_03_27.axf: Warning: L6304W: Duplicate input file .\stm322xg_eval\bluewifi.o ignored.
Program Size: Code=8952 RO-data=772 RW-data=144 ZI-data=4152  
FromELF: creating hex file...
".\STM322xG_EVAL\STM32F2xx_FCAR_OBDII_APP_V1_00_2019_03_27.axf" - 0 Errors, 155 Warning(s).
Build target 'STM322xG_EVAL'
linking...
.\STM322xG_EVAL\STM32F2xx_FCAR_OBDII_APP_V1_00_2019_03_27.axf: Warning: L6304W: Duplicate input file .\stm322xg_eval\code.o ignored.
.\STM322xG_EVAL\STM32F2xx_FCAR_OBDII_APP_V1_00_2019_03_27.axf: Warning: L6304W: Duplicate input file .\stm322xg_eval\hardware.o ignored.
.\STM322xG_EVAL\STM32F2xx_FCAR_OBDII_APP_V1_00_2019_03_27.axf: Warning: L6304W: Duplicate input file .\stm322xg_eval\usart1.o ignored.
.\STM322xG_EVAL\STM32F2xx_FCAR_OBDII_APP_V1_00_2019_03_27.axf: Warning: L6304W: Duplicate input file .\stm322xg_eval\bluewifi.o ignored.
Program Size: Code=8952 RO-data=772 RW-data=144 ZI-data=4152  
FromELF: creating hex file...
".\STM322xG_EVAL\STM32F2xx_FCAR_OBDII_APP_V1_00_2019_03_27.axf" - 0 Errors, 4 Warning(s).
Build target 'STM322xG_EVAL'
compiling main.c...
..\USER\INCLUDE\user_stm32f2xx.h(50): warning:  #47-D: incompatible redefinition of macro "GPIO_Mode_AIN" (declared at line 358 of "..\..\..\Libraries\STM32F2xx_StdPeriph_Driver\inc\stm32f2xx_gpio.h")
..\USER\config.h(31): warning:  #47-D: incompatible redefinition of macro "USART_Parity_No" (declared at line 155 of "..\..\..\Libraries\STM32F2xx_StdPeriph_Driver\inc\stm32f2xx_usart.h")
..\USER\config.h(32): warning:  #47-D: incompatible redefinition of macro "USART_Parity_Even" (declared at line 156 of "..\..\..\Libraries\STM32F2xx_StdPeriph_Driver\inc\stm32f2xx_usart.h")
..\USER\config.h(33): warning:  #47-D: incompatible redefinition of macro "USART_Parity_Odd" (declared at line 157 of "..\..\..\Libraries\STM32F2xx_StdPeriph_Driver\inc\stm32f2xx_usart.h")
..\USER\config.h(34): warning:  #47-D: incompatible redefinition of macro "USART_WordLength_8b" (declared at line 126 of "..\..\..\Libraries\STM32F2xx_StdPeriph_Driver\inc\stm32f2xx_usart.h")
..\USER\config.h(35): warning:  #47-D: incompatible redefinition of macro "USART_WordLength_9b" (declared at line 127 of "..\..\..\Libraries\STM32F2xx_StdPeriph_Driver\inc\stm32f2xx_usart.h")
..\USER\config.h(36): warning:  #47-D: incompatible redefinition of macro "USART_StopBits_1" (declared at line 139 of "..\..\..\Libraries\STM32F2xx_StdPeriph_Driver\inc\stm32f2xx_usart.h")
..\USER\config.h(37): warning:  #47-D: incompatible redefinition of macro "USART_StopBits_0_5" (declared at line 140 of "..\..\..\Libraries\STM32F2xx_StdPeriph_Driver\inc\stm32f2xx_usart.h")
..\USER\config.h(38): warning:  #47-D: incompatible redefinition of macro "USART_StopBits_2" (declared at line 141 of "..\..\..\Libraries\STM32F2xx_StdPeriph_Driver\inc\stm32f2xx_usart.h")
..\USER\config.h(39): warning:  #47-D: incompatible redefinition of macro "USART_StopBits_1_5" (declared at line 142 of "..\..\..\Libraries\STM32F2xx_StdPeriph_Driver\inc\stm32f2xx_usart.h")
..\main.c(57): warning:  #69-D: integer conversion resulted in truncation
..\main.c(58): warning:  #69-D: integer conversion resulted in truncation
..\main.c(207): warning:  #188-D: enumerated type mixed with another type
..\main.c(207): warning:  #69-D: integer conversion resulted in truncation
..\main.c(208): warning:  #188-D: enumerated type mixed with another type
..\main.c(208): warning:  #69-D: integer conversion resulted in truncation
..\main.c(211): warning:  #188-D: enumerated type mixed with another type
..\main.c(211): warning:  #69-D: integer conversion resulted in truncation
..\main.c(214): warning:  #188-D: enumerated type mixed with another type
..\main.c(214): warning:  #69-D: integer conversion resulted in truncation
..\main.c(230): warning:  #188-D: enumerated type mixed with another type
..\main.c(271): warning:  #223-D: function "main_minivci_app" declared implicitly
linking...
.\STM322xG_EVAL\STM32F2xx_FCAR_OBDII_APP_V1_00_2019_03_27.axf: Warning: L6304W: Duplicate input file .\stm322xg_eval\code.o ignored.
.\STM322xG_EVAL\STM32F2xx_FCAR_OBDII_APP_V1_00_2019_03_27.axf: Warning: L6304W: Duplicate input file .\stm322xg_eval\hardware.o ignored.
.\STM322xG_EVAL\STM32F2xx_FCAR_OBDII_APP_V1_00_2019_03_27.axf: Warning: L6304W: Duplicate input file .\stm322xg_eval\usart1.o ignored.
.\STM322xG_EVAL\STM32F2xx_FCAR_OBDII_APP_V1_00_2019_03_27.axf: Warning: L6304W: Duplicate input file .\stm322xg_eval\bluewifi.o ignored.
Program Size: Code=9012 RO-data=772 RW-data=144 ZI-data=4152  
FromELF: creating hex file...
".\STM322xG_EVAL\STM32F2xx_FCAR_OBDII_APP_V1_00_2019_03_27.axf" - 0 Errors, 26 Warning(s).
Build target 'STM322xG_EVAL'
compiling main.c...
..\USER\INCLUDE\user_stm32f2xx.h(50): warning:  #47-D: incompatible redefinition of macro "GPIO_Mode_AIN" (declared at line 358 of "..\..\..\Libraries\STM32F2xx_StdPeriph_Driver\inc\stm32f2xx_gpio.h")
..\USER\config.h(31): warning:  #47-D: incompatible redefinition of macro "USART_Parity_No" (declared at line 155 of "..\..\..\Libraries\STM32F2xx_StdPeriph_Driver\inc\stm32f2xx_usart.h")
..\USER\config.h(32): warning:  #47-D: incompatible redefinition of macro "USART_Parity_Even" (declared at line 156 of "..\..\..\Libraries\STM32F2xx_StdPeriph_Driver\inc\stm32f2xx_usart.h")
..\USER\config.h(33): warning:  #47-D: incompatible redefinition of macro "USART_Parity_Odd" (declared at line 157 of "..\..\..\Libraries\STM32F2xx_StdPeriph_Driver\inc\stm32f2xx_usart.h")
..\USER\config.h(34): warning:  #47-D: incompatible redefinition of macro "USART_WordLength_8b" (declared at line 126 of "..\..\..\Libraries\STM32F2xx_StdPeriph_Driver\inc\stm32f2xx_usart.h")
..\USER\config.h(35): warning:  #47-D: incompatible redefinition of macro "USART_WordLength_9b" (declared at line 127 of "..\..\..\Libraries\STM32F2xx_StdPeriph_Driver\inc\stm32f2xx_usart.h")
..\USER\config.h(36): warning:  #47-D: incompatible redefinition of macro "USART_StopBits_1" (declared at line 139 of "..\..\..\Libraries\STM32F2xx_StdPeriph_Driver\inc\stm32f2xx_usart.h")
..\USER\config.h(37): warning:  #47-D: incompatible redefinition of macro "USART_StopBits_0_5" (declared at line 140 of "..\..\..\Libraries\STM32F2xx_StdPeriph_Driver\inc\stm32f2xx_usart.h")
..\USER\config.h(38): warning:  #47-D: incompatible redefinition of macro "USART_StopBits_2" (declared at line 141 of "..\..\..\Libraries\STM32F2xx_StdPeriph_Driver\inc\stm32f2xx_usart.h")
..\USER\config.h(39): warning:  #47-D: incompatible redefinition of macro "USART_StopBits_1_5" (declared at line 142 of "..\..\..\Libraries\STM32F2xx_StdPeriph_Driver\inc\stm32f2xx_usart.h")
..\main.c(57): warning:  #69-D: integer conversion resulted in truncation
..\main.c(58): warning:  #69-D: integer conversion resulted in truncation
..\main.c(207): warning:  #188-D: enumerated type mixed with another type
..\main.c(207): warning:  #69-D: integer conversion resulted in truncation
..\main.c(208): warning:  #188-D: enumerated type mixed with another type
..\main.c(208): warning:  #69-D: integer conversion resulted in truncation
..\main.c(211): warning:  #188-D: enumerated type mixed with another type
..\main.c(211): warning:  #69-D: integer conversion resulted in truncation
..\main.c(230): warning:  #188-D: enumerated type mixed with another type
..\main.c(271): warning:  #223-D: function "main_minivci_app" declared implicitly
linking...
.\STM322xG_EVAL\STM32F2xx_FCAR_OBDII_APP_V1_00_2019_03_27.axf: Warning: L6304W: Duplicate input file .\stm322xg_eval\code.o ignored.
.\STM322xG_EVAL\STM32F2xx_FCAR_OBDII_APP_V1_00_2019_03_27.axf: Warning: L6304W: Duplicate input file .\stm322xg_eval\hardware.o ignored.
.\STM322xG_EVAL\STM32F2xx_FCAR_OBDII_APP_V1_00_2019_03_27.axf: Warning: L6304W: Duplicate input file .\stm322xg_eval\usart1.o ignored.
.\STM322xG_EVAL\STM32F2xx_FCAR_OBDII_APP_V1_00_2019_03_27.axf: Warning: L6304W: Duplicate input file .\stm322xg_eval\bluewifi.o ignored.
Program Size: Code=8980 RO-data=772 RW-data=144 ZI-data=4152  
FromELF: creating hex file...
".\STM322xG_EVAL\STM32F2xx_FCAR_OBDII_APP_V1_00_2019_03_27.axf" - 0 Errors, 24 Warning(s).
Build target 'STM322xG_EVAL'
compiling main.c...
..\USER\INCLUDE\user_stm32f2xx.h(50): warning:  #47-D: incompatible redefinition of macro "GPIO_Mode_AIN" (declared at line 358 of "..\..\..\Libraries\STM32F2xx_StdPeriph_Driver\inc\stm32f2xx_gpio.h")
..\USER\config.h(31): warning:  #47-D: incompatible redefinition of macro "USART_Parity_No" (declared at line 155 of "..\..\..\Libraries\STM32F2xx_StdPeriph_Driver\inc\stm32f2xx_usart.h")
..\USER\config.h(32): warning:  #47-D: incompatible redefinition of macro "USART_Parity_Even" (declared at line 156 of "..\..\..\Libraries\STM32F2xx_StdPeriph_Driver\inc\stm32f2xx_usart.h")
..\USER\config.h(33): warning:  #47-D: incompatible redefinition of macro "USART_Parity_Odd" (declared at line 157 of "..\..\..\Libraries\STM32F2xx_StdPeriph_Driver\inc\stm32f2xx_usart.h")
..\USER\config.h(34): warning:  #47-D: incompatible redefinition of macro "USART_WordLength_8b" (declared at line 126 of "..\..\..\Libraries\STM32F2xx_StdPeriph_Driver\inc\stm32f2xx_usart.h")
..\USER\config.h(35): warning:  #47-D: incompatible redefinition of macro "USART_WordLength_9b" (declared at line 127 of "..\..\..\Libraries\STM32F2xx_StdPeriph_Driver\inc\stm32f2xx_usart.h")
..\USER\config.h(36): warning:  #47-D: incompatible redefinition of macro "USART_StopBits_1" (declared at line 139 of "..\..\..\Libraries\STM32F2xx_StdPeriph_Driver\inc\stm32f2xx_usart.h")
..\USER\config.h(37): warning:  #47-D: incompatible redefinition of macro "USART_StopBits_0_5" (declared at line 140 of "..\..\..\Libraries\STM32F2xx_StdPeriph_Driver\inc\stm32f2xx_usart.h")
..\USER\config.h(38): warning:  #47-D: incompatible redefinition of macro "USART_StopBits_2" (declared at line 141 of "..\..\..\Libraries\STM32F2xx_StdPeriph_Driver\inc\stm32f2xx_usart.h")
..\USER\config.h(39): warning:  #47-D: incompatible redefinition of macro "USART_StopBits_1_5" (declared at line 142 of "..\..\..\Libraries\STM32F2xx_StdPeriph_Driver\inc\stm32f2xx_usart.h")
..\main.c(57): warning:  #69-D: integer conversion resulted in truncation
..\main.c(58): warning:  #69-D: integer conversion resulted in truncation
..\main.c(207): warning:  #188-D: enumerated type mixed with another type
..\main.c(207): warning:  #69-D: integer conversion resulted in truncation
..\main.c(208): warning:  #188-D: enumerated type mixed with another type
..\main.c(208): warning:  #69-D: integer conversion resulted in truncation
..\main.c(211): warning:  #188-D: enumerated type mixed with another type
..\main.c(211): warning:  #69-D: integer conversion resulted in truncation
..\main.c(212): warning:  #188-D: enumerated type mixed with another type
..\main.c(212): warning:  #69-D: integer conversion resulted in truncation
..\main.c(230): warning:  #188-D: enumerated type mixed with another type
..\main.c(271): warning:  #223-D: function "main_minivci_app" declared implicitly
linking...
.\STM322xG_EVAL\STM32F2xx_FCAR_OBDII_APP_V1_00_2019_03_27.axf: Warning: L6304W: Duplicate input file .\stm322xg_eval\code.o ignored.
.\STM322xG_EVAL\STM32F2xx_FCAR_OBDII_APP_V1_00_2019_03_27.axf: Warning: L6304W: Duplicate input file .\stm322xg_eval\hardware.o ignored.
.\STM322xG_EVAL\STM32F2xx_FCAR_OBDII_APP_V1_00_2019_03_27.axf: Warning: L6304W: Duplicate input file .\stm322xg_eval\usart1.o ignored.
.\STM322xG_EVAL\STM32F2xx_FCAR_OBDII_APP_V1_00_2019_03_27.axf: Warning: L6304W: Duplicate input file .\stm322xg_eval\bluewifi.o ignored.
Program Size: Code=8988 RO-data=772 RW-data=144 ZI-data=4152  
FromELF: creating hex file...
".\STM322xG_EVAL\STM32F2xx_FCAR_OBDII_APP_V1_00_2019_03_27.axf" - 0 Errors, 26 Warning(s).
Build target 'STM322xG_EVAL'
compiling main.c...
..\USER\INCLUDE\user_stm32f2xx.h(50): warning:  #47-D: incompatible redefinition of macro "GPIO_Mode_AIN" (declared at line 358 of "..\..\..\Libraries\STM32F2xx_StdPeriph_Driver\inc\stm32f2xx_gpio.h")
..\USER\config.h(31): warning:  #47-D: incompatible redefinition of macro "USART_Parity_No" (declared at line 155 of "..\..\..\Libraries\STM32F2xx_StdPeriph_Driver\inc\stm32f2xx_usart.h")
..\USER\config.h(32): warning:  #47-D: incompatible redefinition of macro "USART_Parity_Even" (declared at line 156 of "..\..\..\Libraries\STM32F2xx_StdPeriph_Driver\inc\stm32f2xx_usart.h")
..\USER\config.h(33): warning:  #47-D: incompatible redefinition of macro "USART_Parity_Odd" (declared at line 157 of "..\..\..\Libraries\STM32F2xx_StdPeriph_Driver\inc\stm32f2xx_usart.h")
..\USER\config.h(34): warning:  #47-D: incompatible redefinition of macro "USART_WordLength_8b" (declared at line 126 of "..\..\..\Libraries\STM32F2xx_StdPeriph_Driver\inc\stm32f2xx_usart.h")
..\USER\config.h(35): warning:  #47-D: incompatible redefinition of macro "USART_WordLength_9b" (declared at line 127 of "..\..\..\Libraries\STM32F2xx_StdPeriph_Driver\inc\stm32f2xx_usart.h")
..\USER\config.h(36): warning:  #47-D: incompatible redefinition of macro "USART_StopBits_1" (declared at line 139 of "..\..\..\Libraries\STM32F2xx_StdPeriph_Driver\inc\stm32f2xx_usart.h")
..\USER\config.h(37): warning:  #47-D: incompatible redefinition of macro "USART_StopBits_0_5" (declared at line 140 of "..\..\..\Libraries\STM32F2xx_StdPeriph_Driver\inc\stm32f2xx_usart.h")
..\USER\config.h(38): warning:  #47-D: incompatible redefinition of macro "USART_StopBits_2" (declared at line 141 of "..\..\..\Libraries\STM32F2xx_StdPeriph_Driver\inc\stm32f2xx_usart.h")
..\USER\config.h(39): warning:  #47-D: incompatible redefinition of macro "USART_StopBits_1_5" (declared at line 142 of "..\..\..\Libraries\STM32F2xx_StdPeriph_Driver\inc\stm32f2xx_usart.h")
..\main.c(57): warning:  #69-D: integer conversion resulted in truncation
..\main.c(58): warning:  #69-D: integer conversion resulted in truncation
..\main.c(207): warning:  #188-D: enumerated type mixed with another type
..\main.c(207): warning:  #69-D: integer conversion resulted in truncation
..\main.c(208): warning:  #188-D: enumerated type mixed with another type
..\main.c(208): warning:  #69-D: integer conversion resulted in truncation
..\main.c(211): warning:  #188-D: enumerated type mixed with another type
..\main.c(211): warning:  #69-D: integer conversion resulted in truncation
..\main.c(212): warning:  #188-D: enumerated type mixed with another type
..\main.c(212): warning:  #69-D: integer conversion resulted in truncation
..\main.c(230): warning:  #188-D: enumerated type mixed with another type
..\main.c(271): warning:  #223-D: function "main_minivci_app" declared implicitly
compiling stm32f2xx_it.c...
compiling hardware.c...
..\..\..\Libraries\STM32F2xx_StdPeriph_Driver\inc\stm32f2xx_usart.h(126): warning:  #47-D: incompatible redefinition of macro "USART_WordLength_8b" (declared at line 34 of "..\USER\config.h")
..\..\..\Libraries\STM32F2xx_StdPeriph_Driver\inc\stm32f2xx_usart.h(127): warning:  #47-D: incompatible redefinition of macro "USART_WordLength_9b" (declared at line 35 of "..\USER\config.h")
..\..\..\Libraries\STM32F2xx_StdPeriph_Driver\inc\stm32f2xx_usart.h(139): warning:  #47-D: incompatible redefinition of macro "USART_StopBits_1" (declared at line 36 of "..\USER\config.h")
..\..\..\Libraries\STM32F2xx_StdPeriph_Driver\inc\stm32f2xx_usart.h(140): warning:  #47-D: incompatible redefinition of macro "USART_StopBits_0_5" (declared at line 37 of "..\USER\config.h")
..\..\..\Libraries\STM32F2xx_StdPeriph_Driver\inc\stm32f2xx_usart.h(141): warning:  #47-D: incompatible redefinition of macro "USART_StopBits_2" (declared at line 38 of "..\USER\config.h")
..\..\..\Libraries\STM32F2xx_StdPeriph_Driver\inc\stm32f2xx_usart.h(142): warning:  #47-D: incompatible redefinition of macro "USART_StopBits_1_5" (declared at line 39 of "..\USER\config.h")
..\..\..\Libraries\STM32F2xx_StdPeriph_Driver\inc\stm32f2xx_usart.h(155): warning:  #47-D: incompatible redefinition of macro "USART_Parity_No" (declared at line 31 of "..\USER\config.h")
..\..\..\Libraries\STM32F2xx_StdPeriph_Driver\inc\stm32f2xx_usart.h(156): warning:  #47-D: incompatible redefinition of macro "USART_Parity_Even" (declared at line 32 of "..\USER\config.h")
..\..\..\Libraries\STM32F2xx_StdPeriph_Driver\inc\stm32f2xx_usart.h(157): warning:  #47-D: incompatible redefinition of macro "USART_Parity_Odd" (declared at line 33 of "..\USER\config.h")
..\USER\INCLUDE\user_stm32f2xx.h(50): warning:  #47-D: incompatible redefinition of macro "GPIO_Mode_AIN" (declared at line 358 of "..\..\..\Libraries\STM32F2xx_StdPeriph_Driver\inc\stm32f2xx_gpio.h")
..\USER\interface.h(254): warning:  #1-D: last line of file ends without a newline
..\USER\gpio.h(21): warning:  #1-D: last line of file ends without a newline
..\USER\hardwaretest\hardwaretest.h(375): warning:  #1-D: last line of file ends without a newline
..\USER\hardware.h(46): warning:  #1-D: last line of file ends without a newline
..\USER\interface.h(11): warning:  #47-D: incompatible redefinition of macro "PIO_PA22_IDX" (declared at line 62 of "..\USER\hardwaretest\hardwaretest.h")
..\USER\interface.h(126): warning:  #2775-D: white space is required between the macro name "RESET_J1850_VPW_TX1_PORT" and its replacement text
..\USER\interface.h(254): warning:  #1-D: last line of file ends without a newline
..\USER\uart\hardware.c(42): warning:  #223-D: function "HAL_MINIVCI_UART_READ" declared implicitly
..\USER\uart\hardware.c(46): warning:  #223-D: function "hal_kwp_send_byte_kwp" declared implicitly
..\USER\uart\hardware.c(148): warning:  #188-D: enumerated type mixed with another type
..\USER\uart\hardware.c(151): warning:  #188-D: enumerated type mixed with another type
..\USER\uart\hardware.c(192): warning:  #188-D: enumerated type mixed with another type
..\USER\uart\hardware.c(212): warning:  #188-D: enumerated type mixed with another type
..\USER\uart\hardware.c(215): warning:  #188-D: enumerated type mixed with another type
..\USER\uart\hardware.c(260): warning:  #223-D: function "tx_c_channel" declared implicitly
..\USER\uart\hardware.c(283): warning:  #223-D: function "memset" declared implicitly
..\USER\uart\hardware.c(285): warning:  #223-D: function "tx_PINSEL_channel" declared implicitly
..\USER\uart\hardware.c(286): warning:  #223-D: function "tx_c_channel" declared implicitly
..\USER\uart\hardware.c(288): warning:  #188-D: enumerated type mixed with another type
..\USER\uart\hardware.c(289): warning:  #188-D: enumerated type mixed with another type
..\USER\uart\hardware.c(290): warning:  #174-D: expression has no effect
..\USER\uart\hardware.c(291): warning:  #188-D: enumerated type mixed with another type
..\USER\uart\hardware.c(311): warning:  #223-D: function "memset" declared implicitly
..\USER\uart\hardware.c(492): warning:  #188-D: enumerated type mixed with another type
..\USER\uart\hardware.c(498): warning:  #188-D: enumerated type mixed with another type
..\USER\uart\hardware.c(523): warning:  #188-D: enumerated type mixed with another type
..\USER\uart\hardware.c(529): warning:  #188-D: enumerated type mixed with another type
..\USER\uart\hardware.c(1066): warning:  #223-D: function "UARTAnswerErr" declared implicitly
..\USER\uart\hardware.c(1073): warning:  #223-D: function "tx_PINSEL_channel" declared implicitly
..\USER\uart\hardware.c(1097): warning:  #223-D: function "tx_PINSEL_channel" declared implicitly
..\USER\uart\hardware.c(1126): warning:  #223-D: function "tx_PINSEL_channel" declared implicitly
..\USER\uart\hardware.c(1181): warning:  #940-D: missing return statement at end of non-void function "DelayN_Count_Get_Logic_count"
..\USER\uart\hardware.c(168): warning:  #177-D: function "uart_delay4" was declared but never referenced
compiling mmain.c...
..\USER\hardware.h(46): warning:  #1-D: last line of file ends without a newline
..\USER\ECU_DRV\PassThru_CAN.h(44): warning:  #1295-D: Deprecated declaration PassThru_CAN_RxPack_Normal_Multiple - give arg types
..\..\..\Libraries\STM32F2xx_StdPeriph_Driver\inc\stm32f2xx_usart.h(126): warning:  #47-D: incompatible redefinition of macro "USART_WordLength_8b" (declared at line 34 of "..\USER\config.h")
..\..\..\Libraries\STM32F2xx_StdPeriph_Driver\inc\stm32f2xx_usart.h(127): warning:  #47-D: incompatible redefinition of macro "USART_WordLength_9b" (declared at line 35 of "..\USER\config.h")
..\..\..\Libraries\STM32F2xx_StdPeriph_Driver\inc\stm32f2xx_usart.h(139): warning:  #47-D: incompatible redefinition of macro "USART_StopBits_1" (declared at line 36 of "..\USER\config.h")
..\..\..\Libraries\STM32F2xx_StdPeriph_Driver\inc\stm32f2xx_usart.h(140): warning:  #47-D: incompatible redefinition of macro "USART_StopBits_0_5" (declared at line 37 of "..\USER\config.h")
..\..\..\Libraries\STM32F2xx_StdPeriph_Driver\inc\stm32f2xx_usart.h(141): warning:  #47-D: incompatible redefinition of macro "USART_StopBits_2" (declared at line 38 of "..\USER\config.h")
..\..\..\Libraries\STM32F2xx_StdPeriph_Driver\inc\stm32f2xx_usart.h(142): warning:  #47-D: incompatible redefinition of macro "USART_StopBits_1_5" (declared at line 39 of "..\USER\config.h")
..\..\..\Libraries\STM32F2xx_StdPeriph_Driver\inc\stm32f2xx_usart.h(155): warning:  #47-D: incompatible redefinition of macro "USART_Parity_No" (declared at line 31 of "..\USER\config.h")
..\..\..\Libraries\STM32F2xx_StdPeriph_Driver\inc\stm32f2xx_usart.h(156): warning:  #47-D: incompatible redefinition of macro "USART_Parity_Even" (declared at line 32 of "..\USER\config.h")
..\..\..\Libraries\STM32F2xx_StdPeriph_Driver\inc\stm32f2xx_usart.h(157): warning:  #47-D: incompatible redefinition of macro "USART_Parity_Odd" (declared at line 33 of "..\USER\config.h")
..\USER\INCLUDE\user_stm32f2xx.h(41): warning:  #47-D: incompatible redefinition of macro "PAGE_SIZE" (declared at line 22 of "..\USER\ECU_DRV\code.h")
..\USER\INCLUDE\user_stm32f2xx.h(50): warning:  #47-D: incompatible redefinition of macro "GPIO_Mode_AIN" (declared at line 358 of "..\..\..\Libraries\STM32F2xx_StdPeriph_Driver\inc\stm32f2xx_gpio.h")
..\USER\user_queue.h(186): warning:  #1-D: last line of file ends without a newline
..\USER\interface.h(254): warning:  #1-D: last line of file ends without a newline
..\USER\gpio.h(21): warning:  #1-D: last line of file ends without a newline
..\USER\hardwaretest\hardwaretest.h(375): warning:  #1-D: last line of file ends without a newline
..\USER\hardware.h(46): warning:  #1-D: last line of file ends without a newline
..\USER\interface.h(11): warning:  #47-D: incompatible redefinition of macro "PIO_PA22_IDX" (declared at line 62 of "..\USER\hardwaretest\hardwaretest.h")
..\USER\interface.h(126): warning:  #2775-D: white space is required between the macro name "RESET_J1850_VPW_TX1_PORT" and its replacement text
..\USER\interface.h(254): warning:  #1-D: last line of file ends without a newline
..\USER\mmain.c(137): warning:  #177-D: variable "flash_tmp" was declared but never referenced
..\USER\mmain.c(138): warning:  #177-D: variable "flash_record_group" was declared but never referenced
..\USER\mmain.c(139): warning:  #177-D: variable "j" was declared but never referenced
..\USER\mmain.c(139): warning:  #177-D: variable "len" was declared but never referenced
..\USER\mmain.c(140): warning:  #177-D: variable "start_record_flash" was declared but never referenced
..\USER\mmain.c(141): warning:  #177-D: variable "tmp_flash_addr" was declared but never referenced
..\USER\mmain.c(292): warning:  #940-D: missing return statement at end of non-void function "_KeepAlWayFunc"
..\USER\mmain.c(280): warning:  #550-D: variable "Length" was set but never used
..\USER\mmain.c(349): warning:  #174-D: expression has no effect
..\USER\mmain.c(528): warning:  #174-D: expression has no effect
..\USER\mmain.c(546): warning:  #513-D: a value of type "void (*)(uint8, uint32)" cannot be assigned to an entity of type "void (*)(uint8)"
..\USER\mmain.c(661): warning:  #174-D: expression has no effect
..\USER\mmain.c(680): warning:  #174-D: expression has no effect
..\USER\mmain.c(686): warning:  #174-D: expression has no effect
..\USER\mmain.c(688): warning:  #174-D: expression has no effect
..\USER\mmain.c(693): warning:  #174-D: expression has no effect
..\USER\mmain.c(695): warning:  #174-D: expression has no effect
..\USER\mmain.c(753): warning:  #550-D: variable "Send_pass" was set but never used
..\USER\mmain.c(800): warning:  #550-D: variable "init_pass" was set but never used
..\USER\mmain.c(934): warning:  #167-D: argument of type "uint8 *" is incompatible with parameter of type "const char *"
..\USER\mmain.c(918): warning:  #550-D: variable "init_pass" was set but never used
..\USER\mmain.c(919): warning:  #550-D: variable "Send_pass" was set but never used
..\USER\mmain.c(1056): warning:  #174-D: expression has no effect
..\USER\mmain.c(1060): warning:  #174-D: expression has no effect
..\USER\mmain.c(1149): warning:  #174-D: expression has no effect
..\USER\mmain.c(1152): warning:  #174-D: expression has no effect
..\USER\mmain.c(297): warning: C4017W: i may be used before being set
..\USER\mmain.c(752): warning: C4017W: init_pass may be used before being set
..\USER\mmain.c(801): warning: C4017W: Send_pass may be used before being set
compiling usart1.c...
..\..\..\Libraries\STM32F2xx_StdPeriph_Driver\inc\stm32f2xx_usart.h(126): warning:  #47-D: incompatible redefinition of macro "USART_WordLength_8b" (declared at line 34 of "..\USER\config.h")
..\..\..\Libraries\STM32F2xx_StdPeriph_Driver\inc\stm32f2xx_usart.h(127): warning:  #47-D: incompatible redefinition of macro "USART_WordLength_9b" (declared at line 35 of "..\USER\config.h")
..\..\..\Libraries\STM32F2xx_StdPeriph_Driver\inc\stm32f2xx_usart.h(139): warning:  #47-D: incompatible redefinition of macro "USART_StopBits_1" (declared at line 36 of "..\USER\config.h")
..\..\..\Libraries\STM32F2xx_StdPeriph_Driver\inc\stm32f2xx_usart.h(140): warning:  #47-D: incompatible redefinition of macro "USART_StopBits_0_5" (declared at line 37 of "..\USER\config.h")
..\..\..\Libraries\STM32F2xx_StdPeriph_Driver\inc\stm32f2xx_usart.h(141): warning:  #47-D: incompatible redefinition of macro "USART_StopBits_2" (declared at line 38 of "..\USER\config.h")
..\..\..\Libraries\STM32F2xx_StdPeriph_Driver\inc\stm32f2xx_usart.h(142): warning:  #47-D: incompatible redefinition of macro "USART_StopBits_1_5" (declared at line 39 of "..\USER\config.h")
..\..\..\Libraries\STM32F2xx_StdPeriph_Driver\inc\stm32f2xx_usart.h(155): warning:  #47-D: incompatible redefinition of macro "USART_Parity_No" (declared at line 31 of "..\USER\config.h")
..\..\..\Libraries\STM32F2xx_StdPeriph_Driver\inc\stm32f2xx_usart.h(156): warning:  #47-D: incompatible redefinition of macro "USART_Parity_Even" (declared at line 32 of "..\USER\config.h")
..\..\..\Libraries\STM32F2xx_StdPeriph_Driver\inc\stm32f2xx_usart.h(157): warning:  #47-D: incompatible redefinition of macro "USART_Parity_Odd" (declared at line 33 of "..\USER\config.h")
..\USER\INCLUDE\user_stm32f2xx.h(50): warning:  #47-D: incompatible redefinition of macro "GPIO_Mode_AIN" (declared at line 358 of "..\..\..\Libraries\STM32F2xx_StdPeriph_Driver\inc\stm32f2xx_gpio.h")
..\USER\uart\usart1.c(100): warning:  #177-D: variable "DMA_Initstructure" was declared but never referenced
..\USER\uart\usart1.c(211): warning:  #167-D: argument of type "char *" is incompatible with parameter of type "uint8_t *"
..\USER\uart\usart1.c(268): warning:  #177-D: variable "checkbyte" was declared but never referenced
..\USER\uart\usart1.c(269): warning:  #177-D: variable "i" was declared but never referenced
..\USER\uart\usart1.c(270): warning:  #177-D: variable "number" was declared but never referenced
..\USER\uart\usart1.c(209): warning: C4017W: i may be used before being set
compiling user_queue.c...
..\USER\INCLUDE\user_stm32f2xx.h(50): warning:  #47-D: incompatible redefinition of macro "GPIO_Mode_AIN" (declared at line 358 of "..\..\..\Libraries\STM32F2xx_StdPeriph_Driver\inc\stm32f2xx_gpio.h")
..\USER\user_queue.h(186): warning:  #1-D: last line of file ends without a newline
..\USER\config.h(31): warning:  #47-D: incompatible redefinition of macro "USART_Parity_No" (declared at line 155 of "..\..\..\Libraries\STM32F2xx_StdPeriph_Driver\inc\stm32f2xx_usart.h")
..\USER\config.h(32): warning:  #47-D: incompatible redefinition of macro "USART_Parity_Even" (declared at line 156 of "..\..\..\Libraries\STM32F2xx_StdPeriph_Driver\inc\stm32f2xx_usart.h")
..\USER\config.h(33): warning:  #47-D: incompatible redefinition of macro "USART_Parity_Odd" (declared at line 157 of "..\..\..\Libraries\STM32F2xx_StdPeriph_Driver\inc\stm32f2xx_usart.h")
..\USER\config.h(34): warning:  #47-D: incompatible redefinition of macro "USART_WordLength_8b" (declared at line 126 of "..\..\..\Libraries\STM32F2xx_StdPeriph_Driver\inc\stm32f2xx_usart.h")
..\USER\config.h(35): warning:  #47-D: incompatible redefinition of macro "USART_WordLength_9b" (declared at line 127 of "..\..\..\Libraries\STM32F2xx_StdPeriph_Driver\inc\stm32f2xx_usart.h")
..\USER\config.h(36): warning:  #47-D: incompatible redefinition of macro "USART_StopBits_1" (declared at line 139 of "..\..\..\Libraries\STM32F2xx_StdPeriph_Driver\inc\stm32f2xx_usart.h")
..\USER\config.h(37): warning:  #47-D: incompatible redefinition of macro "USART_StopBits_0_5" (declared at line 140 of "..\..\..\Libraries\STM32F2xx_StdPeriph_Driver\inc\stm32f2xx_usart.h")
..\USER\config.h(38): warning:  #47-D: incompatible redefinition of macro "USART_StopBits_2" (declared at line 141 of "..\..\..\Libraries\STM32F2xx_StdPeriph_Driver\inc\stm32f2xx_usart.h")
..\USER\config.h(39): warning:  #47-D: incompatible redefinition of macro "USART_StopBits_1_5" (declared at line 142 of "..\..\..\Libraries\STM32F2xx_StdPeriph_Driver\inc\stm32f2xx_usart.h")
..\USER\mcan.h(61): warning:  #47-D: incompatible redefinition of macro "Mcan" (declared at line 9)
..\USER\user_queue.c(278): warning:  #940-D: missing return statement at end of non-void function "CAN_Queue_Read"
compiling stm322xg_eval_fsmc_sram.c...
compiling stm322xg_eval_ioe.c...
compiling stm322xg_eval_lcd.c...
compiling stm322xg_eval.c...
..\USER\interface.h(254): warning:  #1-D: last line of file ends without a newline
..\USER\INCLUDE\user_stm32f2xx.h(50): warning:  #47-D: incompatible redefinition of macro "GPIO_Mode_AIN" (declared at line 358 of "..\..\..\Libraries\STM32F2xx_StdPeriph_Driver\inc\stm32f2xx_gpio.h")
..\USER\gpio.h(21): warning:  #1-D: last line of file ends without a newline
..\USER\hardwaretest\hardwaretest.h(375): warning:  #1-D: last line of file ends without a newline
..\USER\config.h(31): warning:  #47-D: incompatible redefinition of macro "USART_Parity_No" (declared at line 155 of "..\..\..\Libraries\STM32F2xx_StdPeriph_Driver\inc\stm32f2xx_usart.h")
..\USER\config.h(32): warning:  #47-D: incompatible redefinition of macro "USART_Parity_Even" (declared at line 156 of "..\..\..\Libraries\STM32F2xx_StdPeriph_Driver\inc\stm32f2xx_usart.h")
..\USER\config.h(33): warning:  #47-D: incompatible redefinition of macro "USART_Parity_Odd" (declared at line 157 of "..\..\..\Libraries\STM32F2xx_StdPeriph_Driver\inc\stm32f2xx_usart.h")
..\USER\config.h(34): warning:  #47-D: incompatible redefinition of macro "USART_WordLength_8b" (declared at line 126 of "..\..\..\Libraries\STM32F2xx_StdPeriph_Driver\inc\stm32f2xx_usart.h")
..\USER\config.h(35): warning:  #47-D: incompatible redefinition of macro "USART_WordLength_9b" (declared at line 127 of "..\..\..\Libraries\STM32F2xx_StdPeriph_Driver\inc\stm32f2xx_usart.h")
..\USER\config.h(36): warning:  #47-D: incompatible redefinition of macro "USART_StopBits_1" (declared at line 139 of "..\..\..\Libraries\STM32F2xx_StdPeriph_Driver\inc\stm32f2xx_usart.h")
..\USER\config.h(37): warning:  #47-D: incompatible redefinition of macro "USART_StopBits_0_5" (declared at line 140 of "..\..\..\Libraries\STM32F2xx_StdPeriph_Driver\inc\stm32f2xx_usart.h")
..\USER\config.h(38): warning:  #47-D: incompatible redefinition of macro "USART_StopBits_2" (declared at line 141 of "..\..\..\Libraries\STM32F2xx_StdPeriph_Driver\inc\stm32f2xx_usart.h")
[...]
.\STM322xG_EVAL\STM32F2xx_FCAR_OBDII_APP_V1_00_2019_03_27.axf: Warning: L6304W: Duplicate input file .\stm322xg_eval\hardware.o ignored.
.\STM322xG_EVAL\STM32F2xx_FCAR_OBDII_APP_V1_00_2019_03_27.axf: Warning: L6304W: Duplicate input file .\stm322xg_eval\usart1.o ignored.
.\STM322xG_EVAL\STM32F2xx_FCAR_OBDII_APP_V1_00_2019_03_27.axf: Warning: L6304W: Duplicate input file .\stm322xg_eval\bluewifi.o ignored.
Program Size: Code=8988 RO-data=772 RW-data=144 ZI-data=4152  
FromELF: creating hex file...
".\STM322xG_EVAL\STM32F2xx_FCAR_OBDII_APP_V1_00_2019_03_27.axf" - 0 Errors, 26 Warning(s).
Build target 'STM322xG_EVAL'
linking...
.\STM322xG_EVAL\STM32F2xx_FCAR_OBDII_APP_V1_00_2019_03_27.axf: Warning: L6304W: Duplicate input file .\stm322xg_eval\code.o ignored.
.\STM322xG_EVAL\STM32F2xx_FCAR_OBDII_APP_V1_00_2019_03_27.axf: Warning: L6304W: Duplicate input file .\stm322xg_eval\hardware.o ignored.
.\STM322xG_EVAL\STM32F2xx_FCAR_OBDII_APP_V1_00_2019_03_27.axf: Warning: L6304W: Duplicate input file .\stm322xg_eval\usart1.o ignored.
.\STM322xG_EVAL\STM32F2xx_FCAR_OBDII_APP_V1_00_2019_03_27.axf: Warning: L6304W: Duplicate input file .\stm322xg_eval\bluewifi.o ignored.
Program Size: Code=8988 RO-data=772 RW-data=144 ZI-data=4152  
FromELF: creating hex file...
".\STM322xG_EVAL\STM32F2xx_FCAR_OBDII_APP_V1_00_2019_03_27.axf" - 0 Errors, 4 Warning(s).
Build target 'STM322xG_EVAL'
linking...
.\STM322xG_EVAL\STM32F2xx_FCAR_OBDII_APP_V1_00_2019_03_27.axf: Warning: L6304W: Duplicate input file .\stm322xg_eval\code.o ignored.
.\STM322xG_EVAL\STM32F2xx_FCAR_OBDII_APP_V1_00_2019_03_27.axf: Warning: L6304W: Duplicate input file .\stm322xg_eval\hardware.o ignored.
.\STM322xG_EVAL\STM32F2xx_FCAR_OBDII_APP_V1_00_2019_03_27.axf: Warning: L6304W: Duplicate input file .\stm322xg_eval\usart1.o ignored.
.\STM322xG_EVAL\STM32F2xx_FCAR_OBDII_APP_V1_00_2019_03_27.axf: Warning: L6304W: Duplicate input file .\stm322xg_eval\bluewifi.o ignored.
Program Size: Code=8988 RO-data=772 RW-data=144 ZI-data=4152  
FromELF: creating hex file...
".\STM322xG_EVAL\STM32F2xx_FCAR_OBDII_APP_V1_00_2019_03_27.axf" - 0 Errors, 4 Warning(s).
Build target 'STM322xG_EVAL'
linking...
.\STM322xG_EVAL\STM32F2xx_FCAR_OBDII_APP_V1_00_2019_03_27.axf: Warning: L6304W: Duplicate input file .\stm322xg_eval\code.o ignored.
.\STM322xG_EVAL\STM32F2xx_FCAR_OBDII_APP_V1_00_2019_03_27.axf: Warning: L6304W: Duplicate input file .\stm322xg_eval\hardware.o ignored.
.\STM322xG_EVAL\STM32F2xx_FCAR_OBDII_APP_V1_00_2019_03_27.axf: Warning: L6304W: Duplicate input file .\stm322xg_eval\usart1.o ignored.
.\STM322xG_EVAL\STM32F2xx_FCAR_OBDII_APP_V1_00_2019_03_27.axf: Warning: L6304W: Duplicate input file .\stm322xg_eval\bluewifi.o ignored.
Program Size: Code=8988 RO-data=772 RW-data=144 ZI-data=4152  
FromELF: creating hex file...
".\STM322xG_EVAL\STM32F2xx_FCAR_OBDII_APP_V1_00_2019_03_27.axf" - 0 Errors, 4 Warning(s).
Build target 'STM322xG_EVAL'
compiling system_stm32f2xx.c...
linking...
.\STM322xG_EVAL\STM32F2xx_FCAR_OBDII_APP_V1_00_2019_03_27.axf: Warning: L6304W: Duplicate input file .\stm322xg_eval\code.o ignored.
.\STM322xG_EVAL\STM32F2xx_FCAR_OBDII_APP_V1_00_2019_03_27.axf: Warning: L6304W: Duplicate input file .\stm322xg_eval\hardware.o ignored.
.\STM322xG_EVAL\STM32F2xx_FCAR_OBDII_APP_V1_00_2019_03_27.axf: Warning: L6304W: Duplicate input file .\stm322xg_eval\usart1.o ignored.
.\STM322xG_EVAL\STM32F2xx_FCAR_OBDII_APP_V1_00_2019_03_27.axf: Warning: L6304W: Duplicate input file .\stm322xg_eval\bluewifi.o ignored.
Program Size: Code=8988 RO-data=772 RW-data=144 ZI-data=4152  
FromELF: creating hex file...
".\STM322xG_EVAL\STM32F2xx_FCAR_OBDII_APP_V1_00_2019_03_27.axf" - 0 Errors, 4 Warning(s).
Build target 'STM322xG_EVAL'
compiling system_stm32f2xx.c...
linking...
.\STM322xG_EVAL\STM32F2xx_FCAR_OBDII_APP_V1_00_2019_03_27.axf: Warning: L6304W: Duplicate input file .\stm322xg_eval\code.o ignored.
.\STM322xG_EVAL\STM32F2xx_FCAR_OBDII_APP_V1_00_2019_03_27.axf: Warning: L6304W: Duplicate input file .\stm322xg_eval\hardware.o ignored.
.\STM322xG_EVAL\STM32F2xx_FCAR_OBDII_APP_V1_00_2019_03_27.axf: Warning: L6304W: Duplicate input file .\stm322xg_eval\usart1.o ignored.
.\STM322xG_EVAL\STM32F2xx_FCAR_OBDII_APP_V1_00_2019_03_27.axf: Warning: L6304W: Duplicate input file .\stm322xg_eval\bluewifi.o ignored.
Program Size: Code=8988 RO-data=772 RW-data=144 ZI-data=4152  
FromELF: creating hex file...
".\STM322xG_EVAL\STM32F2xx_FCAR_OBDII_APP_V1_00_2019_03_27.axf" - 0 Errors, 4 Warning(s).
Build target 'STM322xG_EVAL'
compiling system_stm32f2xx.c...
linking...
.\STM322xG_EVAL\STM32F2xx_FCAR_OBDII_APP_V1_00_2019_03_27.axf: Warning: L6304W: Duplicate input file .\stm322xg_eval\code.o ignored.
.\STM322xG_EVAL\STM32F2xx_FCAR_OBDII_APP_V1_00_2019_03_27.axf: Warning: L6304W: Duplicate input file .\stm322xg_eval\hardware.o ignored.
.\STM322xG_EVAL\STM32F2xx_FCAR_OBDII_APP_V1_00_2019_03_27.axf: Warning: L6304W: Duplicate input file .\stm322xg_eval\usart1.o ignored.
.\STM322xG_EVAL\STM32F2xx_FCAR_OBDII_APP_V1_00_2019_03_27.axf: Warning: L6304W: Duplicate input file .\stm322xg_eval\bluewifi.o ignored.
Program Size: Code=8988 RO-data=772 RW-data=144 ZI-data=4152  
FromELF: creating hex file...
".\STM322xG_EVAL\STM32F2xx_FCAR_OBDII_APP_V1_00_2019_03_27.axf" - 0 Errors, 4 Warning(s).
Build target 'STM322xG_EVAL'
compiling system_stm32f2xx.c...
..\system_stm32f2xx.c(302): warning:  #223-D: function "STM_EVAL_LEDInit" declared implicitly
..\system_stm32f2xx.c(302): error:  #20: identifier "LED2_PIN" is undefined
..\system_stm32f2xx.c(303): error:  #20: identifier "LED3_PIN" is undefined
..\system_stm32f2xx.c(306): warning:  #223-D: function "STM_EVAL_LEDOn" declared implicitly
".\STM322xG_EVAL\STM32F2xx_FCAR_OBDII_APP_V1_00_2019_03_27.axf" - 2 Errors, 2 Warning(s).
Target not created
Build target 'STM322xG_EVAL'
compiling system_stm32f2xx.c...
..\system_stm32f2xx.c(173): error:  #5: cannot open source input file "stm32f2xg_eval.h": No such file or directory
".\STM322xG_EVAL\STM32F2xx_FCAR_OBDII_APP_V1_00_2019_03_27.axf" - 1 Errors, 0 Warning(s).
Target not created
Build target 'STM322xG_EVAL'
compiling system_stm32f2xx.c...
..\system_stm32f2xx.c(173): error:  #5: cannot open source input file "stm32f2xg_eval.h": No such file or directory
".\STM322xG_EVAL\STM32F2xx_FCAR_OBDII_APP_V1_00_2019_03_27.axf" - 1 Errors, 0 Warning(s).
Target not created
Build target 'STM322xG_EVAL'
compiling system_stm32f2xx.c...
..\system_stm32f2xx.c(173): error:  #5: cannot open source input file "stm32f2xx_eval.h": No such file or directory
".\STM322xG_EVAL\STM32F2xx_FCAR_OBDII_APP_V1_00_2019_03_27.axf" - 1 Errors, 0 Warning(s).
Target not created
Build target 'STM322xG_EVAL'
compiling system_stm32f2xx.c...
..\system_stm32f2xx.c(302): warning:  #188-D: enumerated type mixed with another type
..\system_stm32f2xx.c(302): warning:  #69-D: integer conversion resulted in truncation
..\system_stm32f2xx.c(303): warning:  #188-D: enumerated type mixed with another type
..\system_stm32f2xx.c(303): warning:  #69-D: integer conversion resulted in truncation
..\system_stm32f2xx.c(306): warning:  #188-D: enumerated type mixed with another type
..\system_stm32f2xx.c(306): warning:  #69-D: integer conversion resulted in truncation
..\system_stm32f2xx.c(307): warning:  #188-D: enumerated type mixed with another type
..\system_stm32f2xx.c(307): warning:  #69-D: integer conversion resulted in truncation
linking...
.\STM322xG_EVAL\STM32F2xx_FCAR_OBDII_APP_V1_00_2019_03_27.axf: Warning: L6304W: Duplicate input file .\stm322xg_eval\code.o ignored.
.\STM322xG_EVAL\STM32F2xx_FCAR_OBDII_APP_V1_00_2019_03_27.axf: Warning: L6304W: Duplicate input file .\stm322xg_eval\hardware.o ignored.
.\STM322xG_EVAL\STM32F2xx_FCAR_OBDII_APP_V1_00_2019_03_27.axf: Warning: L6304W: Duplicate input file .\stm322xg_eval\usart1.o ignored.
.\STM322xG_EVAL\STM32F2xx_FCAR_OBDII_APP_V1_00_2019_03_27.axf: Warning: L6304W: Duplicate input file .\stm322xg_eval\bluewifi.o ignored.
Program Size: Code=9012 RO-data=772 RW-data=144 ZI-data=4152  
FromELF: creating hex file...
".\STM322xG_EVAL\STM32F2xx_FCAR_OBDII_APP_V1_00_2019_03_27.axf" - 0 Errors, 12 Warning(s).
Build target 'STM322xG_EVAL'
compiling system_stm32f2xx.c...
..\system_stm32f2xx.c(302): warning:  #188-D: enumerated type mixed with another type
..\system_stm32f2xx.c(302): warning:  #69-D: integer conversion resulted in truncation
..\system_stm32f2xx.c(303): warning:  #188-D: enumerated type mixed with another type
..\system_stm32f2xx.c(303): warning:  #69-D: integer conversion resulted in truncation
..\system_stm32f2xx.c(306): warning:  #188-D: enumerated type mixed with another type
..\system_stm32f2xx.c(306): warning:  #69-D: integer conversion resulted in truncation
..\system_stm32f2xx.c(307): warning:  #188-D: enumerated type mixed with another type
..\system_stm32f2xx.c(307): warning:  #69-D: integer conversion resulted in truncation
linking...
.\STM322xG_EVAL\STM32F2xx_FCAR_OBDII_APP_V1_00_2019_03_27.axf: Warning: L6304W: Duplicate input file .\stm322xg_eval\code.o ignored.
.\STM322xG_EVAL\STM32F2xx_FCAR_OBDII_APP_V1_00_2019_03_27.axf: Warning: L6304W: Duplicate input file .\stm322xg_eval\hardware.o ignored.
.\STM322xG_EVAL\STM32F2xx_FCAR_OBDII_APP_V1_00_2019_03_27.axf: Warning: L6304W: Duplicate input file .\stm322xg_eval\usart1.o ignored.
.\STM322xG_EVAL\STM32F2xx_FCAR_OBDII_APP_V1_00_2019_03_27.axf: Warning: L6304W: Duplicate input file .\stm322xg_eval\bluewifi.o ignored.
Program Size: Code=9036 RO-data=772 RW-data=144 ZI-data=4152  
FromELF: creating hex file...
".\STM322xG_EVAL\STM32F2xx_FCAR_OBDII_APP_V1_00_2019_03_27.axf" - 0 Errors, 12 Warning(s).
Build target 'STM322xG_EVAL'
compiling main.c...
..\USER\INCLUDE\user_stm32f2xx.h(50): warning:  #47-D: incompatible redefinition of macro "GPIO_Mode_AIN" (declared at line 358 of "..\..\..\Libraries\STM32F2xx_StdPeriph_Driver\inc\stm32f2xx_gpio.h")
..\USER\config.h(31): warning:  #47-D: incompatible redefinition of macro "USART_Parity_No" (declared at line 155 of "..\..\..\Libraries\STM32F2xx_StdPeriph_Driver\inc\stm32f2xx_usart.h")
..\USER\config.h(32): warning:  #47-D: incompatible redefinition of macro "USART_Parity_Even" (declared at line 156 of "..\..\..\Libraries\STM32F2xx_StdPeriph_Driver\inc\stm32f2xx_usart.h")
..\USER\config.h(33): warning:  #47-D: incompatible redefinition of macro "USART_Parity_Odd" (declared at line 157 of "..\..\..\Libraries\STM32F2xx_StdPeriph_Driver\inc\stm32f2xx_usart.h")
..\USER\config.h(34): warning:  #47-D: incompatible redefinition of macro "USART_WordLength_8b" (declared at line 126 of "..\..\..\Libraries\STM32F2xx_StdPeriph_Driver\inc\stm32f2xx_usart.h")
..\USER\config.h(35): warning:  #47-D: incompatible redefinition of macro "USART_WordLength_9b" (declared at line 127 of "..\..\..\Libraries\STM32F2xx_StdPeriph_Driver\inc\stm32f2xx_usart.h")
..\USER\config.h(36): warning:  #47-D: incompatible redefinition of macro "USART_StopBits_1" (declared at line 139 of "..\..\..\Libraries\STM32F2xx_StdPeriph_Driver\inc\stm32f2xx_usart.h")
..\USER\config.h(37): warning:  #47-D: incompatible redefinition of macro "USART_StopBits_0_5" (declared at line 140 of "..\..\..\Libraries\STM32F2xx_StdPeriph_Driver\inc\stm32f2xx_usart.h")
..\USER\config.h(38): warning:  #47-D: incompatible redefinition of macro "USART_StopBits_2" (declared at line 141 of "..\..\..\Libraries\STM32F2xx_StdPeriph_Driver\inc\stm32f2xx_usart.h")
..\USER\config.h(39): warning:  #47-D: incompatible redefinition of macro "USART_StopBits_1_5" (declared at line 142 of "..\..\..\Libraries\STM32F2xx_StdPeriph_Driver\inc\stm32f2xx_usart.h")
..\main.c(57): warning:  #69-D: integer conversion resulted in truncation
..\main.c(58): warning:  #69-D: integer conversion resulted in truncation
..\main.c(207): warning:  #188-D: enumerated type mixed with another type
..\main.c(207): warning:  #69-D: integer conversion resulted in truncation
..\main.c(208): warning:  #188-D: enumerated type mixed with another type
..\main.c(208): warning:  #69-D: integer conversion resulted in truncation
..\main.c(211): warning:  #188-D: enumerated type mixed with another type
..\main.c(211): warning:  #69-D: integer conversion resulted in truncation
..\main.c(212): warning:  #188-D: enumerated type mixed with another type
..\main.c(212): warning:  #69-D: integer conversion resulted in truncation
..\main.c(215): warning:  #188-D: enumerated type mixed with another type
..\main.c(215): warning:  #69-D: integer conversion resulted in truncation
..\main.c(230): warning:  #188-D: enumerated type mixed with another type
..\main.c(271): warning:  #223-D: function "main_minivci_app" declared implicitly
linking...
.\STM322xG_EVAL\STM32F2xx_FCAR_OBDII_APP_V1_00_2019_03_27.axf: Warning: L6304W: Duplicate input file .\stm322xg_eval\code.o ignored.
.\STM322xG_EVAL\STM32F2xx_FCAR_OBDII_APP_V1_00_2019_03_27.axf: Warning: L6304W: Duplicate input file .\stm322xg_eval\hardware.o ignored.
.\STM322xG_EVAL\STM32F2xx_FCAR_OBDII_APP_V1_00_2019_03_27.axf: Warning: L6304W: Duplicate input file .\stm322xg_eval\usart1.o ignored.
.\STM322xG_EVAL\STM32F2xx_FCAR_OBDII_APP_V1_00_2019_03_27.axf: Warning: L6304W: Duplicate input file .\stm322xg_eval\bluewifi.o ignored.
Program Size: Code=9040 RO-data=772 RW-data=144 ZI-data=4152  
FromELF: creating hex file...
".\STM322xG_EVAL\STM32F2xx_FCAR_OBDII_APP_V1_00_2019_03_27.axf" - 0 Errors, 28 Warning(s).
Build target 'STM322xG_EVAL'
compiling system_stm32f2xx.c...
..\system_stm32f2xx.c(302): warning:  #188-D: enumerated type mixed with another type
..\system_stm32f2xx.c(302): warning:  #69-D: integer conversion resulted in truncation
..\system_stm32f2xx.c(303): warning:  #188-D: enumerated type mixed with another type
..\system_stm32f2xx.c(303): warning:  #69-D: integer conversion resulted in truncation
..\system_stm32f2xx.c(306): warning:  #188-D: enumerated type mixed with another type
..\system_stm32f2xx.c(306): warning:  #69-D: integer conversion resulted in truncation
..\system_stm32f2xx.c(307): warning:  #188-D: enumerated type mixed with another type
..\system_stm32f2xx.c(307): warning:  #69-D: integer conversion resulted in truncation
linking...
.\STM322xG_EVAL\STM32F2xx_FCAR_OBDII_APP_V1_00_2019_03_27.axf: Warning: L6304W: Duplicate input file .\stm322xg_eval\code.o ignored.
.\STM322xG_EVAL\STM32F2xx_FCAR_OBDII_APP_V1_00_2019_03_27.axf: Warning: L6304W: Duplicate input file .\stm322xg_eval\hardware.o ignored.
.\STM322xG_EVAL\STM32F2xx_FCAR_OBDII_APP_V1_00_2019_03_27.axf: Warning: L6304W: Duplicate input file .\stm322xg_eval\usart1.o ignored.
.\STM322xG_EVAL\STM32F2xx_FCAR_OBDII_APP_V1_00_2019_03_27.axf: Warning: L6304W: Duplicate input file .\stm322xg_eval\bluewifi.o ignored.
Program Size: Code=9040 RO-data=772 RW-data=144 ZI-data=4152  
FromELF: creating hex file...
".\STM322xG_EVAL\STM32F2xx_FCAR_OBDII_APP_V1_00_2019_03_27.axf" - 0 Errors, 12 Warning(s).
Build target 'STM322xG_EVAL'
compiling system_stm32f2xx.c...
..\system_stm32f2xx.c(302): warning:  #188-D: enumerated type mixed with another type
..\system_stm32f2xx.c(302): warning:  #69-D: integer conversion resulted in truncation
..\system_stm32f2xx.c(303): warning:  #188-D: enumerated type mixed with another type
..\system_stm32f2xx.c(303): warning:  #69-D: integer conversion resulted in truncation
..\system_stm32f2xx.c(306): warning:  #188-D: enumerated type mixed with another type
..\system_stm32f2xx.c(306): warning:  #69-D: integer conversion resulted in truncation
..\system_stm32f2xx.c(307): warning:  #188-D: enumerated type mixed with another type
..\system_stm32f2xx.c(307): warning:  #69-D: integer conversion resulted in truncation
linking...
.\STM322xG_EVAL\STM32F2xx_FCAR_OBDII_APP_V1_00_2019_03_27.axf: Warning: L6304W: Duplicate input file .\stm322xg_eval\code.o ignored.
.\STM322xG_EVAL\STM32F2xx_FCAR_OBDII_APP_V1_00_2019_03_27.axf: Warning: L6304W: Duplicate input file .\stm322xg_eval\hardware.o ignored.
.\STM322xG_EVAL\STM32F2xx_FCAR_OBDII_APP_V1_00_2019_03_27.axf: Warning: L6304W: Duplicate input file .\stm322xg_eval\usart1.o ignored.
.\STM322xG_EVAL\STM32F2xx_FCAR_OBDII_APP_V1_00_2019_03_27.axf: Warning: L6304W: Duplicate input file .\stm322xg_eval\bluewifi.o ignored.
Program Size: Code=9040 RO-data=772 RW-data=144 ZI-data=4152  
FromELF: creating hex file...
".\STM322xG_EVAL\STM32F2xx_FCAR_OBDII_APP_V1_00_2019_03_27.axf" - 0 Errors, 12 Warning(s).
Build target 'STM322xG_EVAL'
compiling system_stm32f2xx.c...
..\system_stm32f2xx.c(302): warning:  #188-D: enumerated type mixed with another type
..\system_stm32f2xx.c(302): warning:  #69-D: integer conversion resulted in truncation
..\system_stm32f2xx.c(303): warning:  #188-D: enumerated type mixed with another type
..\system_stm32f2xx.c(303): warning:  #69-D: integer conversion resulted in truncation
..\system_stm32f2xx.c(306): warning:  #188-D: enumerated type mixed with another type
..\system_stm32f2xx.c(306): warning:  #69-D: integer conversion resulted in truncation
..\system_stm32f2xx.c(307): warning:  #188-D: enumerated type mixed with another type
..\system_stm32f2xx.c(307): warning:  #69-D: integer conversion resulted in truncation
linking...
.\STM322xG_EVAL\STM32F2xx_FCAR_OBDII_APP_V1_00_2019_03_27.axf: Warning: L6304W: Duplicate input file .\stm322xg_eval\code.o ignored.
.\STM322xG_EVAL\STM32F2xx_FCAR_OBDII_APP_V1_00_2019_03_27.axf: Warning: L6304W: Duplicate input file .\stm322xg_eval\hardware.o ignored.
.\STM322xG_EVAL\STM32F2xx_FCAR_OBDII_APP_V1_00_2019_03_27.axf: Warning: L6304W: Duplicate input file .\stm322xg_eval\usart1.o ignored.
.\STM322xG_EVAL\STM32F2xx_FCAR_OBDII_APP_V1_00_2019_03_27.axf: Warning: L6304W: Duplicate input file .\stm322xg_eval\bluewifi.o ignored.
Program Size: Code=9040 RO-data=772 RW-data=144 ZI-data=4152  
FromELF: creating hex file...
".\STM322xG_EVAL\STM32F2xx_FCAR_OBDII_APP_V1_00_2019_03_27.axf" - 0 Errors, 12 Warning(s).
Load "E:\\OBD_2G\\Firmware\\FCAR_OBDII_2G_STM32F2x\\FCAR_OBDII_2G_APP\\STM32F2xx_StdPeriph_Lib_V1.1.0\\Project\\STM32F2xx_StdPeriph_Template\\MDK-ARM\\STM322xG_EVAL\\STM32F2xx_FCAR_OBDII_APP_V1_00_2019_03_27.axf" 
Internal DLL Error
Internal DLL Error
Build target 'STM322xG_EVAL'
linking...
.\STM322xG_EVAL\STM32F2xx_FCAR_OBDII_APP_V1_00_2019_03_27.axf: Warning: L6304W: Duplicate input file .\stm322xg_eval\code.o ignored.
.\STM322xG_EVAL\STM32F2xx_FCAR_OBDII_APP_V1_00_2019_03_27.axf: Warning: L6304W: Duplicate input file .\stm322xg_eval\hardware.o ignored.
.\STM322xG_EVAL\STM32F2xx_FCAR_OBDII_APP_V1_00_2019_03_27.axf: Warning: L6304W: Duplicate input file .\stm322xg_eval\usart1.o ignored.
.\STM322xG_EVAL\STM32F2xx_FCAR_OBDII_APP_V1_00_2019_03_27.axf: Warning: L6304W: Duplicate input file .\stm322xg_eval\bluewifi.o ignored.
Program Size: Code=9040 RO-data=772 RW-data=144 ZI-data=4152  
FromELF: creating hex file...
".\STM322xG_EVAL\STM32F2xx_FCAR_OBDII_APP_V1_00_2019_03_27.axf" - 0 Errors, 4 Warning(s).
Load "E:\\OBD_2G\\Firmware\\FCAR_OBDII_2G_STM32F2x\\FCAR_OBDII_2G_APP\\STM32F2xx_StdPeriph_Lib_V1.1.0\\Project\\STM32F2xx_StdPeriph_Template\\MDK-ARM\\STM322xG_EVAL\\STM32F2xx_FCAR_OBDII_APP_V1_00_2019_03_27.axf" 
Set JLink Project File to "E:\OBD_2G\Firmware\FCAR_OBDII_2G_STM32F2x\FCAR_OBDII_2G_APP\STM32F2xx_StdPeriph_Lib_V1.1.0\Project\STM32F2xx_StdPeriph_Template\MDK-ARM\JLinkSettings.ini"
* JLink Info: Device "STM32F205VE" selected (512 KB flash, 64 KB RAM).
 
JLink info:
------------
DLL: V4.68a, compiled Apr 12 2013 13:26:50
Firmware: J-Link V9 compiled Sep 15 2017 17:51:55
Hardware: V9.40
S/N : 59425868 
Feature(s) : RDI, GDB, FlashDL, FlashBP, JFlash, RDDI 
 
* JLink Info: TotalIRLen = ?, IRPrint = 0x..000000000000000000000000
* JLink Info: STM32F2xxx/STM32F4xxx: Can not attach to CPU. Trying connect under reset.
* JLink Info: TotalIRLen = ?, IRPrint = 0x..000000000000000000000000
