<!doctype html public "-//w3c//dtd html 4.0 transitional//en">
<html><head>
<title>Static Call Graph - [.\STM322xG_EVAL\STM32F2xx_FCAR_OBDII_4G_APP_V1_00_20190327.axf]</title></head>
<body><HR>
<H1>Static Call Graph for image .\STM322xG_EVAL\STM32F2xx_FCAR_OBDII_4G_APP_V1_00_20190327.axf</H1><HR>
<BR><P>#&#060CALLGRAPH&#062# ARM Linker, 5.03 [Build 76]: Last Updated: Tue Sep 03 14:46:04 2019
<BR><P>
<H3>Maximum Stack Usage =       4840 bytes + Unknown(Cycles, Untraceable Function Pointers)</H3><H3>
Call chain for Maximum Stack Depth:</H3>
main &rArr; main_xml2 &rArr; mxmlNewXML &rArr; mxmlNewElement &rArr; mxml_new &rArr; calloc &rArr; malloc &rArr; internal_alloc &rArr; __aeabi_memcpy
<P>
<H3>
Mutually Recursive functions
</H3> <LI><a href="#[1f]">ADC_IRQHandler</a>&nbsp;&nbsp;&nbsp;&rArr;&nbsp;&nbsp;&nbsp;<a href="#[1f]">ADC_IRQHandler</a><BR>
 <LI><a href="#[7]">BusFault_Handler</a>&nbsp;&nbsp;&nbsp;&rArr;&nbsp;&nbsp;&nbsp;<a href="#[7]">BusFault_Handler</a><BR>
 <LI><a href="#[337]">print_object</a>&nbsp;&nbsp;&nbsp;&rArr;&nbsp;&nbsp;&nbsp;<a href="#[2ac]">print_value</a><BR>
 <LI><a href="#[334]">print_array</a>&nbsp;&nbsp;&nbsp;&rArr;&nbsp;&nbsp;&nbsp;<a href="#[2ac]">print_value</a><BR>
 <LI><a href="#[15e]">cJSON_Delete</a>&nbsp;&nbsp;&nbsp;&rArr;&nbsp;&nbsp;&nbsp;<a href="#[15e]">cJSON_Delete</a><BR>
 <LI><a href="#[5]">HardFault_Handler</a>&nbsp;&nbsp;&nbsp;&rArr;&nbsp;&nbsp;&nbsp;<a href="#[5]">HardFault_Handler</a><BR>
 <LI><a href="#[6]">MemManage_Handler</a>&nbsp;&nbsp;&nbsp;&rArr;&nbsp;&nbsp;&nbsp;<a href="#[6]">MemManage_Handler</a><BR>
 <LI><a href="#[8]">UsageFault_Handler</a>&nbsp;&nbsp;&nbsp;&rArr;&nbsp;&nbsp;&nbsp;<a href="#[8]">UsageFault_Handler</a><BR>
 <LI><a href="#[2e2]">putc_bfd</a>&nbsp;&nbsp;&nbsp;&rArr;&nbsp;&nbsp;&nbsp;<a href="#[2e2]">putc_bfd</a><BR>
</UL>
<P>
<H3>
Function Pointers
</H3><UL>
 <LI><a href="#[1f]">ADC_IRQHandler</a> from startup_stm32f2xx.o(.text) referenced from startup_stm32f2xx.o(RESET)
 <LI><a href="#[b7]">ALL_KEEP_COM</a> from passthru.o(i.ALL_KEEP_COM) referenced from mmain.o(i.SpecialFun)
 <LI><a href="#[7]">BusFault_Handler</a> from stm32f2xx_it.o(i.BusFault_Handler) referenced from startup_stm32f2xx.o(RESET)
 <LI><a href="#[21]">CAN1_RX0_IRQHandler</a> from stm32f2xx_it.o(i.CAN1_RX0_IRQHandler) referenced from startup_stm32f2xx.o(RESET)
 <LI><a href="#[22]">CAN1_RX1_IRQHandler</a> from startup_stm32f2xx.o(.text) referenced from startup_stm32f2xx.o(RESET)
 <LI><a href="#[23]">CAN1_SCE_IRQHandler</a> from startup_stm32f2xx.o(.text) referenced from startup_stm32f2xx.o(RESET)
 <LI><a href="#[20]">CAN1_TX_IRQHandler</a> from startup_stm32f2xx.o(.text) referenced from startup_stm32f2xx.o(RESET)
 <LI><a href="#[4d]">CAN2_RX0_IRQHandler</a> from stm32f2xx_it.o(i.CAN2_RX0_IRQHandler) referenced from startup_stm32f2xx.o(RESET)
 <LI><a href="#[4e]">CAN2_RX1_IRQHandler</a> from startup_stm32f2xx.o(.text) referenced from startup_stm32f2xx.o(RESET)
 <LI><a href="#[4f]">CAN2_SCE_IRQHandler</a> from startup_stm32f2xx.o(.text) referenced from startup_stm32f2xx.o(RESET)
 <LI><a href="#[4c]">CAN2_TX_IRQHandler</a> from startup_stm32f2xx.o(.text) referenced from startup_stm32f2xx.o(RESET)
 <LI><a href="#[5c]">CRYP_IRQHandler</a> from startup_stm32f2xx.o(.text) referenced from startup_stm32f2xx.o(RESET)
 <LI><a href="#[5b]">DCMI_IRQHandler</a> from startup_stm32f2xx.o(.text) referenced from startup_stm32f2xx.o(RESET)
 <LI><a href="#[18]">DMA1_Stream0_IRQHandler</a> from startup_stm32f2xx.o(.text) referenced from startup_stm32f2xx.o(RESET)
 <LI><a href="#[19]">DMA1_Stream1_IRQHandler</a> from startup_stm32f2xx.o(.text) referenced from startup_stm32f2xx.o(RESET)
 <LI><a href="#[1a]">DMA1_Stream2_IRQHandler</a> from startup_stm32f2xx.o(.text) referenced from startup_stm32f2xx.o(RESET)
 <LI><a href="#[1b]">DMA1_Stream3_IRQHandler</a> from startup_stm32f2xx.o(.text) referenced from startup_stm32f2xx.o(RESET)
 <LI><a href="#[1c]">DMA1_Stream4_IRQHandler</a> from startup_stm32f2xx.o(.text) referenced from startup_stm32f2xx.o(RESET)
 <LI><a href="#[1d]">DMA1_Stream5_IRQHandler</a> from startup_stm32f2xx.o(.text) referenced from startup_stm32f2xx.o(RESET)
 <LI><a href="#[1e]">DMA1_Stream6_IRQHandler</a> from startup_stm32f2xx.o(.text) referenced from startup_stm32f2xx.o(RESET)
 <LI><a href="#[3c]">DMA1_Stream7_IRQHandler</a> from startup_stm32f2xx.o(.text) referenced from startup_stm32f2xx.o(RESET)
 <LI><a href="#[45]">DMA2_Stream0_IRQHandler</a> from startup_stm32f2xx.o(.text) referenced from startup_stm32f2xx.o(RESET)
 <LI><a href="#[46]">DMA2_Stream1_IRQHandler</a> from startup_stm32f2xx.o(.text) referenced from startup_stm32f2xx.o(RESET)
 <LI><a href="#[47]">DMA2_Stream2_IRQHandler</a> from startup_stm32f2xx.o(.text) referenced from startup_stm32f2xx.o(RESET)
 <LI><a href="#[48]">DMA2_Stream3_IRQHandler</a> from startup_stm32f2xx.o(.text) referenced from startup_stm32f2xx.o(RESET)
 <LI><a href="#[49]">DMA2_Stream4_IRQHandler</a> from startup_stm32f2xx.o(.text) referenced from startup_stm32f2xx.o(RESET)
 <LI><a href="#[51]">DMA2_Stream5_IRQHandler</a> from startup_stm32f2xx.o(.text) referenced from startup_stm32f2xx.o(RESET)
 <LI><a href="#[52]">DMA2_Stream6_IRQHandler</a> from startup_stm32f2xx.o(.text) referenced from startup_stm32f2xx.o(RESET)
 <LI><a href="#[53]">DMA2_Stream7_IRQHandler</a> from startup_stm32f2xx.o(.text) referenced from startup_stm32f2xx.o(RESET)
 <LI><a href="#[bf]">Data_pack</a> from 4g_common_api.o(i.Data_pack) referenced from main.o(i.main_FreeRTos)
 <LI><a href="#[c0]">Data_transfer</a> from 4g_common_api.o(i.Data_transfer) referenced from main.o(i.main_FreeRTos)
 <LI><a href="#[a]">DebugMon_Handler</a> from stm32f2xx_it.o(i.DebugMon_Handler) referenced from startup_stm32f2xx.o(RESET)
 <LI><a href="#[4a]">ETH_IRQHandler</a> from startup_stm32f2xx.o(.text) referenced from startup_stm32f2xx.o(RESET)
 <LI><a href="#[4b]">ETH_WKUP_IRQHandler</a> from startup_stm32f2xx.o(.text) referenced from startup_stm32f2xx.o(RESET)
 <LI><a href="#[13]">EXTI0_IRQHandler</a> from startup_stm32f2xx.o(.text) referenced from startup_stm32f2xx.o(RESET)
 <LI><a href="#[35]">EXTI15_10_IRQHandler</a> from startup_stm32f2xx.o(.text) referenced from startup_stm32f2xx.o(RESET)
 <LI><a href="#[14]">EXTI1_IRQHandler</a> from startup_stm32f2xx.o(.text) referenced from startup_stm32f2xx.o(RESET)
 <LI><a href="#[15]">EXTI2_IRQHandler</a> from passthru_pwm.o(i.EXTI2_IRQHandler) referenced from startup_stm32f2xx.o(RESET)
 <LI><a href="#[16]">EXTI3_IRQHandler</a> from startup_stm32f2xx.o(.text) referenced from startup_stm32f2xx.o(RESET)
 <LI><a href="#[17]">EXTI4_IRQHandler</a> from startup_stm32f2xx.o(.text) referenced from startup_stm32f2xx.o(RESET)
 <LI><a href="#[24]">EXTI9_5_IRQHandler</a> from passthru_pwm.o(i.EXTI9_5_IRQHandler) referenced from startup_stm32f2xx.o(RESET)
 <LI><a href="#[11]">FLASH_IRQHandler</a> from startup_stm32f2xx.o(.text) referenced from startup_stm32f2xx.o(RESET)
 <LI><a href="#[3d]">FSMC_IRQHandler</a> from startup_stm32f2xx.o(.text) referenced from startup_stm32f2xx.o(RESET)
 <LI><a href="#[6d]">HAL_MINIVCI_UART_READ</a> from passthru_kwp.o(i.HAL_MINIVCI_UART_READ) referenced from passthru_iso.o(i.PassThru_ISO_InitPort)
 <LI><a href="#[6d]">HAL_MINIVCI_UART_READ</a> from passthru_kwp.o(i.HAL_MINIVCI_UART_READ) referenced from passthru_kwp.o(i.PassThru_KWP_InitPort)
 <LI><a href="#[65]">HAL_MINIVCI_USART_READ</a> from passthru_benz.o(i.HAL_MINIVCI_USART_READ) referenced from passthru_benz.o(i.PassThru_BENZ_InitPort)
 <LI><a href="#[5d]">HASH_RNG_IRQHandler</a> from startup_stm32f2xx.o(.text) referenced from startup_stm32f2xx.o(RESET)
 <LI><a href="#[5]">HardFault_Handler</a> from stm32f2xx_it.o(i.HardFault_Handler) referenced from startup_stm32f2xx.o(RESET)
 <LI><a href="#[2d]">I2C1_ER_IRQHandler</a> from startup_stm32f2xx.o(.text) referenced from startup_stm32f2xx.o(RESET)
 <LI><a href="#[2c]">I2C1_EV_IRQHandler</a> from startup_stm32f2xx.o(.text) referenced from startup_stm32f2xx.o(RESET)
 <LI><a href="#[2f]">I2C2_ER_IRQHandler</a> from startup_stm32f2xx.o(.text) referenced from startup_stm32f2xx.o(RESET)
 <LI><a href="#[2e]">I2C2_EV_IRQHandler</a> from startup_stm32f2xx.o(.text) referenced from startup_stm32f2xx.o(RESET)
 <LI><a href="#[56]">I2C3_ER_IRQHandler</a> from startup_stm32f2xx.o(.text) referenced from startup_stm32f2xx.o(RESET)
 <LI><a href="#[55]">I2C3_EV_IRQHandler</a> from startup_stm32f2xx.o(.text) referenced from startup_stm32f2xx.o(RESET)
 <LI><a href="#[b5]">MCU_UARTGetByte</a> from hardware.o(i.MCU_UARTGetByte) referenced from hardware.o(i.Set_DrvPort)
 <LI><a href="#[b6]">MCU_UARTSendByte</a> from hardware.o(i.MCU_UARTSendByte) referenced from hardware.o(i.Set_DrvPort)
 <LI><a href="#[6]">MemManage_Handler</a> from stm32f2xx_it.o(i.MemManage_Handler) referenced from startup_stm32f2xx.o(RESET)
 <LI><a href="#[4]">NMI_Handler</a> from stm32f2xx_it.o(i.NMI_Handler) referenced from startup_stm32f2xx.o(RESET)
 <LI><a href="#[50]">OTG_FS_IRQHandler</a> from startup_stm32f2xx.o(.text) referenced from startup_stm32f2xx.o(RESET)
 <LI><a href="#[37]">OTG_FS_WKUP_IRQHandler</a> from startup_stm32f2xx.o(.text) referenced from startup_stm32f2xx.o(RESET)
 <LI><a href="#[58]">OTG_HS_EP1_IN_IRQHandler</a> from startup_stm32f2xx.o(.text) referenced from startup_stm32f2xx.o(RESET)
 <LI><a href="#[57]">OTG_HS_EP1_OUT_IRQHandler</a> from startup_stm32f2xx.o(.text) referenced from startup_stm32f2xx.o(RESET)
 <LI><a href="#[5a]">OTG_HS_IRQHandler</a> from startup_stm32f2xx.o(.text) referenced from startup_stm32f2xx.o(RESET)
 <LI><a href="#[59]">OTG_HS_WKUP_IRQHandler</a> from startup_stm32f2xx.o(.text) referenced from startup_stm32f2xx.o(RESET)
 <LI><a href="#[e]">PVD_IRQHandler</a> from startup_stm32f2xx.o(.text) referenced from startup_stm32f2xx.o(RESET)
 <LI><a href="#[67]">PassThru_BENZ_InitEcu</a> from passthru_benz.o(i.PassThru_BENZ_InitEcu) referenced from passthru_benz.o(i.PassThru_BENZ_InitPort)
 <LI><a href="#[d5]">PassThru_BENZ_InitPort</a> from passthru_benz.o(i.PassThru_BENZ_InitPort) referenced from mmain.o(.constdata)
 <LI><a href="#[6b]">PassThru_BENZ_RxPack_DirectRead</a> from passthru_benz.o(i.PassThru_BENZ_RxPack_DirectRead) referenced from passthru_benz.o(i.PassThru_BENZ_InitPort)
 <LI><a href="#[69]">PassThru_BENZ_RxPack_Normal</a> from passthru_benz.o(i.PassThru_BENZ_RxPack_Normal) referenced from passthru_benz.o(i.PassThru_BENZ_InitPort)
 <LI><a href="#[6a]">PassThru_BENZ_RxPack_SimuEcu</a> from passthru_benz.o(i.PassThru_BENZ_RxPack_SimuEcu) referenced from passthru_benz.o(i.PassThru_BENZ_InitPort)
 <LI><a href="#[d4]">PassThru_BENZ_SetConfig</a> from passthru_benz.o(i.PassThru_BENZ_SetConfig) referenced from mmain.o(.constdata)
 <LI><a href="#[68]">PassThru_BENZ_TxPack_Normal</a> from passthru_benz.o(i.PassThru_BENZ_TxPack_Normal) referenced from passthru_benz.o(i.PassThru_BENZ_InitPort)
 <LI><a href="#[6c]">PassThru_BENZ_TxPack_WithRev</a> from passthru_benz.o(i.PassThru_BENZ_TxPack_WithRev) referenced from passthru_benz.o(i.PassThru_BENZ_InitPort)
 <LI><a href="#[cb]">PassThru_CAN_InitPort</a> from passthru_can.o(i.PassThru_CAN_InitPort) referenced from mmain.o(.constdata)
 <LI><a href="#[98]">PassThru_CAN_RxPack_Auto</a> from passthru_can.o(i.PassThru_CAN_RxPack_Auto) referenced from passthru_can.o(i.PassThru_SET_EACH_FUN)
 <LI><a href="#[a0]">PassThru_CAN_RxPack_AutoExt_ReadOnly</a> from passthru_can.o(i.PassThru_CAN_RxPack_AutoExt_ReadOnly) referenced from passthru_can.o(i.PassThru_SET_EACH_FUN)
 <LI><a href="#[99]">PassThru_CAN_RxPack_Auto_Ext</a> from passthru_can.o(i.PassThru_CAN_RxPack_Auto_Ext) referenced from passthru_can.o(i.PassThru_SET_EACH_FUN)
 <LI><a href="#[a6]">PassThru_CAN_RxPack_Auto_GM</a> from passthru_can.o(i.PassThru_CAN_RxPack_Auto_GM) referenced from passthru_can.o(i.PassThru_SET_EACH_FUN)
 <LI><a href="#[9e]">PassThru_CAN_RxPack_Auto_ReadOnly</a> from passthru_can.o(i.PassThru_CAN_RxPack_Auto_ReadOnly) referenced from passthru_can.o(i.PassThru_SET_EACH_FUN)
 <LI><a href="#[94]">PassThru_CAN_RxPack_GetID</a> from passthru_can.o(i.PassThru_CAN_RxPack_GetID) referenced from passthru_can.o(i.PassThru_SET_EACH_FUN)
 <LI><a href="#[a2]">PassThru_CAN_RxPack_Head</a> from passthru_can.o(i.PassThru_CAN_RxPack_Head) referenced from passthru_can.o(i.PassThru_SET_EACH_FUN)
 <LI><a href="#[9c]">PassThru_CAN_RxPack_J1939</a> from passthru_can.o(i.PassThru_CAN_RxPack_J1939) referenced from passthru_can.o(i.PassThru_SET_EACH_FUN)
 <LI><a href="#[9a]">PassThru_CAN_RxPack_J1939_ReadOnly</a> from passthru_can.o(i.PassThru_CAN_RxPack_J1939_ReadOnly) referenced from passthru_can.o(i.PassThru_SET_EACH_FUN)
 <LI><a href="#[a4]">PassThru_CAN_RxPack_J1939_ReadPGN</a> from passthru_can.o(i.PassThru_CAN_RxPack_J1939_ReadPGN) referenced from passthru_can.o(i.PassThru_SET_EACH_FUN)
 <LI><a href="#[96]">PassThru_CAN_RxPack_Normal</a> from passthru_can.o(i.PassThru_CAN_RxPack_Normal) referenced from passthru_can.o(i.PassThru_SET_EACH_FUN)
 <LI><a href="#[aa]">PassThru_CAN_RxPack_Normal_Multiple</a> from passthru_can.o(i.PassThru_CAN_RxPack_Normal_Multiple) referenced from passthru_can.o(i.PassThru_SET_EACH_FUN)
 <LI><a href="#[91]">PassThru_CAN_RxPack_NotID</a> from passthru_can.o(i.PassThru_CAN_RxPack_NotID) referenced from passthru_can.o(i.PassThru_SET_EACH_FUN)
 <LI><a href="#[ca]">PassThru_CAN_SetConfig</a> from passthru_can.o(i.PassThru_CAN_SetConfig) referenced from mmain.o(.constdata)
 <LI><a href="#[9f]">PassThru_CAN_TxPack_Auto</a> from passthru_can.o(i.PassThru_CAN_TxPack_Auto) referenced from passthru_can.o(i.PassThru_SET_EACH_FUN)
 <LI><a href="#[a1]">PassThru_CAN_TxPack_Auto_Ext</a> from passthru_can.o(i.PassThru_CAN_TxPack_Auto_Ext) referenced from passthru_can.o(i.PassThru_SET_EACH_FUN)
 <LI><a href="#[a7]">PassThru_CAN_TxPack_Auto_GM</a> from passthru_can.o(i.PassThru_CAN_TxPack_Auto_GM) referenced from passthru_can.o(i.PassThru_SET_EACH_FUN)
 <LI><a href="#[95]">PassThru_CAN_TxPack_GetID</a> from passthru_can.o(i.PassThru_CAN_TxPack_GetID) referenced from passthru_can.o(i.PassThru_SET_EACH_FUN)
 <LI><a href="#[a3]">PassThru_CAN_TxPack_Head</a> from passthru_can.o(i.PassThru_CAN_TxPack_Head) referenced from passthru_can.o(i.PassThru_SET_EACH_FUN)
 <LI><a href="#[9d]">PassThru_CAN_TxPack_J1939</a> from passthru_can.o(i.PassThru_CAN_TxPack_J1939) referenced from passthru_can.o(i.PassThru_SET_EACH_FUN)
 <LI><a href="#[9b]">PassThru_CAN_TxPack_J1939_SendOnly</a> from passthru_can.o(i.PassThru_CAN_TxPack_J1939_SendOnly) referenced from passthru_can.o(i.PassThru_SET_EACH_FUN)
 <LI><a href="#[a5]">PassThru_CAN_TxPack_J1939_SendPGN</a> from passthru_can.o(i.PassThru_CAN_TxPack_J1939_SendPGN) referenced from passthru_can.o(i.PassThru_SET_EACH_FUN)
 <LI><a href="#[97]">PassThru_CAN_TxPack_Normal</a> from passthru_can.o(i.PassThru_CAN_TxPack_Normal) referenced from passthru_can.o(i.PassThru_SET_EACH_FUN)
 <LI><a href="#[ab]">PassThru_CAN_TxPack_Normal_Multiple</a> from passthru_can.o(i.PassThru_CAN_TxPack_Normal_Multiple) referenced from passthru_can.o(i.PassThru_SET_EACH_FUN)
 <LI><a href="#[92]">PassThru_CAN_TxPack_NotID</a> from passthru_can.o(i.PassThru_CAN_TxPack_NotID) referenced from passthru_can.o(i.PassThru_SET_EACH_FUN)
 <LI><a href="#[93]">PassThru_CAN_TxPack_NotID_Flash</a> from passthru_can.o(i.PassThru_CAN_TxPack_NotID_Flash) referenced from passthru_can.o(i.PassThru_SET_EACH_FUN)
 <LI><a href="#[a8]">PassThru_CAN_TxPack_flash_read</a> from passthru_can.o(i.PassThru_CAN_TxPack_flash_read) referenced from passthru_can.o(i.PassThru_SET_EACH_FUN)
 <LI><a href="#[a9]">PassThru_CAN_TxPack_flash_read_pos</a> from passthru_can.o(i.PassThru_CAN_TxPack_flash_read_pos) referenced from passthru_can.o(i.PassThru_SET_EACH_FUN)
 <LI><a href="#[d3]">PassThru_ISO_InitPort</a> from passthru_iso.o(i.PassThru_ISO_InitPort) referenced from mmain.o(.constdata)
 <LI><a href="#[6f]">PassThru_ISO_Init_Slow</a> from passthru_iso.o(i.PassThru_ISO_Init_Slow) referenced from passthru_iso.o(i.PassThru_ISO_InitPort)
 <LI><a href="#[71]">PassThru_ISO_RxPack_Normal</a> from passthru_iso.o(i.PassThru_ISO_RxPack_Normal) referenced from passthru_iso.o(i.PassThru_ISO_InitPort)
 <LI><a href="#[71]">PassThru_ISO_RxPack_Normal</a> from passthru_iso.o(i.PassThru_ISO_RxPack_Normal) referenced from passthru_iso.o(i.PassThru_ISO_Init_Slow)
 <LI><a href="#[73]">PassThru_ISO_RxPack_WABCO</a> from passthru_iso.o(i.PassThru_ISO_RxPack_WABCO) referenced from passthru_iso.o(i.PassThru_ISO_InitPort)
 <LI><a href="#[73]">PassThru_ISO_RxPack_WABCO</a> from passthru_iso.o(i.PassThru_ISO_RxPack_WABCO) referenced from passthru_iso.o(i.PassThru_ISO_Init_Slow)
 <LI><a href="#[d2]">PassThru_ISO_SetConfig</a> from passthru_iso.o(i.PassThru_ISO_SetConfig) referenced from mmain.o(.constdata)
 <LI><a href="#[70]">PassThru_ISO_TxPack_Normal</a> from passthru_iso.o(i.PassThru_ISO_TxPack_Normal) referenced from passthru_iso.o(i.PassThru_ISO_InitPort)
 <LI><a href="#[70]">PassThru_ISO_TxPack_Normal</a> from passthru_iso.o(i.PassThru_ISO_TxPack_Normal) referenced from passthru_iso.o(i.PassThru_ISO_Init_Slow)
 <LI><a href="#[72]">PassThru_ISO_TxPack_WABCO</a> from passthru_iso.o(i.PassThru_ISO_TxPack_WABCO) referenced from passthru_iso.o(i.PassThru_ISO_InitPort)
 <LI><a href="#[72]">PassThru_ISO_TxPack_WABCO</a> from passthru_iso.o(i.PassThru_ISO_TxPack_WABCO) referenced from passthru_iso.o(i.PassThru_ISO_Init_Slow)
 <LI><a href="#[d1]">PassThru_KWP_InitPort</a> from passthru_kwp.o(i.PassThru_KWP_InitPort) referenced from mmain.o(.constdata)
 <LI><a href="#[78]">PassThru_KWP_Init_Fast</a> from passthru_kwp.o(i.PassThru_KWP_Init_Fast) referenced from passthru_kwp.o(i.PassThru_KWP_InitPort)
 <LI><a href="#[7c]">PassThru_KWP_Init_Slow</a> from passthru_kwp.o(i.PassThru_KWP_Init_Slow) referenced from passthru_kwp.o(i.PassThru_KWP_InitPort)
 <LI><a href="#[82]">PassThru_KWP_RxPack_Cater</a> from passthru_kwp.o(i.PassThru_KWP_RxPack_Cater) referenced from passthru_kwp.o(i.PassThru_KWP_InitPort)
 <LI><a href="#[75]">PassThru_KWP_RxPack_DirectRead</a> from passthru_kwp.o(i.PassThru_KWP_RxPack_DirectRead) referenced from passthru_iso.o(i.PassThru_ISO_InitPort)
 <LI><a href="#[75]">PassThru_KWP_RxPack_DirectRead</a> from passthru_kwp.o(i.PassThru_KWP_RxPack_DirectRead) referenced from passthru_kwp.o(i.PassThru_KWP_InitPort)
 <LI><a href="#[74]">PassThru_KWP_RxPack_Interception</a> from passthru_kwp.o(i.PassThru_KWP_RxPack_Interception) referenced from passthru_iso.o(i.PassThru_ISO_InitPort)
 <LI><a href="#[74]">PassThru_KWP_RxPack_Interception</a> from passthru_kwp.o(i.PassThru_KWP_RxPack_Interception) referenced from passthru_kwp.o(i.PassThru_KWP_InitPort)
 <LI><a href="#[83]">PassThru_KWP_RxPack_J1708MID</a> from passthru_kwp.o(i.PassThru_KWP_RxPack_J1708MID) referenced from passthru_kwp.o(i.PassThru_KWP_InitPort)
 <LI><a href="#[77]">PassThru_KWP_RxPack_Kwp2000</a> from passthru_kwp.o(i.PassThru_KWP_RxPack_Kwp2000) referenced from passthru_iso.o(i.PassThru_ISO_Init_Slow)
 <LI><a href="#[77]">PassThru_KWP_RxPack_Kwp2000</a> from passthru_kwp.o(i.PassThru_KWP_RxPack_Kwp2000) referenced from passthru_kwp.o(i.PassThru_KWP_InitPort)
 <LI><a href="#[7d]">PassThru_KWP_RxPack_Length</a> from passthru_kwp.o(i.PassThru_KWP_RxPack_Length) referenced from passthru_kwp.o(i.PassThru_KWP_InitPort)
 <LI><a href="#[85]">PassThru_KWP_RxPack_Length3</a> from passthru_kwp.o(i.PassThru_KWP_RxPack_Length3) referenced from passthru_kwp.o(i.PassThru_KWP_InitPort)
 <LI><a href="#[84]">PassThru_KWP_RxPack_MazdaKWP</a> from passthru_kwp.o(i.PassThru_KWP_RxPack_MazdaKWP) referenced from passthru_kwp.o(i.PassThru_KWP_InitPort)
 <LI><a href="#[7f]">PassThru_KWP_RxPack_Mitsub</a> from passthru_kwp.o(i.PassThru_KWP_RxPack_Mitsub) referenced from passthru_kwp.o(i.PassThru_KWP_InitPort)
 <LI><a href="#[7e]">PassThru_KWP_RxPack_Nissan</a> from passthru_kwp.o(i.PassThru_KWP_RxPack_Nissan) referenced from passthru_kwp.o(i.PassThru_KWP_InitPort)
 <LI><a href="#[7a]">PassThru_KWP_RxPack_Normal</a> from passthru_kwp.o(i.PassThru_KWP_RxPack_Normal) referenced from passthru_kwp.o(i.PassThru_KWP_InitPort)
 <LI><a href="#[80]">PassThru_KWP_RxPack_Volvo</a> from passthru_kwp.o(i.PassThru_KWP_RxPack_Volvo) referenced from passthru_kwp.o(i.PassThru_KWP_InitPort)
 <LI><a href="#[d0]">PassThru_KWP_SetConfig</a> from passthru_kwp.o(i.PassThru_KWP_SetConfig) referenced from mmain.o(.constdata)
 <LI><a href="#[79]">PassThru_KWP_TxPack_Delay</a> from passthru_kwp.o(i.PassThru_KWP_TxPack_Delay) referenced from passthru_kwp.o(i.PassThru_KWP_InitPort)
 <LI><a href="#[76]">PassThru_KWP_TxPack_Normal</a> from passthru_kwp.o(i.PassThru_KWP_TxPack_Normal) referenced from passthru_iso.o(i.PassThru_ISO_Init_Slow)
 <LI><a href="#[76]">PassThru_KWP_TxPack_Normal</a> from passthru_kwp.o(i.PassThru_KWP_TxPack_Normal) referenced from passthru_kwp.o(i.PassThru_KWP_InitPort)
 <LI><a href="#[81]">PassThru_KWP_TxPack_Volvo</a> from passthru_kwp.o(i.PassThru_KWP_TxPack_Volvo) referenced from passthru_kwp.o(i.PassThru_KWP_InitPort)
 <LI><a href="#[d7]">PassThru_PLUSE_InitPort</a> from passthru_pluse.o(i.PassThru_PLUSE_InitPort) referenced from mmain.o(.constdata)
 <LI><a href="#[8b]">PassThru_PLUSE_ReadCodeByte</a> from passthru_pluse.o(i.PassThru_PLUSE_ReadCodeByte) referenced from passthru_pluse.o(i.PassThru_PLUSE_InitPort)
 <LI><a href="#[89]">PassThru_PLUSE_ReadDataStream</a> from passthru_pluse.o(i.PassThru_PLUSE_ReadDataStream) referenced from passthru_pluse.o(i.PassThru_PLUSE_InitPort)
 <LI><a href="#[88]">PassThru_PLUSE_SendCodeByte</a> from passthru_pluse.o(i.PassThru_PLUSE_SendCodeByte) referenced from passthru_pluse.o(i.PassThru_PLUSE_InitPort)
 <LI><a href="#[8c]">PassThru_PLUSE_SendCodeBytes</a> from passthru_pluse.o(i.PassThru_PLUSE_SendCodeBytes) referenced from passthru_pluse.o(i.PassThru_PLUSE_InitPort)
 <LI><a href="#[8a]">PassThru_PLUSE_SendDataStream</a> from passthru_pluse.o(i.PassThru_PLUSE_SendDataStream) referenced from passthru_pluse.o(i.PassThru_PLUSE_InitPort)
 <LI><a href="#[d6]">PassThru_PLUSE_SetConfig</a> from passthru_pluse.o(i.PassThru_PLUSE_SetConfig) referenced from mmain.o(.constdata)
 <LI><a href="#[8e]">PassThru_PWM_Indication</a> from passthru_pwm.o(i.PassThru_PWM_Indication) referenced from passthru_pwm.o(i.PassThru_PWM)
 <LI><a href="#[8d]">PassThru_PWM_Indication_NULL</a> from passthru_pwm.o(i.PassThru_PWM_Indication_NULL) referenced from passthru_pwm.o(i.PassThru_PWM)
 <LI><a href="#[cf]">PassThru_PWM_InitPort</a> from passthru_pwm.o(i.PassThru_PWM_InitPort) referenced from mmain.o(.constdata)
 <LI><a href="#[90]">PassThru_PWM_RxPack_Normal_minivci</a> from passthru_pwm.o(i.PassThru_PWM_RxPack_Normal_minivci) referenced from passthru_pwm.o(i.PassThru_PWM_InitPort)
 <LI><a href="#[ce]">PassThru_PWM_SetConfig</a> from passthru_pwm.o(i.PassThru_PWM_SetConfig) referenced from mmain.o(.constdata)
 <LI><a href="#[8f]">PassThru_PWM_TxPack_Normal_minivci</a> from passthru_pwm.o(i.PassThru_PWM_TxPack_Normal_minivci) referenced from passthru_pwm.o(i.PassThru_PWM_InitPort)
 <LI><a href="#[b1]">PassThru_VPW1_RxPack_Normal_minivci</a> from passthru_vpw.o(i.PassThru_VPW1_RxPack_Normal_minivci) referenced from passthru_vpw.o(i.PassThru_VPW_InitPort)
 <LI><a href="#[b0]">PassThru_VPW1_TxPack_Normal_Minivci</a> from passthru_vpw.o(i.PassThru_VPW1_TxPack_Normal_Minivci) referenced from passthru_vpw.o(i.PassThru_VPW_InitPort)
 <LI><a href="#[ae]">PassThru_VPW_Indication</a> from passthru_vpw.o(i.PassThru_VPW_Indication) referenced from passthru_vpw.o(i.PassThru_VPW)
 <LI><a href="#[ad]">PassThru_VPW_Indication_NULL</a> from passthru_vpw.o(i.PassThru_VPW_Indication_NULL) referenced from passthru_vpw.o(i.PassThru_VPW)
 <LI><a href="#[cd]">PassThru_VPW_InitPort</a> from passthru_vpw.o(i.PassThru_VPW_InitPort) referenced from mmain.o(.constdata)
 <LI><a href="#[b3]">PassThru_VPW_RxPack_Normal_minivci</a> from passthru_vpw.o(i.PassThru_VPW_RxPack_Normal_minivci) referenced from passthru_vpw.o(i.PassThru_VPW_InitPort)
 <LI><a href="#[cc]">PassThru_VPW_SetConfig</a> from passthru_vpw.o(i.PassThru_VPW_SetConfig) referenced from mmain.o(.constdata)
 <LI><a href="#[b2]">PassThru_VPW_TxPack_Normal_minivci</a> from passthru_vpw.o(i.PassThru_VPW_TxPack_Normal_minivci) referenced from passthru_vpw.o(i.PassThru_VPW_InitPort)
 <LI><a href="#[d9]">PassThru_WAVE_InitPort</a> from passthru_wave.o(i.PassThru_WAVE_InitPort) referenced from mmain.o(.constdata)
 <LI><a href="#[b4]">PassThru_WAVE_ReadWave</a> from passthru_wave.o(i.PassThru_WAVE_ReadWave) referenced from passthru_wave.o(i.PassThru_WAVE_InitPort)
 <LI><a href="#[d8]">PassThru_WAVE_SetConfig</a> from passthru_wave.o(i.PassThru_WAVE_SetConfig) referenced from mmain.o(.constdata)
 <LI><a href="#[12]">RCC_IRQHandler</a> from startup_stm32f2xx.o(.text) referenced from startup_stm32f2xx.o(RESET)
 <LI><a href="#[36]">RTC_Alarm_IRQHandler</a> from startup_stm32f2xx.o(.text) referenced from startup_stm32f2xx.o(RESET)
 <LI><a href="#[10]">RTC_WKUP_IRQHandler</a> from startup_stm32f2xx.o(.text) referenced from startup_stm32f2xx.o(RESET)
 <LI><a href="#[3]">Reset_Handler</a> from startup_stm32f2xx.o(.text) referenced from startup_stm32f2xx.o(RESET)
 <LI><a href="#[3e]">SDIO_IRQHandler</a> from startup_stm32f2xx.o(.text) referenced from startup_stm32f2xx.o(RESET)
 <LI><a href="#[30]">SPI1_IRQHandler</a> from startup_stm32f2xx.o(.text) referenced from startup_stm32f2xx.o(RESET)
 <LI><a href="#[31]">SPI2_IRQHandler</a> from startup_stm32f2xx.o(.text) referenced from startup_stm32f2xx.o(RESET)
 <LI><a href="#[40]">SPI3_IRQHandler</a> from startup_stm32f2xx.o(.text) referenced from startup_stm32f2xx.o(RESET)
 <LI><a href="#[86]">SoftUartRxByte</a> from newsoftuart.o(i.SoftUartRxByte) referenced from passthru_pluse.o(i.PassThru_PLUSE_InitPort)
 <LI><a href="#[86]">SoftUartRxByte</a> from newsoftuart.o(i.SoftUartRxByte) referenced from mmain.o(i._SysFunc)
 <LI><a href="#[5f]">SystemInit</a> from system_stm32f2xx.o(i.SystemInit) referenced from startup_stm32f2xx.o(.text)
 <LI><a href="#[f]">TAMP_STAMP_IRQHandler</a> from startup_stm32f2xx.o(.text) referenced from startup_stm32f2xx.o(RESET)
 <LI><a href="#[25]">TIM1_BRK_TIM9_IRQHandler</a> from startup_stm32f2xx.o(.text) referenced from startup_stm32f2xx.o(RESET)
 <LI><a href="#[28]">TIM1_CC_IRQHandler</a> from startup_stm32f2xx.o(.text) referenced from startup_stm32f2xx.o(RESET)
 <LI><a href="#[27]">TIM1_TRG_COM_TIM11_IRQHandler</a> from startup_stm32f2xx.o(.text) referenced from startup_stm32f2xx.o(RESET)
 <LI><a href="#[26]">TIM1_UP_TIM10_IRQHandler</a> from startup_stm32f2xx.o(.text) referenced from startup_stm32f2xx.o(RESET)
 <LI><a href="#[29]">TIM2_IRQHandler</a> from stm32f2xx_it.o(i.TIM2_IRQHandler) referenced from startup_stm32f2xx.o(RESET)
 <LI><a href="#[2a]">TIM3_IRQHandler</a> from stm32f2xx_it.o(i.TIM3_IRQHandler) referenced from startup_stm32f2xx.o(RESET)
 <LI><a href="#[2b]">TIM4_IRQHandler</a> from startup_stm32f2xx.o(.text) referenced from startup_stm32f2xx.o(RESET)
 <LI><a href="#[3f]">TIM5_IRQHandler</a> from startup_stm32f2xx.o(.text) referenced from startup_stm32f2xx.o(RESET)
 <LI><a href="#[43]">TIM6_DAC_IRQHandler</a> from startup_stm32f2xx.o(.text) referenced from startup_stm32f2xx.o(RESET)
 <LI><a href="#[44]">TIM7_IRQHandler</a> from startup_stm32f2xx.o(.text) referenced from startup_stm32f2xx.o(RESET)
 <LI><a href="#[38]">TIM8_BRK_TIM12_IRQHandler</a> from startup_stm32f2xx.o(.text) referenced from startup_stm32f2xx.o(RESET)
 <LI><a href="#[3b]">TIM8_CC_IRQHandler</a> from startup_stm32f2xx.o(.text) referenced from startup_stm32f2xx.o(RESET)
 <LI><a href="#[3a]">TIM8_TRG_COM_TIM14_IRQHandler</a> from startup_stm32f2xx.o(.text) referenced from startup_stm32f2xx.o(RESET)
 <LI><a href="#[39]">TIM8_UP_TIM13_IRQHandler</a> from startup_stm32f2xx.o(.text) referenced from startup_stm32f2xx.o(RESET)
 <LI><a href="#[bd]">TaskCom_Proc</a> from mmain.o(i.TaskCom_Proc) referenced from main.o(i.main_FreeRTos)
 <LI><a href="#[be]">Task_ObdiiCmdProcess_Proc</a> from std_obd_cmd_process.o(i.Task_ObdiiCmdProcess_Proc) referenced from main.o(i.main_FreeRTos)
 <LI><a href="#[b8]">TimerCallback</a> from mmain.o(i.TimerCallback) referenced from mmain.o(i.TimerCreate)
 <LI><a href="#[41]">UART4_IRQHandler</a> from stm32f2xx_it.o(i.UART4_IRQHandler) referenced from startup_stm32f2xx.o(RESET)
 <LI><a href="#[42]">UART5_IRQHandler</a> from stm32f2xx_it.o(i.UART5_IRQHandler) referenced from startup_stm32f2xx.o(RESET)
 <LI><a href="#[32]">USART1_IRQHandler</a> from stm32f2xx_it.o(i.USART1_IRQHandler) referenced from startup_stm32f2xx.o(RESET)
 <LI><a href="#[33]">USART2_IRQHandler</a> from stm32f2xx_it.o(i.USART2_IRQHandler) referenced from startup_stm32f2xx.o(RESET)
 <LI><a href="#[34]">USART3_IRQHandler</a> from stm32f2xx_it.o(i.USART3_IRQHandler) referenced from startup_stm32f2xx.o(RESET)
 <LI><a href="#[54]">USART6_IRQHandler</a> from stm32f2xx_it.o(i.USART6_IRQHandler) referenced from startup_stm32f2xx.o(RESET)
 <LI><a href="#[8]">UsageFault_Handler</a> from stm32f2xx_it.o(i.UsageFault_Handler) referenced from startup_stm32f2xx.o(RESET)
 <LI><a href="#[ac]">VPW_RX0_handler</a> from passthru_vpw.o(i.VPW_RX0_handler) referenced from passthru_vpw.o(i.PassThru_VPW)
 <LI><a href="#[af]">VPW_RX1_handler</a> from passthru_vpw.o(i.VPW_RX1_handler) referenced from passthru_vpw.o(i.PassThru_VPW)
 <LI><a href="#[d]">WWDG_IRQHandler</a> from startup_stm32f2xx.o(.text) referenced from startup_stm32f2xx.o(RESET)
 <LI><a href="#[bc]">_MainRoute2</a> from mmain.o(i._MainRoute2) referenced from main.o(i.main_FreeRTos)
 <LI><a href="#[87]">_SoftTxByte</a> from newsoftuart.o(i._SoftTxByte) referenced from passthru_pluse.o(i.PassThru_PLUSE_InitPort)
 <LI><a href="#[87]">_SoftTxByte</a> from newsoftuart.o(i._SoftTxByte) referenced from mmain.o(i._SysFunc)
 <LI><a href="#[60]">__main</a> from entry.o(.ARM.Collect$$$$00000000) referenced from startup_stm32f2xx.o(.text)
 <LI><a href="#[0]">_mxml_entity_cb</a> from mxml-entity.o(i._mxml_entity_cb) referenced 2 times from mxml-private.o(.data)
 <LI><a href="#[62]">_sbackspace</a> from _sgetc.o(.text) referenced 2 times from __0sscanf.o(.text)
 <LI><a href="#[63]">_scanf_char_input</a> from scanf_char.o(.text) referenced from scanf_char.o(.text)
 <LI><a href="#[61]">_sgetc</a> from _sgetc.o(.text) referenced 2 times from __0sscanf.o(.text)
 <LI><a href="#[ba]">_snputc</a> from printfa.o(i._snputc) referenced from printfa.o(i.__0snprintf)
 <LI><a href="#[bb]">_sputc</a> from printfa.o(i._sputc) referenced from printfa.o(i.__0sprintf)
 <LI><a href="#[bb]">_sputc</a> from printfa.o(i._sputc) referenced from printfa.o(i.__0vsprintf)
 <LI><a href="#[b9]">fputc</a> from main.o(i.fputc) referenced from printfa.o(i.__0printf)
 <LI><a href="#[2]">free</a> from mallocr.o(i.__free$realloc) referenced 2 times from cjson.o(.data)
 <LI><a href="#[6e]">hal_iso_send_byte_kwp</a> from passthru_iso.o(i.hal_iso_send_byte_kwp) referenced from passthru_iso.o(i.PassThru_ISO_InitPort)
 <LI><a href="#[66]">hal_kwp_send_byte16_kwp</a> from passthru_benz.o(i.hal_kwp_send_byte16_kwp) referenced from passthru_benz.o(i.PassThru_BENZ_InitPort)
 <LI><a href="#[7b]">hal_kwp_send_byte_kwp</a> from passthru_kwp.o(i.hal_kwp_send_byte_kwp) referenced from passthru_kwp.o(i.PassThru_KWP_InitPort)
 <LI><a href="#[64]">isspace</a> from isspace_o.o(.text) referenced 2 times from scanf_char.o(.text)
 <LI><a href="#[5e]">main</a> from main.o(i.main) referenced from entry9a.o(.ARM.Collect$$$$0000000B)
 <LI><a href="#[1]">malloc</a> from mallocr.o(i.__malloc$realloc) referenced 2 times from cjson.o(.data)
 <LI><a href="#[c6]">mxml_file_putc</a> from mxml-file.o(i.mxml_file_putc) referenced from mxml-file.o(i.mxmlSaveFile)
 <LI><a href="#[c8]">prvIdleTask</a> from tasks.o(i.prvIdleTask) referenced from tasks.o(i.vTaskStartScheduler)
 <LI><a href="#[c7]">prvTaskExitError</a> from port.o(i.prvTaskExitError) referenced from port.o(i.pxPortInitialiseStack)
 <LI><a href="#[c9]">prvTimerTask</a> from timers.o(i.prvTimerTask) referenced from timers.o(i.xTimerCreateTimerTask)
 <LI><a href="#[c1]">test1Timer_HandleCallback</a> from main.o(i.test1Timer_HandleCallback) referenced from main.o(i.main_FreeRTos)
 <LI><a href="#[c2]">test2Timer_HandleCallback</a> from main.o(i.test2Timer_HandleCallback) referenced from main.o(i.main_FreeRTos)
 <LI><a href="#[c3]">test3Timer_HandleCallback</a> from main.o(i.test3Timer_HandleCallback) referenced from main.o(i.main_FreeRTos)
 <LI><a href="#[c4]">test4Timer_HandleCallback</a> from main.o(i.test4Timer_HandleCallback) referenced from main.o(i.main_FreeRTos)
 <LI><a href="#[c5]">whitespace_cb</a> from testmxml.o(i.whitespace_cb) referenced from testmxml.o(i.main_xml2)
 <LI><a href="#[b]">xPortPendSV_Handler</a> from port.o(.emb_text) referenced from startup_stm32f2xx.o(RESET)
 <LI><a href="#[9]">xPortSVC_Handler</a> from port.o(.emb_text) referenced from startup_stm32f2xx.o(RESET)
 <LI><a href="#[c]">xPortSysTick_Handler</a> from port.o(i.xPortSysTick_Handler) referenced from startup_stm32f2xx.o(RESET)
</UL>
<P>
<H3>
Global Symbols
</H3>
<P><STRONG><a name="[60]"></a>__main</STRONG> (Thumb, 0 bytes, Stack size unknown bytes, entry.o(.ARM.Collect$$$$00000000))
<BR>[Address Reference Count : 1]<UL><LI> startup_stm32f2xx.o(.text)
</UL>
<P><STRONG><a name="[3da]"></a>_main_stk</STRONG> (Thumb, 0 bytes, Stack size unknown bytes, entry2.o(.ARM.Collect$$$$00000001))

<P><STRONG><a name="[da]"></a>_main_scatterload</STRONG> (Thumb, 0 bytes, Stack size unknown bytes, entry5.o(.ARM.Collect$$$$00000004))
<BR><BR>[Calls]<UL><LI><a href="#[db]">&gt;&gt;</a>&nbsp;&nbsp;&nbsp;__scatterload
</UL>

<P><STRONG><a name="[108]"></a>__main_after_scatterload</STRONG> (Thumb, 0 bytes, Stack size unknown bytes, entry5.o(.ARM.Collect$$$$00000004))
<BR><BR>[Called By]<UL><LI><a href="#[db]">&gt;&gt;</a>&nbsp;&nbsp;&nbsp;__scatterload
</UL>

<P><STRONG><a name="[3db]"></a>_main_clock</STRONG> (Thumb, 0 bytes, Stack size unknown bytes, entry7b.o(.ARM.Collect$$$$00000008))

<P><STRONG><a name="[3dc]"></a>_main_cpp_init</STRONG> (Thumb, 0 bytes, Stack size unknown bytes, entry8b.o(.ARM.Collect$$$$0000000A))

<P><STRONG><a name="[3dd]"></a>_main_init</STRONG> (Thumb, 0 bytes, Stack size unknown bytes, entry9a.o(.ARM.Collect$$$$0000000B))

<P><STRONG><a name="[3de]"></a>__rt_final_cpp</STRONG> (Thumb, 0 bytes, Stack size unknown bytes, entry10a.o(.ARM.Collect$$$$0000000D))

<P><STRONG><a name="[3df]"></a>__rt_final_exit</STRONG> (Thumb, 0 bytes, Stack size unknown bytes, entry11a.o(.ARM.Collect$$$$0000000F))

<P><STRONG><a name="[9]"></a>xPortSVC_Handler</STRONG> (Thumb, 32 bytes, Stack size 0 bytes, port.o(.emb_text))
<BR>[Address Reference Count : 1]<UL><LI> startup_stm32f2xx.o(RESET)
</UL>
<P><STRONG><a name="[3d2]"></a>__asm___6_port_c_39a90d8d__prvStartFirstTask</STRONG> (Thumb, 28 bytes, Stack size 0 bytes, port.o(.emb_text))
<BR><BR>[Called By]<UL><LI><a href="#[3cc]">&gt;&gt;</a>&nbsp;&nbsp;&nbsp;xPortStartScheduler
</UL>

<P><STRONG><a name="[b]"></a>xPortPendSV_Handler</STRONG> (Thumb, 72 bytes, Stack size 0 bytes, port.o(.emb_text))
<BR><BR>[Calls]<UL><LI><a href="#[dc]">&gt;&gt;</a>&nbsp;&nbsp;&nbsp;vTaskSwitchContext
</UL>
<BR>[Address Reference Count : 1]<UL><LI> startup_stm32f2xx.o(RESET)
</UL>
<P><STRONG><a name="[3e0]"></a>vPortGetIPSR</STRONG> (Thumb, 6 bytes, Stack size 0 bytes, port.o(.emb_text), UNUSED)

<P><STRONG><a name="[3]"></a>Reset_Handler</STRONG> (Thumb, 8 bytes, Stack size 0 bytes, startup_stm32f2xx.o(.text))
<BR>[Address Reference Count : 1]<UL><LI> startup_stm32f2xx.o(RESET)
</UL>
<P><STRONG><a name="[dd]"></a>SVC_Handler</STRONG> (Thumb, 2 bytes, Stack size 0 bytes, startup_stm32f2xx.o(.text), UNUSED)
<BR><BR>[Calls]<UL><LI><a href="#[dd]">&gt;&gt;</a>&nbsp;&nbsp;&nbsp;SVC_Handler
</UL>
<BR>[Called By]<UL><LI><a href="#[dd]">&gt;&gt;</a>&nbsp;&nbsp;&nbsp;SVC_Handler
</UL>

<P><STRONG><a name="[de]"></a>PendSV_Handler</STRONG> (Thumb, 2 bytes, Stack size 0 bytes, startup_stm32f2xx.o(.text), UNUSED)
<BR><BR>[Calls]<UL><LI><a href="#[de]">&gt;&gt;</a>&nbsp;&nbsp;&nbsp;PendSV_Handler
</UL>
<BR>[Called By]<UL><LI><a href="#[de]">&gt;&gt;</a>&nbsp;&nbsp;&nbsp;PendSV_Handler
</UL>

<P><STRONG><a name="[df]"></a>SysTick_Handler</STRONG> (Thumb, 2 bytes, Stack size 0 bytes, startup_stm32f2xx.o(.text), UNUSED)
<BR><BR>[Calls]<UL><LI><a href="#[df]">&gt;&gt;</a>&nbsp;&nbsp;&nbsp;SysTick_Handler
</UL>
<BR>[Called By]<UL><LI><a href="#[df]">&gt;&gt;</a>&nbsp;&nbsp;&nbsp;SysTick_Handler
</UL>

<P><STRONG><a name="[1f]"></a>ADC_IRQHandler</STRONG> (Thumb, 0 bytes, Stack size 0 bytes, startup_stm32f2xx.o(.text))
<BR><BR>[Calls]<UL><LI><a href="#[1f]">&gt;&gt;</a>&nbsp;&nbsp;&nbsp;ADC_IRQHandler
</UL>
<BR>[Called By]<UL><LI><a href="#[1f]">&gt;&gt;</a>&nbsp;&nbsp;&nbsp;ADC_IRQHandler
</UL>
<BR>[Address Reference Count : 1]<UL><LI> startup_stm32f2xx.o(RESET)
</UL>
<P><STRONG><a name="[22]"></a>CAN1_RX1_IRQHandler</STRONG> (Thumb, 0 bytes, Stack size 0 bytes, startup_stm32f2xx.o(.text))
<BR>[Address Reference Count : 1]<UL><LI> startup_stm32f2xx.o(RESET)
</UL>
<P><STRONG><a name="[23]"></a>CAN1_SCE_IRQHandler</STRONG> (Thumb, 0 bytes, Stack size 0 bytes, startup_stm32f2xx.o(.text))
<BR>[Address Reference Count : 1]<UL><LI> startup_stm32f2xx.o(RESET)
</UL>
<P><STRONG><a name="[20]"></a>CAN1_TX_IRQHandler</STRONG> (Thumb, 0 bytes, Stack size 0 bytes, startup_stm32f2xx.o(.text))
<BR>[Address Reference Count : 1]<UL><LI> startup_stm32f2xx.o(RESET)
</UL>
<P><STRONG><a name="[4e]"></a>CAN2_RX1_IRQHandler</STRONG> (Thumb, 0 bytes, Stack size 0 bytes, startup_stm32f2xx.o(.text))
<BR>[Address Reference Count : 1]<UL><LI> startup_stm32f2xx.o(RESET)
</UL>
<P><STRONG><a name="[4f]"></a>CAN2_SCE_IRQHandler</STRONG> (Thumb, 0 bytes, Stack size 0 bytes, startup_stm32f2xx.o(.text))
<BR>[Address Reference Count : 1]<UL><LI> startup_stm32f2xx.o(RESET)
</UL>
<P><STRONG><a name="[4c]"></a>CAN2_TX_IRQHandler</STRONG> (Thumb, 0 bytes, Stack size 0 bytes, startup_stm32f2xx.o(.text))
<BR>[Address Reference Count : 1]<UL><LI> startup_stm32f2xx.o(RESET)
</UL>
<P><STRONG><a name="[5c]"></a>CRYP_IRQHandler</STRONG> (Thumb, 0 bytes, Stack size 0 bytes, startup_stm32f2xx.o(.text))
<BR>[Address Reference Count : 1]<UL><LI> startup_stm32f2xx.o(RESET)
</UL>
<P><STRONG><a name="[5b]"></a>DCMI_IRQHandler</STRONG> (Thumb, 0 bytes, Stack size 0 bytes, startup_stm32f2xx.o(.text))
<BR>[Address Reference Count : 1]<UL><LI> startup_stm32f2xx.o(RESET)
</UL>
<P><STRONG><a name="[18]"></a>DMA1_Stream0_IRQHandler</STRONG> (Thumb, 0 bytes, Stack size 0 bytes, startup_stm32f2xx.o(.text))
<BR>[Address Reference Count : 1]<UL><LI> startup_stm32f2xx.o(RESET)
</UL>
<P><STRONG><a name="[19]"></a>DMA1_Stream1_IRQHandler</STRONG> (Thumb, 0 bytes, Stack size 0 bytes, startup_stm32f2xx.o(.text))
<BR>[Address Reference Count : 1]<UL><LI> startup_stm32f2xx.o(RESET)
</UL>
<P><STRONG><a name="[1a]"></a>DMA1_Stream2_IRQHandler</STRONG> (Thumb, 0 bytes, Stack size 0 bytes, startup_stm32f2xx.o(.text))
<BR>[Address Reference Count : 1]<UL><LI> startup_stm32f2xx.o(RESET)
</UL>
<P><STRONG><a name="[1b]"></a>DMA1_Stream3_IRQHandler</STRONG> (Thumb, 0 bytes, Stack size 0 bytes, startup_stm32f2xx.o(.text))
<BR>[Address Reference Count : 1]<UL><LI> startup_stm32f2xx.o(RESET)
</UL>
<P><STRONG><a name="[1c]"></a>DMA1_Stream4_IRQHandler</STRONG> (Thumb, 0 bytes, Stack size 0 bytes, startup_stm32f2xx.o(.text))
<BR>[Address Reference Count : 1]<UL><LI> startup_stm32f2xx.o(RESET)
</UL>
<P><STRONG><a name="[1d]"></a>DMA1_Stream5_IRQHandler</STRONG> (Thumb, 0 bytes, Stack size 0 bytes, startup_stm32f2xx.o(.text))
<BR>[Address Reference Count : 1]<UL><LI> startup_stm32f2xx.o(RESET)
</UL>
<P><STRONG><a name="[1e]"></a>DMA1_Stream6_IRQHandler</STRONG> (Thumb, 0 bytes, Stack size 0 bytes, startup_stm32f2xx.o(.text))
<BR>[Address Reference Count : 1]<UL><LI> startup_stm32f2xx.o(RESET)
</UL>
<P><STRONG><a name="[3c]"></a>DMA1_Stream7_IRQHandler</STRONG> (Thumb, 0 bytes, Stack size 0 bytes, startup_stm32f2xx.o(.text))
<BR>[Address Reference Count : 1]<UL><LI> startup_stm32f2xx.o(RESET)
</UL>
<P><STRONG><a name="[45]"></a>DMA2_Stream0_IRQHandler</STRONG> (Thumb, 0 bytes, Stack size 0 bytes, startup_stm32f2xx.o(.text))
<BR>[Address Reference Count : 1]<UL><LI> startup_stm32f2xx.o(RESET)
</UL>
<P><STRONG><a name="[46]"></a>DMA2_Stream1_IRQHandler</STRONG> (Thumb, 0 bytes, Stack size 0 bytes, startup_stm32f2xx.o(.text))
<BR>[Address Reference Count : 1]<UL><LI> startup_stm32f2xx.o(RESET)
</UL>
<P><STRONG><a name="[47]"></a>DMA2_Stream2_IRQHandler</STRONG> (Thumb, 0 bytes, Stack size 0 bytes, startup_stm32f2xx.o(.text))
<BR>[Address Reference Count : 1]<UL><LI> startup_stm32f2xx.o(RESET)
</UL>
<P><STRONG><a name="[48]"></a>DMA2_Stream3_IRQHandler</STRONG> (Thumb, 0 bytes, Stack size 0 bytes, startup_stm32f2xx.o(.text))
<BR>[Address Reference Count : 1]<UL><LI> startup_stm32f2xx.o(RESET)
</UL>
<P><STRONG><a name="[49]"></a>DMA2_Stream4_IRQHandler</STRONG> (Thumb, 0 bytes, Stack size 0 bytes, startup_stm32f2xx.o(.text))
<BR>[Address Reference Count : 1]<UL><LI> startup_stm32f2xx.o(RESET)
</UL>
<P><STRONG><a name="[51]"></a>DMA2_Stream5_IRQHandler</STRONG> (Thumb, 0 bytes, Stack size 0 bytes, startup_stm32f2xx.o(.text))
<BR>[Address Reference Count : 1]<UL><LI> startup_stm32f2xx.o(RESET)
</UL>
<P><STRONG><a name="[52]"></a>DMA2_Stream6_IRQHandler</STRONG> (Thumb, 0 bytes, Stack size 0 bytes, startup_stm32f2xx.o(.text))
<BR>[Address Reference Count : 1]<UL><LI> startup_stm32f2xx.o(RESET)
</UL>
<P><STRONG><a name="[53]"></a>DMA2_Stream7_IRQHandler</STRONG> (Thumb, 0 bytes, Stack size 0 bytes, startup_stm32f2xx.o(.text))
<BR>[Address Reference Count : 1]<UL><LI> startup_stm32f2xx.o(RESET)
</UL>
<P><STRONG><a name="[4a]"></a>ETH_IRQHandler</STRONG> (Thumb, 0 bytes, Stack size 0 bytes, startup_stm32f2xx.o(.text))
<BR>[Address Reference Count : 1]<UL><LI> startup_stm32f2xx.o(RESET)
</UL>
<P><STRONG><a name="[4b]"></a>ETH_WKUP_IRQHandler</STRONG> (Thumb, 0 bytes, Stack size 0 bytes, startup_stm32f2xx.o(.text))
<BR>[Address Reference Count : 1]<UL><LI> startup_stm32f2xx.o(RESET)
</UL>
<P><STRONG><a name="[13]"></a>EXTI0_IRQHandler</STRONG> (Thumb, 0 bytes, Stack size 0 bytes, startup_stm32f2xx.o(.text))
<BR>[Address Reference Count : 1]<UL><LI> startup_stm32f2xx.o(RESET)
</UL>
<P><STRONG><a name="[35]"></a>EXTI15_10_IRQHandler</STRONG> (Thumb, 0 bytes, Stack size 0 bytes, startup_stm32f2xx.o(.text))
<BR>[Address Reference Count : 1]<UL><LI> startup_stm32f2xx.o(RESET)
</UL>
<P><STRONG><a name="[14]"></a>EXTI1_IRQHandler</STRONG> (Thumb, 0 bytes, Stack size 0 bytes, startup_stm32f2xx.o(.text))
<BR>[Address Reference Count : 1]<UL><LI> startup_stm32f2xx.o(RESET)
</UL>
<P><STRONG><a name="[16]"></a>EXTI3_IRQHandler</STRONG> (Thumb, 0 bytes, Stack size 0 bytes, startup_stm32f2xx.o(.text))
<BR>[Address Reference Count : 1]<UL><LI> startup_stm32f2xx.o(RESET)
</UL>
<P><STRONG><a name="[17]"></a>EXTI4_IRQHandler</STRONG> (Thumb, 0 bytes, Stack size 0 bytes, startup_stm32f2xx.o(.text))
<BR>[Address Reference Count : 1]<UL><LI> startup_stm32f2xx.o(RESET)
</UL>
<P><STRONG><a name="[11]"></a>FLASH_IRQHandler</STRONG> (Thumb, 0 bytes, Stack size 0 bytes, startup_stm32f2xx.o(.text))
<BR>[Address Reference Count : 1]<UL><LI> startup_stm32f2xx.o(RESET)
</UL>
<P><STRONG><a name="[3d]"></a>FSMC_IRQHandler</STRONG> (Thumb, 0 bytes, Stack size 0 bytes, startup_stm32f2xx.o(.text))
<BR>[Address Reference Count : 1]<UL><LI> startup_stm32f2xx.o(RESET)
</UL>
<P><STRONG><a name="[5d]"></a>HASH_RNG_IRQHandler</STRONG> (Thumb, 0 bytes, Stack size 0 bytes, startup_stm32f2xx.o(.text))
<BR>[Address Reference Count : 1]<UL><LI> startup_stm32f2xx.o(RESET)
</UL>
<P><STRONG><a name="[2d]"></a>I2C1_ER_IRQHandler</STRONG> (Thumb, 0 bytes, Stack size 0 bytes, startup_stm32f2xx.o(.text))
<BR>[Address Reference Count : 1]<UL><LI> startup_stm32f2xx.o(RESET)
</UL>
<P><STRONG><a name="[2c]"></a>I2C1_EV_IRQHandler</STRONG> (Thumb, 0 bytes, Stack size 0 bytes, startup_stm32f2xx.o(.text))
<BR>[Address Reference Count : 1]<UL><LI> startup_stm32f2xx.o(RESET)
</UL>
<P><STRONG><a name="[2f]"></a>I2C2_ER_IRQHandler</STRONG> (Thumb, 0 bytes, Stack size 0 bytes, startup_stm32f2xx.o(.text))
<BR>[Address Reference Count : 1]<UL><LI> startup_stm32f2xx.o(RESET)
</UL>
<P><STRONG><a name="[2e]"></a>I2C2_EV_IRQHandler</STRONG> (Thumb, 0 bytes, Stack size 0 bytes, startup_stm32f2xx.o(.text))
<BR>[Address Reference Count : 1]<UL><LI> startup_stm32f2xx.o(RESET)
</UL>
<P><STRONG><a name="[56]"></a>I2C3_ER_IRQHandler</STRONG> (Thumb, 0 bytes, Stack size 0 bytes, startup_stm32f2xx.o(.text))
<BR>[Address Reference Count : 1]<UL><LI> startup_stm32f2xx.o(RESET)
</UL>
<P><STRONG><a name="[55]"></a>I2C3_EV_IRQHandler</STRONG> (Thumb, 0 bytes, Stack size 0 bytes, startup_stm32f2xx.o(.text))
<BR>[Address Reference Count : 1]<UL><LI> startup_stm32f2xx.o(RESET)
</UL>
<P><STRONG><a name="[50]"></a>OTG_FS_IRQHandler</STRONG> (Thumb, 0 bytes, Stack size 0 bytes, startup_stm32f2xx.o(.text))
<BR>[Address Reference Count : 1]<UL><LI> startup_stm32f2xx.o(RESET)
</UL>
<P><STRONG><a name="[37]"></a>OTG_FS_WKUP_IRQHandler</STRONG> (Thumb, 0 bytes, Stack size 0 bytes, startup_stm32f2xx.o(.text))
<BR>[Address Reference Count : 1]<UL><LI> startup_stm32f2xx.o(RESET)
</UL>
<P><STRONG><a name="[58]"></a>OTG_HS_EP1_IN_IRQHandler</STRONG> (Thumb, 0 bytes, Stack size 0 bytes, startup_stm32f2xx.o(.text))
<BR>[Address Reference Count : 1]<UL><LI> startup_stm32f2xx.o(RESET)
</UL>
<P><STRONG><a name="[57]"></a>OTG_HS_EP1_OUT_IRQHandler</STRONG> (Thumb, 0 bytes, Stack size 0 bytes, startup_stm32f2xx.o(.text))
<BR>[Address Reference Count : 1]<UL><LI> startup_stm32f2xx.o(RESET)
</UL>
<P><STRONG><a name="[5a]"></a>OTG_HS_IRQHandler</STRONG> (Thumb, 0 bytes, Stack size 0 bytes, startup_stm32f2xx.o(.text))
<BR>[Address Reference Count : 1]<UL><LI> startup_stm32f2xx.o(RESET)
</UL>
<P><STRONG><a name="[59]"></a>OTG_HS_WKUP_IRQHandler</STRONG> (Thumb, 0 bytes, Stack size 0 bytes, startup_stm32f2xx.o(.text))
<BR>[Address Reference Count : 1]<UL><LI> startup_stm32f2xx.o(RESET)
</UL>
<P><STRONG><a name="[e]"></a>PVD_IRQHandler</STRONG> (Thumb, 0 bytes, Stack size 0 bytes, startup_stm32f2xx.o(.text))
<BR>[Address Reference Count : 1]<UL><LI> startup_stm32f2xx.o(RESET)
</UL>
<P><STRONG><a name="[12]"></a>RCC_IRQHandler</STRONG> (Thumb, 0 bytes, Stack size 0 bytes, startup_stm32f2xx.o(.text))
<BR>[Address Reference Count : 1]<UL><LI> startup_stm32f2xx.o(RESET)
</UL>
<P><STRONG><a name="[36]"></a>RTC_Alarm_IRQHandler</STRONG> (Thumb, 0 bytes, Stack size 0 bytes, startup_stm32f2xx.o(.text))
<BR>[Address Reference Count : 1]<UL><LI> startup_stm32f2xx.o(RESET)
</UL>
<P><STRONG><a name="[10]"></a>RTC_WKUP_IRQHandler</STRONG> (Thumb, 0 bytes, Stack size 0 bytes, startup_stm32f2xx.o(.text))
<BR>[Address Reference Count : 1]<UL><LI> startup_stm32f2xx.o(RESET)
</UL>
<P><STRONG><a name="[3e]"></a>SDIO_IRQHandler</STRONG> (Thumb, 0 bytes, Stack size 0 bytes, startup_stm32f2xx.o(.text))
<BR>[Address Reference Count : 1]<UL><LI> startup_stm32f2xx.o(RESET)
</UL>
<P><STRONG><a name="[30]"></a>SPI1_IRQHandler</STRONG> (Thumb, 0 bytes, Stack size 0 bytes, startup_stm32f2xx.o(.text))
<BR>[Address Reference Count : 1]<UL><LI> startup_stm32f2xx.o(RESET)
</UL>
<P><STRONG><a name="[31]"></a>SPI2_IRQHandler</STRONG> (Thumb, 0 bytes, Stack size 0 bytes, startup_stm32f2xx.o(.text))
<BR>[Address Reference Count : 1]<UL><LI> startup_stm32f2xx.o(RESET)
</UL>
<P><STRONG><a name="[40]"></a>SPI3_IRQHandler</STRONG> (Thumb, 0 bytes, Stack size 0 bytes, startup_stm32f2xx.o(.text))
<BR>[Address Reference Count : 1]<UL><LI> startup_stm32f2xx.o(RESET)
</UL>
<P><STRONG><a name="[f]"></a>TAMP_STAMP_IRQHandler</STRONG> (Thumb, 0 bytes, Stack size 0 bytes, startup_stm32f2xx.o(.text))
<BR>[Address Reference Count : 1]<UL><LI> startup_stm32f2xx.o(RESET)
</UL>
<P><STRONG><a name="[25]"></a>TIM1_BRK_TIM9_IRQHandler</STRONG> (Thumb, 0 bytes, Stack size 0 bytes, startup_stm32f2xx.o(.text))
<BR>[Address Reference Count : 1]<UL><LI> startup_stm32f2xx.o(RESET)
</UL>
<P><STRONG><a name="[28]"></a>TIM1_CC_IRQHandler</STRONG> (Thumb, 0 bytes, Stack size 0 bytes, startup_stm32f2xx.o(.text))
<BR>[Address Reference Count : 1]<UL><LI> startup_stm32f2xx.o(RESET)
</UL>
<P><STRONG><a name="[27]"></a>TIM1_TRG_COM_TIM11_IRQHandler</STRONG> (Thumb, 0 bytes, Stack size 0 bytes, startup_stm32f2xx.o(.text))
<BR>[Address Reference Count : 1]<UL><LI> startup_stm32f2xx.o(RESET)
</UL>
<P><STRONG><a name="[26]"></a>TIM1_UP_TIM10_IRQHandler</STRONG> (Thumb, 0 bytes, Stack size 0 bytes, startup_stm32f2xx.o(.text))
<BR>[Address Reference Count : 1]<UL><LI> startup_stm32f2xx.o(RESET)
</UL>
<P><STRONG><a name="[2b]"></a>TIM4_IRQHandler</STRONG> (Thumb, 0 bytes, Stack size 0 bytes, startup_stm32f2xx.o(.text))
<BR>[Address Reference Count : 1]<UL><LI> startup_stm32f2xx.o(RESET)
</UL>
<P><STRONG><a name="[3f]"></a>TIM5_IRQHandler</STRONG> (Thumb, 0 bytes, Stack size 0 bytes, startup_stm32f2xx.o(.text))
<BR>[Address Reference Count : 1]<UL><LI> startup_stm32f2xx.o(RESET)
</UL>
<P><STRONG><a name="[43]"></a>TIM6_DAC_IRQHandler</STRONG> (Thumb, 0 bytes, Stack size 0 bytes, startup_stm32f2xx.o(.text))
<BR>[Address Reference Count : 1]<UL><LI> startup_stm32f2xx.o(RESET)
</UL>
<P><STRONG><a name="[44]"></a>TIM7_IRQHandler</STRONG> (Thumb, 0 bytes, Stack size 0 bytes, startup_stm32f2xx.o(.text))
<BR>[Address Reference Count : 1]<UL><LI> startup_stm32f2xx.o(RESET)
</UL>
<P><STRONG><a name="[38]"></a>TIM8_BRK_TIM12_IRQHandler</STRONG> (Thumb, 0 bytes, Stack size 0 bytes, startup_stm32f2xx.o(.text))
<BR>[Address Reference Count : 1]<UL><LI> startup_stm32f2xx.o(RESET)
</UL>
<P><STRONG><a name="[3b]"></a>TIM8_CC_IRQHandler</STRONG> (Thumb, 0 bytes, Stack size 0 bytes, startup_stm32f2xx.o(.text))
<BR>[Address Reference Count : 1]<UL><LI> startup_stm32f2xx.o(RESET)
</UL>
<P><STRONG><a name="[3a]"></a>TIM8_TRG_COM_TIM14_IRQHandler</STRONG> (Thumb, 0 bytes, Stack size 0 bytes, startup_stm32f2xx.o(.text))
<BR>[Address Reference Count : 1]<UL><LI> startup_stm32f2xx.o(RESET)
</UL>
<P><STRONG><a name="[39]"></a>TIM8_UP_TIM13_IRQHandler</STRONG> (Thumb, 0 bytes, Stack size 0 bytes, startup_stm32f2xx.o(.text))
<BR>[Address Reference Count : 1]<UL><LI> startup_stm32f2xx.o(RESET)
</UL>
<P><STRONG><a name="[d]"></a>WWDG_IRQHandler</STRONG> (Thumb, 0 bytes, Stack size 0 bytes, startup_stm32f2xx.o(.text))
<BR>[Address Reference Count : 1]<UL><LI> startup_stm32f2xx.o(RESET)
</UL>
<P><STRONG><a name="[e0]"></a>__rt_ctype_table</STRONG> (Thumb, 4 bytes, Stack size 0 bytes, ctype_o.o(.text))
<BR><BR>[Called By]<UL><LI><a href="#[64]">&gt;&gt;</a>&nbsp;&nbsp;&nbsp;isspace
<LI><a href="#[f0]">&gt;&gt;</a>&nbsp;&nbsp;&nbsp;strtol
</UL>

<P><STRONG><a name="[64]"></a>isspace</STRONG> (Thumb, 18 bytes, Stack size 8 bytes, isspace_o.o(.text))
<BR><BR>[Stack]<UL><LI>Max Depth = 8<LI>Call Chain = isspace
</UL>
<BR>[Calls]<UL><LI><a href="#[e0]">&gt;&gt;</a>&nbsp;&nbsp;&nbsp;__rt_ctype_table
</UL>
<BR>[Address Reference Count : 2]<UL><LI> scanf_char.o(.text)
<LI> strtod.o(.text)
</UL>
<P><STRONG><a name="[2ad]"></a>tolower</STRONG> (Thumb, 12 bytes, Stack size 0 bytes, tolower.o(.text))
<BR><BR>[Called By]<UL><LI><a href="#[2a8]">&gt;&gt;</a>&nbsp;&nbsp;&nbsp;cJSON_strcasecmp
</UL>

<P><STRONG><a name="[3e1]"></a>___aeabi_memcpy8$move</STRONG> (Thumb, 0 bytes, Stack size 8 bytes, memmovea.o(.text), UNUSED)

<P><STRONG><a name="[147]"></a>__aeabi_memcpy</STRONG> (Thumb, 64 bytes, Stack size 8 bytes, memmovea.o(.text))
<BR><BR>[Stack]<UL><LI>Max Depth = 8<LI>Call Chain = __aeabi_memcpy
</UL>
<BR>[Called By]<UL><LI><a href="#[1f6]">&gt;&gt;</a>&nbsp;&nbsp;&nbsp;UartTxQueuePack_DelCanID
<LI><a href="#[195]">&gt;&gt;</a>&nbsp;&nbsp;&nbsp;GetVer
<LI><a href="#[146]">&gt;&gt;</a>&nbsp;&nbsp;&nbsp;CmdKeepComfunction
<LI><a href="#[93]">&gt;&gt;</a>&nbsp;&nbsp;&nbsp;PassThru_CAN_TxPack_NotID_Flash
<LI><a href="#[a7]">&gt;&gt;</a>&nbsp;&nbsp;&nbsp;PassThru_CAN_TxPack_Auto_GM
<LI><a href="#[a1]">&gt;&gt;</a>&nbsp;&nbsp;&nbsp;PassThru_CAN_TxPack_Auto_Ext
<LI><a href="#[9f]">&gt;&gt;</a>&nbsp;&nbsp;&nbsp;PassThru_CAN_TxPack_Auto
<LI><a href="#[a2]">&gt;&gt;</a>&nbsp;&nbsp;&nbsp;PassThru_CAN_RxPack_Head
<LI><a href="#[af]">&gt;&gt;</a>&nbsp;&nbsp;&nbsp;VPW_RX1_handler
<LI><a href="#[ac]">&gt;&gt;</a>&nbsp;&nbsp;&nbsp;VPW_RX0_handler
<LI><a href="#[ae]">&gt;&gt;</a>&nbsp;&nbsp;&nbsp;PassThru_VPW_Indication
<LI><a href="#[8e]">&gt;&gt;</a>&nbsp;&nbsp;&nbsp;PassThru_PWM_Indication
<LI><a href="#[17f]">&gt;&gt;</a>&nbsp;&nbsp;&nbsp;PWM_RX1_handler
<LI><a href="#[17d]">&gt;&gt;</a>&nbsp;&nbsp;&nbsp;PWM_RX0_handler
<LI><a href="#[3a0]">&gt;&gt;</a>&nbsp;&nbsp;&nbsp;prvCopyDataToQueue
<LI><a href="#[39f]">&gt;&gt;</a>&nbsp;&nbsp;&nbsp;prvCopyDataFromQueue
<LI><a href="#[150]">&gt;&gt;</a>&nbsp;&nbsp;&nbsp;CommUnpackBufferDeafult
<LI><a href="#[151]">&gt;&gt;</a>&nbsp;&nbsp;&nbsp;CommSendBufferCanbus
<LI><a href="#[362]">&gt;&gt;</a>&nbsp;&nbsp;&nbsp;pro_read_vin
<LI><a href="#[1c9]">&gt;&gt;</a>&nbsp;&nbsp;&nbsp;pro_read_info
<LI><a href="#[1c8]">&gt;&gt;</a>&nbsp;&nbsp;&nbsp;pro_read_data
<LI><a href="#[364]">&gt;&gt;</a>&nbsp;&nbsp;&nbsp;pro_read_cvn
<LI><a href="#[363]">&gt;&gt;</a>&nbsp;&nbsp;&nbsp;pro_read_calid
<LI><a href="#[1cf]">&gt;&gt;</a>&nbsp;&nbsp;&nbsp;pro_exit_dialog
<LI><a href="#[35f]">&gt;&gt;</a>&nbsp;&nbsp;&nbsp;pro_default_select_module
<LI><a href="#[35d]">&gt;&gt;</a>&nbsp;&nbsp;&nbsp;pro_canbus_select_module
<LI><a href="#[168]">&gt;&gt;</a>&nbsp;&nbsp;&nbsp;get_vehicle_vin
<LI><a href="#[1cb]">&gt;&gt;</a>&nbsp;&nbsp;&nbsp;get_vehicle_iupr
<LI><a href="#[1c0]">&gt;&gt;</a>&nbsp;&nbsp;&nbsp;OBDII_SetFrameTimeOut
<LI><a href="#[1be]">&gt;&gt;</a>&nbsp;&nbsp;&nbsp;OBDII_Init_IO
<LI><a href="#[33c]">&gt;&gt;</a>&nbsp;&nbsp;&nbsp;pro_unpackrecvdata
<LI><a href="#[354]">&gt;&gt;</a>&nbsp;&nbsp;&nbsp;pro_unpackmzd
<LI><a href="#[348]">&gt;&gt;</a>&nbsp;&nbsp;&nbsp;pro_SendRecv_VPW
<LI><a href="#[347]">&gt;&gt;</a>&nbsp;&nbsp;&nbsp;pro_SendRecv_PWM
<LI><a href="#[35a]">&gt;&gt;</a>&nbsp;&nbsp;&nbsp;pro_SendRecv_KwpF
<LI><a href="#[359]">&gt;&gt;</a>&nbsp;&nbsp;&nbsp;pro_SendRecv_KwpE
<LI><a href="#[345]">&gt;&gt;</a>&nbsp;&nbsp;&nbsp;pro_SendRecv_KwpD
<LI><a href="#[358]">&gt;&gt;</a>&nbsp;&nbsp;&nbsp;pro_SendRecv_KwpB
<LI><a href="#[34d]">&gt;&gt;</a>&nbsp;&nbsp;&nbsp;pro_SendRecv_KwpA_X
<LI><a href="#[344]">&gt;&gt;</a>&nbsp;&nbsp;&nbsp;pro_SendRecv_KwpA
<LI><a href="#[346]">&gt;&gt;</a>&nbsp;&nbsp;&nbsp;pro_SendRecv_ISO
<LI><a href="#[352]">&gt;&gt;</a>&nbsp;&nbsp;&nbsp;pro_SendRecv_FORD_MZD_Recvmore
<LI><a href="#[34c]">&gt;&gt;</a>&nbsp;&nbsp;&nbsp;pro_SendRecv_FORD_MZD
<LI><a href="#[350]">&gt;&gt;</a>&nbsp;&nbsp;&nbsp;pro_SendRecv_CanTwoID_Send
<LI><a href="#[351]">&gt;&gt;</a>&nbsp;&nbsp;&nbsp;pro_SendRecv_CanTwoID_Recvmore
<LI><a href="#[34e]">&gt;&gt;</a>&nbsp;&nbsp;&nbsp;pro_SendRecv_CanDefault_Send
<LI><a href="#[34f]">&gt;&gt;</a>&nbsp;&nbsp;&nbsp;pro_SendRecv_CanDefault_Recvmore
<LI><a href="#[33f]">&gt;&gt;</a>&nbsp;&nbsp;&nbsp;pro_ReadBuf_Kwp2003
<LI><a href="#[33e]">&gt;&gt;</a>&nbsp;&nbsp;&nbsp;pro_ReadBuf_Kwp2000_X
<LI><a href="#[33d]">&gt;&gt;</a>&nbsp;&nbsp;&nbsp;pro_ReadBuf_Kwp2000
<LI><a href="#[324]">&gt;&gt;</a>&nbsp;&nbsp;&nbsp;pack_typef
<LI><a href="#[323]">&gt;&gt;</a>&nbsp;&nbsp;&nbsp;pack_type4
<LI><a href="#[14b]">&gt;&gt;</a>&nbsp;&nbsp;&nbsp;CommReadBufferCanbus
<LI><a href="#[1c1]">&gt;&gt;</a>&nbsp;&nbsp;&nbsp;pro_packsenddata
<LI><a href="#[2f9]">&gt;&gt;</a>&nbsp;&nbsp;&nbsp;pro_SendRecv_OBDII_MORE
<LI><a href="#[33b]">&gt;&gt;</a>&nbsp;&nbsp;&nbsp;pro_OBDII_ReadBuffer
<LI><a href="#[199]">&gt;&gt;</a>&nbsp;&nbsp;&nbsp;sendCommand
<LI><a href="#[330]">&gt;&gt;</a>&nbsp;&nbsp;&nbsp;parse_udp_server_data
<LI><a href="#[227]">&gt;&gt;</a>&nbsp;&nbsp;&nbsp;parse_http_server_data
<LI><a href="#[32a]">&gt;&gt;</a>&nbsp;&nbsp;&nbsp;parse_TOKEN_data
<LI><a href="#[327]">&gt;&gt;</a>&nbsp;&nbsp;&nbsp;parse_FENCE_data
<LI><a href="#[325]">&gt;&gt;</a>&nbsp;&nbsp;&nbsp;parse_ADDCARIO_data
<LI><a href="#[1ba]">&gt;&gt;</a>&nbsp;&nbsp;&nbsp;get_IMEI
<LI><a href="#[166]">&gt;&gt;</a>&nbsp;&nbsp;&nbsp;Get_current_time
<LI><a href="#[192]">&gt;&gt;</a>&nbsp;&nbsp;&nbsp;GetGNRMCInfoItem
<LI><a href="#[190]">&gt;&gt;</a>&nbsp;&nbsp;&nbsp;GetGNRMCInfo
<LI><a href="#[1b7]">&gt;&gt;</a>&nbsp;&nbsp;&nbsp;MD5Update
<LI><a href="#[2a4]">&gt;&gt;</a>&nbsp;&nbsp;&nbsp;cJSON_strdup
<LI><a href="#[286]">&gt;&gt;</a>&nbsp;&nbsp;&nbsp;Vehicle_status_project
<LI><a href="#[284]">&gt;&gt;</a>&nbsp;&nbsp;&nbsp;Vehicle_login_project
<LI><a href="#[27f]">&gt;&gt;</a>&nbsp;&nbsp;&nbsp;Vehicle_diagnosis_project
<LI><a href="#[27c]">&gt;&gt;</a>&nbsp;&nbsp;&nbsp;Vehicle_GPS_project
<LI><a href="#[177]">&gt;&gt;</a>&nbsp;&nbsp;&nbsp;Driving_experience_project
<LI><a href="#[161]">&gt;&gt;</a>&nbsp;&nbsp;&nbsp;Data_collection_project
<LI><a href="#[299]">&gt;&gt;</a>&nbsp;&nbsp;&nbsp;internal_alloc
</UL>

<P><STRONG><a name="[1f8]"></a>__aeabi_memcpy4</STRONG> (Thumb, 0 bytes, Stack size 8 bytes, memmovea.o(.text))
<BR><BR>[Stack]<UL><LI>Max Depth = 8<LI>Call Chain = __aeabi_memcpy4
</UL>
<BR>[Called By]<UL><LI><a href="#[1f7]">&gt;&gt;</a>&nbsp;&nbsp;&nbsp;PassThru_CAN_SELFTEST
<LI><a href="#[362]">&gt;&gt;</a>&nbsp;&nbsp;&nbsp;pro_read_vin
<LI><a href="#[363]">&gt;&gt;</a>&nbsp;&nbsp;&nbsp;pro_read_calid
<LI><a href="#[35c]">&gt;&gt;</a>&nbsp;&nbsp;&nbsp;pro_autokeep_obdii
<LI><a href="#[165]">&gt;&gt;</a>&nbsp;&nbsp;&nbsp;get_datacollection
<LI><a href="#[280]">&gt;&gt;</a>&nbsp;&nbsp;&nbsp;get_Vehicle_diagnosis
<LI><a href="#[352]">&gt;&gt;</a>&nbsp;&nbsp;&nbsp;pro_SendRecv_FORD_MZD_Recvmore
<LI><a href="#[27e]">&gt;&gt;</a>&nbsp;&nbsp;&nbsp;status_ready_pack_to_json
<LI><a href="#[15c]">&gt;&gt;</a>&nbsp;&nbsp;&nbsp;iupr_pack_to_json
<LI><a href="#[170]">&gt;&gt;</a>&nbsp;&nbsp;&nbsp;u_blox_init
</UL>

<P><STRONG><a name="[3e2]"></a>__aeabi_memmove</STRONG> (Thumb, 0 bytes, Stack size 8 bytes, memmovea.o(.text), UNUSED)

<P><STRONG><a name="[3e3]"></a>__aeabi_memmove4</STRONG> (Thumb, 0 bytes, Stack size 8 bytes, memmovea.o(.text), UNUSED)

<P><STRONG><a name="[3e4]"></a>__aeabi_memmove8</STRONG> (Thumb, 0 bytes, Stack size 8 bytes, memmovea.o(.text), UNUSED)

<P><STRONG><a name="[e2]"></a>__aeabi_memset</STRONG> (Thumb, 14 bytes, Stack size 0 bytes, memseta.o(.text))
<BR><BR>[Called By]<UL><LI><a href="#[132]">&gt;&gt;</a>&nbsp;&nbsp;&nbsp;CANx_MultiFilterMask_PGN
<LI><a href="#[9b]">&gt;&gt;</a>&nbsp;&nbsp;&nbsp;PassThru_CAN_TxPack_J1939_SendOnly
<LI><a href="#[9d]">&gt;&gt;</a>&nbsp;&nbsp;&nbsp;PassThru_CAN_TxPack_J1939
<LI><a href="#[3a3]">&gt;&gt;</a>&nbsp;&nbsp;&nbsp;prvInitialiseNewTask
<LI><a href="#[e3]">&gt;&gt;</a>&nbsp;&nbsp;&nbsp;_memset$wrapper
<LI><a href="#[e1]">&gt;&gt;</a>&nbsp;&nbsp;&nbsp;__aeabi_memclr
</UL>

<P><STRONG><a name="[3e5]"></a>__aeabi_memset4</STRONG> (Thumb, 0 bytes, Stack size 0 bytes, memseta.o(.text), UNUSED)

<P><STRONG><a name="[3e6]"></a>__aeabi_memset8</STRONG> (Thumb, 0 bytes, Stack size 0 bytes, memseta.o(.text), UNUSED)

<P><STRONG><a name="[e1]"></a>__aeabi_memclr</STRONG> (Thumb, 4 bytes, Stack size 0 bytes, memseta.o(.text))
<BR><BR>[Calls]<UL><LI><a href="#[e2]">&gt;&gt;</a>&nbsp;&nbsp;&nbsp;__aeabi_memset
</UL>
<BR>[Called By]<UL><LI><a href="#[26c]">&gt;&gt;</a>&nbsp;&nbsp;&nbsp;bluewifidatereceive
<LI><a href="#[128]">&gt;&gt;</a>&nbsp;&nbsp;&nbsp;UARTAnswerErr
<LI><a href="#[30a]">&gt;&gt;</a>&nbsp;&nbsp;&nbsp;mmain
<LI><a href="#[26e]">&gt;&gt;</a>&nbsp;&nbsp;&nbsp;UARTAnswer
<LI><a href="#[142]">&gt;&gt;</a>&nbsp;&nbsp;&nbsp;CmdEcufunction
<LI><a href="#[13b]">&gt;&gt;</a>&nbsp;&nbsp;&nbsp;CmdBusfunction
<LI><a href="#[21e]">&gt;&gt;</a>&nbsp;&nbsp;&nbsp;hal_init_VPW_RX1_IRQ
<LI><a href="#[21d]">&gt;&gt;</a>&nbsp;&nbsp;&nbsp;hal_init_VPW_RX0_IRQ
<LI><a href="#[211]">&gt;&gt;</a>&nbsp;&nbsp;&nbsp;hal_init_PWM_RX0_IRQ
<LI><a href="#[343]">&gt;&gt;</a>&nbsp;&nbsp;&nbsp;pro_SendRecv_CanNormal
<LI><a href="#[170]">&gt;&gt;</a>&nbsp;&nbsp;&nbsp;u_blox_init
<LI><a href="#[199]">&gt;&gt;</a>&nbsp;&nbsp;&nbsp;sendCommand
<LI><a href="#[32a]">&gt;&gt;</a>&nbsp;&nbsp;&nbsp;parse_TOKEN_data
<LI><a href="#[16b]">&gt;&gt;</a>&nbsp;&nbsp;&nbsp;Module_protocol_init
</UL>

<P><STRONG><a name="[14d]"></a>__aeabi_memclr4</STRONG> (Thumb, 0 bytes, Stack size 0 bytes, memseta.o(.text))
<BR><BR>[Called By]<UL><LI><a href="#[30a]">&gt;&gt;</a>&nbsp;&nbsp;&nbsp;mmain
<LI><a href="#[269]">&gt;&gt;</a>&nbsp;&nbsp;&nbsp;_SysFunc
<LI><a href="#[13c]">&gt;&gt;</a>&nbsp;&nbsp;&nbsp;Reset_All_IO
<LI><a href="#[a5]">&gt;&gt;</a>&nbsp;&nbsp;&nbsp;PassThru_CAN_TxPack_J1939_SendPGN
<LI><a href="#[aa]">&gt;&gt;</a>&nbsp;&nbsp;&nbsp;PassThru_CAN_RxPack_Normal_Multiple
<LI><a href="#[ae]">&gt;&gt;</a>&nbsp;&nbsp;&nbsp;PassThru_VPW_Indication
<LI><a href="#[8e]">&gt;&gt;</a>&nbsp;&nbsp;&nbsp;PassThru_PWM_Indication
<LI><a href="#[304]">&gt;&gt;</a>&nbsp;&nbsp;&nbsp;printfuartdebug
<LI><a href="#[7a]">&gt;&gt;</a>&nbsp;&nbsp;&nbsp;PassThru_KWP_RxPack_Normal
<LI><a href="#[7f]">&gt;&gt;</a>&nbsp;&nbsp;&nbsp;PassThru_KWP_RxPack_Mitsub
<LI><a href="#[7d]">&gt;&gt;</a>&nbsp;&nbsp;&nbsp;PassThru_KWP_RxPack_Length
<LI><a href="#[82]">&gt;&gt;</a>&nbsp;&nbsp;&nbsp;PassThru_KWP_RxPack_Cater
<LI><a href="#[1bf]">&gt;&gt;</a>&nbsp;&nbsp;&nbsp;printfUartObdiideBug
<LI><a href="#[151]">&gt;&gt;</a>&nbsp;&nbsp;&nbsp;CommSendBufferCanbus
<LI><a href="#[1cc]">&gt;&gt;</a>&nbsp;&nbsp;&nbsp;reset_global_data
<LI><a href="#[362]">&gt;&gt;</a>&nbsp;&nbsp;&nbsp;pro_read_vin
<LI><a href="#[1c9]">&gt;&gt;</a>&nbsp;&nbsp;&nbsp;pro_read_info
<LI><a href="#[382]">&gt;&gt;</a>&nbsp;&nbsp;&nbsp;pro_read_frontovoltage6
<LI><a href="#[381]">&gt;&gt;</a>&nbsp;&nbsp;&nbsp;pro_read_frontovoltage5
<LI><a href="#[380]">&gt;&gt;</a>&nbsp;&nbsp;&nbsp;pro_read_frontovoltage4
<LI><a href="#[37f]">&gt;&gt;</a>&nbsp;&nbsp;&nbsp;pro_read_frontovoltage3
<LI><a href="#[37e]">&gt;&gt;</a>&nbsp;&nbsp;&nbsp;pro_read_frontovoltage2
<LI><a href="#[37d]">&gt;&gt;</a>&nbsp;&nbsp;&nbsp;pro_read_frontovoltage1
<LI><a href="#[37c]">&gt;&gt;</a>&nbsp;&nbsp;&nbsp;pro_read_frontocurrent6
<LI><a href="#[37b]">&gt;&gt;</a>&nbsp;&nbsp;&nbsp;pro_read_frontocurrent5
<LI><a href="#[37a]">&gt;&gt;</a>&nbsp;&nbsp;&nbsp;pro_read_frontocurrent4
<LI><a href="#[379]">&gt;&gt;</a>&nbsp;&nbsp;&nbsp;pro_read_frontocurrent3
<LI><a href="#[378]">&gt;&gt;</a>&nbsp;&nbsp;&nbsp;pro_read_frontocurrent2
<LI><a href="#[377]">&gt;&gt;</a>&nbsp;&nbsp;&nbsp;pro_read_frontocurrent1
<LI><a href="#[1c8]">&gt;&gt;</a>&nbsp;&nbsp;&nbsp;pro_read_data
<LI><a href="#[364]">&gt;&gt;</a>&nbsp;&nbsp;&nbsp;pro_read_cvn
<LI><a href="#[363]">&gt;&gt;</a>&nbsp;&nbsp;&nbsp;pro_read_calid
<LI><a href="#[38e]">&gt;&gt;</a>&nbsp;&nbsp;&nbsp;pro_read_afterovoltage6
<LI><a href="#[38d]">&gt;&gt;</a>&nbsp;&nbsp;&nbsp;pro_read_afterovoltage5
<LI><a href="#[38c]">&gt;&gt;</a>&nbsp;&nbsp;&nbsp;pro_read_afterovoltage4
<LI><a href="#[38b]">&gt;&gt;</a>&nbsp;&nbsp;&nbsp;pro_read_afterovoltage3
<LI><a href="#[38a]">&gt;&gt;</a>&nbsp;&nbsp;&nbsp;pro_read_afterovoltage2
<LI><a href="#[389]">&gt;&gt;</a>&nbsp;&nbsp;&nbsp;pro_read_afterovoltage1
<LI><a href="#[388]">&gt;&gt;</a>&nbsp;&nbsp;&nbsp;pro_read_afterocurrent6
<LI><a href="#[387]">&gt;&gt;</a>&nbsp;&nbsp;&nbsp;pro_read_afterocurrent5
<LI><a href="#[386]">&gt;&gt;</a>&nbsp;&nbsp;&nbsp;pro_read_afterocurrent4
<LI><a href="#[385]">&gt;&gt;</a>&nbsp;&nbsp;&nbsp;pro_read_afterocurrent3
<LI><a href="#[384]">&gt;&gt;</a>&nbsp;&nbsp;&nbsp;pro_read_afterocurrent2
<LI><a href="#[383]">&gt;&gt;</a>&nbsp;&nbsp;&nbsp;pro_read_afterocurrent1
<LI><a href="#[1cd]">&gt;&gt;</a>&nbsp;&nbsp;&nbsp;pro_obdii_getpid_infotype
<LI><a href="#[1c6]">&gt;&gt;</a>&nbsp;&nbsp;&nbsp;pro_much_init
<LI><a href="#[361]">&gt;&gt;</a>&nbsp;&nbsp;&nbsp;pro_get_result
<LI><a href="#[35f]">&gt;&gt;</a>&nbsp;&nbsp;&nbsp;pro_default_select_module
<LI><a href="#[35d]">&gt;&gt;</a>&nbsp;&nbsp;&nbsp;pro_canbus_select_module
<LI><a href="#[1cb]">&gt;&gt;</a>&nbsp;&nbsp;&nbsp;get_vehicle_iupr
<LI><a href="#[1c4]">&gt;&gt;</a>&nbsp;&nbsp;&nbsp;OBDII_Much_Init
<LI><a href="#[1be]">&gt;&gt;</a>&nbsp;&nbsp;&nbsp;OBDII_Init_IO
<LI><a href="#[347]">&gt;&gt;</a>&nbsp;&nbsp;&nbsp;pro_SendRecv_PWM
<LI><a href="#[35a]">&gt;&gt;</a>&nbsp;&nbsp;&nbsp;pro_SendRecv_KwpF
<LI><a href="#[359]">&gt;&gt;</a>&nbsp;&nbsp;&nbsp;pro_SendRecv_KwpE
<LI><a href="#[345]">&gt;&gt;</a>&nbsp;&nbsp;&nbsp;pro_SendRecv_KwpD
<LI><a href="#[34d]">&gt;&gt;</a>&nbsp;&nbsp;&nbsp;pro_SendRecv_KwpA_X
<LI><a href="#[344]">&gt;&gt;</a>&nbsp;&nbsp;&nbsp;pro_SendRecv_KwpA
<LI><a href="#[34c]">&gt;&gt;</a>&nbsp;&nbsp;&nbsp;pro_SendRecv_FORD_MZD
<LI><a href="#[14b]">&gt;&gt;</a>&nbsp;&nbsp;&nbsp;CommReadBufferCanbus
<LI><a href="#[2f9]">&gt;&gt;</a>&nbsp;&nbsp;&nbsp;pro_SendRecv_OBDII_MORE
<LI><a href="#[259]">&gt;&gt;</a>&nbsp;&nbsp;&nbsp;get_vehicle_info
<LI><a href="#[285]">&gt;&gt;</a>&nbsp;&nbsp;&nbsp;Vehicle_status_pack_to_server
<LI><a href="#[282]">&gt;&gt;</a>&nbsp;&nbsp;&nbsp;Vehicle_login_pack_to_server
<LI><a href="#[27d]">&gt;&gt;</a>&nbsp;&nbsp;&nbsp;Vehicle_diagnosis_pack_to_server
<LI><a href="#[27a]">&gt;&gt;</a>&nbsp;&nbsp;&nbsp;Vehicle_GPS_pack_to_server
<LI><a href="#[176]">&gt;&gt;</a>&nbsp;&nbsp;&nbsp;Driving_experience_pack_to_server
<LI><a href="#[157]">&gt;&gt;</a>&nbsp;&nbsp;&nbsp;Data_collection_pack_to_server
<LI><a href="#[2f0]">&gt;&gt;</a>&nbsp;&nbsp;&nbsp;get_OBD_Prop
<LI><a href="#[199]">&gt;&gt;</a>&nbsp;&nbsp;&nbsp;sendCommand
<LI><a href="#[330]">&gt;&gt;</a>&nbsp;&nbsp;&nbsp;parse_udp_server_data
<LI><a href="#[227]">&gt;&gt;</a>&nbsp;&nbsp;&nbsp;parse_http_server_data
<LI><a href="#[32a]">&gt;&gt;</a>&nbsp;&nbsp;&nbsp;parse_TOKEN_data
<LI><a href="#[327]">&gt;&gt;</a>&nbsp;&nbsp;&nbsp;parse_FENCE_data
<LI><a href="#[1ba]">&gt;&gt;</a>&nbsp;&nbsp;&nbsp;get_IMEI
<LI><a href="#[1bb]">&gt;&gt;</a>&nbsp;&nbsp;&nbsp;UDP_Client_init
<LI><a href="#[225]">&gt;&gt;</a>&nbsp;&nbsp;&nbsp;Post_Request
<LI><a href="#[16b]">&gt;&gt;</a>&nbsp;&nbsp;&nbsp;Module_protocol_init
<LI><a href="#[166]">&gt;&gt;</a>&nbsp;&nbsp;&nbsp;Get_current_time
<LI><a href="#[196]">&gt;&gt;</a>&nbsp;&nbsp;&nbsp;Get_Ubox_GPS_Data
<LI><a href="#[192]">&gt;&gt;</a>&nbsp;&nbsp;&nbsp;GetGNRMCInfoItem
<LI><a href="#[190]">&gt;&gt;</a>&nbsp;&nbsp;&nbsp;GetGNRMCInfo
<LI><a href="#[337]">&gt;&gt;</a>&nbsp;&nbsp;&nbsp;print_object
<LI><a href="#[334]">&gt;&gt;</a>&nbsp;&nbsp;&nbsp;print_array
<LI><a href="#[2a6]">&gt;&gt;</a>&nbsp;&nbsp;&nbsp;cJSON_New_Item
<LI><a href="#[2eb]">&gt;&gt;</a>&nbsp;&nbsp;&nbsp;get_obd_token
<LI><a href="#[286]">&gt;&gt;</a>&nbsp;&nbsp;&nbsp;Vehicle_status_project
<LI><a href="#[284]">&gt;&gt;</a>&nbsp;&nbsp;&nbsp;Vehicle_login_project
<LI><a href="#[27f]">&gt;&gt;</a>&nbsp;&nbsp;&nbsp;Vehicle_diagnosis_project
<LI><a href="#[27c]">&gt;&gt;</a>&nbsp;&nbsp;&nbsp;Vehicle_GPS_project
<LI><a href="#[177]">&gt;&gt;</a>&nbsp;&nbsp;&nbsp;Driving_experience_project
<LI><a href="#[161]">&gt;&gt;</a>&nbsp;&nbsp;&nbsp;Data_collection_project
</UL>

<P><STRONG><a name="[3e7]"></a>__aeabi_memclr8</STRONG> (Thumb, 0 bytes, Stack size 0 bytes, memseta.o(.text), UNUSED)

<P><STRONG><a name="[e3]"></a>_memset$wrapper</STRONG> (Thumb, 18 bytes, Stack size 8 bytes, memseta.o(.text), UNUSED)
<BR><BR>[Calls]<UL><LI><a href="#[e2]">&gt;&gt;</a>&nbsp;&nbsp;&nbsp;__aeabi_memset
</UL>

<P><STRONG><a name="[270]"></a>strcat</STRONG> (Thumb, 24 bytes, Stack size 0 bytes, strcat.o(.text))
<BR><BR>[Called By]<UL><LI><a href="#[382]">&gt;&gt;</a>&nbsp;&nbsp;&nbsp;pro_read_frontovoltage6
<LI><a href="#[381]">&gt;&gt;</a>&nbsp;&nbsp;&nbsp;pro_read_frontovoltage5
<LI><a href="#[380]">&gt;&gt;</a>&nbsp;&nbsp;&nbsp;pro_read_frontovoltage4
<LI><a href="#[37f]">&gt;&gt;</a>&nbsp;&nbsp;&nbsp;pro_read_frontovoltage3
<LI><a href="#[37e]">&gt;&gt;</a>&nbsp;&nbsp;&nbsp;pro_read_frontovoltage2
<LI><a href="#[37d]">&gt;&gt;</a>&nbsp;&nbsp;&nbsp;pro_read_frontovoltage1
<LI><a href="#[37c]">&gt;&gt;</a>&nbsp;&nbsp;&nbsp;pro_read_frontocurrent6
<LI><a href="#[37b]">&gt;&gt;</a>&nbsp;&nbsp;&nbsp;pro_read_frontocurrent5
<LI><a href="#[37a]">&gt;&gt;</a>&nbsp;&nbsp;&nbsp;pro_read_frontocurrent4
<LI><a href="#[379]">&gt;&gt;</a>&nbsp;&nbsp;&nbsp;pro_read_frontocurrent3
<LI><a href="#[378]">&gt;&gt;</a>&nbsp;&nbsp;&nbsp;pro_read_frontocurrent2
<LI><a href="#[377]">&gt;&gt;</a>&nbsp;&nbsp;&nbsp;pro_read_frontocurrent1
<LI><a href="#[364]">&gt;&gt;</a>&nbsp;&nbsp;&nbsp;pro_read_cvn
<LI><a href="#[363]">&gt;&gt;</a>&nbsp;&nbsp;&nbsp;pro_read_calid
<LI><a href="#[38e]">&gt;&gt;</a>&nbsp;&nbsp;&nbsp;pro_read_afterovoltage6
<LI><a href="#[38d]">&gt;&gt;</a>&nbsp;&nbsp;&nbsp;pro_read_afterovoltage5
<LI><a href="#[38c]">&gt;&gt;</a>&nbsp;&nbsp;&nbsp;pro_read_afterovoltage4
<LI><a href="#[38b]">&gt;&gt;</a>&nbsp;&nbsp;&nbsp;pro_read_afterovoltage3
<LI><a href="#[38a]">&gt;&gt;</a>&nbsp;&nbsp;&nbsp;pro_read_afterovoltage2
<LI><a href="#[389]">&gt;&gt;</a>&nbsp;&nbsp;&nbsp;pro_read_afterovoltage1
<LI><a href="#[388]">&gt;&gt;</a>&nbsp;&nbsp;&nbsp;pro_read_afterocurrent6
<LI><a href="#[387]">&gt;&gt;</a>&nbsp;&nbsp;&nbsp;pro_read_afterocurrent5
<LI><a href="#[386]">&gt;&gt;</a>&nbsp;&nbsp;&nbsp;pro_read_afterocurrent4
<LI><a href="#[385]">&gt;&gt;</a>&nbsp;&nbsp;&nbsp;pro_read_afterocurrent3
<LI><a href="#[384]">&gt;&gt;</a>&nbsp;&nbsp;&nbsp;pro_read_afterocurrent2
<LI><a href="#[383]">&gt;&gt;</a>&nbsp;&nbsp;&nbsp;pro_read_afterocurrent1
<LI><a href="#[1bb]">&gt;&gt;</a>&nbsp;&nbsp;&nbsp;UDP_Client_init
</UL>

<P><STRONG><a name="[191]"></a>strstr</STRONG> (Thumb, 36 bytes, Stack size 12 bytes, strstr.o(.text))
<BR><BR>[Stack]<UL><LI>Max Depth = 12<LI>Call Chain = strstr
</UL>
<BR>[Called By]<UL><LI><a href="#[199]">&gt;&gt;</a>&nbsp;&nbsp;&nbsp;sendCommand
<LI><a href="#[330]">&gt;&gt;</a>&nbsp;&nbsp;&nbsp;parse_udp_server_data
<LI><a href="#[227]">&gt;&gt;</a>&nbsp;&nbsp;&nbsp;parse_http_server_data
<LI><a href="#[1ba]">&gt;&gt;</a>&nbsp;&nbsp;&nbsp;get_IMEI
<LI><a href="#[166]">&gt;&gt;</a>&nbsp;&nbsp;&nbsp;Get_current_time
<LI><a href="#[196]">&gt;&gt;</a>&nbsp;&nbsp;&nbsp;Get_Ubox_GPS_Data
<LI><a href="#[192]">&gt;&gt;</a>&nbsp;&nbsp;&nbsp;GetGNRMCInfoItem
<LI><a href="#[190]">&gt;&gt;</a>&nbsp;&nbsp;&nbsp;GetGNRMCInfo
</UL>

<P><STRONG><a name="[339]"></a>strchr</STRONG> (Thumb, 20 bytes, Stack size 0 bytes, strchr.o(.text))
<BR><BR>[Called By]<UL><LI><a href="#[338]">&gt;&gt;</a>&nbsp;&nbsp;&nbsp;print_string_ptr
</UL>

<P><STRONG><a name="[167]"></a>strlen</STRONG> (Thumb, 14 bytes, Stack size 0 bytes, strlen.o(.text))
<BR><BR>[Called By]<UL><LI><a href="#[273]">&gt;&gt;</a>&nbsp;&nbsp;&nbsp;USART_TX
<LI><a href="#[319]">&gt;&gt;</a>&nbsp;&nbsp;&nbsp;strdup
<LI><a href="#[31c]">&gt;&gt;</a>&nbsp;&nbsp;&nbsp;mxml_write_node
<LI><a href="#[396]">&gt;&gt;</a>&nbsp;&nbsp;&nbsp;str_deal
<LI><a href="#[27e]">&gt;&gt;</a>&nbsp;&nbsp;&nbsp;status_ready_pack_to_json
<LI><a href="#[15c]">&gt;&gt;</a>&nbsp;&nbsp;&nbsp;iupr_pack_to_json
<LI><a href="#[285]">&gt;&gt;</a>&nbsp;&nbsp;&nbsp;Vehicle_status_pack_to_server
<LI><a href="#[282]">&gt;&gt;</a>&nbsp;&nbsp;&nbsp;Vehicle_login_pack_to_server
<LI><a href="#[2f0]">&gt;&gt;</a>&nbsp;&nbsp;&nbsp;get_OBD_Prop
<LI><a href="#[3c2]">&gt;&gt;</a>&nbsp;&nbsp;&nbsp;tom_UDP_Client
<LI><a href="#[199]">&gt;&gt;</a>&nbsp;&nbsp;&nbsp;sendCommand
<LI><a href="#[227]">&gt;&gt;</a>&nbsp;&nbsp;&nbsp;parse_http_server_data
<LI><a href="#[32a]">&gt;&gt;</a>&nbsp;&nbsp;&nbsp;parse_TOKEN_data
<LI><a href="#[327]">&gt;&gt;</a>&nbsp;&nbsp;&nbsp;parse_FENCE_data
<LI><a href="#[325]">&gt;&gt;</a>&nbsp;&nbsp;&nbsp;parse_ADDCARIO_data
<LI><a href="#[1ba]">&gt;&gt;</a>&nbsp;&nbsp;&nbsp;get_IMEI
<LI><a href="#[225]">&gt;&gt;</a>&nbsp;&nbsp;&nbsp;Post_Request
<LI><a href="#[166]">&gt;&gt;</a>&nbsp;&nbsp;&nbsp;Get_current_time
<LI><a href="#[192]">&gt;&gt;</a>&nbsp;&nbsp;&nbsp;GetGNRMCInfoItem
<LI><a href="#[337]">&gt;&gt;</a>&nbsp;&nbsp;&nbsp;print_object
<LI><a href="#[334]">&gt;&gt;</a>&nbsp;&nbsp;&nbsp;print_array
<LI><a href="#[2a4]">&gt;&gt;</a>&nbsp;&nbsp;&nbsp;cJSON_strdup
<LI><a href="#[2eb]">&gt;&gt;</a>&nbsp;&nbsp;&nbsp;get_obd_token
<LI><a href="#[286]">&gt;&gt;</a>&nbsp;&nbsp;&nbsp;Vehicle_status_project
<LI><a href="#[284]">&gt;&gt;</a>&nbsp;&nbsp;&nbsp;Vehicle_login_project
<LI><a href="#[27f]">&gt;&gt;</a>&nbsp;&nbsp;&nbsp;Vehicle_diagnosis_project
<LI><a href="#[27c]">&gt;&gt;</a>&nbsp;&nbsp;&nbsp;Vehicle_GPS_project
<LI><a href="#[177]">&gt;&gt;</a>&nbsp;&nbsp;&nbsp;Driving_experience_project
<LI><a href="#[161]">&gt;&gt;</a>&nbsp;&nbsp;&nbsp;Data_collection_project
</UL>

<P><STRONG><a name="[29e]"></a>strcmp</STRONG> (Thumb, 28 bytes, Stack size 8 bytes, strcmp.o(.text))
<BR><BR>[Stack]<UL><LI>Max Depth = 8<LI>Call Chain = strcmp
</UL>
<BR>[Called By]<UL><LI><a href="#[0]">&gt;&gt;</a>&nbsp;&nbsp;&nbsp;_mxml_entity_cb
<LI><a href="#[c5]">&gt;&gt;</a>&nbsp;&nbsp;&nbsp;whitespace_cb
</UL>

<P><STRONG><a name="[279]"></a>memcmp</STRONG> (Thumb, 26 bytes, Stack size 12 bytes, memcmp.o(.text))
<BR><BR>[Stack]<UL><LI>Max Depth = 12<LI>Call Chain = memcmp
</UL>
<BR>[Called By]<UL><LI><a href="#[13a]">&gt;&gt;</a>&nbsp;&nbsp;&nbsp;UartTxQueuePack
</UL>

<P><STRONG><a name="[26f]"></a>strcpy</STRONG> (Thumb, 18 bytes, Stack size 0 bytes, strcpy.o(.text))
<BR><BR>[Called By]<UL><LI><a href="#[319]">&gt;&gt;</a>&nbsp;&nbsp;&nbsp;strdup
<LI><a href="#[1bb]">&gt;&gt;</a>&nbsp;&nbsp;&nbsp;UDP_Client_init
<LI><a href="#[337]">&gt;&gt;</a>&nbsp;&nbsp;&nbsp;print_object
<LI><a href="#[334]">&gt;&gt;</a>&nbsp;&nbsp;&nbsp;print_array
</UL>

<P><STRONG><a name="[320]"></a>strncmp</STRONG> (Thumb, 30 bytes, Stack size 12 bytes, strncmp.o(.text))
<BR><BR>[Stack]<UL><LI>Max Depth = 12<LI>Call Chain = strncmp
</UL>
<BR>[Called By]<UL><LI><a href="#[c5]">&gt;&gt;</a>&nbsp;&nbsp;&nbsp;whitespace_cb
<LI><a href="#[31c]">&gt;&gt;</a>&nbsp;&nbsp;&nbsp;mxml_write_node
<LI><a href="#[199]">&gt;&gt;</a>&nbsp;&nbsp;&nbsp;sendCommand
<LI><a href="#[2ab]">&gt;&gt;</a>&nbsp;&nbsp;&nbsp;parse_value
</UL>

<P><STRONG><a name="[322]"></a>strrchr</STRONG> (Thumb, 32 bytes, Stack size 0 bytes, strrchr.o(.text))
<BR><BR>[Called By]<UL><LI><a href="#[31c]">&gt;&gt;</a>&nbsp;&nbsp;&nbsp;mxml_write_node
</UL>

<P><STRONG><a name="[e4]"></a>calloc</STRONG> (Thumb, 28 bytes, Stack size 8 bytes, calloc.o(.text))
<BR><BR>[Stack]<UL><LI>Max Depth = 72<LI>Call Chain = calloc &rArr; malloc &rArr; internal_alloc &rArr; __aeabi_memcpy
</UL>
<BR>[Calls]<UL><LI><a href="#[1]">&gt;&gt;</a>&nbsp;&nbsp;&nbsp;malloc
</UL>
<BR>[Called By]<UL><LI><a href="#[318]">&gt;&gt;</a>&nbsp;&nbsp;&nbsp;mxml_new
</UL>

<P><STRONG><a name="[e5]"></a>__0sscanf</STRONG> (Thumb, 48 bytes, Stack size 72 bytes, __0sscanf.o(.text))
<BR><BR>[Stack]<UL><LI>Max Depth = 264<LI>Call Chain = __0sscanf &rArr; __vfscanf_char &rArr; __vfscanf &rArr; _scanf_real
</UL>
<BR>[Calls]<UL><LI><a href="#[e6]">&gt;&gt;</a>&nbsp;&nbsp;&nbsp;__vfscanf_char
</UL>
<BR>[Called By]<UL><LI><a href="#[2f4]">&gt;&gt;</a>&nbsp;&nbsp;&nbsp;get_server_fence_para
<LI><a href="#[166]">&gt;&gt;</a>&nbsp;&nbsp;&nbsp;Get_current_time
<LI><a href="#[32f]">&gt;&gt;</a>&nbsp;&nbsp;&nbsp;parse_string
</UL>

<P><STRONG><a name="[e7]"></a>_scanf_int</STRONG> (Thumb, 336 bytes, Stack size 56 bytes, _scanf_int.o(.text))
<BR><BR>[Stack]<UL><LI>Max Depth = 56<LI>Call Chain = _scanf_int
</UL>
<BR>[Calls]<UL><LI><a href="#[e8]">&gt;&gt;</a>&nbsp;&nbsp;&nbsp;_chval
</UL>
<BR>[Called By]<UL><LI><a href="#[101]">&gt;&gt;</a>&nbsp;&nbsp;&nbsp;__vfscanf
</UL>

<P><STRONG><a name="[103]"></a>_scanf_real</STRONG> (Thumb, 0 bytes, Stack size 104 bytes, scanf_fp.o(.text))
<BR><BR>[Stack]<UL><LI>Max Depth = 104<LI>Call Chain = _scanf_real
</UL>
<BR>[Called By]<UL><LI><a href="#[101]">&gt;&gt;</a>&nbsp;&nbsp;&nbsp;__vfscanf
<LI><a href="#[102]">&gt;&gt;</a>&nbsp;&nbsp;&nbsp;_local_sscanf
</UL>

<P><STRONG><a name="[ed]"></a>_scanf_really_real</STRONG> (Thumb, 560 bytes, Stack size 104 bytes, scanf_fp.o(.text), UNUSED)
<BR><BR>[Calls]<UL><LI><a href="#[ef]">&gt;&gt;</a>&nbsp;&nbsp;&nbsp;__aeabi_d2f
<LI><a href="#[ee]">&gt;&gt;</a>&nbsp;&nbsp;&nbsp;_is_digit
<LI><a href="#[e9]">&gt;&gt;</a>&nbsp;&nbsp;&nbsp;_fp_value
</UL>

<P><STRONG><a name="[f0]"></a>strtol</STRONG> (Thumb, 112 bytes, Stack size 32 bytes, strtol.o(.text))
<BR><BR>[Stack]<UL><LI>Max Depth = 72<LI>Call Chain = strtol &rArr; _strtoul
</UL>
<BR>[Calls]<UL><LI><a href="#[e0]">&gt;&gt;</a>&nbsp;&nbsp;&nbsp;__rt_ctype_table
<LI><a href="#[f1]">&gt;&gt;</a>&nbsp;&nbsp;&nbsp;_strtoul
<LI><a href="#[f2]">&gt;&gt;</a>&nbsp;&nbsp;&nbsp;__aeabi_errno_addr
</UL>
<BR>[Called By]<UL><LI><a href="#[f3]">&gt;&gt;</a>&nbsp;&nbsp;&nbsp;atoi
</UL>

<P><STRONG><a name="[f3]"></a>atoi</STRONG> (Thumb, 26 bytes, Stack size 16 bytes, atoi.o(.text))
<BR><BR>[Stack]<UL><LI>Max Depth = 88<LI>Call Chain = atoi &rArr; strtol &rArr; _strtoul
</UL>
<BR>[Calls]<UL><LI><a href="#[f0]">&gt;&gt;</a>&nbsp;&nbsp;&nbsp;strtol
<LI><a href="#[f2]">&gt;&gt;</a>&nbsp;&nbsp;&nbsp;__aeabi_errno_addr
</UL>
<BR>[Called By]<UL><LI><a href="#[330]">&gt;&gt;</a>&nbsp;&nbsp;&nbsp;parse_udp_server_data
</UL>

<P><STRONG><a name="[f4]"></a>__aeabi_dadd</STRONG> (Thumb, 322 bytes, Stack size 48 bytes, dadd.o(.text))
<BR><BR>[Stack]<UL><LI>Max Depth = 88<LI>Call Chain = __aeabi_dadd &rArr; _double_epilogue &rArr; _double_round
</UL>
<BR>[Calls]<UL><LI><a href="#[f6]">&gt;&gt;</a>&nbsp;&nbsp;&nbsp;__aeabi_lasr
<LI><a href="#[f5]">&gt;&gt;</a>&nbsp;&nbsp;&nbsp;__aeabi_llsl
<LI><a href="#[f8]">&gt;&gt;</a>&nbsp;&nbsp;&nbsp;_double_round
<LI><a href="#[f7]">&gt;&gt;</a>&nbsp;&nbsp;&nbsp;_double_epilogue
</UL>
<BR>[Called By]<UL><LI><a href="#[f9]">&gt;&gt;</a>&nbsp;&nbsp;&nbsp;__aeabi_dsub
<LI><a href="#[fa]">&gt;&gt;</a>&nbsp;&nbsp;&nbsp;__aeabi_drsub
<LI><a href="#[197]">&gt;&gt;</a>&nbsp;&nbsp;&nbsp;get_final_gps_data
<LI><a href="#[32c]">&gt;&gt;</a>&nbsp;&nbsp;&nbsp;parse_number
<LI><a href="#[32d]">&gt;&gt;</a>&nbsp;&nbsp;&nbsp;pow
<LI><a href="#[2ef]">&gt;&gt;</a>&nbsp;&nbsp;&nbsp;floor
<LI><a href="#[298]">&gt;&gt;</a>&nbsp;&nbsp;&nbsp;__kernel_poly
<LI><a href="#[29c]">&gt;&gt;</a>&nbsp;&nbsp;&nbsp;_fp_digits
</UL>

<P><STRONG><a name="[f9]"></a>__aeabi_dsub</STRONG> (Thumb, 6 bytes, Stack size 0 bytes, dadd.o(.text))
<BR><BR>[Stack]<UL><LI>Max Depth = 88<LI>Call Chain = __aeabi_dsub &rArr; __aeabi_dadd &rArr; _double_epilogue &rArr; _double_round
</UL>
<BR>[Calls]<UL><LI><a href="#[f4]">&gt;&gt;</a>&nbsp;&nbsp;&nbsp;__aeabi_dadd
</UL>
<BR>[Called By]<UL><LI><a href="#[36d]">&gt;&gt;</a>&nbsp;&nbsp;&nbsp;pro_read_out_temperature
<LI><a href="#[36c]">&gt;&gt;</a>&nbsp;&nbsp;&nbsp;pro_read_in_temperature
<LI><a href="#[197]">&gt;&gt;</a>&nbsp;&nbsp;&nbsp;get_final_gps_data
<LI><a href="#[335]">&gt;&gt;</a>&nbsp;&nbsp;&nbsp;print_number
<LI><a href="#[32c]">&gt;&gt;</a>&nbsp;&nbsp;&nbsp;parse_number
<LI><a href="#[32d]">&gt;&gt;</a>&nbsp;&nbsp;&nbsp;pow
</UL>

<P><STRONG><a name="[fa]"></a>__aeabi_drsub</STRONG> (Thumb, 6 bytes, Stack size 0 bytes, dadd.o(.text))
<BR><BR>[Stack]<UL><LI>Max Depth = 88<LI>Call Chain = __aeabi_drsub &rArr; __aeabi_dadd &rArr; _double_epilogue &rArr; _double_round
</UL>
<BR>[Calls]<UL><LI><a href="#[f4]">&gt;&gt;</a>&nbsp;&nbsp;&nbsp;__aeabi_dadd
</UL>
[...]
<BR>[Called By]<UL><LI><a href="#[177]">&gt;&gt;</a>&nbsp;&nbsp;&nbsp;Driving_experience_project
</UL>

<P><STRONG><a name="[2ed]"></a>NVIC_SystemReset</STRONG> (Thumb, 24 bytes, Stack size 0 bytes, fcar_api.o(i.NVIC_SystemReset))
<BR><BR>[Called By]<UL><LI><a href="#[16e]">&gt;&gt;</a>&nbsp;&nbsp;&nbsp;fcar_data_pack
</UL>

<P><STRONG><a name="[264]"></a>Timer_project_switch</STRONG> (Thumb, 156 bytes, Stack size 32 bytes, fcar_api.o(i.Timer_project_switch))
<BR><BR>[Stack]<UL><LI>Max Depth = 176<LI>Call Chain = Timer_project_switch &rArr; xTimerGenericCommand &rArr; xQueueGenericSend &rArr; xTaskResumeAll &rArr; xTaskIncrementTick
</UL>
<BR>[Calls]<UL><LI><a href="#[25f]">&gt;&gt;</a>&nbsp;&nbsp;&nbsp;xTimerGenericCommand
<LI><a href="#[25e]">&gt;&gt;</a>&nbsp;&nbsp;&nbsp;xTaskGetTickCount
</UL>
<BR>[Called By]<UL><LI><a href="#[16e]">&gt;&gt;</a>&nbsp;&nbsp;&nbsp;fcar_data_pack
<LI><a href="#[3c5]">&gt;&gt;</a>&nbsp;&nbsp;&nbsp;udp_server_cmd_action
</UL>

<P><STRONG><a name="[27a]"></a>Vehicle_GPS_pack_to_server</STRONG> (Thumb, 350 bytes, Stack size 80 bytes, fcar_api.o(i.Vehicle_GPS_pack_to_server))
<BR><BR>[Stack]<UL><LI>Max Depth = 224<LI>Call Chain = Vehicle_GPS_pack_to_server &rArr; cJSON_Print &rArr; print_value &rArr; print_number &rArr; floor &rArr; __aeabi_drsub &rArr; __aeabi_dadd &rArr; _double_epilogue &rArr; _double_round
</UL>
<BR>[Calls]<UL><LI><a href="#[fb]">&gt;&gt;</a>&nbsp;&nbsp;&nbsp;__aeabi_i2d
<LI><a href="#[15f]">&gt;&gt;</a>&nbsp;&nbsp;&nbsp;cJSON_Print
<LI><a href="#[159]">&gt;&gt;</a>&nbsp;&nbsp;&nbsp;cJSON_CreateString
<LI><a href="#[158]">&gt;&gt;</a>&nbsp;&nbsp;&nbsp;cJSON_CreateObject
<LI><a href="#[27b]">&gt;&gt;</a>&nbsp;&nbsp;&nbsp;cJSON_CreateNumber
<LI><a href="#[15a]">&gt;&gt;</a>&nbsp;&nbsp;&nbsp;cJSON_AddItemToObject
<LI><a href="#[14d]">&gt;&gt;</a>&nbsp;&nbsp;&nbsp;__aeabi_memclr4
<LI><a href="#[2]">&gt;&gt;</a>&nbsp;&nbsp;&nbsp;free
<LI><a href="#[15b]">&gt;&gt;</a>&nbsp;&nbsp;&nbsp;__2sprintf
<LI><a href="#[160]">&gt;&gt;</a>&nbsp;&nbsp;&nbsp;__2printf
</UL>
<BR>[Called By]<UL><LI><a href="#[27c]">&gt;&gt;</a>&nbsp;&nbsp;&nbsp;Vehicle_GPS_project
</UL>

<P><STRONG><a name="[27d]"></a>Vehicle_diagnosis_pack_to_server</STRONG> (Thumb, 362 bytes, Stack size 88 bytes, fcar_api.o(i.Vehicle_diagnosis_pack_to_server))
<BR><BR>[Stack]<UL><LI>Max Depth = 352<LI>Call Chain = Vehicle_diagnosis_pack_to_server &rArr; status_ready_pack_to_json &rArr; cJSON_Print &rArr; print_value &rArr; print_number &rArr; floor &rArr; __aeabi_drsub &rArr; __aeabi_dadd &rArr; _double_epilogue &rArr; _double_round
</UL>
<BR>[Calls]<UL><LI><a href="#[27e]">&gt;&gt;</a>&nbsp;&nbsp;&nbsp;status_ready_pack_to_json
<LI><a href="#[15d]">&gt;&gt;</a>&nbsp;&nbsp;&nbsp;cJSON_PrintUnformatted
<LI><a href="#[15e]">&gt;&gt;</a>&nbsp;&nbsp;&nbsp;cJSON_Delete
<LI><a href="#[15f]">&gt;&gt;</a>&nbsp;&nbsp;&nbsp;cJSON_Print
<LI><a href="#[159]">&gt;&gt;</a>&nbsp;&nbsp;&nbsp;cJSON_CreateString
<LI><a href="#[158]">&gt;&gt;</a>&nbsp;&nbsp;&nbsp;cJSON_CreateObject
<LI><a href="#[15a]">&gt;&gt;</a>&nbsp;&nbsp;&nbsp;cJSON_AddItemToObject
<LI><a href="#[14d]">&gt;&gt;</a>&nbsp;&nbsp;&nbsp;__aeabi_memclr4
<LI><a href="#[2]">&gt;&gt;</a>&nbsp;&nbsp;&nbsp;free
<LI><a href="#[15b]">&gt;&gt;</a>&nbsp;&nbsp;&nbsp;__2sprintf
<LI><a href="#[160]">&gt;&gt;</a>&nbsp;&nbsp;&nbsp;__2printf
</UL>
<BR>[Called By]<UL><LI><a href="#[27f]">&gt;&gt;</a>&nbsp;&nbsp;&nbsp;Vehicle_diagnosis_project
</UL>

<P><STRONG><a name="[282]"></a>Vehicle_login_pack_to_server</STRONG> (Thumb, 400 bytes, Stack size 856 bytes, fcar_api.o(i.Vehicle_login_pack_to_server))
<BR><BR>[Stack]<UL><LI>Max Depth = 2552<LI>Call Chain = Vehicle_login_pack_to_server &rArr; Post_Request_pack &rArr; parse_http_server_data &rArr; parse_ADDCARIO_data &rArr; get_OBD_Prop &rArr; watch_startMD5 &rArr; watch_MD5Digest &rArr; MD5Final &rArr; MD5Update &rArr; MD5Transform &rArr; MD5Decode
</UL>
<BR>[Calls]<UL><LI><a href="#[11c]">&gt;&gt;</a>&nbsp;&nbsp;&nbsp;vTaskDelay
<LI><a href="#[283]">&gt;&gt;</a>&nbsp;&nbsp;&nbsp;post_head_switch
<LI><a href="#[226]">&gt;&gt;</a>&nbsp;&nbsp;&nbsp;Post_Request_pack
<LI><a href="#[167]">&gt;&gt;</a>&nbsp;&nbsp;&nbsp;strlen
<LI><a href="#[14d]">&gt;&gt;</a>&nbsp;&nbsp;&nbsp;__aeabi_memclr4
<LI><a href="#[15b]">&gt;&gt;</a>&nbsp;&nbsp;&nbsp;__2sprintf
<LI><a href="#[160]">&gt;&gt;</a>&nbsp;&nbsp;&nbsp;__2printf
</UL>
<BR>[Called By]<UL><LI><a href="#[284]">&gt;&gt;</a>&nbsp;&nbsp;&nbsp;Vehicle_login_project
</UL>

<P><STRONG><a name="[285]"></a>Vehicle_status_pack_to_server</STRONG> (Thumb, 180 bytes, Stack size 144 bytes, fcar_api.o(i.Vehicle_status_pack_to_server))
<BR><BR>[Stack]<UL><LI>Max Depth = 1840<LI>Call Chain = Vehicle_status_pack_to_server &rArr; Post_Request_pack &rArr; parse_http_server_data &rArr; parse_ADDCARIO_data &rArr; get_OBD_Prop &rArr; watch_startMD5 &rArr; watch_MD5Digest &rArr; MD5Final &rArr; MD5Update &rArr; MD5Transform &rArr; MD5Decode
</UL>
<BR>[Calls]<UL><LI><a href="#[11c]">&gt;&gt;</a>&nbsp;&nbsp;&nbsp;vTaskDelay
<LI><a href="#[283]">&gt;&gt;</a>&nbsp;&nbsp;&nbsp;post_head_switch
<LI><a href="#[226]">&gt;&gt;</a>&nbsp;&nbsp;&nbsp;Post_Request_pack
<LI><a href="#[167]">&gt;&gt;</a>&nbsp;&nbsp;&nbsp;strlen
<LI><a href="#[14d]">&gt;&gt;</a>&nbsp;&nbsp;&nbsp;__aeabi_memclr4
<LI><a href="#[15b]">&gt;&gt;</a>&nbsp;&nbsp;&nbsp;__2sprintf
<LI><a href="#[160]">&gt;&gt;</a>&nbsp;&nbsp;&nbsp;__2printf
</UL>
<BR>[Called By]<UL><LI><a href="#[286]">&gt;&gt;</a>&nbsp;&nbsp;&nbsp;Vehicle_status_project
</UL>

<P><STRONG><a name="[15c]"></a>iupr_pack_to_json</STRONG> (Thumb, 148 bytes, Stack size 120 bytes, fcar_api.o(i.iupr_pack_to_json))
<BR><BR>[Stack]<UL><LI>Max Depth = 264<LI>Call Chain = iupr_pack_to_json &rArr; cJSON_Print &rArr; print_value &rArr; print_number &rArr; floor &rArr; __aeabi_drsub &rArr; __aeabi_dadd &rArr; _double_epilogue &rArr; _double_round
</UL>
<BR>[Calls]<UL><LI><a href="#[15f]">&gt;&gt;</a>&nbsp;&nbsp;&nbsp;cJSON_Print
<LI><a href="#[159]">&gt;&gt;</a>&nbsp;&nbsp;&nbsp;cJSON_CreateString
<LI><a href="#[158]">&gt;&gt;</a>&nbsp;&nbsp;&nbsp;cJSON_CreateObject
<LI><a href="#[15a]">&gt;&gt;</a>&nbsp;&nbsp;&nbsp;cJSON_AddItemToObject
<LI><a href="#[167]">&gt;&gt;</a>&nbsp;&nbsp;&nbsp;strlen
<LI><a href="#[1f8]">&gt;&gt;</a>&nbsp;&nbsp;&nbsp;__aeabi_memcpy4
<LI><a href="#[2]">&gt;&gt;</a>&nbsp;&nbsp;&nbsp;free
<LI><a href="#[15b]">&gt;&gt;</a>&nbsp;&nbsp;&nbsp;__2sprintf
<LI><a href="#[160]">&gt;&gt;</a>&nbsp;&nbsp;&nbsp;__2printf
</UL>
<BR>[Called By]<UL><LI><a href="#[157]">&gt;&gt;</a>&nbsp;&nbsp;&nbsp;Data_collection_pack_to_server
</UL>

<P><STRONG><a name="[27e]"></a>status_ready_pack_to_json</STRONG> (Thumb, 148 bytes, Stack size 120 bytes, fcar_api.o(i.status_ready_pack_to_json))
<BR><BR>[Stack]<UL><LI>Max Depth = 264<LI>Call Chain = status_ready_pack_to_json &rArr; cJSON_Print &rArr; print_value &rArr; print_number &rArr; floor &rArr; __aeabi_drsub &rArr; __aeabi_dadd &rArr; _double_epilogue &rArr; _double_round
</UL>
<BR>[Calls]<UL><LI><a href="#[15f]">&gt;&gt;</a>&nbsp;&nbsp;&nbsp;cJSON_Print
<LI><a href="#[159]">&gt;&gt;</a>&nbsp;&nbsp;&nbsp;cJSON_CreateString
<LI><a href="#[158]">&gt;&gt;</a>&nbsp;&nbsp;&nbsp;cJSON_CreateObject
<LI><a href="#[15a]">&gt;&gt;</a>&nbsp;&nbsp;&nbsp;cJSON_AddItemToObject
<LI><a href="#[167]">&gt;&gt;</a>&nbsp;&nbsp;&nbsp;strlen
<LI><a href="#[1f8]">&gt;&gt;</a>&nbsp;&nbsp;&nbsp;__aeabi_memcpy4
<LI><a href="#[2]">&gt;&gt;</a>&nbsp;&nbsp;&nbsp;free
<LI><a href="#[15b]">&gt;&gt;</a>&nbsp;&nbsp;&nbsp;__2sprintf
<LI><a href="#[160]">&gt;&gt;</a>&nbsp;&nbsp;&nbsp;__2printf
</UL>
<BR>[Called By]<UL><LI><a href="#[27d]">&gt;&gt;</a>&nbsp;&nbsp;&nbsp;Vehicle_diagnosis_pack_to_server
</UL>

<P><STRONG><a name="[2a6]"></a>cJSON_New_Item</STRONG> (Thumb, 24 bytes, Stack size 8 bytes, cjson.o(i.cJSON_New_Item))
<BR><BR>[Stack]<UL><LI>Max Depth = 8<LI>Call Chain = cJSON_New_Item
</UL>
<BR>[Calls]<UL><LI><a href="#[14d]">&gt;&gt;</a>&nbsp;&nbsp;&nbsp;__aeabi_memclr4
</UL>
<BR>[Called By]<UL><LI><a href="#[2a9]">&gt;&gt;</a>&nbsp;&nbsp;&nbsp;cJSON_ParseWithOpts
<LI><a href="#[32e]">&gt;&gt;</a>&nbsp;&nbsp;&nbsp;parse_object
<LI><a href="#[32b]">&gt;&gt;</a>&nbsp;&nbsp;&nbsp;parse_array
<LI><a href="#[159]">&gt;&gt;</a>&nbsp;&nbsp;&nbsp;cJSON_CreateString
<LI><a href="#[158]">&gt;&gt;</a>&nbsp;&nbsp;&nbsp;cJSON_CreateObject
<LI><a href="#[27b]">&gt;&gt;</a>&nbsp;&nbsp;&nbsp;cJSON_CreateNumber
</UL>

<P><STRONG><a name="[2a8]"></a>cJSON_strcasecmp</STRONG> (Thumb, 66 bytes, Stack size 16 bytes, cjson.o(i.cJSON_strcasecmp))
<BR><BR>[Stack]<UL><LI>Max Depth = 16<LI>Call Chain = cJSON_strcasecmp
</UL>
<BR>[Calls]<UL><LI><a href="#[2ad]">&gt;&gt;</a>&nbsp;&nbsp;&nbsp;tolower
</UL>
<BR>[Called By]<UL><LI><a href="#[2a7]">&gt;&gt;</a>&nbsp;&nbsp;&nbsp;cJSON_GetObjectItem
</UL>

<P><STRONG><a name="[2a4]"></a>cJSON_strdup</STRONG> (Thumb, 34 bytes, Stack size 16 bytes, cjson.o(i.cJSON_strdup))
<BR><BR>[Stack]<UL><LI>Max Depth = 24<LI>Call Chain = cJSON_strdup &rArr; __aeabi_memcpy
</UL>
<BR>[Calls]<UL><LI><a href="#[167]">&gt;&gt;</a>&nbsp;&nbsp;&nbsp;strlen
<LI><a href="#[147]">&gt;&gt;</a>&nbsp;&nbsp;&nbsp;__aeabi_memcpy
</UL>
<BR>[Called By]<UL><LI><a href="#[2ac]">&gt;&gt;</a>&nbsp;&nbsp;&nbsp;print_value
<LI><a href="#[338]">&gt;&gt;</a>&nbsp;&nbsp;&nbsp;print_string_ptr
<LI><a href="#[159]">&gt;&gt;</a>&nbsp;&nbsp;&nbsp;cJSON_CreateString
<LI><a href="#[15a]">&gt;&gt;</a>&nbsp;&nbsp;&nbsp;cJSON_AddItemToObject
</UL>

<P><STRONG><a name="[32b]"></a>parse_array</STRONG> (Thumb, 114 bytes, Stack size 24 bytes, cjson.o(i.parse_array), UNUSED)
<BR><BR>[Calls]<UL><LI><a href="#[2aa]">&gt;&gt;</a>&nbsp;&nbsp;&nbsp;skip
<LI><a href="#[2ab]">&gt;&gt;</a>&nbsp;&nbsp;&nbsp;parse_value
<LI><a href="#[2a6]">&gt;&gt;</a>&nbsp;&nbsp;&nbsp;cJSON_New_Item
</UL>
<BR>[Called By]<UL><LI><a href="#[2ab]">&gt;&gt;</a>&nbsp;&nbsp;&nbsp;parse_value
</UL>

<P><STRONG><a name="[32c]"></a>parse_number</STRONG> (Thumb, 332 bytes, Stack size 56 bytes, cjson.o(i.parse_number), UNUSED)
<BR><BR>[Calls]<UL><LI><a href="#[eb]">&gt;&gt;</a>&nbsp;&nbsp;&nbsp;__aeabi_dmul
<LI><a href="#[fb]">&gt;&gt;</a>&nbsp;&nbsp;&nbsp;__aeabi_i2d
<LI><a href="#[f9]">&gt;&gt;</a>&nbsp;&nbsp;&nbsp;__aeabi_dsub
<LI><a href="#[fd]">&gt;&gt;</a>&nbsp;&nbsp;&nbsp;__aeabi_d2iz
<LI><a href="#[f4]">&gt;&gt;</a>&nbsp;&nbsp;&nbsp;__aeabi_dadd
<LI><a href="#[32d]">&gt;&gt;</a>&nbsp;&nbsp;&nbsp;pow
</UL>
<BR>[Called By]<UL><LI><a href="#[2ab]">&gt;&gt;</a>&nbsp;&nbsp;&nbsp;parse_value
</UL>

<P><STRONG><a name="[32e]"></a>parse_object</STRONG> (Thumb, 180 bytes, Stack size 24 bytes, cjson.o(i.parse_object), UNUSED)
<BR><BR>[Calls]<UL><LI><a href="#[2aa]">&gt;&gt;</a>&nbsp;&nbsp;&nbsp;skip
<LI><a href="#[2ab]">&gt;&gt;</a>&nbsp;&nbsp;&nbsp;parse_value
<LI><a href="#[32f]">&gt;&gt;</a>&nbsp;&nbsp;&nbsp;parse_string
<LI><a href="#[2a6]">&gt;&gt;</a>&nbsp;&nbsp;&nbsp;cJSON_New_Item
</UL>
<BR>[Called By]<UL><LI><a href="#[2ab]">&gt;&gt;</a>&nbsp;&nbsp;&nbsp;parse_value
</UL>

<P><STRONG><a name="[32f]"></a>parse_string</STRONG> (Thumb, 394 bytes, Stack size 32 bytes, cjson.o(i.parse_string), UNUSED)
<BR><BR>[Calls]<UL><LI><a href="#[e5]">&gt;&gt;</a>&nbsp;&nbsp;&nbsp;__0sscanf
</UL>
<BR>[Called By]<UL><LI><a href="#[2ab]">&gt;&gt;</a>&nbsp;&nbsp;&nbsp;parse_value
<LI><a href="#[32e]">&gt;&gt;</a>&nbsp;&nbsp;&nbsp;parse_object
</UL>

<P><STRONG><a name="[2ab]"></a>parse_value</STRONG> (Thumb, 152 bytes, Stack size 16 bytes, cjson.o(i.parse_value), UNUSED)
<BR><BR>[Calls]<UL><LI><a href="#[32f]">&gt;&gt;</a>&nbsp;&nbsp;&nbsp;parse_string
<LI><a href="#[32e]">&gt;&gt;</a>&nbsp;&nbsp;&nbsp;parse_object
<LI><a href="#[32c]">&gt;&gt;</a>&nbsp;&nbsp;&nbsp;parse_number
<LI><a href="#[32b]">&gt;&gt;</a>&nbsp;&nbsp;&nbsp;parse_array
<LI><a href="#[320]">&gt;&gt;</a>&nbsp;&nbsp;&nbsp;strncmp
</UL>
<BR>[Called By]<UL><LI><a href="#[2a9]">&gt;&gt;</a>&nbsp;&nbsp;&nbsp;cJSON_ParseWithOpts
<LI><a href="#[32e]">&gt;&gt;</a>&nbsp;&nbsp;&nbsp;parse_object
<LI><a href="#[32b]">&gt;&gt;</a>&nbsp;&nbsp;&nbsp;parse_array
</UL>

<P><STRONG><a name="[334]"></a>print_array</STRONG> (Thumb, 290 bytes, Stack size 48 bytes, cjson.o(i.print_array))
<BR><BR>[Stack]<UL><LI>Max Depth = 48 + In Cycle
<LI>Call Chain = print_array &rArr;  print_value (Cycle)
</UL>
<BR>[Calls]<UL><LI><a href="#[2ac]">&gt;&gt;</a>&nbsp;&nbsp;&nbsp;print_value
<LI><a href="#[26f]">&gt;&gt;</a>&nbsp;&nbsp;&nbsp;strcpy
<LI><a href="#[167]">&gt;&gt;</a>&nbsp;&nbsp;&nbsp;strlen
<LI><a href="#[14d]">&gt;&gt;</a>&nbsp;&nbsp;&nbsp;__aeabi_memclr4
</UL>
<BR>[Called By]<UL><LI><a href="#[2ac]">&gt;&gt;</a>&nbsp;&nbsp;&nbsp;print_value
</UL>

<P><STRONG><a name="[335]"></a>print_number</STRONG> (Thumb, 216 bytes, Stack size 24 bytes, cjson.o(i.print_number))
<BR><BR>[Stack]<UL><LI>Max Depth = 136<LI>Call Chain = print_number &rArr; floor &rArr; __aeabi_drsub &rArr; __aeabi_dadd &rArr; _double_epilogue &rArr; _double_round
</UL>
<BR>[Calls]<UL><LI><a href="#[fb]">&gt;&gt;</a>&nbsp;&nbsp;&nbsp;__aeabi_i2d
<LI><a href="#[29d]">&gt;&gt;</a>&nbsp;&nbsp;&nbsp;__aeabi_cdrcmple
<LI><a href="#[336]">&gt;&gt;</a>&nbsp;&nbsp;&nbsp;__aeabi_cdcmple
<LI><a href="#[f9]">&gt;&gt;</a>&nbsp;&nbsp;&nbsp;__aeabi_dsub
<LI><a href="#[2ef]">&gt;&gt;</a>&nbsp;&nbsp;&nbsp;floor
<LI><a href="#[15b]">&gt;&gt;</a>&nbsp;&nbsp;&nbsp;__2sprintf
</UL>
<BR>[Called By]<UL><LI><a href="#[2ac]">&gt;&gt;</a>&nbsp;&nbsp;&nbsp;print_value
</UL>

<P><STRONG><a name="[337]"></a>print_object</STRONG> (Thumb, 526 bytes, Stack size 48 bytes, cjson.o(i.print_object))
<BR><BR>[Stack]<UL><LI>Max Depth = 96 + In Cycle
<LI>Call Chain = print_object &rArr;  print_value (Cycle)
</UL>
<BR>[Calls]<UL><LI><a href="#[2ac]">&gt;&gt;</a>&nbsp;&nbsp;&nbsp;print_value
<LI><a href="#[338]">&gt;&gt;</a>&nbsp;&nbsp;&nbsp;print_string_ptr
<LI><a href="#[26f]">&gt;&gt;</a>&nbsp;&nbsp;&nbsp;strcpy
<LI><a href="#[167]">&gt;&gt;</a>&nbsp;&nbsp;&nbsp;strlen
<LI><a href="#[14d]">&gt;&gt;</a>&nbsp;&nbsp;&nbsp;__aeabi_memclr4
</UL>
<BR>[Called By]<UL><LI><a href="#[2ac]">&gt;&gt;</a>&nbsp;&nbsp;&nbsp;print_value
</UL>

<P><STRONG><a name="[338]"></a>print_string_ptr</STRONG> (Thumb, 202 bytes, Stack size 24 bytes, cjson.o(i.print_string_ptr))
<BR><BR>[Stack]<UL><LI>Max Depth = 48<LI>Call Chain = print_string_ptr &rArr; cJSON_strdup &rArr; __aeabi_memcpy
</UL>
<BR>[Calls]<UL><LI><a href="#[2a4]">&gt;&gt;</a>&nbsp;&nbsp;&nbsp;cJSON_strdup
<LI><a href="#[339]">&gt;&gt;</a>&nbsp;&nbsp;&nbsp;strchr
<LI><a href="#[15b]">&gt;&gt;</a>&nbsp;&nbsp;&nbsp;__2sprintf
</UL>
<BR>[Called By]<UL><LI><a href="#[2ac]">&gt;&gt;</a>&nbsp;&nbsp;&nbsp;print_value
<LI><a href="#[337]">&gt;&gt;</a>&nbsp;&nbsp;&nbsp;print_object
</UL>

<P><STRONG><a name="[2ac]"></a>print_value</STRONG> (Thumb, 82 bytes, Stack size 8 bytes, cjson.o(i.print_value))
<BR><BR>[Stack]<UL><LI>Max Depth = 144<LI>Call Chain = print_value &rArr; print_number &rArr; floor &rArr; __aeabi_drsub &rArr; __aeabi_dadd &rArr; _double_epilogue &rArr; _double_round
</UL>
<BR>[Calls]<UL><LI><a href="#[338]">&gt;&gt;</a>&nbsp;&nbsp;&nbsp;print_string_ptr
<LI><a href="#[337]">&gt;&gt;</a>&nbsp;&nbsp;&nbsp;print_object
<LI><a href="#[335]">&gt;&gt;</a>&nbsp;&nbsp;&nbsp;print_number
<LI><a href="#[334]">&gt;&gt;</a>&nbsp;&nbsp;&nbsp;print_array
<LI><a href="#[2a4]">&gt;&gt;</a>&nbsp;&nbsp;&nbsp;cJSON_strdup
</UL>
<BR>[Called By]<UL><LI><a href="#[15d]">&gt;&gt;</a>&nbsp;&nbsp;&nbsp;cJSON_PrintUnformatted
<LI><a href="#[337]">&gt;&gt;</a>&nbsp;&nbsp;&nbsp;print_object
<LI><a href="#[334]">&gt;&gt;</a>&nbsp;&nbsp;&nbsp;print_array
<LI><a href="#[15f]">&gt;&gt;</a>&nbsp;&nbsp;&nbsp;cJSON_Print
</UL>

<P><STRONG><a name="[2aa]"></a>skip</STRONG> (Thumb, 20 bytes, Stack size 0 bytes, cjson.o(i.skip), UNUSED)
<BR><BR>[Called By]<UL><LI><a href="#[2a9]">&gt;&gt;</a>&nbsp;&nbsp;&nbsp;cJSON_ParseWithOpts
<LI><a href="#[32e]">&gt;&gt;</a>&nbsp;&nbsp;&nbsp;parse_object
<LI><a href="#[32b]">&gt;&gt;</a>&nbsp;&nbsp;&nbsp;parse_array
</UL>

<P><STRONG><a name="[29c]"></a>_fp_digits</STRONG> (Thumb, 326 bytes, Stack size 56 bytes, printfa.o(i._fp_digits), UNUSED)
<BR><BR>[Calls]<UL><LI><a href="#[eb]">&gt;&gt;</a>&nbsp;&nbsp;&nbsp;__aeabi_dmul
<LI><a href="#[ec]">&gt;&gt;</a>&nbsp;&nbsp;&nbsp;__aeabi_ddiv
<LI><a href="#[29d]">&gt;&gt;</a>&nbsp;&nbsp;&nbsp;__aeabi_cdrcmple
<LI><a href="#[f4]">&gt;&gt;</a>&nbsp;&nbsp;&nbsp;__aeabi_dadd
<LI><a href="#[100]">&gt;&gt;</a>&nbsp;&nbsp;&nbsp;__aeabi_uldivmod
<LI><a href="#[106]">&gt;&gt;</a>&nbsp;&nbsp;&nbsp;__aeabi_d2ulz
</UL>
<BR>[Called By]<UL><LI><a href="#[294]">&gt;&gt;</a>&nbsp;&nbsp;&nbsp;_printf_core
</UL>

<P><STRONG><a name="[294]"></a>_printf_core</STRONG> (Thumb, 1762 bytes, Stack size 136 bytes, printfa.o(i._printf_core), UNUSED)
<BR><BR>[Calls]<UL><LI><a href="#[100]">&gt;&gt;</a>&nbsp;&nbsp;&nbsp;__aeabi_uldivmod
<LI><a href="#[2a1]">&gt;&gt;</a>&nbsp;&nbsp;&nbsp;__aeabi_uidivmod
<LI><a href="#[29f]">&gt;&gt;</a>&nbsp;&nbsp;&nbsp;_printf_pre_padding
<LI><a href="#[2a0]">&gt;&gt;</a>&nbsp;&nbsp;&nbsp;_printf_post_padding
<LI><a href="#[29c]">&gt;&gt;</a>&nbsp;&nbsp;&nbsp;_fp_digits
</UL>
<BR>[Called By]<UL><LI><a href="#[297]">&gt;&gt;</a>&nbsp;&nbsp;&nbsp;__0vsprintf
<LI><a href="#[296]">&gt;&gt;</a>&nbsp;&nbsp;&nbsp;__0sprintf
<LI><a href="#[295]">&gt;&gt;</a>&nbsp;&nbsp;&nbsp;__0snprintf
<LI><a href="#[293]">&gt;&gt;</a>&nbsp;&nbsp;&nbsp;__0printf
</UL>

<P><STRONG><a name="[2a0]"></a>_printf_post_padding</STRONG> (Thumb, 38 bytes, Stack size 24 bytes, printfa.o(i._printf_post_padding), UNUSED)
<BR><BR>[Called By]<UL><LI><a href="#[294]">&gt;&gt;</a>&nbsp;&nbsp;&nbsp;_printf_core
</UL>

<P><STRONG><a name="[29f]"></a>_printf_pre_padding</STRONG> (Thumb, 48 bytes, Stack size 24 bytes, printfa.o(i._printf_pre_padding), UNUSED)
<BR><BR>[Called By]<UL><LI><a href="#[294]">&gt;&gt;</a>&nbsp;&nbsp;&nbsp;_printf_core
</UL>

<P><STRONG><a name="[ba]"></a>_snputc</STRONG> (Thumb, 22 bytes, Stack size 0 bytes, printfa.o(i._snputc))
<BR>[Address Reference Count : 1]<UL><LI> printfa.o(i.__0snprintf)
</UL>
<P><STRONG><a name="[bb]"></a>_sputc</STRONG> (Thumb, 10 bytes, Stack size 0 bytes, printfa.o(i._sputc))
<BR><BR>[Called By]<UL><LI><a href="#[297]">&gt;&gt;</a>&nbsp;&nbsp;&nbsp;__0vsprintf
<LI><a href="#[296]">&gt;&gt;</a>&nbsp;&nbsp;&nbsp;__0sprintf
</UL>
<BR>[Address Reference Count : 2]<UL><LI> printfa.o(i.__0sprintf)
<LI> printfa.o(i.__0vsprintf)
</UL>
<P><STRONG><a name="[299]"></a>internal_alloc</STRONG> (Thumb, 76 bytes, Stack size 24 bytes, mallocr.o(i.internal_alloc))
<BR><BR>[Stack]<UL><LI>Max Depth = 32<LI>Call Chain = internal_alloc &rArr; __aeabi_memcpy
</UL>
<BR>[Calls]<UL><LI><a href="#[147]">&gt;&gt;</a>&nbsp;&nbsp;&nbsp;__aeabi_memcpy
</UL>
<BR>[Called By]<UL><LI><a href="#[1]">&gt;&gt;</a>&nbsp;&nbsp;&nbsp;malloc
</UL>

<P><STRONG><a name="[e9]"></a>_fp_value</STRONG> (Thumb, 256 bytes, Stack size 56 bytes, scanf_fp.o(.text), UNUSED)
<BR><BR>[Calls]<UL><LI><a href="#[eb]">&gt;&gt;</a>&nbsp;&nbsp;&nbsp;__aeabi_dmul
<LI><a href="#[ec]">&gt;&gt;</a>&nbsp;&nbsp;&nbsp;__aeabi_ddiv
<LI><a href="#[ea]">&gt;&gt;</a>&nbsp;&nbsp;&nbsp;__aeabi_ul2d
</UL>
<BR>[Called By]<UL><LI><a href="#[ed]">&gt;&gt;</a>&nbsp;&nbsp;&nbsp;_scanf_really_real
</UL>

<P><STRONG><a name="[63]"></a>_scanf_char_input</STRONG> (Thumb, 12 bytes, Stack size 0 bytes, scanf_char.o(.text))
<BR>[Address Reference Count : 1]<UL><LI> scanf_char.o(.text)
</UL>
<P><STRONG><a name="[102]"></a>_local_sscanf</STRONG> (Thumb, 54 bytes, Stack size 56 bytes, strtod.o(.text), UNUSED)
<BR><BR>[Calls]<UL><LI><a href="#[103]">&gt;&gt;</a>&nbsp;&nbsp;&nbsp;_scanf_real
</UL>
<BR>[Called By]<UL><LI><a href="#[104]">&gt;&gt;</a>&nbsp;&nbsp;&nbsp;__strtod_int
</UL>
<P>
<H3>
Undefined Global Symbols
</H3><HR></body></html>
