ARM Linker, 5.03 [Build 76] [MDK-ARM Standard]

==============================================================================

Section Cross References

    main.o(i.Delay) refers to main.o(.data) for .data
    main.o(i.TimingDelay_Decrement) refers to main.o(.data) for .data
    main.o(i.main) refers to stm32f2xx_rcc.o(i.RCC_GetClocksFreq) for RCC_GetClocksFreq
    main.o(i.main) refers to printf1.o(i.__0printf$1) for __2printf
    main.o(i.main) refers to stm322xg_eval.o(i.STM_EVAL_LEDInit) for STM_EVAL_LEDInit
    main.o(i.main) refers to stm322xg_eval_lcd.o(i.STM322xG_LCD_Init) for STM322xG_LCD_Init
    main.o(i.main) refers to stm322xg_eval_lcd.o(i.LCD_Clear) for LCD_Clear
    main.o(i.main) refers to stm322xg_eval_lcd.o(i.LCD_SetBackColor) for LCD_SetBackColor
    main.o(i.main) refers to stm322xg_eval_lcd.o(i.LCD_SetTextColor) for LCD_SetTextColor
    main.o(i.main) refers to stm322xg_eval_lcd.o(i.LCD_GetFont) for LCD_GetFont
    main.o(i.main) refers to stm322xg_eval_lcd.o(i.LCD_DisplayStringLine) for LCD_DisplayStringLine
    main.o(i.main) refers to stm322xg_eval.o(i.STM_EVAL_LEDOn) for STM_EVAL_LEDOn
    main.o(i.main) refers to main_minivci.o(i.main_minivci_app) for main_minivci_app
    stm322xg_eval_fsmc_sram.o(i.SRAM_Init) refers to stm32f2xx_rcc.o(i.RCC_AHB1PeriphClockCmd) for RCC_AHB1PeriphClockCmd
    stm322xg_eval_fsmc_sram.o(i.SRAM_Init) refers to stm32f2xx_rcc.o(i.RCC_AHB3PeriphClockCmd) for RCC_AHB3PeriphClockCmd
    stm322xg_eval_fsmc_sram.o(i.SRAM_Init) refers to stm32f2xx_gpio.o(i.GPIO_PinAFConfig) for GPIO_PinAFConfig
    stm322xg_eval_fsmc_sram.o(i.SRAM_Init) refers to stm32f2xx_gpio.o(i.GPIO_Init) for GPIO_Init
    stm322xg_eval_fsmc_sram.o(i.SRAM_Init) refers to stm32f2xx_fsmc.o(i.FSMC_NORSRAMInit) for FSMC_NORSRAMInit
    stm322xg_eval_fsmc_sram.o(i.SRAM_Init) refers to stm32f2xx_fsmc.o(i.FSMC_NORSRAMCmd) for FSMC_NORSRAMCmd
    stm322xg_eval_ioe.o(i.I2C_ReadDataBuffer) refers to stm322xg_eval_ioe.o(i.IOE_DMA_Config) for IOE_DMA_Config
    stm322xg_eval_ioe.o(i.I2C_ReadDataBuffer) refers to stm32f2xx_i2c.o(i.I2C_DMALastTransferCmd) for I2C_DMALastTransferCmd
    stm322xg_eval_ioe.o(i.I2C_ReadDataBuffer) refers to stm32f2xx_i2c.o(i.I2C_GenerateSTART) for I2C_GenerateSTART
    stm322xg_eval_ioe.o(i.I2C_ReadDataBuffer) refers to stm32f2xx_i2c.o(i.I2C_GetFlagStatus) for I2C_GetFlagStatus
    stm322xg_eval_ioe.o(i.I2C_ReadDataBuffer) refers to stm32f2xx_i2c.o(i.I2C_Send7bitAddress) for I2C_Send7bitAddress
    stm322xg_eval_ioe.o(i.I2C_ReadDataBuffer) refers to stm32f2xx_i2c.o(i.I2C_CheckEvent) for I2C_CheckEvent
    stm322xg_eval_ioe.o(i.I2C_ReadDataBuffer) refers to stm32f2xx_i2c.o(i.I2C_SendData) for I2C_SendData
    stm322xg_eval_ioe.o(i.I2C_ReadDataBuffer) refers to stm32f2xx_i2c.o(i.I2C_DMACmd) for I2C_DMACmd
    stm322xg_eval_ioe.o(i.I2C_ReadDataBuffer) refers to stm32f2xx_dma.o(i.DMA_Cmd) for DMA_Cmd
    stm322xg_eval_ioe.o(i.I2C_ReadDataBuffer) refers to stm32f2xx_dma.o(i.DMA_GetFlagStatus) for DMA_GetFlagStatus
    stm322xg_eval_ioe.o(i.I2C_ReadDataBuffer) refers to stm32f2xx_i2c.o(i.I2C_GenerateSTOP) for I2C_GenerateSTOP
    stm322xg_eval_ioe.o(i.I2C_ReadDataBuffer) refers to stm32f2xx_dma.o(i.DMA_ClearFlag) for DMA_ClearFlag
    stm322xg_eval_ioe.o(i.I2C_ReadDataBuffer) refers to stm322xg_eval_ioe.o(.data) for .data
    stm322xg_eval_ioe.o(i.I2C_ReadDeviceRegister) refers to stm322xg_eval_ioe.o(i.IOE_DMA_Config) for IOE_DMA_Config
    stm322xg_eval_ioe.o(i.I2C_ReadDeviceRegister) refers to stm32f2xx_i2c.o(i.I2C_DMALastTransferCmd) for I2C_DMALastTransferCmd
    stm322xg_eval_ioe.o(i.I2C_ReadDeviceRegister) refers to stm32f2xx_i2c.o(i.I2C_GenerateSTART) for I2C_GenerateSTART
    stm322xg_eval_ioe.o(i.I2C_ReadDeviceRegister) refers to stm32f2xx_i2c.o(i.I2C_GetFlagStatus) for I2C_GetFlagStatus
    stm322xg_eval_ioe.o(i.I2C_ReadDeviceRegister) refers to stm32f2xx_i2c.o(i.I2C_Send7bitAddress) for I2C_Send7bitAddress
    stm322xg_eval_ioe.o(i.I2C_ReadDeviceRegister) refers to stm32f2xx_i2c.o(i.I2C_CheckEvent) for I2C_CheckEvent
    stm322xg_eval_ioe.o(i.I2C_ReadDeviceRegister) refers to stm32f2xx_i2c.o(i.I2C_SendData) for I2C_SendData
    stm322xg_eval_ioe.o(i.I2C_ReadDeviceRegister) refers to stm32f2xx_i2c.o(i.I2C_DMACmd) for I2C_DMACmd
    stm322xg_eval_ioe.o(i.I2C_ReadDeviceRegister) refers to stm32f2xx_dma.o(i.DMA_Cmd) for DMA_Cmd
    stm322xg_eval_ioe.o(i.I2C_ReadDeviceRegister) refers to stm32f2xx_dma.o(i.DMA_GetFlagStatus) for DMA_GetFlagStatus
    stm322xg_eval_ioe.o(i.I2C_ReadDeviceRegister) refers to stm32f2xx_i2c.o(i.I2C_GenerateSTOP) for I2C_GenerateSTOP
    stm322xg_eval_ioe.o(i.I2C_ReadDeviceRegister) refers to stm32f2xx_dma.o(i.DMA_ClearFlag) for DMA_ClearFlag
    stm322xg_eval_ioe.o(i.I2C_ReadDeviceRegister) refers to stm322xg_eval_ioe.o(.data) for .data
    stm322xg_eval_ioe.o(i.I2C_WriteDeviceRegister) refers to stm322xg_eval_ioe.o(i.IOE_DMA_Config) for IOE_DMA_Config
[...]
    __aeabi_llsr                             0x08000463   Thumb Code    32  llushr.o(.text)
    _ll_ushift_r                             0x08000463   Thumb Code     0  llushr.o(.text)
    __I$use$fp                               0x08000483   Thumb Code     0  iusefp.o(.text)
    _double_round                            0x08000483   Thumb Code    26  depilogue.o(.text)
    _double_epilogue                         0x0800049d   Thumb Code   164  depilogue.o(.text)
    __scatterload                            0x08000541   Thumb Code    28  init.o(.text)
    __scatterload_rt2                        0x08000541   Thumb Code     0  init.o(.text)
    __aeabi_llsl                             0x08000565   Thumb Code    30  llshl.o(.text)
    __semihosting_library_function           0x08000565   Thumb Code     0  semi.o(.text)
    _ll_shift_l                              0x08000565   Thumb Code     0  llshl.o(.text)
    __I$use$semihosting$fputc                0x08000583   Thumb Code     0  iusesemip.o(.text)
    ADC1_Init                                0x08000585   Thumb Code    32  adc.o(i.ADC1_Init)
    ALL_GPIO_Config                          0x080005a9   Thumb Code     2  hardware.o(i.ALL_GPIO_Config)
    ALL_KEEP_COM                             0x080005ad   Thumb Code   192  passthru.o(i.ALL_KEEP_COM)
    BusFault_Handler                         0x08000695   Thumb Code     2  stm32f2xx_it.o(i.BusFault_Handler)
    CAN1_Config                              0x08000699   Thumb Code   200  can.o(i.CAN1_Config)
    CAN_DeInit                               0x08000769   Thumb Code    38  stm32f2xx_can.o(i.CAN_DeInit)
    CAN_FilterInit                           0x08000795   Thumb Code   190  stm32f2xx_can.o(i.CAN_FilterInit)
    CAN_ITConfig                             0x08000859   Thumb Code    16  stm32f2xx_can.o(i.CAN_ITConfig)
    CAN_Init                                 0x08000869   Thumb Code   232  stm32f2xx_can.o(i.CAN_Init)
    CAN_StructInit                           0x08000951   Thumb Code    32  stm32f2xx_can.o(i.CAN_StructInit)
    CAN_Transmit                             0x08000971   Thumb Code   152  stm32f2xx_can.o(i.CAN_Transmit)
    CAN_TxData                               0x08000a09   Thumb Code   158  can.o(i.CAN_TxData)
    CANx_MultiFilterMask                     0x08000ab5   Thumb Code   220  can.o(i.CANx_MultiFilterMask)
    CANx_MultiFilterMask_PGN                 0x08000b95   Thumb Code   320  can.o(i.CANx_MultiFilterMask_PGN)
    CANx_ResetBaudRate                       0x08000ced   Thumb Code   226  can.o(i.CANx_ResetBaudRate)
    CANx_ResetFilterMask                     0x08000ddd   Thumb Code   192  can.o(i.CANx_ResetFilterMask)
    Check_USART1_RxFlag                      0x08000ea5   Thumb Code   138  mmain.o(i.Check_USART1_RxFlag)
    Circle_test                              0x08000f3d   Thumb Code   142  selftest.o(i.Circle_test)
    Cmp_Test                                 0x08000fe1   Thumb Code   122  selftest.o(i.Cmp_Test)
    DebugMon_Handler                         0x08001061   Thumb Code     2  stm32f2xx_it.o(i.DebugMon_Handler)
    Delay                                    0x08001065   Thumb Code    16  main.o(i.Delay)
    DelayN_Count                             0x08001079   Thumb Code    24  time.o(i.DelayN_Count)
    DelayN_Count_Get_Logic_count             0x08001095   Thumb Code    60  hardware.o(i.DelayN_Count_Get_Logic_count)
    DelayN_Count_Get_Logic_fpclk_1000        0x080010d5   Thumb Code    46  hardware.o(i.DelayN_Count_Get_Logic_fpclk_1000)
    DelayNms                                 0x08001109   Thumb Code    24  time.o(i.DelayNms)
    DelayNus                                 0x08001125   Thumb Code    26  time.o(i.DelayNus)
    DelayTxByte                              0x08001145   Thumb Code    20  passthru.o(i.DelayTxByte)
    DetectBaud                               0x08001159   Thumb Code   196  newsoftuart.o(i.DetectBaud)
    Drv_Test                                 0x0800122d   Thumb Code   186  selftest.o(i.Drv_Test)
    ErasePage                                0x080012ed   Thumb Code     2  code.o(i.ErasePage)
    FLASH_GetStatus                          0x080012f1   Thumb Code    46  stm32f2xx_flash.o(i.FLASH_GetStatus)
    FLASH_Lock                               0x08001325   Thumb Code    12  stm32f2xx_flash.o(i.FLASH_Lock)
    FLASH_ProgramHalfWord                    0x08001335   Thumb Code    56  stm32f2xx_flash.o(i.FLASH_ProgramHalfWord)
    FLASH_Unlock                             0x08001371   Thumb Code    22  stm32f2xx_flash.o(i.FLASH_Unlock)
    FLASH_WaitForLastOperation               0x08001395   Thumb Code    30  stm32f2xx_flash.o(i.FLASH_WaitForLastOperation)
    FSMC_NORSRAMCmd                          0x080013b5   Thumb Code    28  stm32f2xx_fsmc.o(i.FSMC_NORSRAMCmd)
    FSMC_NORSRAMInit                         0x080013d5   Thumb Code   192  stm32f2xx_fsmc.o(i.FSMC_NORSRAMInit)
    GET_LINE_STATUS                          0x08001495   Thumb Code    10  hardware.o(i.GET_LINE_STATUS)
    GPIO_Init                                0x080014a5   Thumb Code   162  stm32f2xx_gpio.o(i.GPIO_Init)
    GPIO_PinAFConfig                         0x08001547   Thumb Code    32  stm32f2xx_gpio.o(i.GPIO_PinAFConfig)
    GPIO_ReadInputDataBit                    0x08001567   Thumb Code    14  stm32f2xx_gpio.o(i.GPIO_ReadInputDataBit)
    GPIO_ResetBits                           0x08001575   Thumb Code     4  stm32f2xx_gpio.o(i.GPIO_ResetBits)
    GPIO_SetBits                             0x08001579   Thumb Code     4  stm32f2xx_gpio.o(i.GPIO_SetBits)
    GetAddresses32                           0x0800157d   Thumb Code    22  passthru.o(i.GetAddresses32)
    GetCrc160                                0x08001593   Thumb Code    60  code.o(i.GetCrc160)
    GetLineMonitor                           0x080015cf   Thumb Code    50  passthru.o(i.GetLineMonitor)
    GetP0status                              0x08001601   Thumb Code   112  selftest.o(i.GetP0status)
    GetVer                                   0x08001681   Thumb Code    88  code.o(i.GetVer)
    Get_Bus_status                           0x080016e1   Thumb Code    42  hardware.o(i.Get_Bus_status)
    HardFault_Handler                        0x08001719   Thumb Code     2  stm32f2xx_it.o(i.HardFault_Handler)
    IWDG_Enable                              0x0800171d   Thumb Code    10  stm32f2xx_iwdg.o(i.IWDG_Enable)
    IWDG_Feed                                0x0800172d   Thumb Code     4  code.o(i.IWDG_Feed)
    IWDG_ReloadCounter                       0x08001731   Thumb Code    10  stm32f2xx_iwdg.o(i.IWDG_ReloadCounter)
    IWDG_SetPrescaler                        0x08001741   Thumb Code     6  stm32f2xx_iwdg.o(i.IWDG_SetPrescaler)
    IWDG_SetReload                           0x0800174d   Thumb Code     6  stm32f2xx_iwdg.o(i.IWDG_SetReload)
    IWDG_WriteAccessCmd                      0x08001759   Thumb Code     6  stm32f2xx_iwdg.o(i.IWDG_WriteAccessCmd)
    Init_WatchDog                            0x08001765   Thumb Code    36  code.o(i.Init_WatchDog)
    Int_time                                 0x08001789   Thumb Code   198  time.o(i.Int_time)
    LCD_Clear                                0x08001855   Thumb Code    38  stm322xg_eval_lcd.o(i.LCD_Clear)
    LCD_CtrlLinesConfig                      0x0800187d   Thumb Code   292  stm322xg_eval_lcd.o(i.LCD_CtrlLinesConfig)
    LCD_DisplayChar                          0x080019b1   Thumb Code    26  stm322xg_eval_lcd.o(i.LCD_DisplayChar)
    LCD_DisplayStringLine                    0x080019d1   Thumb Code    52  stm322xg_eval_lcd.o(i.LCD_DisplayStringLine)
    LCD_DrawChar                             0x08001a09   Thumb Code   120  stm322xg_eval_lcd.o(i.LCD_DrawChar)
    LCD_FSMCConfig                           0x08001a85   Thumb Code    88  stm322xg_eval_lcd.o(i.LCD_FSMCConfig)
    LCD_GetFont                              0x08001add   Thumb Code     6  stm322xg_eval_lcd.o(i.LCD_GetFont)
    LCD_ReadReg                              0x08001ae9   Thumb Code    10  stm322xg_eval_lcd.o(i.LCD_ReadReg)
    LCD_SetBackColor                         0x08001af5   Thumb Code    12  stm322xg_eval_lcd.o(i.LCD_SetBackColor)
    LCD_SetCursor                            0x08001b05   Thumb Code    24  stm322xg_eval_lcd.o(i.LCD_SetCursor)
    LCD_SetTextColor                         0x08001b1d   Thumb Code    12  stm322xg_eval_lcd.o(i.LCD_SetTextColor)
    LCD_WriteReg                             0x08001b2d   Thumb Code    10  stm322xg_eval_lcd.o(i.LCD_WriteReg)
    MCU_UARTGetByte                          0x08001b39   Thumb Code    66  mcu_uart.o(i.MCU_UARTGetByte)
    MCU_UARTSendByte                         0x08001b89   Thumb Code    52  mcu_uart.o(i.MCU_UARTSendByte)
    MCU_UART_Init                            0x08001bc5   Thumb Code   128  mcu_uart.o(i.MCU_UART_Init)
    MemManage_Handler                        0x08001c4d   Thumb Code     2  stm32f2xx_it.o(i.MemManage_Handler)
    NMI_Handler                              0x08001c4f   Thumb Code     2  stm32f2xx_it.o(i.NMI_Handler)
    NVIC_Init                                0x08001c51   Thumb Code    92  misc.o(i.NVIC_Init)
    NVIC_PriorityGroupConfig                 0x08001cb5   Thumb Code    10  misc.o(i.NVIC_PriorityGroupConfig)
    NVIC_SetVectorTable                      0x08001cc9   Thumb Code    12  misc.o(i.NVIC_SetVectorTable)
    PLUSE_RxPack_Normal                      0x08001cdd   Thumb Code   110  passthru_pluse.o(i.PLUSE_RxPack_Normal)
    PassThru_BENZ_InitPort                   0x08001d71   Thumb Code   208  passthru_benz.o(i.PassThru_BENZ_InitPort)
    PassThru_BENZ_SetConfig                  0x08002085   Thumb Code   228  passthru_benz.o(i.PassThru_BENZ_SetConfig)
    PassThru_CAN_InitPort                    0x080022bd   Thumb Code   304  passthru_can.o(i.PassThru_CAN_InitPort)
    PassThru_CAN_PGN_TxPack                  0x08002439   Thumb Code   102  passthru_can.o(i.PassThru_CAN_PGN_TxPack)
    PassThru_CAN_RxData                      0x080024a9   Thumb Code   218  passthru_can.o(i.PassThru_CAN_RxData)
    PassThru_CAN_RxData_Time                 0x08002595   Thumb Code    44  passthru_can.o(i.PassThru_CAN_RxData_Time)
    PassThru_CAN_RxPack_Auto                 0x080025c9   Thumb Code   180  passthru_can.o(i.PassThru_CAN_RxPack_Auto)
    PassThru_CAN_RxPack_AutoExt_ReadOnly     0x08002685   Thumb Code   406  passthru_can.o(i.PassThru_CAN_RxPack_AutoExt_ReadOnly)
    PassThru_CAN_RxPack_Auto_Ext             0x08002829   Thumb Code   214  passthru_can.o(i.PassThru_CAN_RxPack_Auto_Ext)
    PassThru_CAN_RxPack_Auto_GM              0x08002909   Thumb Code   212  passthru_can.o(i.PassThru_CAN_RxPack_Auto_GM)
    PassThru_CAN_RxPack_Auto_ReadOnly        0x080029e5   Thumb Code   404  passthru_can.o(i.PassThru_CAN_RxPack_Auto_ReadOnly)
    PassThru_CAN_RxPack_GetID                0x08002b85   Thumb Code    86  passthru_can.o(i.PassThru_CAN_RxPack_GetID)
    PassThru_CAN_RxPack_Head                 0x08002be9   Thumb Code   210  passthru_can.o(i.PassThru_CAN_RxPack_Head)
    PassThru_CAN_RxPack_J1939                0x08002cc5   Thumb Code   792  passthru_can.o(i.PassThru_CAN_RxPack_J1939)
    PassThru_CAN_RxPack_J1939_ReadOnly       0x08002ff5   Thumb Code   744  passthru_can.o(i.PassThru_CAN_RxPack_J1939_ReadOnly)
    PassThru_CAN_RxPack_J1939_ReadPGN        0x080032e9   Thumb Code   146  passthru_can.o(i.PassThru_CAN_RxPack_J1939_ReadPGN)
    PassThru_CAN_RxPack_Normal               0x08003389   Thumb Code   200  passthru_can.o(i.PassThru_CAN_RxPack_Normal)
    PassThru_CAN_RxPack_Normal_Multiple      0x08003459   Thumb Code   226  passthru_can.o(i.PassThru_CAN_RxPack_Normal_Multiple)
    PassThru_CAN_RxPack_NotID                0x08003545   Thumb Code   208  passthru_can.o(i.PassThru_CAN_RxPack_NotID)
    PassThru_CAN_SELFTEST                    0x0800361d   Thumb Code   182  selftest.o(i.PassThru_CAN_SELFTEST)
    PassThru_CAN_SetConfig                   0x080036e9   Thumb Code   846  passthru_can.o(i.PassThru_CAN_SetConfig)
    PassThru_CAN_TxMuchPack_DelayTime        0x08003a61   Thumb Code    56  passthru_can.o(i.PassThru_CAN_TxMuchPack_DelayTime)
    PassThru_CAN_TxPack_Auto                 0x08003a9d   Thumb Code   276  passthru_can.o(i.PassThru_CAN_TxPack_Auto)
    PassThru_CAN_TxPack_Auto_Ext             0x08003bb9   Thumb Code   294  passthru_can.o(i.PassThru_CAN_TxPack_Auto_Ext)
    PassThru_CAN_TxPack_Auto_GM              0x08003ce9   Thumb Code   292  passthru_can.o(i.PassThru_CAN_TxPack_Auto_GM)
    PassThru_CAN_TxPack_FlowControl          0x08003e15   Thumb Code   344  passthru_can.o(i.PassThru_CAN_TxPack_FlowControl)
    PassThru_CAN_TxPack_GetID                0x08003f7d   Thumb Code    48  passthru_can.o(i.PassThru_CAN_TxPack_GetID)
    PassThru_CAN_TxPack_Head                 0x08003fad   Thumb Code    84  passthru_can.o(i.PassThru_CAN_TxPack_Head)
    PassThru_CAN_TxPack_J1939                0x08004001   Thumb Code   402  passthru_can.o(i.PassThru_CAN_TxPack_J1939)
    PassThru_CAN_TxPack_J1939_SendOnly       0x080041a9   Thumb Code   284  passthru_can.o(i.PassThru_CAN_TxPack_J1939_SendOnly)
    PassThru_CAN_TxPack_J1939_SendPGN        0x080042d5   Thumb Code   306  passthru_can.o(i.PassThru_CAN_TxPack_J1939_SendPGN)
    PassThru_CAN_TxPack_Normal               0x0800441d   Thumb Code   262  passthru_can.o(i.PassThru_CAN_TxPack_Normal)
    PassThru_CAN_TxPack_Normal_Multiple      0x0800452d   Thumb Code   214  passthru_can.o(i.PassThru_CAN_TxPack_Normal_Multiple)
    PassThru_CAN_TxPack_NotID                0x08004611   Thumb Code   236  passthru_can.o(i.PassThru_CAN_TxPack_NotID)
    PassThru_CAN_TxPack_NotID_Flash          0x08004705   Thumb Code   278  passthru_can.o(i.PassThru_CAN_TxPack_NotID_Flash)
    PassThru_CAN_TxPack_SetFilter            0x08004835   Thumb Code   128  passthru_can.o(i.PassThru_CAN_TxPack_SetFilter)
    PassThru_CAN_TxPack_flash_read           0x080048c9   Thumb Code   282  passthru_can.o(i.PassThru_CAN_TxPack_flash_read)
    PassThru_CAN_TxPack_flash_read_pos       0x080049f5   Thumb Code   508  passthru_can.o(i.PassThru_CAN_TxPack_flash_read_pos)
    PassThru_Default_SetConfig               0x08004c05   Thumb Code   150  hardware.o(i.PassThru_Default_SetConfig)
    PassThru_ISO_InitPort                    0x08004ca1   Thumb Code   398  passthru_iso.o(i.PassThru_ISO_InitPort)
    PassThru_ISO_Init_Slow                   0x08004e81   Thumb Code   606  passthru_iso.o(i.PassThru_ISO_Init_Slow)
    PassThru_ISO_RxPack_Normal               0x08005121   Thumb Code   334  passthru_iso.o(i.PassThru_ISO_RxPack_Normal)
    PassThru_ISO_RxPack_WABCO                0x08005289   Thumb Code   316  passthru_iso.o(i.PassThru_ISO_RxPack_WABCO)
    PassThru_ISO_SetConfig                   0x080053d9   Thumb Code   396  passthru_iso.o(i.PassThru_ISO_SetConfig)
    PassThru_ISO_TxPack_Normal               0x0800556d   Thumb Code   158  passthru_iso.o(i.PassThru_ISO_TxPack_Normal)
    PassThru_ISO_TxPack_WABCO                0x08005619   Thumb Code   110  passthru_iso.o(i.PassThru_ISO_TxPack_WABCO)
    PassThru_KWP_InitPort                    0x08005695   Thumb Code   596  passthru_kwp.o(i.PassThru_KWP_InitPort)
    PassThru_KWP_Init_Fast                   0x08005961   Thumb Code    96  passthru_kwp.o(i.PassThru_KWP_Init_Fast)
    PassThru_KWP_Init_Slow                   0x080059c5   Thumb Code   594  passthru_kwp.o(i.PassThru_KWP_Init_Slow)
    PassThru_KWP_RxPack_Cater                0x08005c41   Thumb Code   290  passthru_kwp.o(i.PassThru_KWP_RxPack_Cater)
    PassThru_KWP_RxPack_DirectRead           0x08005d79   Thumb Code    38  passthru_kwp.o(i.PassThru_KWP_RxPack_DirectRead)
    PassThru_KWP_RxPack_Interception         0x08005da5   Thumb Code   148  passthru_kwp.o(i.PassThru_KWP_RxPack_Interception)
    PassThru_KWP_RxPack_J1708MID             0x08005e55   Thumb Code   268  passthru_kwp.o(i.PassThru_KWP_RxPack_J1708MID)
    PassThru_KWP_RxPack_Kwp2000              0x08005f75   Thumb Code   420  passthru_kwp.o(i.PassThru_KWP_RxPack_Kwp2000)
    PassThru_KWP_RxPack_Length               0x0800612d   Thumb Code   284  passthru_kwp.o(i.PassThru_KWP_RxPack_Length)
    PassThru_KWP_RxPack_Length3              0x08006261   Thumb Code   134  passthru_kwp.o(i.PassThru_KWP_RxPack_Length3)
    PassThru_KWP_RxPack_MazdaKWP             0x080062fd   Thumb Code   184  passthru_kwp.o(i.PassThru_KWP_RxPack_MazdaKWP)
    PassThru_KWP_RxPack_Mitsub               0x080063c5   Thumb Code   162  passthru_kwp.o(i.PassThru_KWP_RxPack_Mitsub)
    PassThru_KWP_RxPack_Nissan               0x0800647d   Thumb Code   232  passthru_kwp.o(i.PassThru_KWP_RxPack_Nissan)
    PassThru_KWP_RxPack_Normal               0x08006579   Thumb Code   206  passthru_kwp.o(i.PassThru_KWP_RxPack_Normal)
    PassThru_KWP_RxPack_Volvo                0x08006665   Thumb Code   156  passthru_kwp.o(i.PassThru_KWP_RxPack_Volvo)
    PassThru_KWP_SetConfig                   0x08006711   Thumb Code   424  passthru_kwp.o(i.PassThru_KWP_SetConfig)
    PassThru_KWP_TxPack_Delay                0x080068c1   Thumb Code   118  passthru_kwp.o(i.PassThru_KWP_TxPack_Delay)
    PassThru_KWP_TxPack_Normal               0x0800694d   Thumb Code    26  passthru_kwp.o(i.PassThru_KWP_TxPack_Normal)
    PassThru_KWP_TxPack_TxData               0x08006969   Thumb Code    76  passthru_kwp.o(i.PassThru_KWP_TxPack_TxData)
    PassThru_KWP_TxPack_Volvo                0x080069bd   Thumb Code    84  passthru_kwp.o(i.PassThru_KWP_TxPack_Volvo)
    PassThru_KWP_delay_parse                 0x08006a21   Thumb Code    74  passthru_kwp.o(i.PassThru_KWP_delay_parse)
    PassThru_KWP_delay_sent                  0x08006a79   Thumb Code    82  passthru_kwp.o(i.PassThru_KWP_delay_sent)
    PassThru_PLUSE_InitPort                  0x08006ae1   Thumb Code   322  passthru_pluse.o(i.PassThru_PLUSE_InitPort)
    PassThru_PLUSE_SetConfig                 0x08006e4d   Thumb Code   208  passthru_pluse.o(i.PassThru_PLUSE_SetConfig)
    PassThru_PWM_InitPort                    0x08006f21   Thumb Code   284  passthru_pwm.o(i.PassThru_PWM_InitPort)
    PassThru_PWM_READ_ANSWER_BYTE            0x08007059   Thumb Code   162  passthru_pwm.o(i.PassThru_PWM_READ_ANSWER_BYTE)
    PassThru_PWM_RxPack_Normal               0x08007101   Thumb Code    34  passthru_pwm.o(i.PassThru_PWM_RxPack_Normal)
    PassThru_PWM_SetConfig                   0x08007311   Thumb Code   232  passthru_pwm.o(i.PassThru_PWM_SetConfig)
    PassThru_PWM_TXBYTE                      0x080073fd   Thumb Code   112  passthru_pwm.o(i.PassThru_PWM_TXBYTE)
    PassThru_PWM_TxPack_Normal               0x0800746d   Thumb Code   278  passthru_pwm.o(i.PassThru_PWM_TxPack_Normal)
    PassThru_SET_EACH_FUN                    0x08007589   Thumb Code   278  passthru_can.o(i.PassThru_SET_EACH_FUN)
    PassThru_SetKeepComSwitch2               0x08007719   Thumb Code    26  passthru.o(i.PassThru_SetKeepComSwitch2)
    PassThru_VPW_InitPort                    0x08007739   Thumb Code   228  passthru_vpw.o(i.PassThru_VPW_InitPort)
    PassThru_VPW_ReadByte                    0x08007839   Thumb Code   274  passthru_vpw.o(i.PassThru_VPW_ReadByte)
    PassThru_VPW_RxPack_Frame                0x08007955   Thumb Code   178  passthru_vpw.o(i.PassThru_VPW_RxPack_Frame)
    PassThru_VPW_RxPack_Normal               0x08007a0d   Thumb Code    90  passthru_vpw.o(i.PassThru_VPW_RxPack_Normal)
    PassThru_VPW_SetConfig                   0x08007a75   Thumb Code   236  passthru_vpw.o(i.PassThru_VPW_SetConfig)
    PassThru_VPW_TxPack_Normal               0x08007b65   Thumb Code   258  passthru_vpw.o(i.PassThru_VPW_TxPack_Normal)
    PassThru_WAVE_InitPort                   0x08007c6d   Thumb Code    60  passthru_wave.o(i.PassThru_WAVE_InitPort)
    PassThru_WAVE_ReadWave                   0x08007cbd   Thumb Code   252  passthru_wave.o(i.PassThru_WAVE_ReadWave)
    PassThru_WAVE_SetConfig                  0x08007dd9   Thumb Code    78  passthru_wave.o(i.PassThru_WAVE_SetConfig)
    PendSV_Handler                           0x08007e2d   Thumb Code     2  stm32f2xx_it.o(i.PendSV_Handler)
    ProgramDatatoFlash                       0x08007e31   Thumb Code    72  code.o(i.ProgramDatatoFlash)
    Queue_Init                               0x08007e79   Thumb Code    26  queue.o(i.Queue_Init)
    Queue_Read                               0x08007e93   Thumb Code   120  queue.o(i.Queue_Read)
    RCC_AHB1PeriphClockCmd                   0x08007f0d   Thumb Code    18  stm32f2xx_rcc.o(i.RCC_AHB1PeriphClockCmd)
    RCC_AHB3PeriphClockCmd                   0x08007f25   Thumb Code    18  stm32f2xx_rcc.o(i.RCC_AHB3PeriphClockCmd)
    RCC_APB1PeriphClockCmd                   0x08007f3d   Thumb Code    18  stm32f2xx_rcc.o(i.RCC_APB1PeriphClockCmd)
    RCC_APB1PeriphResetCmd                   0x08007f55   Thumb Code    18  stm32f2xx_rcc.o(i.RCC_APB1PeriphResetCmd)
    RCC_APB2PeriphClockCmd                   0x08007f6d   Thumb Code    18  stm32f2xx_rcc.o(i.RCC_APB2PeriphClockCmd)
    RCC_APB2PeriphResetCmd                   0x08007f85   Thumb Code    18  stm32f2xx_rcc.o(i.RCC_APB2PeriphResetCmd)
    RCC_GetClocksFreq                        0x08007f9d   Thumb Code   132  stm32f2xx_rcc.o(i.RCC_GetClocksFreq)
    Read_Dac                                 0x08008031   Thumb Code     2  adc.o(i.Read_Dac)
    Read_Ver                                 0x08008035   Thumb Code    84  code.o(i.Read_Ver)
    Read_bl_addr                             0x08008091   Thumb Code    52  code.o(i.Read_bl_addr)
    Reset_All_IO                             0x080080cd   Thumb Code    62  hardware.o(i.Reset_All_IO)
    Reset_Fun                                0x08008121   Thumb Code    22  passthru.o(i.Reset_Fun)
    Reset_Line                               0x0800813d   Thumb Code    86  hardware.o(i.Reset_Line)
    SET_Another_STATUS                       0x080081e1   Thumb Code    26  hardware.o(i.SET_Another_STATUS)
    SET_LINE_STATUS                          0x08008201   Thumb Code    26  hardware.o(i.SET_LINE_STATUS)
    SET_LINE_STATUS_0_249600                 0x08008221   Thumb Code    10  hardware.o(i.SET_LINE_STATUS_0_249600)
    SET_LINE_STATUS_1_249600                 0x08008231   Thumb Code     2  hardware.o(i.SET_LINE_STATUS_1_249600)
    STM322xG_LCD_Init                        0x08008235   Thumb Code  1034  stm322xg_eval_lcd.o(i.STM322xG_LCD_Init)
    STM_EVAL_LEDInit                         0x08008645   Thumb Code    62  stm322xg_eval.o(i.STM_EVAL_LEDInit)
    STM_EVAL_LEDOn                           0x0800868d   Thumb Code    16  stm322xg_eval.o(i.STM_EVAL_LEDOn)
    SVC_Handler                              0x080086a5   Thumb Code     2  stm32f2xx_it.o(i.SVC_Handler)
    SendDelayCounter                         0x080086a9   Thumb Code    78  passthru.o(i.SendDelayCounter)
    SetCChannel                              0x08008705   Thumb Code    84  hardware.o(i.SetCChannel)
    SetCompV                                 0x0800875d   Thumb Code    80  pwm_output.o(i.SetCompV)
    SetEclk                                  0x080087c1   Thumb Code   140  pwm_output.o(i.SetEclk)
    SetEcuLineLoadMode                       0x0800885d   Thumb Code   100  passthru.o(i.SetEcuLineLoadMode)
    SetEndmsCounter                          0x080088c5   Thumb Code    10  passthru.o(i.SetEndmsCounter)
    SetExtCh                                 0x080088d9   Thumb Code   204  passthru.o(i.SetExtCh)
    SetLine0Channel                          0x080089b1   Thumb Code    84  hardware.o(i.SetLine0Channel)
    SetLine1Channel                          0x08008a0d   Thumb Code    62  hardware.o(i.SetLine1Channel)
    SetLine_ext                              0x08008a55   Thumb Code   644  hardware.o(i.SetLine_ext)
    SetSoftUart                              0x08008ce1   Thumb Code    34  newsoftuart.o(i.SetSoftUart)
    SetTxPort                                0x08008da5   Thumb Code   138  selftest.o(i.SetTxPort)
    SetVcc_Drv                               0x08008e35   Thumb Code    68  passthru.o(i.SetVcc_Drv)
    Set_DrvPort                              0x08008e7d   Thumb Code  1506  hardware.o(i.Set_DrvPort)
    SimulateEcu5bps                          0x08009461   Thumb Code   128  passthru.o(i.SimulateEcu5bps)
    SkipNbit                                 0x080094f5   Thumb Code    30  newsoftuart.o(i.SkipNbit)
    SoftPulse                                0x08009519   Thumb Code    84  newsoftuart.o(i.SoftPulse)
    SoftUartRxByte                           0x0800956d   Thumb Code   130  newsoftuart.o(i.SoftUartRxByte)
    Stop_Time                                0x08009699   Thumb Code    22  time.o(i.Stop_Time)
    SysTick_Handler                          0x080096b5   Thumb Code     2  stm32f2xx_it.o(i.SysTick_Handler)
    SystemInit                               0x080096b9   Thumb Code    62  system_stm32f2xx.o(i.SystemInit)
    TIM1_Mode_Config                         0x08009709   Thumb Code   120  pwm_output.o(i.TIM1_Mode_Config)
    TIM2_NVIC_Configuration                  0x08009785   Thumb Code    42  time.o(i.TIM2_NVIC_Configuration)
    TIM4_Mode_Config                         0x080097b1   Thumb Code    88  pwm_output.o(i.TIM4_Mode_Config)
    TIM_ARRPreloadConfig                     0x0800980d   Thumb Code    20  stm32f2xx_tim.o(i.TIM_ARRPreloadConfig)
    TIM_ClearFlag                            0x08009821   Thumb Code     6  stm32f2xx_tim.o(i.TIM_ClearFlag)
    TIM_Cmd                                  0x08009827   Thumb Code    20  stm32f2xx_tim.o(i.TIM_Cmd)
    TIM_CtrlPWMOutputs                       0x0800983b   Thumb Code    22  stm32f2xx_tim.o(i.TIM_CtrlPWMOutputs)
    TIM_DeInit                               0x08009851   Thumb Code   284  stm32f2xx_tim.o(i.TIM_DeInit)
    TIM_GetCounter                           0x080099a1   Thumb Code     4  stm32f2xx_tim.o(i.TIM_GetCounter)
    TIM_GetPrescaler                         0x080099a5   Thumb Code     4  stm32f2xx_tim.o(i.TIM_GetPrescaler)
    TIM_ITConfig                             0x080099a9   Thumb Code    16  stm32f2xx_tim.o(i.TIM_ITConfig)
    TIM_OC1Init                              0x080099b9   Thumb Code    88  stm32f2xx_tim.o(i.TIM_OC1Init)
    TIM_OC1PreloadConfig                     0x08009a19   Thumb Code    12  stm32f2xx_tim.o(i.TIM_OC1PreloadConfig)
    TIM_PWM_Init                             0x08009a25   Thumb Code    84  pwm_output.o(i.TIM_PWM_Init)
    TIM_SetCounter                           0x08009a81   Thumb Code     4  stm32f2xx_tim.o(i.TIM_SetCounter)
    TIM_TimeBaseInit                         0x08009a85   Thumb Code    96  stm32f2xx_tim.o(i.TIM_TimeBaseInit)
    TestOpenCiruit                           0x08009b01   Thumb Code   798  selftest.o(i.TestOpenCiruit)
    TestOpen_iobd                            0x08009e41   Thumb Code   794  selftest.o(i.TestOpen_iobd)
    TestShortCiruit                          0x0800a17d   Thumb Code   738  selftest.o(i.TestShortCiruit)
    Transmit_Pass                            0x0800a481   Thumb Code   366  mmain.o(i.Transmit_Pass)
    UARTAnswer                               0x0800a61d   Thumb Code    20  usart1.o(i.UARTAnswer)
    UARTAnswerErr                            0x0800a635   Thumb Code    22  usart1.o(i.UARTAnswerErr)
    USART1_ClearQueue                        0x0800a651   Thumb Code     8  usart1.o(i.USART1_ClearQueue)
    USART1_ReceiveData                       0x0800a65d   Thumb Code    40  usart1.o(i.USART1_ReceiveData)
    USART_ClearFlag                          0x0800a68d   Thumb Code     6  stm32f2xx_usart.o(i.USART_ClearFlag)
    USART_Cmd                                0x0800a693   Thumb Code    20  stm32f2xx_usart.o(i.USART_Cmd)
    USART_Config                             0x0800a6a7   Thumb Code     2  usart1.o(i.USART_Config)
    USART_DMA_Send_ext                       0x0800a6a9   Thumb Code     2  usart1.o(i.USART_DMA_Send_ext)
    USART_DMA_Send_ext_1768                  0x0800a6ab   Thumb Code     2  usart1.o(i.USART_DMA_Send_ext_1768)
    USART_DMA_init                           0x0800a6ad   Thumb Code     2  usart1.o(i.USART_DMA_init)
    USART_GetFlagStatus                      0x0800a6af   Thumb Code    14  stm32f2xx_usart.o(i.USART_GetFlagStatus)
    USART_ITConfig                           0x0800a6bd   Thumb Code    48  stm32f2xx_usart.o(i.USART_ITConfig)
    USART_Init                               0x0800a6ed   Thumb Code   174  stm32f2xx_usart.o(i.USART_Init)
    USART_PushByte                           0x0800a7a5   Thumb Code    24  usart1.o(i.USART_PushByte)
    USART_ReceiveData                        0x0800a7c5   Thumb Code     8  stm32f2xx_usart.o(i.USART_ReceiveData)
    USART_SendByte                           0x0800a7cd   Thumb Code    12  usart1.o(i.USART_SendByte)
    USART_SendData                           0x0800a7dd   Thumb Code     8  stm32f2xx_usart.o(i.USART_SendData)
    UartTxQueuePack                          0x0800a7e5   Thumb Code    58  usart1.o(i.UartTxQueuePack)
    UartTxQueuePackMultiple                  0x0800a829   Thumb Code   154  usart1.o(i.UartTxQueuePackMultiple)
    UartTxQueuePack_DelCanID                 0x0800a8dd   Thumb Code    56  usart1.o(i.UartTxQueuePack_DelCanID)
    UsageFault_Handler                       0x0800a91d   Thumb Code     2  stm32f2xx_it.o(i.UsageFault_Handler)
    Write_Ver                                0x0800a921   Thumb Code   266  code.o(i.Write_Ver)
    _MainRoute                               0x0800aa95   Thumb Code   212  mmain.o(i._MainRoute)
    _SoftTxByte                              0x0800ad0d   Thumb Code   104  newsoftuart.o(i._SoftTxByte)
    _SoftTxByte2                             0x0800ad89   Thumb Code   196  newsoftuart.o(i._SoftTxByte2)
    __0printf$1                              0x0800b2dd   Thumb Code    22  printf1.o(i.__0printf$1)
    __1printf$1                              0x0800b2dd   Thumb Code     0  printf1.o(i.__0printf$1)
    __2printf                                0x0800b2dd   Thumb Code     0  printf1.o(i.__0printf$1)
    __scatterload_copy                       0x0800b2fd   Thumb Code    14  handlers.o(i.__scatterload_copy)
    __scatterload_null                       0x0800b30b   Thumb Code     2  handlers.o(i.__scatterload_null)
    __scatterload_zeroinit                   0x0800b30d   Thumb Code    14  handlers.o(i.__scatterload_zeroinit)
    addr08_return                            0x0800b505   Thumb Code    34  code.o(i.addr08_return)
    adjust_pulse_width                       0x0800b531   Thumb Code   210  selftest.o(i.adjust_pulse_width)
    bluecmdsend                              0x0800b619   Thumb Code   172  bluewifi.o(i.bluecmdsend)
    bluepincmddatesend                       0x0800b6f9   Thumb Code    20  bluewifi.o(i.bluepincmddatesend)
    cmd_calcchecksum                         0x0800b711   Thumb Code    28  bluewifi.o(i.cmd_calcchecksum)
    drv_vcc_test                             0x0800b749   Thumb Code    48  selftest.o(i.drv_vcc_test)
    fputc                                    0x0800b781   Thumb Code    18  fputc.o(i.fputc)
    getPortStatus                            0x0800b795   Thumb Code   262  selftest.o(i.getPortStatus)
    isHasData                                0x0800b8ad   Thumb Code    16  passthru_can.o(i.isHasData)
    kl_pulse                                 0x0800b8c1   Thumb Code   740  selftest.o(i.kl_pulse)
    kl_setup                                 0x0800bbc1   Thumb Code   932  selftest.o(i.kl_setup)
    main                                     0x0800bf81   Thumb Code   218  main.o(i.main)
    main_minivci_app                         0x0800c121   Thumb Code   170  main_minivci.o(i.main_minivci_app)
    mmain                                    0x0800c1e1   Thumb Code   100  mmain.o(i.mmain)
    nissan_pulse_test                        0x0800c279   Thumb Code   176  selftest.o(i.nissan_pulse_test)
    printf_usb                               0x0800c339   Thumb Code     2  bluewifi.o(i.printf_usb)
    pulse_kl_test_time                       0x0800c33d   Thumb Code   236  selftest.o(i.pulse_kl_test_time)
    pulse_kl_test_time_us                    0x0800c431   Thumb Code   266  selftest.o(i.pulse_kl_test_time_us)
    record_data                              0x0800c545   Thumb Code   390  mmain.o(i.record_data)
    rx164dat                                 0x0800c6dd   Thumb Code   178  passthru.o(i.rx164dat)
    setPortStatus                            0x0800c7a1   Thumb Code    44  selftest.o(i.setPortStatus)
    test_kl_can                              0x0800c7cd   Thumb Code    88  selftest.o(i.test_kl_can)
    test_nisan_pwm                           0x0800c829   Thumb Code    28  passthru_kwp.o(i.test_nisan_pwm)
    time_div                                 0x0800c845   Thumb Code    26  time.o(i.time_div)
    tx164dat                                 0x0800c861   Thumb Code    94  passthru.o(i.tx164dat)
    tx_PINSEL_channel                        0x0800c8c5   Thumb Code    58  passthru.o(i.tx_PINSEL_channel)
    tx_c_channel                             0x0800c909   Thumb Code    58  passthru.o(i.tx_c_channel)
    tx_rx_mode_change                        0x0800c94d   Thumb Code   590  hardware.o(i.tx_rx_mode_change)
    tx_spi_one_byte                          0x0800cba5   Thumb Code    78  passthru.o(i.tx_spi_one_byte)
    up_down_test                             0x0800cbf9   Thumb Code  1186  selftest.o(i.up_down_test)
    vcc_drv_v                                0x0800d09d   Thumb Code    44  mmain.o(i.vcc_drv_v)
    ASCII16x24_Table                         0x0800d0cc   Data        4560  stm322xg_eval_lcd.o(.constdata)
    COM_TX_PIN_SOURCE                        0x0800e29c   Data           1  stm322xg_eval.o(.constdata)
    COM_RX_PIN_SOURCE                        0x0800e29d   Data           1  stm322xg_eval.o(.constdata)
    COM_TX_AF                                0x0800e29e   Data           1  stm322xg_eval.o(.constdata)
    COM_RX_AF                                0x0800e29f   Data           1  stm322xg_eval.o(.constdata)
    COM_TX_PIN                               0x0800e2a0   Data           2  stm322xg_eval.o(.constdata)
    COM_RX_PIN                               0x0800e2a2   Data           2  stm322xg_eval.o(.constdata)
    BUTTON_PORT_SOURCE                       0x0800e2a4   Data           3  stm322xg_eval.o(.constdata)
    BUTTON_PIN_SOURCE                        0x0800e2a7   Data           3  stm322xg_eval.o(.constdata)
    BUTTON_IRQn                              0x0800e2aa   Data           3  stm322xg_eval.o(.constdata)
    COM_USART_CLK                            0x0800e2b0   Data           4  stm322xg_eval.o(.constdata)
    COM_TX_PORT_CLK                          0x0800e2b4   Data           4  stm322xg_eval.o(.constdata)
    COM_RX_PORT_CLK                          0x0800e2b8   Data           4  stm322xg_eval.o(.constdata)
    BUTTON_PIN                               0x0800e2bc   Data           6  stm322xg_eval.o(.constdata)
    BUTTON_EXTI_LINE                         0x0800e2c2   Data           6  stm322xg_eval.o(.constdata)
    GPIO_PIN                                 0x0800e2c8   Data           8  stm322xg_eval.o(.constdata)
    GPIO_CLK                                 0x0800e2d0   Data          16  stm322xg_eval.o(.constdata)
    BUTTON_CLK                               0x0800e2e0   Data          12  stm322xg_eval.o(.constdata)
    SetBusModeLib                            0x0800e2ec   Data         128  mmain.o(.constdata)
    BenzChConv                               0x0800e378   Data          37  passthru.o(.constdata)
    NewBenzChConv                            0x0800e39d   Data          20  passthru.o(.constdata)
    CanBaudRate                              0x0800e404   Data         300  can.o(.constdata)
    SoftVer                                  0x0800e530   Data          10  code.o(.constdata)
    Region$$Table$$Base                      0x0800e54c   Number         0  anon$$obj.o(Region$$Table)
    Region$$Table$$Limit                     0x0800e56c   Number         0  anon$$obj.o(Region$$Table)
    TextColor                                0x20000004   Data           2  stm322xg_eval_lcd.o(.data)
    BackColor                                0x20000006   Data           2  stm322xg_eval_lcd.o(.data)
    Font16x24                                0x2000000c   Data           8  stm322xg_eval_lcd.o(.data)
    COM_USART                                0x20000014   Data           4  stm322xg_eval.o(.data)
    COM_TX_PORT                              0x20000018   Data           4  stm322xg_eval.o(.data)
    COM_RX_PORT                              0x2000001c   Data           4  stm322xg_eval.o(.data)
    NVIC_InitStructure                       0x20000020   Data           4  stm322xg_eval.o(.data)
    GPIO_PORT                                0x20000024   Data          16  stm322xg_eval.o(.data)
    BUTTON_PORT                              0x20000034   Data          12  stm322xg_eval.o(.data)
    DelayTxSwitch                            0x20000050   Data           1  mmain.o(.data)
    flash_Erase_mark                         0x20000051   Data           1  mmain.o(.data)
    set_compv                                0x20000052   Data           1  mmain.o(.data)
    EntryReadFlag                            0x20000053   Data           1  mmain.o(.data)
    last_data_num                            0x20000054   Data           2  mmain.o(.data)
    flash_pos                                0x20000058   Data           4  mmain.o(.data)
    PIN_AND_VCC                              0x2000005c   Data           4  mmain.o(.data)
    usart_len                                0x20000060   Data           2  stm32f10x_it.o(.data)
    USART1_RxFlag                            0x20000062   Data           1  main_minivci.o(.data)
    UartTxSwitch                             0x20000063   Data           1  main_minivci.o(.data)
    CAN_ID_FILT_FLAG                         0x20000064   Data           1  main_minivci.o(.data)
    kwp_5bpsdata_delay_sent_flag             0x20000065   Data           1  main_minivci.o(.data)
    can_test_status                          0x20000066   Data           1  main_minivci.o(.data)
    USART_RX_CNT                             0x20000068   Data           2  main_minivci.o(.data)
    ECU_Byte                                 0x2000006c   Data           4  main_minivci.o(.data)
    ECU_Byte_num                             0x20000070   Data           1  main_minivci.o(.data)
    ecu_staus                                0x20000071   Data           1  main_minivci.o(.data)
    KeepComTimeCounter                       0x20000072   Data           4  main_minivci.o(.data)
    counter_1ms                              0x20000078   Data           4  main_minivci.o(.data)
    KeepComTime                              0x2000007c   Data           4  main_minivci.o(.data)
    KeepComSwitch                            0x20000080   Data           1  main_minivci.o(.data)
    KeepComSwitch1                           0x20000081   Data           1  main_minivci.o(.data)
    KeepComSwitch2                           0x20000082   Data           1  main_minivci.o(.data)
    EcuComRxBuf_MultipleLen                  0x20000084   Data           2  main_minivci.o(.data)
    EcuComRxBuf_MultipleTxNum                0x20000086   Data           2  main_minivci.o(.data)
    EcuComRxBuf_MultipleRxNum                0x20000088   Data           2  main_minivci.o(.data)
    EcuComRxBuf                              0x2000008c   Data           4  main_minivci.o(.data)
    UartTxQueueBuf                           0x20000090   Data           4  main_minivci.o(.data)
    timeflag                                 0x20000094   Data           4  main_minivci.o(.data)
    timeidle                                 0x20000098   Data           4  main_minivci.o(.data)
    ChannelBuf                               0x2000009c   Data           8  main_minivci.o(.data)
    ProtocolType                             0x200000a4   Data           1  main_minivci.o(.data)
    StatusByte                               0x200000a5   Data           1  main_minivci.o(.data)
    ValidFlag                                0x200000a6   Data           1  main_minivci.o(.data)
    AnswerFlag                               0x200000a7   Data           1  main_minivci.o(.data)
    LineInitFlag                             0x200000a8   Data           1  main_minivci.o(.data)
    LineLevelFlag                            0x200000a9   Data           1  main_minivci.o(.data)
    _1msCounter                              0x200000ac   Data           4  main_minivci.o(.data)
    _10msCounter                             0x200000b0   Data           4  main_minivci.o(.data)
    endmsCounter                             0x200000b4   Data           4  main_minivci.o(.data)
    K2K_Simulate_firstRX_flag                0x200000b8   Data           1  main_minivci.o(.data)
    Stop_bit_5bps_flag                       0x200000b9   Data           1  main_minivci.o(.data)
    DelayTimeForHoldCom                      0x200000ba   Data           1  main_minivci.o(.data)
    ByteCounter                              0x200000bc   Data           2  main_minivci.o(.data)
    kl_set                                   0x200000be   Data           4  main_minivci.o(.data)
    kl_set_time                              0x200000c4   Data           4  main_minivci.o(.data)
    adjust_width                             0x200000c8   Data           4  main_minivci.o(.data)
    ExitWaveFlag                             0x200000cc   Data           1  main_minivci.o(.data)
    WaveNum                                  0x200000cd   Data           1  main_minivci.o(.data)
    FrameFormat                              0x200000ce   Data           2  main_minivci.o(.data)
    Can_Send_Mode                            0x200000d0   Data           2  main_minivci.o(.data)
    UartBit9                                 0x200000d2   Data           1  main_minivci.o(.data)
    vcc_drv                                  0x200000d4   Data           2  main_minivci.o(.data)
    pgn_much_data_num                        0x200000d8   Data           1  passthru_can.o(.data)
    CANMODE                                  0x200000d9   Data           1  passthru_can.o(.data)
    CanTransMode                             0x200000da   Data           1  passthru_can.o(.data)
    SoftFilterMask                           0x200000db   Data           1  passthru_can.o(.data)
    CanId_RxNum                              0x200000dc   Data           4  passthru_can.o(.data)
    k2kTD1_backup                            0x200000e0   Data           1  passthru_kwp.o(.data)
    k2kTD2_backup                            0x200000e1   Data           1  passthru_kwp.o(.data)
    k2kTD3_backup                            0x200000e2   Data           1  passthru_kwp.o(.data)
    k2kTD4_backup                            0x200000e3   Data           1  passthru_kwp.o(.data)
    k2kBaud_backup                           0x200000e4   Data           4  passthru_kwp.o(.data)
    WriteIDflag                              0x200000e8   Data           1  code.o(.data)
    TIME_INIT                                0x200000e9   Data           1  time.o(.data)
    __stdout                                 0x200000f0   Data           4  stdout.o(.data)
    flash_record_data_num                    0x200000f4   Data          16  mmain.o(.bss)
    last_data                                0x20000104   Data         256  mmain.o(.bss)
    CAN1_QueueData                           0x20000204   Data        2584  main_minivci.o(.bss)
    EcuComRxBuf_temp                         0x20000c1c   Data         280  main_minivci.o(.bss)
    UartTxQueueBuf_ext                       0x20000d34   Data        4110  main_minivci.o(.bss)
    UartCtlReg                               0x20001d44   Data          12  main_minivci.o(.bss)
    ComCtl                                   0x20001d50   Data          16  main_minivci.o(.bss)
    CanbusInsert                             0x20001d60   Data         100  main_minivci.o(.bss)
    EcuComRxBuf_Multiple                     0x20001dc4   Data         280  main_minivci.o(.bss)
    EcuComTxBuf                              0x20001edc   Data         280  main_minivci.o(.bss)
    KeepComBuf                               0x20001ff4   Data         100  main_minivci.o(.bss)
    KeepComBuf1                              0x20002058   Data         100  main_minivci.o(.bss)
    PassThruConfig                           0x200020bc   Data         392  main_minivci.o(.bss)
    PassThruDriver                           0x20002244   Data          36  main_minivci.o(.bss)
    USART1_RxBuff                            0x20002268   Data        4110  main_minivci.o(.bss)
    TempProcBuf                              0x20003276   Data        4110  main_minivci.o(.bss)
    CanId_RxBuf                              0x20004284   Data        1024  passthru_can.o(.bss)
    __initial_sp                             0x20004a88   Data           0  startup_stm32f2xx.o(STACK)



==============================================================================

Memory Map of the image

  Image Entry point : 0x08000185

  Load Region LR_IROM1 (Base: 0x08000000, Size: 0x0000e660, Max: 0x00080000, ABSOLUTE)

    Execution Region ER_IROM1 (Base: 0x08000000, Size: 0x0000e56c, Max: 0x00080000, ABSOLUTE)

    Base Addr    Size         Type   Attr      Idx    E Section Name        Object

    0x08000000   0x00000184   Data   RO         4939    RESET               startup_stm32f2xx.o
    0x08000184   0x00000000   Code   RO         7124  * .ARM.Collect$$$$00000000  mc_w.l(entry.o)
    0x08000184   0x00000004   Code   RO         7413    .ARM.Collect$$$$00000001  mc_w.l(entry2.o)
    0x08000188   0x00000004   Code   RO         7416    .ARM.Collect$$$$00000004  mc_w.l(entry5.o)
    0x0800018c   0x00000000   Code   RO         7418    .ARM.Collect$$$$00000008  mc_w.l(entry7b.o)
    0x0800018c   0x00000000   Code   RO         7420    .ARM.Collect$$$$0000000A  mc_w.l(entry8b.o)
    0x0800018c   0x00000008   Code   RO         7421    .ARM.Collect$$$$0000000B  mc_w.l(entry9a.o)
    0x08000194   0x00000000   Code   RO         7423    .ARM.Collect$$$$0000000D  mc_w.l(entry10a.o)
    0x08000194   0x00000000   Code   RO         7425    .ARM.Collect$$$$0000000F  mc_w.l(entry11a.o)
    0x08000194   0x00000004   Code   RO         7414    .ARM.Collect$$$$00002712  mc_w.l(entry2.o)
    0x08000198   0x00000024   Code   RO         4940    .text               startup_stm32f2xx.o
    0x080001bc   0x00000024   Code   RO         7127    .text               mc_w.l(rand.o)
    0x080001e0   0x00000024   Code   RO         7130    .text               mc_w.l(memcpya.o)
    0x08000204   0x00000024   Code   RO         7132    .text               mc_w.l(memseta.o)
    0x08000228   0x000000e4   Code   RO         7399    .text               mf_w.l(dmul.o)
    0x0800030c   0x000000de   Code   RO         7401    .text               mf_w.l(ddiv.o)
    0x080003ea   0x0000001a   Code   RO         7405    .text               mf_w.l(dfltui.o)
    0x08000404   0x00000032   Code   RO         7407    .text               mf_w.l(dfixui.o)
    0x08000436   0x0000002c   Code   RO         7430    .text               mc_w.l(uidiv.o)
    0x08000462   0x00000020   Code   RO         7434    .text               mc_w.l(llushr.o)
    0x08000482   0x00000000   Code   RO         7436    .text               mc_w.l(iusefp.o)
    0x08000482   0x000000be   Code   RO         7437    .text               mf_w.l(depilogue.o)
    0x08000540   0x00000024   Code   RO         7443    .text               mc_w.l(init.o)
    0x08000564   0x00000000   Code   RO         7445    .text               mc_w.l(semi.o)
    0x08000564   0x0000001e   Code   RO         7446    .text               mc_w.l(llshl.o)
    0x08000582   0x00000000   Code   RO         7450    .text               mc_w.l(iusesemip.o)
    0x08000582   0x00000002   PAD
    0x08000584   0x00000024   Code   RO         6443    i.ADC1_Init         adc.o
    0x080005a8   0x00000002   Code   RO         6727    i.ALL_GPIO_Config   hardware.o
    0x080005aa   0x00000002   PAD
    0x080005ac   0x000000e8   Code   RO         5369    i.ALL_KEEP_COM      passthru.o
    0x08000694   0x00000002   Code   RO          164    i.BusFault_Handler  stm32f2xx_it.o
    0x08000696   0x00000002   PAD
    0x08000698   0x000000d0   Code   RO         6569    i.CAN1_Config       can.o
    0x08000768   0x0000002c   Code   RO         1241    i.CAN_DeInit        stm32f2xx_can.o
    0x08000794   0x000000c4   Code   RO         1243    i.CAN_FilterInit    stm32f2xx_can.o
    0x08000858   0x00000010   Code   RO         1249    i.CAN_ITConfig      stm32f2xx_can.o
    0x08000868   0x000000e8   Code   RO         1250    i.CAN_Init          stm32f2xx_can.o
    0x08000950   0x00000020   Code   RO         1256    i.CAN_StructInit    stm32f2xx_can.o
    0x08000970   0x00000098   Code   RO         1258    i.CAN_Transmit      stm32f2xx_can.o
    0x08000a08   0x000000ac   Code   RO         6571    i.CAN_TxData        can.o
    0x08000ab4   0x000000e0   Code   RO         6572    i.CANx_MultiFilterMask  can.o
    0x08000b94   0x00000158   Code   RO         6573    i.CANx_MultiFilterMask_PGN  can.o
    0x08000cec   0x000000f0   Code   RO         6574    i.CANx_ResetBaudRate  can.o
    0x08000ddc   0x000000c8   Code   RO         6575    i.CANx_ResetFilterMask  can.o
    0x08000ea4   0x00000098   Code   RO         4946    i.Check_USART1_RxFlag  mmain.o
    0x08000f3c   0x000000a4   Code   RO         6292    i.Circle_test       selftest.o
    0x08000fe0   0x00000080   Code   RO         6293    i.Cmp_Test          selftest.o
    0x08001060   0x00000002   Code   RO          165    i.DebugMon_Handler  stm32f2xx_it.o
    0x08001062   0x00000002   PAD
    0x08001064   0x00000014   Code   RO            3    i.Delay             main.o
    0x08001078   0x0000001c   Code   RO         6945    i.DelayN_Count      time.o
    0x08001094   0x00000040   Code   RO         6728    i.DelayN_Count_Get_Logic_count  hardware.o
    0x080010d4   0x00000034   Code   RO         6729    i.DelayN_Count_Get_Logic_fpclk_1000  hardware.o
    0x08001108   0x0000001c   Code   RO         6946    i.DelayNms          time.o
    0x08001124   0x00000020   Code   RO         6947    i.DelayNus          time.o
    0x08001144   0x00000014   Code   RO         5370    i.DelayTxByte       passthru.o
    0x08001158   0x000000d4   Code   RO         5308    i.DetectBaud        newsoftuart.o
    0x0800122c   0x000000c0   Code   RO         6294    i.Drv_Test          selftest.o
    0x080012ec   0x00000002   Code   RO         6641    i.ErasePage         code.o
    0x080012ee   0x00000002   PAD
    0x080012f0   0x00000034   Code   RO         2128    i.FLASH_GetStatus   stm32f2xx_flash.o
    0x08001324   0x00000010   Code   RO         2132    i.FLASH_Lock        stm32f2xx_flash.o
    0x08001334   0x0000003c   Code   RO         2147    i.FLASH_ProgramHalfWord  stm32f2xx_flash.o
    0x08001370   0x00000024   Code   RO         2150    i.FLASH_Unlock      stm32f2xx_flash.o
    0x08001394   0x0000001e   Code   RO         2151    i.FLASH_WaitForLastOperation  stm32f2xx_flash.o
    0x080013b2   0x00000002   PAD
    0x080013b4   0x00000020   Code   RO         2330    i.FSMC_NORSRAMCmd   stm32f2xx_fsmc.o
    0x080013d4   0x000000c0   Code   RO         2332    i.FSMC_NORSRAMInit  stm32f2xx_fsmc.o
    0x08001494   0x00000010   Code   RO         6730    i.GET_LINE_STATUS   hardware.o
    0x080014a4   0x000000a2   Code   RO         2451    i.GPIO_Init         stm32f2xx_gpio.o
    0x08001546   0x00000020   Code   RO         2452    i.GPIO_PinAFConfig  stm32f2xx_gpio.o
    0x08001566   0x0000000e   Code   RO         2455    i.GPIO_ReadInputDataBit  stm32f2xx_gpio.o
    0x08001574   0x00000004   Code   RO         2458    i.GPIO_ResetBits    stm32f2xx_gpio.o
    0x08001578   0x00000004   Code   RO         2459    i.GPIO_SetBits      stm32f2xx_gpio.o
    0x0800157c   0x00000016   Code   RO         5371    i.GetAddresses32    passthru.o
    0x08001592   0x0000003c   Code   RO         6642    i.GetCrc160         code.o
    0x080015ce   0x00000032   Code   RO         5372    i.GetLineMonitor    passthru.o
    0x08001600   0x00000080   Code   RO         6295    i.GetP0status       selftest.o
    0x08001680   0x00000060   Code   RO         6643    i.GetVer            code.o
    0x080016e0   0x00000038   Code   RO         6731    i.Get_Bus_status    hardware.o
    0x08001718   0x00000002   Code   RO          166    i.HardFault_Handler  stm32f2xx_it.o
    0x0800171a   0x00000002   PAD
    0x0800171c   0x00000010   Code   RO         2937    i.IWDG_Enable       stm32f2xx_iwdg.o
    0x0800172c   0x00000004   Code   RO         6644    i.IWDG_Feed         code.o
    0x08001730   0x00000010   Code   RO         2939    i.IWDG_ReloadCounter  stm32f2xx_iwdg.o
    0x08001740   0x0000000c   Code   RO         2940    i.IWDG_SetPrescaler  stm32f2xx_iwdg.o
    0x0800174c   0x0000000c   Code   RO         2941    i.IWDG_SetReload    stm32f2xx_iwdg.o
    0x08001758   0x0000000c   Code   RO         2942    i.IWDG_WriteAccessCmd  stm32f2xx_iwdg.o
    0x08001764   0x00000024   Code   RO         6645    i.Init_WatchDog     code.o
    0x08001788   0x000000cc   Code   RO         6948    i.Int_time          time.o
    0x08001854   0x00000026   Code   RO          490    i.LCD_Clear         stm322xg_eval_lcd.o
    0x0800187a   0x00000002   PAD
    0x0800187c   0x00000134   Code   RO          494    i.LCD_CtrlLinesConfig  stm322xg_eval_lcd.o
    0x080019b0   0x00000020   Code   RO          496    i.LCD_DisplayChar   stm322xg_eval_lcd.o
    0x080019d0   0x00000038   Code   RO          499    i.LCD_DisplayStringLine  stm322xg_eval_lcd.o
    0x08001a08   0x0000007c   Code   RO          500    i.LCD_DrawChar      stm322xg_eval_lcd.o
    0x08001a84   0x00000058   Code   RO          508    i.LCD_FSMCConfig    stm322xg_eval_lcd.o
    0x08001adc   0x0000000c   Code   RO          511    i.LCD_GetFont       stm322xg_eval_lcd.o
    0x08001ae8   0x0000000a   Code   RO          517    i.LCD_ReadReg       stm322xg_eval_lcd.o
    0x08001af2   0x00000002   PAD
    0x08001af4   0x00000010   Code   RO          518    i.LCD_SetBackColor  stm322xg_eval_lcd.o
    0x08001b04   0x00000018   Code   RO          520    i.LCD_SetCursor     stm322xg_eval_lcd.o
    0x08001b1c   0x00000010   Code   RO          523    i.LCD_SetTextColor  stm322xg_eval_lcd.o
    0x08001b2c   0x0000000a   Code   RO          528    i.LCD_WriteReg      stm322xg_eval_lcd.o
    0x08001b36   0x00000002   PAD
    0x08001b38   0x00000050   Code   RO         6850    i.MCU_UARTGetByte   mcu_uart.o
    0x08001b88   0x0000003c   Code   RO         6851    i.MCU_UARTSendByte  mcu_uart.o
    0x08001bc4   0x00000088   Code   RO         6852    i.MCU_UART_Init     mcu_uart.o
    0x08001c4c   0x00000002   Code   RO          167    i.MemManage_Handler  stm32f2xx_it.o
    0x08001c4e   0x00000002   Code   RO          168    i.NMI_Handler       stm32f2xx_it.o
    0x08001c50   0x00000064   Code   RO          867    i.NVIC_Init         misc.o
    0x08001cb4   0x00000014   Code   RO          868    i.NVIC_PriorityGroupConfig  misc.o
    0x08001cc8   0x00000014   Code   RO          869    i.NVIC_SetVectorTable  misc.o
    0x08001cdc   0x00000084   Code   RO         6035    i.PLUSE_RxPack_Normal  passthru_pluse.o
    0x08001d60   0x00000010   Code   RO         5499    i.PassThru_BENZ_InitEcu  passthru_benz.o
    0x08001d70   0x00000108   Code   RO         5500    i.PassThru_BENZ_InitPort  passthru_benz.o
    0x08001e78   0x00000020   Code   RO         5501    i.PassThru_BENZ_RxPack_DirectRead  passthru_benz.o
    0x08001e98   0x000000ac   Code   RO         5502    i.PassThru_BENZ_RxPack_Normal  passthru_benz.o
    0x08001f44   0x00000070   Code   RO         5503    i.PassThru_BENZ_RxPack_SimuEcu  passthru_benz.o
    0x08001fb4   0x000000d0   Code   RO         5504    i.PassThru_BENZ_RxPack_WithSend  passthru_benz.o
    0x08002084   0x000000e8   Code   RO         5505    i.PassThru_BENZ_SetConfig  passthru_benz.o
    0x0800216c   0x00000080   Code   RO         5506    i.PassThru_BENZ_TxPack_Normal  passthru_benz.o
    0x080021ec   0x000000d0   Code   RO         5507    i.PassThru_BENZ_TxPack_WithRev  passthru_benz.o
    0x080022bc   0x0000017c   Code   RO         5566    i.PassThru_CAN_InitPort  passthru_can.o
    0x08002438   0x00000070   Code   RO         5567    i.PassThru_CAN_PGN_TxPack  passthru_can.o
    0x080024a8   0x000000ec   Code   RO         5568    i.PassThru_CAN_RxData  passthru_can.o
    0x08002594   0x00000034   Code   RO         5569    i.PassThru_CAN_RxData_Time  passthru_can.o
    0x080025c8   0x000000bc   Code   RO         5570    i.PassThru_CAN_RxPack_Auto  passthru_can.o
    0x08002684   0x000001a4   Code   RO         5571    i.PassThru_CAN_RxPack_AutoExt_ReadOnly  passthru_can.o
    0x08002828   0x000000e0   Code   RO         5572    i.PassThru_CAN_RxPack_Auto_Ext  passthru_can.o
    0x08002908   0x000000dc   Code   RO         5573    i.PassThru_CAN_RxPack_Auto_GM  passthru_can.o
    0x080029e4   0x000001a0   Code   RO         5574    i.PassThru_CAN_RxPack_Auto_ReadOnly  passthru_can.o
    0x08002b84   0x00000064   Code   RO         5575    i.PassThru_CAN_RxPack_GetID  passthru_can.o
    0x08002be8   0x000000dc   Code   RO         5576    i.PassThru_CAN_RxPack_Head  passthru_can.o
    0x08002cc4   0x00000330   Code   RO         5577    i.PassThru_CAN_RxPack_J1939  passthru_can.o
    0x08002ff4   0x000002f4   Code   RO         5578    i.PassThru_CAN_RxPack_J1939_ReadOnly  passthru_can.o
    0x080032e8   0x000000a0   Code   RO         5579    i.PassThru_CAN_RxPack_J1939_ReadPGN  passthru_can.o
    0x08003388   0x000000d0   Code   RO         5580    i.PassThru_CAN_RxPack_Normal  passthru_can.o
    0x08003458   0x000000ec   Code   RO         5581    i.PassThru_CAN_RxPack_Normal_Multiple  passthru_can.o
    0x08003544   0x000000d8   Code   RO         5582    i.PassThru_CAN_RxPack_NotID  passthru_can.o
    0x0800361c   0x000000cc   Code   RO         6296    i.PassThru_CAN_SELFTEST  selftest.o
    0x080036e8   0x00000378   Code   RO         5583    i.PassThru_CAN_SetConfig  passthru_can.o
    0x08003a60   0x0000003c   Code   RO         5584    i.PassThru_CAN_TxMuchPack_DelayTime  passthru_can.o
    0x08003a9c   0x0000011c   Code   RO         5585    i.PassThru_CAN_TxPack_Auto  passthru_can.o
    0x08003bb8   0x00000130   Code   RO         5586    i.PassThru_CAN_TxPack_Auto_Ext  passthru_can.o
    0x08003ce8   0x0000012c   Code   RO         5587    i.PassThru_CAN_TxPack_Auto_GM  passthru_can.o
    0x08003e14   0x00000168   Code   RO         5588    i.PassThru_CAN_TxPack_FlowControl  passthru_can.o
    0x08003f7c   0x00000030   Code   RO         5589    i.PassThru_CAN_TxPack_GetID  passthru_can.o
    0x08003fac   0x00000054   Code   RO         5590    i.PassThru_CAN_TxPack_Head  passthru_can.o
    0x08004000   0x000001a8   Code   RO         5591    i.PassThru_CAN_TxPack_J1939  passthru_can.o
    0x080041a8   0x0000012c   Code   RO         5592    i.PassThru_CAN_TxPack_J1939_SendOnly  passthru_can.o
    0x080042d4   0x00000148   Code   RO         5593    i.PassThru_CAN_TxPack_J1939_SendPGN  passthru_can.o
    0x0800441c   0x00000110   Code   RO         5594    i.PassThru_CAN_TxPack_Normal  passthru_can.o
    0x0800452c   0x000000e4   Code   RO         5595    i.PassThru_CAN_TxPack_Normal_Multiple  passthru_can.o
    0x08004610   0x000000f4   Code   RO         5596    i.PassThru_CAN_TxPack_NotID  passthru_can.o
    0x08004704   0x00000130   Code   RO         5597    i.PassThru_CAN_TxPack_NotID_Flash  passthru_can.o
    0x08004834   0x00000094   Code   RO         5598    i.PassThru_CAN_TxPack_SetFilter  passthru_can.o
    0x080048c8   0x0000012c   Code   RO         5599    i.PassThru_CAN_TxPack_flash_read  passthru_can.o
    0x080049f4   0x00000210   Code   RO         5600    i.PassThru_CAN_TxPack_flash_read_pos  passthru_can.o
    0x08004c04   0x0000009c   Code   RO         6732    i.PassThru_Default_SetConfig  hardware.o
    0x08004ca0   0x000001e0   Code   RO         5824    i.PassThru_ISO_InitPort  passthru_iso.o
    0x08004e80   0x000002a0   Code   RO         5825    i.PassThru_ISO_Init_Slow  passthru_iso.o
    0x08005120   0x00000168   Code   RO         5826    i.PassThru_ISO_RxPack_Normal  passthru_iso.o
    0x08005288   0x00000150   Code   RO         5827    i.PassThru_ISO_RxPack_WABCO  passthru_iso.o
    0x080053d8   0x00000194   Code   RO         5828    i.PassThru_ISO_SetConfig  passthru_iso.o
    0x0800556c   0x000000ac   Code   RO         5829    i.PassThru_ISO_TxPack_Normal  passthru_iso.o
    0x08005618   0x0000007c   Code   RO         5830    i.PassThru_ISO_TxPack_WABCO  passthru_iso.o
    0x08005694   0x000002cc   Code   RO         5880    i.PassThru_KWP_InitPort  passthru_kwp.o
    0x08005960   0x00000064   Code   RO         5881    i.PassThru_KWP_Init_Fast  passthru_kwp.o
    0x080059c4   0x0000027c   Code   RO         5882    i.PassThru_KWP_Init_Slow  passthru_kwp.o
    0x08005c40   0x00000138   Code   RO         5883    i.PassThru_KWP_RxPack_Cater  passthru_kwp.o
    0x08005d78   0x0000002c   Code   RO         5884    i.PassThru_KWP_RxPack_DirectRead  passthru_kwp.o
    0x08005da4   0x000000b0   Code   RO         5885    i.PassThru_KWP_RxPack_Interception  passthru_kwp.o
    0x08005e54   0x00000120   Code   RO         5886    i.PassThru_KWP_RxPack_J1708MID  passthru_kwp.o
    0x08005f74   0x000001b8   Code   RO         5887    i.PassThru_KWP_RxPack_Kwp2000  passthru_kwp.o
    0x0800612c   0x00000134   Code   RO         5888    i.PassThru_KWP_RxPack_Length  passthru_kwp.o
    0x08006260   0x0000009c   Code   RO         5889    i.PassThru_KWP_RxPack_Length3  passthru_kwp.o
    0x080062fc   0x000000c8   Code   RO         5890    i.PassThru_KWP_RxPack_MazdaKWP  passthru_kwp.o
    0x080063c4   0x000000b8   Code   RO         5891    i.PassThru_KWP_RxPack_Mitsub  passthru_kwp.o
    0x0800647c   0x000000fc   Code   RO         5892    i.PassThru_KWP_RxPack_Nissan  passthru_kwp.o
    0x08006578   0x000000ec   Code   RO         5893    i.PassThru_KWP_RxPack_Normal  passthru_kwp.o
    0x08006664   0x000000ac   Code   RO         5894    i.PassThru_KWP_RxPack_Volvo  passthru_kwp.o
    0x08006710   0x000001b0   Code   RO         5895    i.PassThru_KWP_SetConfig  passthru_kwp.o
    0x080068c0   0x0000008c   Code   RO         5896    i.PassThru_KWP_TxPack_Delay  passthru_kwp.o
    0x0800694c   0x0000001a   Code   RO         5897    i.PassThru_KWP_TxPack_Normal  passthru_kwp.o
    0x08006966   0x00000002   PAD
    0x08006968   0x00000054   Code   RO         5898    i.PassThru_KWP_TxPack_TxData  passthru_kwp.o
    0x080069bc   0x00000064   Code   RO         5899    i.PassThru_KWP_TxPack_Volvo  passthru_kwp.o
    0x08006a20   0x00000058   Code   RO         5900    i.PassThru_KWP_delay_parse  passthru_kwp.o
    0x08006a78   0x00000068   Code   RO         5901    i.PassThru_KWP_delay_sent  passthru_kwp.o
    0x08006ae0   0x0000017c   Code   RO         6036    i.PassThru_PLUSE_InitPort  passthru_pluse.o
    0x08006c5c   0x00000034   Code   RO         6037    i.PassThru_PLUSE_ReadCodeByte  passthru_pluse.o
    0x08006c90   0x00000030   Code   RO         6038    i.PassThru_PLUSE_ReadDataStream  passthru_pluse.o
    0x08006cc0   0x00000036   Code   RO         6039    i.PassThru_PLUSE_SendCodeByte  passthru_pluse.o
    0x08006cf6   0x00000002   PAD
    0x08006cf8   0x000000dc   Code   RO         6040    i.PassThru_PLUSE_SendCodeBytes  passthru_pluse.o
    0x08006dd4   0x00000078   Code   RO         6041    i.PassThru_PLUSE_SendDataStream  passthru_pluse.o
    0x08006e4c   0x000000d4   Code   RO         6042    i.PassThru_PLUSE_SetConfig  passthru_pluse.o
    0x08006f20   0x00000138   Code   RO         6102    i.PassThru_PWM_InitPort  passthru_pwm.o
    0x08007058   0x000000a8   Code   RO         6103    i.PassThru_PWM_READ_ANSWER_BYTE  passthru_pwm.o
    0x08007100   0x0000002c   Code   RO         6104    i.PassThru_PWM_RxPack_Normal  passthru_pwm.o
    0x0800712c   0x000001e4   Code   RO         6105    i.PassThru_PWM_RxPack_SingleFrame  passthru_pwm.o
    0x08007310   0x000000ec   Code   RO         6106    i.PassThru_PWM_SetConfig  passthru_pwm.o
    0x080073fc   0x00000070   Code   RO         6107    i.PassThru_PWM_TXBYTE  passthru_pwm.o
    0x0800746c   0x0000011c   Code   RO         6108    i.PassThru_PWM_TxPack_Normal  passthru_pwm.o
    0x08007588   0x00000190   Code   RO         5601    i.PassThru_SET_EACH_FUN  passthru_can.o
    0x08007718   0x00000020   Code   RO         5373    i.PassThru_SetKeepComSwitch2  passthru.o
    0x08007738   0x00000100   Code   RO         6158    i.PassThru_VPW_InitPort  passthru_vpw.o
    0x08007838   0x0000011c   Code   RO         6159    i.PassThru_VPW_ReadByte  passthru_vpw.o
    0x08007954   0x000000b8   Code   RO         6160    i.PassThru_VPW_RxPack_Frame  passthru_vpw.o
    0x08007a0c   0x00000068   Code   RO         6161    i.PassThru_VPW_RxPack_Normal  passthru_vpw.o
    0x08007a74   0x000000f0   Code   RO         6162    i.PassThru_VPW_SetConfig  passthru_vpw.o
    0x08007b64   0x00000108   Code   RO         6163    i.PassThru_VPW_TxPack_Normal  passthru_vpw.o
    0x08007c6c   0x00000050   Code   RO         6213    i.PassThru_WAVE_InitPort  passthru_wave.o
    0x08007cbc   0x0000011c   Code   RO         6214    i.PassThru_WAVE_ReadWave  passthru_wave.o
    0x08007dd8   0x00000054   Code   RO         6215    i.PassThru_WAVE_SetConfig  passthru_wave.o
    0x08007e2c   0x00000002   Code   RO          169    i.PendSV_Handler    stm32f2xx_it.o
    0x08007e2e   0x00000002   PAD
    0x08007e30   0x00000048   Code   RO         6646    i.ProgramDatatoFlash  code.o
    0x08007e78   0x0000001a   Code   RO         6252    i.Queue_Init        queue.o
    0x08007e92   0x00000078   Code   RO         6253    i.Queue_Read        queue.o
    0x08007f0a   0x00000002   PAD
    0x08007f0c   0x00000018   Code   RO         3067    i.RCC_AHB1PeriphClockCmd  stm32f2xx_rcc.o
    0x08007f24   0x00000018   Code   RO         3073    i.RCC_AHB3PeriphClockCmd  stm32f2xx_rcc.o
    0x08007f3c   0x00000018   Code   RO         3076    i.RCC_APB1PeriphClockCmd  stm32f2xx_rcc.o
    0x08007f54   0x00000018   Code   RO         3078    i.RCC_APB1PeriphResetCmd  stm32f2xx_rcc.o
    0x08007f6c   0x00000018   Code   RO         3079    i.RCC_APB2PeriphClockCmd  stm32f2xx_rcc.o
    0x08007f84   0x00000018   Code   RO         3081    i.RCC_APB2PeriphResetCmd  stm32f2xx_rcc.o
    0x08007f9c   0x00000094   Code   RO         3088    i.RCC_GetClocksFreq  stm32f2xx_rcc.o
    0x08008030   0x00000002   Code   RO         6444    i.Read_Dac          adc.o
    0x08008032   0x00000002   PAD
    0x08008034   0x0000005c   Code   RO         6647    i.Read_Ver          code.o
    0x08008090   0x0000003c   Code   RO         6648    i.Read_bl_addr      code.o
    0x080080cc   0x00000054   Code   RO         6733    i.Reset_All_IO      hardware.o
    0x08008120   0x0000001c   Code   RO         5374    i.Reset_Fun         passthru.o
    0x0800813c   0x0000006c   Code   RO         6734    i.Reset_Line        hardware.o
    0x080081a8   0x00000038   Code   RO         5375    i.RunWithWait       passthru.o
    0x080081e0   0x00000020   Code   RO         6735    i.SET_Another_STATUS  hardware.o
    0x08008200   0x00000020   Code   RO         6736    i.SET_LINE_STATUS   hardware.o
    0x08008220   0x00000010   Code   RO         6737    i.SET_LINE_STATUS_0_249600  hardware.o
    0x08008230   0x00000002   Code   RO         6738    i.SET_LINE_STATUS_1_249600  hardware.o
    0x08008232   0x00000002   PAD
    0x08008234   0x00000410   Code   RO          530    i.STM322xG_LCD_Init  stm322xg_eval_lcd.o
    0x08008644   0x00000048   Code   RO          769    i.STM_EVAL_LEDInit  stm322xg_eval.o
    0x0800868c   0x00000018   Code   RO          771    i.STM_EVAL_LEDOn    stm322xg_eval.o
    0x080086a4   0x00000002   Code   RO          170    i.SVC_Handler       stm32f2xx_it.o
    0x080086a6   0x00000002   PAD
    0x080086a8   0x0000005c   Code   RO         5376    i.SendDelayCounter  passthru.o
    0x08008704   0x00000058   Code   RO         6739    i.SetCChannel       hardware.o
    0x0800875c   0x00000064   Code   RO         6882    i.SetCompV          pwm_output.o
    0x080087c0   0x0000009c   Code   RO         6883    i.SetEclk           pwm_output.o
    0x0800885c   0x00000068   Code   RO         5377    i.SetEcuLineLoadMode  passthru.o
    0x080088c4   0x00000014   Code   RO         5378    i.SetEndmsCounter   passthru.o
    0x080088d8   0x000000d8   Code   RO         5379    i.SetExtCh          passthru.o
    0x080089b0   0x0000005c   Code   RO         6740    i.SetLine0Channel   hardware.o
    0x08008a0c   0x00000048   Code   RO         6741    i.SetLine1Channel   hardware.o
    0x08008a54   0x0000028c   Code   RO         6742    i.SetLine_ext       hardware.o
    0x08008ce0   0x0000002c   Code   RO         5309    i.SetSoftUart       newsoftuart.o
    0x08008d0c   0x00000098   Code   RO         4902    i.SetSysClock       system_stm32f2xx.o
    0x08008da4   0x00000090   Code   RO         6297    i.SetTxPort         selftest.o
    0x08008e34   0x00000048   Code   RO         5380    i.SetVcc_Drv        passthru.o
    0x08008e7c   0x000005e2   Code   RO         6743    i.Set_DrvPort       hardware.o
    0x0800945e   0x00000002   PAD
    0x08009460   0x00000094   Code   RO         5381    i.SimulateEcu5bps   passthru.o
    0x080094f4   0x00000024   Code   RO         5310    i.SkipNbit          newsoftuart.o
    0x08009518   0x00000054   Code   RO         5311    i.SoftPulse         newsoftuart.o
    0x0800956c   0x0000009c   Code   RO         5312    i.SoftUartRxByte    newsoftuart.o
    0x08009608   0x00000090   Code   RO         4947    i.SpecialFun        mmain.o
    0x08009698   0x0000001c   Code   RO         6949    i.Stop_Time         time.o
    0x080096b4   0x00000002   Code   RO          171    i.SysTick_Handler   stm32f2xx_it.o
    0x080096b6   0x00000002   PAD
    0x080096b8   0x00000050   Code   RO         4904    i.SystemInit        system_stm32f2xx.o
    0x08009708   0x0000007c   Code   RO         6884    i.TIM1_Mode_Config  pwm_output.o
    0x08009784   0x0000002a   Code   RO         6951    i.TIM2_NVIC_Configuration  time.o
    0x080097ae   0x00000002   PAD
    0x080097b0   0x0000005c   Code   RO         6887    i.TIM4_Mode_Config  pwm_output.o
    0x0800980c   0x00000014   Code   RO         4101    i.TIM_ARRPreloadConfig  stm32f2xx_tim.o
    0x08009820   0x00000006   Code   RO         4107    i.TIM_ClearFlag     stm32f2xx_tim.o
    0x08009826   0x00000014   Code   RO         4113    i.TIM_Cmd           stm32f2xx_tim.o
    0x0800983a   0x00000016   Code   RO         4115    i.TIM_CtrlPWMOutputs  stm32f2xx_tim.o
    0x08009850   0x00000150   Code   RO         4118    i.TIM_DeInit        stm32f2xx_tim.o
    0x080099a0   0x00000004   Code   RO         4132    i.TIM_GetCounter    stm32f2xx_tim.o
    0x080099a4   0x00000004   Code   RO         4135    i.TIM_GetPrescaler  stm32f2xx_tim.o
    0x080099a8   0x00000010   Code   RO         4138    i.TIM_ITConfig      stm32f2xx_tim.o
    0x080099b8   0x00000060   Code   RO         4142    i.TIM_OC1Init       stm32f2xx_tim.o
    0x08009a18   0x0000000c   Code   RO         4145    i.TIM_OC1PreloadConfig  stm32f2xx_tim.o
    0x08009a24   0x0000005c   Code   RO         6889    i.TIM_PWM_Init      pwm_output.o
    0x08009a80   0x00000004   Code   RO         4179    i.TIM_SetCounter    stm32f2xx_tim.o
    0x08009a84   0x0000007c   Code   RO         4185    i.TIM_TimeBaseInit  stm32f2xx_tim.o
    0x08009b00   0x00000340   Code   RO         6298    i.TestOpenCiruit    selftest.o
    0x08009e40   0x0000033c   Code   RO         6299    i.TestOpen_iobd     selftest.o
    0x0800a17c   0x00000304   Code   RO         6301    i.TestShortCiruit   selftest.o
    0x0800a480   0x0000019c   Code   RO         4949    i.Transmit_Pass     mmain.o
    0x0800a61c   0x00000018   Code   RO         7014    i.UARTAnswer        usart1.o
    0x0800a634   0x0000001c   Code   RO         7015    i.UARTAnswerErr     usart1.o
    0x0800a650   0x0000000c   Code   RO         7016    i.USART1_ClearQueue  usart1.o
    0x0800a65c   0x00000030   Code   RO         7017    i.USART1_ReceiveData  usart1.o
    0x0800a68c   0x00000006   Code   RO         4649    i.USART_ClearFlag   stm32f2xx_usart.o
    0x0800a692   0x00000014   Code   RO         4653    i.USART_Cmd         stm32f2xx_usart.o
    0x0800a6a6   0x00000002   Code   RO         7018    i.USART_Config      usart1.o
    0x0800a6a8   0x00000002   Code   RO         7019    i.USART_DMA_Send_ext  usart1.o
    0x0800a6aa   0x00000002   Code   RO         7020    i.USART_DMA_Send_ext_1768  usart1.o
    0x0800a6ac   0x00000002   Code   RO         7021    i.USART_DMA_init    usart1.o
    0x0800a6ae   0x0000000e   Code   RO         4656    i.USART_GetFlagStatus  stm32f2xx_usart.o
    0x0800a6bc   0x00000030   Code   RO         4659    i.USART_ITConfig    stm32f2xx_usart.o
    0x0800a6ec   0x000000b8   Code   RO         4660    i.USART_Init        stm32f2xx_usart.o
    0x0800a7a4   0x00000020   Code   RO         7022    i.USART_PushByte    usart1.o
    0x0800a7c4   0x00000008   Code   RO         4667    i.USART_ReceiveData  stm32f2xx_usart.o
    0x0800a7cc   0x00000010   Code   RO         7025    i.USART_SendByte    usart1.o
    0x0800a7dc   0x00000008   Code   RO         4670    i.USART_SendData    stm32f2xx_usart.o
    0x0800a7e4   0x00000044   Code   RO         7027    i.UartTxQueuePack   usart1.o
    0x0800a828   0x000000b4   Code   RO         7028    i.UartTxQueuePackMultiple  usart1.o
    0x0800a8dc   0x00000040   Code   RO         7029    i.UartTxQueuePack_DelCanID  usart1.o
    0x0800a91c   0x00000002   Code   RO          172    i.UsageFault_Handler  stm32f2xx_it.o
    0x0800a91e   0x00000002   PAD
    0x0800a920   0x00000128   Code   RO         6649    i.Write_Ver         code.o
    0x0800aa48   0x0000004c   Code   RO         5313    i._Cal_parity       newsoftuart.o
    0x0800aa94   0x00000104   Code   RO         4950    i._MainRoute        mmain.o
    0x0800ab98   0x00000100   Code   RO         6043    i._ReadPulseByte_SPD  passthru_pluse.o
    0x0800ac98   0x00000074   Code   RO         4951    i._SetBusAndMode    mmain.o
    0x0800ad0c   0x0000007c   Code   RO         5314    i._SoftTxByte       newsoftuart.o
    0x0800ad88   0x000000d4   Code   RO         5315    i._SoftTxByte2      newsoftuart.o
    0x0800ae5c   0x000003b8   Code   RO         4952    i._SysFunc          mmain.o
    0x0800b214   0x000000c8   Code   RO         6044    i._TxBytePulse      passthru_pluse.o
    0x0800b2dc   0x00000020   Code   RO         7183    i.__0printf$1       mc_w.l(printf1.o)
    0x0800b2fc   0x0000000e   Code   RO         7453    i.__scatterload_copy  mc_w.l(handlers.o)
    0x0800b30a   0x00000002   Code   RO         7454    i.__scatterload_null  mc_w.l(handlers.o)
    0x0800b30c   0x0000000e   Code   RO         7455    i.__scatterload_zeroinit  mc_w.l(handlers.o)
    0x0800b31a   0x00000002   PAD
    0x0800b31c   0x00000154   Code   RO         7190    i._printf_core      mc_w.l(printf1.o)
    0x0800b470   0x00000094   Code   RO         6650    i._tea              code.o
    0x0800b504   0x0000002c   Code   RO         6651    i.addr08_return     code.o
    0x0800b530   0x000000e8   Code   RO         6302    i.adjust_pulse_width  selftest.o
    0x0800b618   0x000000e0   Code   RO         6477    i.bluecmdsend       bluewifi.o
    0x0800b6f8   0x00000018   Code   RO         6478    i.bluepincmddatesend  bluewifi.o
    0x0800b710   0x0000001c   Code   RO         6482    i.cmd_calcchecksum  bluewifi.o
    0x0800b72c   0x0000001c   Code   RO          531    i.delay             stm322xg_eval_lcd.o
    0x0800b748   0x00000038   Code   RO         6304    i.drv_vcc_test      selftest.o
    0x0800b780   0x00000012   Code   RO         7427    i.fputc             mc_w.l(fputc.o)
    0x0800b792   0x00000002   PAD
    0x0800b794   0x00000118   Code   RO         6305    i.getPortStatus     selftest.o
    0x0800b8ac   0x00000014   Code   RO         5603    i.isHasData         passthru_can.o
    0x0800b8c0   0x00000300   Code   RO         6306    i.kl_pulse          selftest.o
    0x0800bbc0   0x000003c0   Code   RO         6307    i.kl_setup          selftest.o
    0x0800bf80   0x000001a0   Code   RO            5    i.main              main.o
    0x0800c120   0x000000c0   Code   RO         5190    i.main_minivci_app  main_minivci.o
    0x0800c1e0   0x00000098   Code   RO         4954    i.mmain             mmain.o
    0x0800c278   0x000000c0   Code   RO         6308    i.nissan_pulse_test  selftest.o
    0x0800c338   0x00000002   Code   RO         6483    i.printf_usb        bluewifi.o
    0x0800c33a   0x00000002   PAD
    0x0800c33c   0x000000f4   Code   RO         6309    i.pulse_kl_test_time  selftest.o
    0x0800c430   0x00000114   Code   RO         6310    i.pulse_kl_test_time_us  selftest.o
    0x0800c544   0x00000198   Code   RO         4955    i.record_data       mmain.o
    0x0800c6dc   0x000000c4   Code   RO         5383    i.rx164dat          passthru.o
    0x0800c7a0   0x0000002c   Code   RO         6311    i.setPortStatus     selftest.o
    0x0800c7cc   0x0000005c   Code   RO         6312    i.test_kl_can       selftest.o
    0x0800c828   0x0000001c   Code   RO         5902    i.test_nisan_pwm    passthru_kwp.o
    0x0800c844   0x0000001a   Code   RO         6952    i.time_div          time.o
    0x0800c85e   0x00000002   PAD
    0x0800c860   0x00000064   Code   RO         5384    i.tx164dat          passthru.o
    0x0800c8c4   0x00000044   Code   RO         5385    i.tx_PINSEL_channel  passthru.o
    0x0800c908   0x00000044   Code   RO         5386    i.tx_c_channel      passthru.o
    0x0800c94c   0x00000258   Code   RO         6744    i.tx_rx_mode_change  hardware.o
    0x0800cba4   0x00000054   Code   RO         5387    i.tx_spi_one_byte   passthru.o
    0x0800cbf8   0x000004a2   Code   RO         6313    i.up_down_test      selftest.o
    0x0800d09a   0x00000002   PAD
    0x0800d09c   0x00000030   Code   RO         4956    i.vcc_drv_v         mmain.o
    0x0800d0cc   0x000011d0   Data   RO          532    .constdata          stm322xg_eval_lcd.o
    0x0800e29c   0x00000050   Data   RO          779    .constdata          stm322xg_eval.o
    0x0800e2ec   0x0000008c   Data   RO         4958    .constdata          mmain.o
    0x0800e378   0x00000039   Data   RO         5388    .constdata          passthru.o
    0x0800e3b1   0x00000003   PAD
    0x0800e3b4   0x00000050   Data   RO         6314    .constdata          selftest.o
    0x0800e404   0x0000012c   Data   RO         6577    .constdata          can.o
    0x0800e530   0x0000000a   Data   RO         6652    .constdata          code.o
    0x0800e53a   0x00000010   Data   RO         6745    .constdata          hardware.o
    0x0800e54a   0x00000002   PAD
    0x0800e54c   0x00000020   Data   RO         7451    Region$$Table       anon$$obj.o


    Execution Region RW_IRAM1 (Base: 0x20000000, Size: 0x00004a88, Max: 0x00020000, ABSOLUTE)

    Base Addr    Size         Type   Attr      Idx    E Section Name        Object

    0x20000000   0x00000004   Data   RW            6    .data               main.o
    0x20000004   0x00000010   Data   RW          536    .data               stm322xg_eval_lcd.o
    0x20000014   0x0000002c   Data   RW          780    .data               stm322xg_eval.o
    0x20000040   0x00000010   Data   RW         3111    .data               stm32f2xx_rcc.o
    0x20000050   0x0000000c   Data   RW         4959    .data               mmain.o
    0x2000005c   0x00000004   Data   RW         4960    .data               mmain.o
    0x20000060   0x00000002   Data   RW         5117    .data               stm32f10x_it.o
    0x20000062   0x00000001   Data   RW         5206    .data               main_minivci.o
    0x20000063   0x00000001   Data   RW         5207    .data               main_minivci.o
    0x20000064   0x00000001   Data   RW         5208    .data               main_minivci.o
    0x20000065   0x00000001   Data   RW         5209    .data               main_minivci.o
    0x20000066   0x00000001   Data   RW         5211    .data               main_minivci.o
    0x20000067   0x00000001   PAD
    0x20000068   0x00000002   Data   RW         5213    .data               main_minivci.o
    0x2000006a   0x00000002   PAD
    0x2000006c   0x00000004   Data   RW         5215    .data               main_minivci.o
    0x20000070   0x00000001   Data   RW         5216    .data               main_minivci.o
    0x20000071   0x00000001   Data   RW         5217    .data               main_minivci.o
    0x20000072   0x00000004   Data   RW         5218    .data               main_minivci.o
    0x20000076   0x00000002   PAD
    0x20000078   0x00000004   Data   RW         5219    .data               main_minivci.o
    0x2000007c   0x00000004   Data   RW         5221    .data               main_minivci.o
    0x20000080   0x00000001   Data   RW         5222    .data               main_minivci.o
    0x20000081   0x00000001   Data   RW         5223    .data               main_minivci.o
    0x20000082   0x00000001   Data   RW         5224    .data               main_minivci.o
    0x20000083   0x00000001   PAD
    0x20000084   0x00000002   Data   RW         5225    .data               main_minivci.o
    0x20000086   0x00000002   Data   RW         5226    .data               main_minivci.o
    0x20000088   0x00000002   Data   RW         5227    .data               main_minivci.o
    0x2000008a   0x00000002   PAD
    0x2000008c   0x00000018   Data   RW         5228    .data               main_minivci.o
    0x200000a4   0x00000001   Data   RW         5229    .data               main_minivci.o
    0x200000a5   0x00000001   Data   RW         5230    .data               main_minivci.o
    0x200000a6   0x00000001   Data   RW         5231    .data               main_minivci.o
    0x200000a7   0x00000001   Data   RW         5232    .data               main_minivci.o
    0x200000a8   0x00000001   Data   RW         5233    .data               main_minivci.o
    0x200000a9   0x00000001   Data   RW         5234    .data               main_minivci.o
    0x200000aa   0x00000002   PAD
    0x200000ac   0x00000004   Data   RW         5235    .data               main_minivci.o
    0x200000b0   0x00000004   Data   RW         5236    .data               main_minivci.o
    0x200000b4   0x00000004   Data   RW         5237    .data               main_minivci.o
    0x200000b8   0x00000001   Data   RW         5239    .data               main_minivci.o
    0x200000b9   0x00000001   Data   RW         5240    .data               main_minivci.o
    0x200000ba   0x00000001   Data   RW         5241    .data               main_minivci.o
    0x200000bb   0x00000001   PAD
    0x200000bc   0x00000002   Data   RW         5243    .data               main_minivci.o
    0x200000be   0x00000004   Data   RW         5245    .data               main_minivci.o
    0x200000c2   0x00000002   PAD
    0x200000c4   0x00000004   Data   RW         5246    .data               main_minivci.o
    0x200000c8   0x00000004   Data   RW         5247    .data               main_minivci.o
    0x200000cc   0x00000001   Data   RW         5248    .data               main_minivci.o
    0x200000cd   0x00000001   Data   RW         5249    .data               main_minivci.o
    0x200000ce   0x00000002   Data   RW         5250    .data               main_minivci.o
    0x200000d0   0x00000002   Data   RW         5251    .data               main_minivci.o
    0x200000d2   0x00000001   Data   RW         5252    .data               main_minivci.o
    0x200000d3   0x00000001   PAD
    0x200000d4   0x00000002   Data   RW         5253    .data               main_minivci.o
    0x200000d6   0x00000002   PAD
    0x200000d8   0x00000008   Data   RW         5605    .data               passthru_can.o
    0x200000e0   0x00000008   Data   RW         5903    .data               passthru_kwp.o
    0x200000e8   0x00000001   Data   RW         6653    .data               code.o
    0x200000e9   0x00000001   Data   RW         6953    .data               time.o
    0x200000ea   0x00000002   Data   RW         7030    .data               usart1.o
    0x200000ec   0x00000004   Data   RW         7128    .data               mc_w.l(rand.o)
    0x200000f0   0x00000004   Data   RW         7429    .data               mc_w.l(stdout.o)
    0x200000f4   0x00000110   Zero   RW         4957    .bss                mmain.o
    0x20000204   0x00001b3e   Zero   RW         5191    .bss                main_minivci.o
    0x20001d42   0x00000002   PAD
    0x20001d44   0x0000000c   Zero   RW         5192    .bss                main_minivci.o
    0x20001d50   0x00000010   Zero   RW         5193    .bss                main_minivci.o
    0x20001d60   0x00000064   Zero   RW         5194    .bss                main_minivci.o
    0x20001dc4   0x00000118   Zero   RW         5195    .bss                main_minivci.o
    0x20001edc   0x00000118   Zero   RW         5196    .bss                main_minivci.o
    0x20001ff4   0x00000064   Zero   RW         5197    .bss                main_minivci.o
    0x20002058   0x00000064   Zero   RW         5198    .bss                main_minivci.o
    0x200020bc   0x00000188   Zero   RW         5199    .bss                main_minivci.o
    0x20002244   0x00000024   Zero   RW         5200    .bss                main_minivci.o
    0x20002268   0x0000100e   Zero   RW         5203    .bss                main_minivci.o
    0x20003276   0x0000100e   Zero   RW         5204    .bss                main_minivci.o
    0x20004284   0x00000400   Zero   RW         5604    .bss                passthru_can.o
    0x20004684   0x00000004   PAD
    0x20004688   0x00000400   Zero   RW         4937    STACK               startup_stm32f2xx.o


==============================================================================

Image component sizes


      Code (inc. data)   RO Data    RW Data    ZI Data      Debug   Object Name

        38          4          0          0          0       1455   adc.o
       278         56          0          0          0       5531   bluewifi.o
      1388         72        300          0          0       7449   can.o
       910         70         10          1          0       7749   code.o
      3630        346         16          0          0      12742   hardware.o
       436        202          0          4          0     282422   main.o
       192         22          0        102      16510      17869   main_minivci.o
       276         30          0          0          0       1957   mcu_uart.o
       140         26          0          0          0      76073   misc.o
      2644        346        140         16        272      48856   mmain.o
       944        100          0          0          0       6184   newsoftuart.o
      1608        178         57          0          0      11814   passthru.o
      1372        196          0          0          0      30262   passthru_benz.o
     10784        696          0          8       1024      39015   passthru_can.o
      2548        244          0          0          0       6884   passthru_iso.o
      5222        526          0          8          0      20310   passthru_kwp.o
      1674        134          0          0          0       7503   passthru_pluse.o
      1640         80          0          0          0       5897   passthru_pwm.o
      1332         84          0          0          0       6191   passthru_vpw.o
       448         58          0          0          0       2068   passthru_wave.o
       564         52          0          0          0       3710   pwm_output.o
       146          0          0          0          0       1954   queue.o
      7722        354         80          0          0      40604   selftest.o
        36          8        388          0       1024        936   startup_stm32f2xx.o
        96         18         80         44          0       3308   stm322xg_eval.o
         0          0          0          0          0     213016   stm322xg_eval_fsmc_sram.o
      1802         56       4560         16          0      12490   stm322xg_eval_lcd.o
         0          0          0          2          0      16308   stm32f10x_it.o
         0          0          0          0          0       1812   stm32f2xx_adc.o
       672         12          0          0          0      14012   stm32f2xx_can.o
       194         28          0          0          0       9311   stm32f2xx_flash.o
       224          4          0          0          0      10245   stm32f2xx_fsmc.o
       216          0          0          0          0      10239   stm32f2xx_gpio.o
        18          0          0          0          0       4082   stm32f2xx_it.o
        68         30          0          0          0       2862   stm32f2xx_iwdg.o
       292         52          0         16          0      19698   stm32f2xx_rcc.o
       664         88          0          0          0      29450   stm32f2xx_tim.o
       288         10          0          0          0      11587   stm32f2xx_usart.o
       232         30          0          0          0       1621   system_stm32f2xx.o
       388         26          0          1          0       4573   time.o
       480         78          0          2          0       7887   usart1.o

    ----------------------------------------------------------------------
     51652       4316       5668        236      18836    1017936   Object Totals
         0          0         32          0          0          0   (incl. Generated)
        46          0          5         16          6          0   (incl. Padding)

    ----------------------------------------------------------------------

      Code (inc. data)   RO Data    RW Data    ZI Data      Debug   Library Member Name

         0          0          0          0          0          0   entry.o
         0          0          0          0          0          0   entry10a.o
         0          0          0          0          0          0   entry11a.o
         8          4          0          0          0          0   entry2.o
         4          0          0          0          0          0   entry5.o
         0          0          0          0          0          0   entry7b.o
         0          0          0          0          0          0   entry8b.o
         8          4          0          0          0          0   entry9a.o
        18          0          0          0          0         80   fputc.o
        30          0          0          0          0          0   handlers.o
        36          8          0          0          0         68   init.o
         0          0          0          0          0          0   iusefp.o
         0          0          0          0          0          0   iusesemip.o
        30          0          0          0          0         68   llshl.o
        32          0          0          0          0         68   llushr.o
        36          0          0          0          0         68   memcpya.o
        36          0          0          0          0        108   memseta.o
       372         16          0          0          0        180   printf1.o
        36         10          0          4          0        136   rand.o
         0          0          0          0          0          0   semi.o
         0          0          0          4          0          0   stdout.o
        44          0          0          0          0         80   uidiv.o
       222          0          0          0          0        100   ddiv.o
       190          0          0          0          0        176   depilogue.o
        50          0          0          0          0         76   dfixui.o
        26          0          0          0          0         76   dfltui.o
       228          0          0          0          0         96   dmul.o

    ----------------------------------------------------------------------
      1412         42          0          8          0       1380   Library Totals
         6          0          0          0          0          0   (incl. Padding)

    ----------------------------------------------------------------------

      Code (inc. data)   RO Data    RW Data    ZI Data      Debug   Library Name

       690         42          0          8          0        856   mc_w.l
       716          0          0          0          0        524   mf_w.l

    ----------------------------------------------------------------------
      1412         42          0          8          0       1380   Library Totals

    ----------------------------------------------------------------------

==============================================================================


      Code (inc. data)   RO Data    RW Data    ZI Data      Debug   

     53064       4358       5668        244      18836    1002676   Grand Totals
     53064       4358       5668        244      18836    1002676   ELF Image Totals
     53064       4358       5668        244          0          0   ROM Totals

==============================================================================

    Total RO  Size (Code + RO Data)                58732 (  57.36kB)
    Total RW  Size (RW Data + ZI Data)             19080 (  18.63kB)
    Total ROM Size (Code + RO Data + RW Data)      58976 (  57.59kB)

==============================================================================

