ARM Linker, 5.03 [Build 76] [MDK-ARM Standard]

==============================================================================

Section Cross References

    main.o(i.Delay) refers to main.o(.data) for .data
    main.o(i.FileFormat) refers to ff.o(i.f_mkfs) for f_mkfs
    main.o(i.FileFormat) refers to printfa.o(i.__0printf) for __2printf
    main.o(i.FileuMount) refers to ff.o(i.f_mount) for f_mount
    main.o(i.FileuMount) refers to printfa.o(i.__0printf) for __2printf
    main.o(i.FileuMount) refers to main.o(.bss) for .bss
    main.o(i.FileuUnMount) refers to ff.o(i.f_mount) for f_mount
    main.o(i.FileuUnMount) refers to printfa.o(i.__0printf) for __2printf
    main.o(i.TimingDelay_Decrement) refers to stm32f10x_it.o(i.user_SysTick_Handler) for user_SysTick_Handler
    main.o(i.USART1_IRQHandler) refers to stm32f2xx_usart.o(i.USART_GetITStatus) for USART_GetITStatus
    main.o(i.USART1_IRQHandler) refers to stm32f2xx_usart.o(i.USART_ReceiveData) for USART_ReceiveData
    main.o(i.USART1_IRQHandler) refers to stm32f2xx_usart.o(i.USART_ITConfig) for USART_ITConfig
    main.o(i.USART1_IRQHandler) refers to stm32f2xx_usart.o(i.USART_SendData) for USART_SendData
    main.o(i.USART1_IRQHandler) refers to main.o(.data) for .data
    main.o(i.USART1_IRQHandler) refers to main.o(.bss) for .bss
    main.o(i.fatfstest) refers to main.o(i.FileuMount) for FileuMount
    main.o(i.fatfstest) refers to main.o(i.FileFormat) for FileFormat
    main.o(i.fputc) refers to stm32f2xx_usart.o(i.USART_GetFlagStatus) for USART_GetFlagStatus
    main.o(i.fputc) refers to stm32f2xx_usart.o(i.USART_SendData) for USART_SendData
    main.o(i.main) refers to stm32f2xx_rcc.o(i.RCC_GetClocksFreq) for RCC_GetClocksFreq
    main.o(i.main) refers to stm322xg_eval.o(i.STM_EVAL_LEDInit) for STM_EVAL_LEDInit
    main.o(i.main) refers to stm322xg_eval.o(i.STM_EVAL_LEDOn) for STM_EVAL_LEDOn
    main.o(i.main) refers to stm322xg_eval.o(i.STM_EVAL_LEDOff) for STM_EVAL_LEDOff
    main.o(i.main) refers to stm322xg_eval.o(i.STM_EVAL_COMInit) for STM_EVAL_COMInit
    main.o(i.main) refers to printfa.o(i.__0printf) for __2printf
    main.o(i.main) refers to main.o(i.printfdebug) for printfdebug
    main.o(i.main) refers to main.o(i.fatfstest) for fatfstest
    main.o(i.main) refers to main_minivci.o(i.main_minivci_app) for main_minivci_app
    main.o(i.printfdebug) refers to printfa.o(i.__0vsprintf) for __c89vsprintf
    main.o(i.printfdebug) refers to stm32f2xx_usart.o(i.USART_SendData) for USART_SendData
    main.o(i.printfdebug) refers to stm32f2xx_usart.o(i.USART_GetFlagStatus) for USART_GetFlagStatus
    main.o(i.printfdebug) refers to strlen.o(.text) for strlen
    stm32f2xx_it.o(i.SysTick_Handler) refers to main.o(i.TimingDelay_Decrement) for TimingDelay_Decrement
    hardware.o(i.GET_LINE_STATUS) refers to stm32f2xx_gpio.o(i.GPIO_ReadInputDataBit) for GPIO_ReadInputDataBit
    hardware.o(i.Get_Bus_status) refers to stm32f2xx_usart.o(i.USART_GetFlagStatus) for USART_GetFlagStatus
    hardware.o(i.Get_Bus_status) refers to hardware.o(i.GET_LINE_STATUS) for GET_LINE_STATUS
    hardware.o(i.Get_Bus_status) refers to maingvar.o(.bss) for ComCtl
    hardware.o(i.Get_Bus_status) refers to maingvar.o(.data) for LineLevelFlag
    hardware.o(i.MCU_UARTGetByte) refers to passthru_kwp.o(i.HAL_MINIVCI_UART_READ) for HAL_MINIVCI_UART_READ
    hardware.o(i.MCU_UARTSendByte) refers to passthru_kwp.o(i.hal_kwp_send_byte_kwp) for hal_kwp_send_byte_kwp
    hardware.o(i.PassThru_Default_SetConfig) refers to maingvar.o(.bss) for PassThruConfig
    hardware.o(i.Reset_All_IO) refers to hardware.o(i.Reset_Line) for Reset_Line
    hardware.o(i.Reset_All_IO) refers to memseta.o(.text) for __aeabi_memclr4
    hardware.o(i.Reset_All_IO) refers to hardware.o(i.PassThru_Default_SetConfig) for PassThru_Default_SetConfig
    hardware.o(i.Reset_All_IO) refers to maingvar.o(.bss) for PassThruConfig
    hardware.o(i.Reset_All_IO) refers to maingvar.o(.bss) for PassThruDriver
    hardware.o(i.Reset_All_IO) refers to maingvar.o(.bss) for ComCtl
    hardware.o(i.Reset_All_IO) refers to maingvar.o(.data) for ChannelBuf
    hardware.o(i.Reset_All_IO) refers to passthru_can.o(.bss) for CanId_RxBuf
    hardware.o(i.Reset_Line) refers to hal_spi.o(i.tx_PINSEL_channel) for tx_PINSEL_channel
    hardware.o(i.Reset_Line) refers to hal_spi.o(i.tx_c_channel) for tx_c_channel
    hardware.o(i.Reset_Line) refers to hardware.o(i.SET_LINE_STATUS) for SET_LINE_STATUS
    hardware.o(i.Reset_Line) refers to stm32f2xx_gpio.o(i.GPIO_WriteBit) for GPIO_WriteBit
    hardware.o(i.Reset_Line) refers to mmain.o(.data) for PIN_AND_VCC
    hardware.o(i.Reset_Line) refers to maingvar.o(.data) for kl_set
    hardware.o(i.Reset_Line) refers to maingvar.o(.data) for ChannelBuf
    hardware.o(i.Reset_Line) refers to maingvar.o(.data) for ecu_staus
    hardware.o(i.SET_Another_STATUS) refers to stm32f2xx_gpio.o(i.GPIO_WriteBit) for GPIO_WriteBit
[...]
    Removing hardwaretest.o(i.hal_channel_get_adc_value2), (2 bytes).
    Removing hardwaretest.o(i.hal_channel_get_adc_value_average2), (2 bytes).
    Removing hardwaretest.o(i.hal_dac_init2), (2 bytes).
    Removing hardwaretest.o(i.hal_set_ProgVolt2), (2 bytes).
    Removing hardwaretest.o(i.hal_set_ProgVolt2_no_calib), (2 bytes).
    Removing hardwaretest.o(i.hardware_test), (216 bytes).
    Removing hardwaretest.o(i.tx_CTRL_EN_channel2), (2 bytes).
    Removing hardwaretest.o(i.tx_CTRL_EN_channel22), (2 bytes).
    Removing hardwaretest.o(i.tx_CTRL_EN_channel2_AllOff), (2 bytes).
    Removing hardwaretest.o(i.tx_CTRL_EN_channel2_write), (2 bytes).
    Removing hardwaretest.o(i.tx_MODE_EN_channel2), (2 bytes).
    Removing hardwaretest.o(i.tx_PINSEL_channel2), (2 bytes).
    Removing hardwaretest.o(.constdata), (14 bytes).
    Removing hardwaretest.o(.data), (672 bytes).
    Removing bb2707_29_a1514_ota.o(i.get_acBB2707_29_ota_address), (2 bytes).
    Removing bb2707_29_a1514_ota.o(i.get_acBB2707_29_ota_size), (8 bytes).
    Removing bb2707_29_a1514_ota.o(.constdata), (84572 bytes).
    Removing bb2707_29_a1514_ota.o(.constdata), (81206 bytes).
    Removing bb2707_29_a1514_ota.o(.constdata), (81166 bytes).
    Removing mxml-node.o(i.mxmlAdd), (136 bytes).
    Removing mxml-node.o(i.mxmlDelete), (62 bytes).
    Removing mxml-node.o(i.mxmlGetRefCount), (8 bytes).
    Removing mxml-node.o(i.mxmlNewCDATA), (48 bytes).
    Removing mxml-node.o(i.mxmlNewCustom), (22 bytes).
    Removing mxml-node.o(i.mxmlNewElement), (32 bytes).
    Removing mxml-node.o(i.mxmlNewInteger), (18 bytes).
    Removing mxml-node.o(i.mxmlNewOpaque), (32 bytes).
    Removing mxml-node.o(i.mxmlNewOpaquef), (40 bytes).
    Removing mxml-node.o(i.mxmlNewReal), (22 bytes).
    Removing mxml-node.o(i.mxmlNewText), (36 bytes).
    Removing mxml-node.o(i.mxmlNewTextf), (44 bytes).
    Removing mxml-node.o(i.mxmlNewXML), (80 bytes).
    Removing mxml-node.o(i.mxmlRelease), (32 bytes).
    Removing mxml-node.o(i.mxmlRemove), (50 bytes).
    Removing mxml-node.o(i.mxmlRetain), (18 bytes).
    Removing mxml-node.o(i.mxml_free), (110 bytes).
    Removing mxml-node.o(i.mxml_new), (42 bytes).
    Removing mxml-search.o(i.mxmlFindElement), (106 bytes).
    Removing mxml-search.o(i.mxmlFindPath), (160 bytes).
    Removing mxml-search.o(i.mxmlWalkNext), (54 bytes).
    Removing mxml-search.o(i.mxmlWalkPrev), (42 bytes).
    Removing mxml-set.o(i.mxmlSetCDATA), (132 bytes).
    Removing mxml-set.o(i.mxmlSetCustom), (62 bytes).
    Removing mxml-set.o(i.mxmlSetElement), (46 bytes).
    Removing mxml-set.o(i.mxmlSetInteger), (34 bytes).
    Removing mxml-set.o(i.mxmlSetOpaque), (62 bytes).
    Removing mxml-set.o(i.mxmlSetOpaquef), (64 bytes).
    Removing mxml-set.o(i.mxmlSetReal), (36 bytes).
    Removing mxml-set.o(i.mxmlSetText), (68 bytes).
    Removing mxml-set.o(i.mxmlSetTextf), (68 bytes).
    Removing mxml-set.o(i.mxmlSetUserData), (14 bytes).
    Removing mxml-string.o(i._mxml_strdupf), (18 bytes).
    Removing mxml-string.o(i._mxml_vstrdupf), (64 bytes).
    Removing mxml-private.o(i._mxml_global), (8 bytes).
    Removing mxml-private.o(i.mxml_error), (84 bytes).
    Removing mxml-private.o(i.mxml_ignore_cb), (6 bytes).
    Removing mxml-private.o(i.mxml_integer_cb), (4 bytes).
    Removing mxml-private.o(i.mxml_opaque_cb), (4 bytes).
    Removing mxml-private.o(i.mxml_real_cb), (4 bytes).
    Removing mxml-private.o(.data), (420 bytes).
    Removing mxml-attr.o(i.mxmlElementDeleteAttr), (96 bytes).
    Removing mxml-attr.o(i.mxmlElementGetAttr), (44 bytes).
    Removing mxml-attr.o(i.mxmlElementGetAttrByIndex), (42 bytes).
    Removing mxml-attr.o(i.mxmlElementGetAttrCount), (14 bytes).
    Removing mxml-attr.o(i.mxmlElementSetAttr), (58 bytes).
    Removing mxml-attr.o(i.mxmlElementSetAttrf), (136 bytes).
    Removing mxml-attr.o(i.mxml_set_attr), (180 bytes).
    Removing mxml-entity.o(i._mxml_entity_cb), (112 bytes).
    Removing mxml-entity.o(i.mxmlEntityAddCallback), (76 bytes).
    Removing mxml-entity.o(i.mxmlEntityGetName), (56 bytes).
    Removing mxml-entity.o(i.mxmlEntityGetValue), (44 bytes).
    Removing mxml-entity.o(i.mxmlEntityRemoveCallback), (64 bytes).
    Removing mxml-entity.o(.constdata), (2056 bytes).
    Removing mxml-entity.o(.conststring), (1445 bytes).
    Removing mxml-file.o(i.mxmlLoadFd), (40 bytes).
    Removing mxml-file.o(i.mxmlLoadFile), (20 bytes).
    Removing mxml-file.o(i.mxmlLoadString), (28 bytes).
    Removing mxml-file.o(i.mxmlSAXLoadFd), (44 bytes).
    Removing mxml-file.o(i.mxmlSAXLoadFile), (20 bytes).
    Removing mxml-file.o(i.mxmlSAXLoadString), (28 bytes).
    Removing mxml-file.o(i.mxmlSaveAllocString), (82 bytes).
    Removing mxml-file.o(i.mxmlSaveFd), (92 bytes).
    Removing mxml-file.o(i.mxmlSaveFile), (68 bytes).
    Removing mxml-file.o(i.mxmlSaveString), (96 bytes).
    Removing mxml-file.o(i.mxmlSetCustomHandlers), (16 bytes).
    Removing mxml-file.o(i.mxmlSetErrorCallback), (12 bytes).
    Removing mxml-file.o(i.mxmlSetWrapMargin), (14 bytes).
    Removing mxml-file.o(i.mxml_add_char), (256 bytes).
    Removing mxml-file.o(i.mxml_fd_getc), (796 bytes).
    Removing mxml-file.o(i.mxml_fd_putc), (42 bytes).
    Removing mxml-file.o(i.mxml_fd_read), (56 bytes).
    Removing mxml-file.o(i.mxml_fd_write), (64 bytes).
    Removing mxml-file.o(i.mxml_file_getc), (564 bytes).
    Removing mxml-file.o(i.mxml_file_putc), (20 bytes).
    Removing mxml-file.o(i.mxml_get_entity), (372 bytes).
    Removing mxml-file.o(i.mxml_isspace), (24 bytes).
    Removing mxml-file.o(i.mxml_load_data), (2788 bytes).
    Removing mxml-file.o(i.mxml_parse_element), (972 bytes).
    Removing mxml-file.o(i.mxml_string_getc), (508 bytes).
    Removing mxml-file.o(i.mxml_string_putc), (20 bytes).
    Removing mxml-file.o(i.mxml_write_name), (136 bytes).
    Removing mxml-file.o(i.mxml_write_node), (892 bytes).
    Removing mxml-file.o(i.mxml_write_string), (84 bytes).
    Removing mxml-file.o(i.mxml_write_ws), (84 bytes).
    Removing mxml-file.o(.constdata), (317 bytes).
    Removing mxml-file.o(.conststring), (70 bytes).
    Removing mxml-get.o(i.mxmlGetCDATA), (44 bytes).
    Removing mxml-get.o(i.mxmlGetCustom), (32 bytes).
    Removing mxml-get.o(i.mxmlGetElement), (14 bytes).
    Removing mxml-get.o(i.mxmlGetFirstChild), (14 bytes).
    Removing mxml-get.o(i.mxmlGetInteger), (32 bytes).
    Removing mxml-get.o(i.mxmlGetLastChild), (14 bytes).
    Removing mxml-get.o(i.mxmlGetNextSibling), (8 bytes).
    Removing mxml-get.o(i.mxmlGetOpaque), (32 bytes).
    Removing mxml-get.o(i.mxmlGetParent), (8 bytes).
    Removing mxml-get.o(i.mxmlGetPrevSibling), (8 bytes).
    Removing mxml-get.o(i.mxmlGetReal), (44 bytes).
    Removing mxml-get.o(i.mxmlGetText), (56 bytes).
    Removing mxml-get.o(i.mxmlGetType), (14 bytes).
    Removing mxml-get.o(i.mxmlGetUserData), (8 bytes).
    Removing mxml-index.o(i.index_compare), (54 bytes).
    Removing mxml-index.o(i.index_find), (50 bytes).
    Removing mxml-index.o(i.index_sort), (160 bytes).
    Removing mxml-index.o(i.mxmlIndexDelete), (36 bytes).
    Removing mxml-index.o(i.mxmlIndexEnum), (28 bytes).
    Removing mxml-index.o(i.mxmlIndexFind), (232 bytes).
    Removing mxml-index.o(i.mxmlIndexGetCount), (8 bytes).
    Removing mxml-index.o(i.mxmlIndexNew), (304 bytes).
    Removing mxml-index.o(i.mxmlIndexReset), (22 bytes).
    Removing testmxml.o(i.main_xml), (4248 bytes).
    Removing testmxml.o(i.sax_cb), (100 bytes).
    Removing testmxml.o(i.strdup), (34 bytes).
    Removing testmxml.o(i.type_cb), (108 bytes).
    Removing testmxml.o(i.whitespace_cb), (496 bytes).
    Removing testmxml.o(.bss), (24 bytes).
    Removing testmxml.o(.constdata), (1229 bytes).
    Removing testmxml.o(.conststring), (177 bytes).
    Removing testmxml.o(.data), (24 bytes).
    Removing fdiv.o(.text), (128 bytes).
    Removing ffltui.o(.text), (10 bytes).
    Removing dflti.o(.text), (34 bytes).
    Removing dfltui.o(.text), (26 bytes).
    Removing ffixui.o(.text), (40 bytes).
    Removing dfixui.o(.text), (50 bytes).
    Removing cdcmple.o(.text), (40 bytes).
    Removing fepilogue.o(.text), (108 bytes).
    Removing dfltul.o(.text), (24 bytes).
    Removing d2f.o(.text), (56 bytes).

1555 unused section(s) (total 569240 bytes) removed from the image.

==============================================================================

Image Symbol Table

    Local Symbols

    Symbol Name                              Value     Ov Type        Size  Object(Section)

    ../clib/microlib/ctype/ctype.c           0x00000000   Number         0  ctype_o.o ABSOLUTE
    ../clib/microlib/ctype/ctype.c           0x00000000   Number         0  isdigit_o.o ABSOLUTE
    ../clib/microlib/ctype/ctype.c           0x00000000   Number         0  isgraph_o.o ABSOLUTE
    ../clib/microlib/ctype/ctype.c           0x00000000   Number         0  islower_o.o ABSOLUTE
    ../clib/microlib/ctype/ctype.c           0x00000000   Number         0  isprint_o.o ABSOLUTE
    ../clib/microlib/ctype/ctype.c           0x00000000   Number         0  ispunct_o.o ABSOLUTE
    ../clib/microlib/ctype/ctype.c           0x00000000   Number         0  ctype_c.o ABSOLUTE
    ../clib/microlib/ctype/ctype.c           0x00000000   Number         0  isupper_o.o ABSOLUTE
    ../clib/microlib/ctype/ctype.c           0x00000000   Number         0  isspace_c.o ABSOLUTE
    ../clib/microlib/ctype/ctype.c           0x00000000   Number         0  isxdigit_o.o ABSOLUTE
    ../clib/microlib/ctype/ctype.c           0x00000000   Number         0  isspace_o.o ABSOLUTE
    ../clib/microlib/ctype/ctype.c           0x00000000   Number         0  isalnum_o.o ABSOLUTE
    ../clib/microlib/ctype/ctype.c           0x00000000   Number         0  isalpha_o.o ABSOLUTE
    ../clib/microlib/ctype/ctype.c           0x00000000   Number         0  isblank_o.o ABSOLUTE
    ../clib/microlib/ctype/ctype.c           0x00000000   Number         0  iscntrl_o.o ABSOLUTE
    ../clib/microlib/division.c              0x00000000   Number         0  uldiv.o ABSOLUTE
    ../clib/microlib/division.c              0x00000000   Number         0  uidiv.o ABSOLUTE
    ../clib/microlib/errno.c                 0x00000000   Number         0  errno.o ABSOLUTE
    ../clib/microlib/init/entry.s            0x00000000   Number         0  entry11b.o ABSOLUTE
    ../clib/microlib/init/entry.s            0x00000000   Number         0  entry.o ABSOLUTE
    ../clib/microlib/init/entry.s            0x00000000   Number         0  entry9a.o ABSOLUTE
    ../clib/microlib/init/entry.s            0x00000000   Number         0  entry2.o ABSOLUTE
    ../clib/microlib/init/entry.s            0x00000000   Number         0  entry5.o ABSOLUTE
    ../clib/microlib/init/entry.s            0x00000000   Number         0  entry9b.o ABSOLUTE
    ../clib/microlib/init/entry.s            0x00000000   Number         0  entry7a.o ABSOLUTE
    ../clib/microlib/init/entry.s            0x00000000   Number         0  entry7b.o ABSOLUTE
    ../clib/microlib/init/entry.s            0x00000000   Number         0  entry10a.o ABSOLUTE
    ../clib/microlib/init/entry.s            0x00000000   Number         0  entry8a.o ABSOLUTE
    ../clib/microlib/init/entry.s            0x00000000   Number         0  entry10b.o ABSOLUTE
    ../clib/microlib/init/entry.s            0x00000000   Number         0  entry8b.o ABSOLUTE
    ../clib/microlib/init/entry.s            0x00000000   Number         0  entry11a.o ABSOLUTE
    ../clib/microlib/longlong.c              0x00000000   Number         0  llsshr.o ABSOLUTE
    ../clib/microlib/longlong.c              0x00000000   Number         0  llshl.o ABSOLUTE
    ../clib/microlib/longlong.c              0x00000000   Number         0  llushr.o ABSOLUTE
    ../clib/microlib/malloc/calloc.c         0x00000000   Number         0  calloc.o ABSOLUTE
    ../clib/microlib/malloc/malloc.c         0x00000000   Number         0  mallocr.o ABSOLUTE
    ../clib/microlib/malloc/malloc.c         0x00000000   Number         0  malloc.o ABSOLUTE
    ../clib/microlib/malloc/malloc.c         0x00000000   Number         0  mallocra.o ABSOLUTE
    ../clib/microlib/malloc/malloc.c         0x00000000   Number         0  malloca.o ABSOLUTE
    ../clib/microlib/malloc/mvars.c          0x00000000   Number         0  mvars.o ABSOLUTE
    ../clib/microlib/printf/printf.c         0x00000000   Number         0  printf6.o ABSOLUTE
    ../clib/microlib/printf/printf.c         0x00000000   Number         0  printf3.o ABSOLUTE
    ../clib/microlib/printf/printf.c         0x00000000   Number         0  printf1.o ABSOLUTE
    ../clib/microlib/printf/printf.c         0x00000000   Number         0  printf0.o ABSOLUTE
    ../clib/microlib/printf/printf.c         0x00000000   Number         0  printfb.o ABSOLUTE
    ../clib/microlib/printf/printf.c         0x00000000   Number         0  printf8.o ABSOLUTE
    ../clib/microlib/printf/printf.c         0x00000000   Number         0  printf4.o ABSOLUTE
    ../clib/microlib/printf/printf.c         0x00000000   Number         0  printfa.o ABSOLUTE
    ../clib/microlib/printf/printf.c         0x00000000   Number         0  printf5.o ABSOLUTE
    ../clib/microlib/printf/printf.c         0x00000000   Number         0  printf7.o ABSOLUTE
    ../clib/microlib/printf/printf.c         0x00000000   Number         0  printf2.o ABSOLUTE
    ../clib/microlib/printf/stubs.s          0x00000000   Number         0  stubs.o ABSOLUTE
    ../clib/microlib/stdio/fclose.c          0x00000000   Number         0  fclose.o ABSOLUTE
    ../clib/microlib/stdio/fgetc.c           0x00000000   Number         0  fgetc.o ABSOLUTE
    ../clib/microlib/stdio/fgetc.c           0x00000000   Number         0  fgetc_u.o ABSOLUTE
    ../clib/microlib/stdio/fgetc.c           0x00000000   Number         0  fgetc_b.o ABSOLUTE
    ../clib/microlib/stdio/fgetc.c           0x00000000   Number         0  fgetc_ub.o ABSOLUTE
    ../clib/microlib/stdio/fopen.c           0x00000000   Number         0  fopen.o ABSOLUTE
    ../clib/microlib/stdio/fputs.c           0x00000000   Number         0  fputs.o ABSOLUTE
    ../clib/microlib/stdio/fputs.c           0x00000000   Number         0  fputs_e.o ABSOLUTE
    ../clib/microlib/stdio/getc.c            0x00000000   Number         0  getc.o ABSOLUTE
    ../clib/microlib/stdio/perror.c          0x00000000   Number         0  perror.o ABSOLUTE
    ../clib/microlib/stdio/putc.c            0x00000000   Number         0  putc.o ABSOLUTE
    ../clib/microlib/stdio/semi.s            0x00000000   Number         0  semi.o ABSOLUTE
    ../clib/microlib/stdio/streams.c         0x00000000   Number         0  stderr.o ABSOLUTE
    ../clib/microlib/stdio/streams.c         0x00000000   Number         0  stdout.o ABSOLUTE
    ../clib/microlib/stdlib/rand.c           0x00000000   Number         0  rand.o ABSOLUTE
    ../clib/microlib/string/memcmp.c         0x00000000   Number         0  memcmp.o ABSOLUTE
    ../clib/microlib/string/memcpy.c         0x00000000   Number         0  memmovea.o ABSOLUTE
    ../clib/microlib/string/memcpy.c         0x00000000   Number         0  memcpya.o ABSOLUTE
    ../clib/microlib/string/memcpy.c         0x00000000   Number         0  memcpyb.o ABSOLUTE
    ../clib/microlib/string/memcpy.c         0x00000000   Number         0  memmoveb.o ABSOLUTE
    ../clib/microlib/string/memset.c         0x00000000   Number         0  memseta.o ABSOLUTE
    ../clib/microlib/string/strchr.c         0x00000000   Number         0  strchr.o ABSOLUTE
    ../clib/microlib/string/strcmp.c         0x00000000   Number         0  strcmp.o ABSOLUTE
    ../clib/microlib/string/strcpy.c         0x00000000   Number         0  strcpy.o ABSOLUTE
    ../clib/microlib/string/strerror.c       0x00000000   Number         0  strerror.o ABSOLUTE
    ../clib/microlib/string/strlen.c         0x00000000   Number         0  strlen.o ABSOLUTE
    ../clib/microlib/string/strncmp.c        0x00000000   Number         0  strncmp.o ABSOLUTE
    ../clib/microlib/string/strrchr.c        0x00000000   Number         0  strrchr.o ABSOLUTE
    ../clib/microlib/string/strstr.c         0x00000000   Number         0  strstr.o ABSOLUTE
    ../clib/microlib/stubs.s                 0x00000000   Number         0  iusesemig.o ABSOLUTE
    ../clib/microlib/stubs.s                 0x00000000   Number         0  iusefp.o ABSOLUTE
    ../clib/scanf.c                          0x00000000   Number         0  strtol.o ABSOLUTE
    ../clib/scanf.c                          0x00000000   Number         0  _sgetc.o ABSOLUTE
    ../clib/scanf.c                          0x00000000   Number         0  scanf_fp.o ABSOLUTE
    ../clib/scanf.c                          0x00000000   Number         0  _chval.o ABSOLUTE
    ../clib/scanf.c                          0x00000000   Number         0  _strtoul.o ABSOLUTE
    ../clib/scanf.c                          0x00000000   Number         0  strtod.o ABSOLUTE
    ../fplib/microlib/d2f.c                  0x00000000   Number         0  d2f.o ABSOLUTE
    ../fplib/microlib/fpadd.c                0x00000000   Number         0  dadd.o ABSOLUTE
    ../fplib/microlib/fpdiv.c                0x00000000   Number         0  ddiv.o ABSOLUTE
    ../fplib/microlib/fpdiv.c                0x00000000   Number         0  fdiv.o ABSOLUTE
    ../fplib/microlib/fpepilogue.c           0x00000000   Number         0  fepilogue.o ABSOLUTE
    ../fplib/microlib/fpepilogue.c           0x00000000   Number         0  depilogue.o ABSOLUTE
    ../fplib/microlib/fpfix.c                0x00000000   Number         0  dfixul.o ABSOLUTE
    ../fplib/microlib/fpfix.c                0x00000000   Number         0  ffixui.o ABSOLUTE
    ../fplib/microlib/fpfix.c                0x00000000   Number         0  dfixui.o ABSOLUTE
    ../fplib/microlib/fpflt.c                0x00000000   Number         0  dfltui.o ABSOLUTE
    ../fplib/microlib/fpflt.c                0x00000000   Number         0  ffltui.o ABSOLUTE
    ../fplib/microlib/fpflt.c                0x00000000   Number         0  dflti.o ABSOLUTE
    ../fplib/microlib/fpflt.c                0x00000000   Number         0  dfltul.o ABSOLUTE
    ../fplib/microlib/fpmul.c                0x00000000   Number         0  dmul.o ABSOLUTE
    ../mathlib/strtod.c                      0x00000000   Number         0  strtod.o ABSOLUTE
    ..\..\..\Libraries\CMSIS\Device\ST\STM32F2xx\Source\Templates\arm\startup_stm32f2xx.s 0x00000000   Number         0  startup_stm32f2xx.o ABSOLUTE
    ..\..\..\Libraries\STM32F2xx_StdPeriph_Driver\src\misc.c 0x00000000   Number         0  misc.o ABSOLUTE
    ..\..\..\Libraries\STM32F2xx_StdPeriph_Driver\src\stm32f2xx_adc.c 0x00000000   Number         0  stm32f2xx_adc.o ABSOLUTE
    ..\..\..\Libraries\STM32F2xx_StdPeriph_Driver\src\stm32f2xx_can.c 0x00000000   Number         0  stm32f2xx_can.o ABSOLUTE
    ..\..\..\Libraries\STM32F2xx_StdPeriph_Driver\src\stm32f2xx_crc.c 0x00000000   Number         0  stm32f2xx_crc.o ABSOLUTE
    ..\..\..\Libraries\STM32F2xx_StdPeriph_Driver\src\stm32f2xx_cryp.c 0x00000000   Number         0  stm32f2xx_cryp.o ABSOLUTE
    ..\..\..\Libraries\STM32F2xx_StdPeriph_Driver\src\stm32f2xx_cryp_aes.c 0x00000000   Number         0  stm32f2xx_cryp_aes.o ABSOLUTE
    ..\..\..\Libraries\STM32F2xx_StdPeriph_Driver\src\stm32f2xx_cryp_des.c 0x00000000   Number         0  stm32f2xx_cryp_des.o ABSOLUTE
    ..\..\..\Libraries\STM32F2xx_StdPeriph_Driver\src\stm32f2xx_cryp_tdes.c 0x00000000   Number         0  stm32f2xx_cryp_tdes.o ABSOLUTE
    ..\..\..\Libraries\STM32F2xx_StdPeriph_Driver\src\stm32f2xx_dac.c 0x00000000   Number         0  stm32f2xx_dac.o ABSOLUTE
    ..\..\..\Libraries\STM32F2xx_StdPeriph_Driver\src\stm32f2xx_dbgmcu.c 0x00000000   Number         0  stm32f2xx_dbgmcu.o ABSOLUTE
    ..\..\..\Libraries\STM32F2xx_StdPeriph_Driver\src\stm32f2xx_dcmi.c 0x00000000   Number         0  stm32f2xx_dcmi.o ABSOLUTE
    ..\..\..\Libraries\STM32F2xx_StdPeriph_Driver\src\stm32f2xx_dma.c 0x00000000   Number         0  stm32f2xx_dma.o ABSOLUTE
    ..\..\..\Libraries\STM32F2xx_StdPeriph_Driver\src\stm32f2xx_exti.c 0x00000000   Number         0  stm32f2xx_exti.o ABSOLUTE
    ..\..\..\Libraries\STM32F2xx_StdPeriph_Driver\src\stm32f2xx_flash.c 0x00000000   Number         0  stm32f2xx_flash.o ABSOLUTE
    ..\..\..\Libraries\STM32F2xx_StdPeriph_Driver\src\stm32f2xx_fsmc.c 0x00000000   Number         0  stm32f2xx_fsmc.o ABSOLUTE
    ..\..\..\Libraries\STM32F2xx_StdPeriph_Driver\src\stm32f2xx_gpio.c 0x00000000   Number         0  stm32f2xx_gpio.o ABSOLUTE
    ..\..\..\Libraries\STM32F2xx_StdPeriph_Driver\src\stm32f2xx_hash.c 0x00000000   Number         0  stm32f2xx_hash.o ABSOLUTE
    ..\..\..\Libraries\STM32F2xx_StdPeriph_Driver\src\stm32f2xx_hash_md5.c 0x00000000   Number         0  stm32f2xx_hash_md5.o ABSOLUTE
    ..\..\..\Libraries\STM32F2xx_StdPeriph_Driver\src\stm32f2xx_hash_sha1.c 0x00000000   Number         0  stm32f2xx_hash_sha1.o ABSOLUTE
    ..\..\..\Libraries\STM32F2xx_StdPeriph_Driver\src\stm32f2xx_i2c.c 0x00000000   Number         0  stm32f2xx_i2c.o ABSOLUTE
    ..\..\..\Libraries\STM32F2xx_StdPeriph_Driver\src\stm32f2xx_iwdg.c 0x00000000   Number         0  stm32f2xx_iwdg.o ABSOLUTE
    ..\..\..\Libraries\STM32F2xx_StdPeriph_Driver\src\stm32f2xx_pwr.c 0x00000000   Number         0  stm32f2xx_pwr.o ABSOLUTE
    ..\..\..\Libraries\STM32F2xx_StdPeriph_Driver\src\stm32f2xx_rcc.c 0x00000000   Number         0  stm32f2xx_rcc.o ABSOLUTE
    ..\..\..\Libraries\STM32F2xx_StdPeriph_Driver\src\stm32f2xx_rng.c 0x00000000   Number         0  stm32f2xx_rng.o ABSOLUTE
    ..\..\..\Libraries\STM32F2xx_StdPeriph_Driver\src\stm32f2xx_rtc.c 0x00000000   Number         0  stm32f2xx_rtc.o ABSOLUTE
    ..\..\..\Libraries\STM32F2xx_StdPeriph_Driver\src\stm32f2xx_sdio.c 0x00000000   Number         0  stm32f2xx_sdio.o ABSOLUTE
    ..\..\..\Libraries\STM32F2xx_StdPeriph_Driver\src\stm32f2xx_spi.c 0x00000000   Number         0  stm32f2xx_spi.o ABSOLUTE
    ..\..\..\Libraries\STM32F2xx_StdPeriph_Driver\src\stm32f2xx_syscfg.c 0x00000000   Number         0  stm32f2xx_syscfg.o ABSOLUTE
    ..\..\..\Libraries\STM32F2xx_StdPeriph_Driver\src\stm32f2xx_tim.c 0x00000000   Number         0  stm32f2xx_tim.o ABSOLUTE
    ..\..\..\Libraries\STM32F2xx_StdPeriph_Driver\src\stm32f2xx_usart.c 0x00000000   Number         0  stm32f2xx_usart.o ABSOLUTE
    ..\..\..\Libraries\STM32F2xx_StdPeriph_Driver\src\stm32f2xx_wwdg.c 0x00000000   Number         0  stm32f2xx_wwdg.o ABSOLUTE
    ..\..\..\Utilities\STM32_EVAL\STM322xG_EVAL\stm322xg_eval.c 0x00000000   Number         0  stm322xg_eval.o ABSOLUTE
    ..\..\..\Utilities\STM32_EVAL\STM322xG_EVAL\stm322xg_eval_fsmc_sram.c 0x00000000   Number         0  stm322xg_eval_fsmc_sram.o ABSOLUTE
    ..\..\..\Utilities\STM32_EVAL\STM322xG_EVAL\stm322xg_eval_ioe.c 0x00000000   Number         0  stm322xg_eval_ioe.o ABSOLUTE
    ..\..\..\Utilities\STM32_EVAL\STM322xG_EVAL\stm322xg_eval_lcd.c 0x00000000   Number         0  stm322xg_eval_lcd.o ABSOLUTE
    ..\USER\ECU_DRV\NewSoftUart.c            0x00000000   Number         0  newsoftuart.o ABSOLUTE
    ..\USER\ECU_DRV\PassThru.c               0x00000000   Number         0  passthru.o ABSOLUTE
    ..\USER\ECU_DRV\PassThru_BENZ.c          0x00000000   Number         0  passthru_benz.o ABSOLUTE
    ..\USER\ECU_DRV\PassThru_CAN.c           0x00000000   Number         0  passthru_can.o ABSOLUTE
    ..\USER\ECU_DRV\PassThru_ISO.c           0x00000000   Number         0  passthru_iso.o ABSOLUTE
    ..\USER\ECU_DRV\PassThru_KWP.c           0x00000000   Number         0  passthru_kwp.o ABSOLUTE
    ..\USER\ECU_DRV\PassThru_PLUSE.c         0x00000000   Number         0  passthru_pluse.o ABSOLUTE
    ..\USER\ECU_DRV\PassThru_PWM.c           0x00000000   Number         0  passthru_pwm.o ABSOLUTE
    ..\USER\ECU_DRV\PassThru_VPW.c           0x00000000   Number         0  passthru_vpw.o ABSOLUTE
    ..\USER\ECU_DRV\PassThru_WAVE.c          0x00000000   Number         0  passthru_wave.o ABSOLUTE
    ..\USER\ECU_DRV\crc.c                    0x00000000   Number         0  crc.o ABSOLUTE
    ..\USER\ECU_DRV\queue.c                  0x00000000   Number         0  queue.o ABSOLUTE
    ..\USER\ECU_DRV\selftest.c               0x00000000   Number         0  selftest.o ABSOLUTE
    ..\USER\FatFS\diskio.c                   0x00000000   Number         0  diskio.o ABSOLUTE
    ..\USER\FatFS\ff.c                       0x00000000   Number         0  ff.o ABSOLUTE
    ..\USER\FatFS\option\syscall.c           0x00000000   Number         0  syscall.o ABSOLUTE
    ..\USER\FatFS\option\unicode.c           0x00000000   Number         0  unicode.o ABSOLUTE
    ..\USER\SPI_FLASH\spi_flash.c            0x00000000   Number         0  spi_flash.o ABSOLUTE
    ..\USER\SPI_FLASH\spi_test.c             0x00000000   Number         0  spi_test.o ABSOLUTE
    ..\USER\USER\hal_spi.c                   0x00000000   Number         0  hal_spi.o ABSOLUTE
    ..\USER\USER\main_minivci.c              0x00000000   Number         0  main_minivci.o ABSOLUTE
    ..\USER\USER\stm32f10x_it.c              0x00000000   Number         0  stm32f10x_it.o ABSOLUTE
    ..\USER\bluewifi\BB2707_29_A1514_ota.c   0x00000000   Number         0  bb2707_29_a1514_ota.o ABSOLUTE
    ..\USER\bluewifi\bluewifi.c              0x00000000   Number         0  bluewifi.o ABSOLUTE
    ..\USER\hardwaretest\hardwaretest.c      0x00000000   Number         0  hardwaretest.o ABSOLUTE
    ..\USER\maingvar.c                       0x00000000   Number         0  maingvar.o ABSOLUTE
    ..\USER\mmain.c                          0x00000000   Number         0  mmain.o ABSOLUTE
    ..\USER\mxml-3.0\mxml-attr.c             0x00000000   Number         0  mxml-attr.o ABSOLUTE
    ..\USER\mxml-3.0\mxml-entity.c           0x00000000   Number         0  mxml-entity.o ABSOLUTE
    ..\USER\mxml-3.0\mxml-file.c             0x00000000   Number         0  mxml-file.o ABSOLUTE
    ..\USER\mxml-3.0\mxml-get.c              0x00000000   Number         0  mxml-get.o ABSOLUTE
    ..\USER\mxml-3.0\mxml-index.c            0x00000000   Number         0  mxml-index.o ABSOLUTE
    ..\USER\mxml-3.0\mxml-node.c             0x00000000   Number         0  mxml-node.o ABSOLUTE
    ..\USER\mxml-3.0\mxml-private.c          0x00000000   Number         0  mxml-private.o ABSOLUTE
    ..\USER\mxml-3.0\mxml-search.c           0x00000000   Number         0  mxml-search.o ABSOLUTE
    ..\USER\mxml-3.0\mxml-set.c              0x00000000   Number         0  mxml-set.o ABSOLUTE
    ..\USER\mxml-3.0\mxml-string.c           0x00000000   Number         0  mxml-string.o ABSOLUTE
    ..\USER\mxml-3.0\testmxml.c              0x00000000   Number         0  testmxml.o ABSOLUTE
    ..\USER\uart\Time.c                      0x00000000   Number         0  time.o ABSOLUTE
    ..\USER\uart\adc.c                       0x00000000   Number         0  adc.o ABSOLUTE
    ..\USER\uart\can.c                       0x00000000   Number         0  can.o ABSOLUTE
    ..\USER\uart\code.c                      0x00000000   Number         0  code.o ABSOLUTE
    ..\USER\uart\hardware.c                  0x00000000   Number         0  hardware.o ABSOLUTE
    ..\USER\uart\pwm_output.c                0x00000000   Number         0  pwm_output.o ABSOLUTE
    ..\USER\uart\usart1.c                    0x00000000   Number         0  usart1.o ABSOLUTE
    ..\USER\user_queue.c                     0x00000000   Number         0  user_queue.o ABSOLUTE
    ..\\..\\..\\Libraries\\STM32F2xx_StdPeriph_Driver\\src\\misc.c 0x00000000   Number         0  misc.o ABSOLUTE
    ..\\..\\..\\Libraries\\STM32F2xx_StdPeriph_Driver\\src\\stm32f2xx_adc.c 0x00000000   Number         0  stm32f2xx_adc.o ABSOLUTE
    ..\\..\\..\\Libraries\\STM32F2xx_StdPeriph_Driver\\src\\stm32f2xx_can.c 0x00000000   Number         0  stm32f2xx_can.o ABSOLUTE
    ..\\..\\..\\Libraries\\STM32F2xx_StdPeriph_Driver\\src\\stm32f2xx_crc.c 0x00000000   Number         0  stm32f2xx_crc.o ABSOLUTE
    ..\\..\\..\\Libraries\\STM32F2xx_StdPeriph_Driver\\src\\stm32f2xx_cryp.c 0x00000000   Number         0  stm32f2xx_cryp.o ABSOLUTE
    ..\\..\\..\\Libraries\\STM32F2xx_StdPeriph_Driver\\src\\stm32f2xx_cryp_aes.c 0x00000000   Number         0  stm32f2xx_cryp_aes.o ABSOLUTE
    ..\\..\\..\\Libraries\\STM32F2xx_StdPeriph_Driver\\src\\stm32f2xx_cryp_des.c 0x00000000   Number         0  stm32f2xx_cryp_des.o ABSOLUTE
    ..\\..\\..\\Libraries\\STM32F2xx_StdPeriph_Driver\\src\\stm32f2xx_cryp_tdes.c 0x00000000   Number         0  stm32f2xx_cryp_tdes.o ABSOLUTE
    ..\\..\\..\\Libraries\\STM32F2xx_StdPeriph_Driver\\src\\stm32f2xx_dac.c 0x00000000   Number         0  stm32f2xx_dac.o ABSOLUTE
    ..\\..\\..\\Libraries\\STM32F2xx_StdPeriph_Driver\\src\\stm32f2xx_dbgmcu.c 0x00000000   Number         0  stm32f2xx_dbgmcu.o ABSOLUTE
    ..\\..\\..\\Libraries\\STM32F2xx_StdPeriph_Driver\\src\\stm32f2xx_dcmi.c 0x00000000   Number         0  stm32f2xx_dcmi.o ABSOLUTE
    ..\\..\\..\\Libraries\\STM32F2xx_StdPeriph_Driver\\src\\stm32f2xx_dma.c 0x00000000   Number         0  stm32f2xx_dma.o ABSOLUTE
    ..\\..\\..\\Libraries\\STM32F2xx_StdPeriph_Driver\\src\\stm32f2xx_exti.c 0x00000000   Number         0  stm32f2xx_exti.o ABSOLUTE
    ..\\..\\..\\Libraries\\STM32F2xx_StdPeriph_Driver\\src\\stm32f2xx_flash.c 0x00000000   Number         0  stm32f2xx_flash.o ABSOLUTE
    ..\\..\\..\\Libraries\\STM32F2xx_StdPeriph_Driver\\src\\stm32f2xx_fsmc.c 0x00000000   Number         0  stm32f2xx_fsmc.o ABSOLUTE
    ..\\..\\..\\Libraries\\STM32F2xx_StdPeriph_Driver\\src\\stm32f2xx_gpio.c 0x00000000   Number         0  stm32f2xx_gpio.o ABSOLUTE
    ..\\..\\..\\Libraries\\STM32F2xx_StdPeriph_Driver\\src\\stm32f2xx_hash.c 0x00000000   Number         0  stm32f2xx_hash.o ABSOLUTE
    ..\\..\\..\\Libraries\\STM32F2xx_StdPeriph_Driver\\src\\stm32f2xx_hash_md5.c 0x00000000   Number         0  stm32f2xx_hash_md5.o ABSOLUTE
    ..\\..\\..\\Libraries\\STM32F2xx_StdPeriph_Driver\\src\\stm32f2xx_hash_sha1.c 0x00000000   Number         0  stm32f2xx_hash_sha1.o ABSOLUTE
    ..\\..\\..\\Libraries\\STM32F2xx_StdPeriph_Driver\\src\\stm32f2xx_i2c.c 0x00000000   Number         0  stm32f2xx_i2c.o ABSOLUTE
    ..\\..\\..\\Libraries\\STM32F2xx_StdPeriph_Driver\\src\\stm32f2xx_iwdg.c 0x00000000   Number         0  stm32f2xx_iwdg.o ABSOLUTE
    ..\\..\\..\\Libraries\\STM32F2xx_StdPeriph_Driver\\src\\stm32f2xx_pwr.c 0x00000000   Number         0  stm32f2xx_pwr.o ABSOLUTE
    ..\\..\\..\\Libraries\\STM32F2xx_StdPeriph_Driver\\src\\stm32f2xx_rcc.c 0x00000000   Number         0  stm32f2xx_rcc.o ABSOLUTE
    ..\\..\\..\\Libraries\\STM32F2xx_StdPeriph_Driver\\src\\stm32f2xx_rng.c 0x00000000   Number         0  stm32f2xx_rng.o ABSOLUTE
    ..\\..\\..\\Libraries\\STM32F2xx_StdPeriph_Driver\\src\\stm32f2xx_rtc.c 0x00000000   Number         0  stm32f2xx_rtc.o ABSOLUTE
    ..\\..\\..\\Libraries\\STM32F2xx_StdPeriph_Driver\\src\\stm32f2xx_sdio.c 0x00000000   Number         0  stm32f2xx_sdio.o ABSOLUTE
    ..\\..\\..\\Libraries\\STM32F2xx_StdPeriph_Driver\\src\\stm32f2xx_spi.c 0x00000000   Number         0  stm32f2xx_spi.o ABSOLUTE
    ..\\..\\..\\Libraries\\STM32F2xx_StdPeriph_Driver\\src\\stm32f2xx_syscfg.c 0x00000000   Number         0  stm32f2xx_syscfg.o ABSOLUTE
    ..\\..\\..\\Libraries\\STM32F2xx_StdPeriph_Driver\\src\\stm32f2xx_tim.c 0x00000000   Number         0  stm32f2xx_tim.o ABSOLUTE
    ..\\..\\..\\Libraries\\STM32F2xx_StdPeriph_Driver\\src\\stm32f2xx_usart.c 0x00000000   Number         0  stm32f2xx_usart.o ABSOLUTE
    ..\\..\\..\\Libraries\\STM32F2xx_StdPeriph_Driver\\src\\stm32f2xx_wwdg.c 0x00000000   Number         0  stm32f2xx_wwdg.o ABSOLUTE
    ..\\..\\..\\Utilities\\STM32_EVAL\\STM322xG_EVAL\\stm322xg_eval.c 0x00000000   Number         0  stm322xg_eval.o ABSOLUTE
    ..\\..\\..\\Utilities\\STM32_EVAL\\STM322xG_EVAL\\stm322xg_eval_fsmc_sram.c 0x00000000   Number         0  stm322xg_eval_fsmc_sram.o ABSOLUTE
    ..\\..\\..\\Utilities\\STM32_EVAL\\STM322xG_EVAL\\stm322xg_eval_ioe.c 0x00000000   Number         0  stm322xg_eval_ioe.o ABSOLUTE
    ..\\..\\..\\Utilities\\STM32_EVAL\\STM322xG_EVAL\\stm322xg_eval_lcd.c 0x00000000   Number         0  stm322xg_eval_lcd.o ABSOLUTE
    ..\\USER\\ECU_DRV\\NewSoftUart.c         0x00000000   Number         0  newsoftuart.o ABSOLUTE
    ..\\USER\\ECU_DRV\\PassThru.c            0x00000000   Number         0  passthru.o ABSOLUTE
    ..\\USER\\ECU_DRV\\PassThru_BENZ.c       0x00000000   Number         0  passthru_benz.o ABSOLUTE
    ..\\USER\\ECU_DRV\\PassThru_CAN.c        0x00000000   Number         0  passthru_can.o ABSOLUTE
    ..\\USER\\ECU_DRV\\PassThru_ISO.c        0x00000000   Number         0  passthru_iso.o ABSOLUTE
    ..\\USER\\ECU_DRV\\PassThru_KWP.c        0x00000000   Number         0  passthru_kwp.o ABSOLUTE
    ..\\USER\\ECU_DRV\\PassThru_PLUSE.c      0x00000000   Number         0  passthru_pluse.o ABSOLUTE
    ..\\USER\\ECU_DRV\\PassThru_PWM.c        0x00000000   Number         0  passthru_pwm.o ABSOLUTE
    ..\\USER\\ECU_DRV\\PassThru_VPW.c        0x00000000   Number         0  passthru_vpw.o ABSOLUTE
    ..\\USER\\ECU_DRV\\PassThru_WAVE.c       0x00000000   Number         0  passthru_wave.o ABSOLUTE
    ..\\USER\\ECU_DRV\\queue.c               0x00000000   Number         0  queue.o ABSOLUTE
    ..\\USER\\ECU_DRV\\selftest.c            0x00000000   Number         0  selftest.o ABSOLUTE
    ..\\USER\\SPI_FLASH\\spi_flash.c         0x00000000   Number         0  spi_flash.o ABSOLUTE
    ..\\USER\\SPI_FLASH\\spi_test.c          0x00000000   Number         0  spi_test.o ABSOLUTE
    ..\\USER\\USER\\main_minivci.c           0x00000000   Number         0  main_minivci.o ABSOLUTE
    ..\\USER\\USER\\stm32f10x_it.c           0x00000000   Number         0  stm32f10x_it.o ABSOLUTE
    ..\\USER\\bluewifi\\bluewifi.c           0x00000000   Number         0  bluewifi.o ABSOLUTE
    ..\\USER\\hardwaretest\\hardwaretest.c   0x00000000   Number         0  hardwaretest.o ABSOLUTE
    ..\\USER\\mmain.c                        0x00000000   Number         0  mmain.o ABSOLUTE
    ..\\USER\\uart\\Time.c                   0x00000000   Number         0  time.o ABSOLUTE
    ..\\USER\\uart\\adc.c                    0x00000000   Number         0  adc.o ABSOLUTE
    ..\\USER\\uart\\can.c                    0x00000000   Number         0  can.o ABSOLUTE
    ..\\USER\\uart\\code.c                   0x00000000   Number         0  code.o ABSOLUTE
    ..\\USER\\uart\\hardware.c               0x00000000   Number         0  hardware.o ABSOLUTE
    ..\\USER\\uart\\usart1.c                 0x00000000   Number         0  usart1.o ABSOLUTE
    ..\\USER\\user_queue.c                   0x00000000   Number         0  user_queue.o ABSOLUTE
    ..\\main.c                               0x00000000   Number         0  main.o ABSOLUTE
    ..\\stm32f2xx_it.c                       0x00000000   Number         0  stm32f2xx_it.o ABSOLUTE
    ..\\system_stm32f2xx.c                   0x00000000   Number         0  system_stm32f2xx.o ABSOLUTE
    ..\main.c                                0x00000000   Number         0  main.o ABSOLUTE
    ..\stm32f2xx_it.c                        0x00000000   Number         0  stm32f2xx_it.o ABSOLUTE
    ..\system_stm32f2xx.c                    0x00000000   Number         0  system_stm32f2xx.o ABSOLUTE
    cdcmple.s                                0x00000000   Number         0  cdcmple.o ABSOLUTE
    cdrcmple.s                               0x00000000   Number         0  cdrcmple.o ABSOLUTE
    dc.s                                     0x00000000   Number         0  dc.o ABSOLUTE
    handlers.s                               0x00000000   Number         0  handlers.o ABSOLUTE
    init.s                                   0x00000000   Number         0  init.o ABSOLUTE
    RESET                                    0x08080000   Section      388  startup_stm32f2xx.o(RESET)
    .ARM.Collect$$$$00000000                 0x08080184   Section        0  entry.o(.ARM.Collect$$$$00000000)
    .ARM.Collect$$$$00000001                 0x08080184   Section        4  entry2.o(.ARM.Collect$$$$00000001)
    .ARM.Collect$$$$00000004                 0x08080188   Section        4  entry5.o(.ARM.Collect$$$$00000004)
    .ARM.Collect$$$$00000008                 0x0808018c   Section        0  entry7b.o(.ARM.Collect$$$$00000008)
    .ARM.Collect$$$$0000000A                 0x0808018c   Section        0  entry8b.o(.ARM.Collect$$$$0000000A)
    .ARM.Collect$$$$0000000B                 0x0808018c   Section        8  entry9a.o(.ARM.Collect$$$$0000000B)
    .ARM.Collect$$$$0000000D                 0x08080194   Section        0  entry10a.o(.ARM.Collect$$$$0000000D)
    .ARM.Collect$$$$0000000F                 0x08080194   Section        0  entry11a.o(.ARM.Collect$$$$0000000F)
    .ARM.Collect$$$$00002712                 0x08080194   Section        4  entry2.o(.ARM.Collect$$$$00002712)
    __lit__00000000                          0x08080194   Data           4  entry2.o(.ARM.Collect$$$$00002712)
    .text                                    0x08080198   Section       36  startup_stm32f2xx.o(.text)
    .text                                    0x080801bc   Section        0  strlen.o(.text)
    .text                                    0x080801ca   Section        0  dmul.o(.text)
    .text                                    0x080802ae   Section        0  ddiv.o(.text)
    .text                                    0x0808038c   Section       40  cdrcmple.o(.text)
    .text                                    0x080803b4   Section        0  uidiv.o(.text)
    .text                                    0x080803e0   Section        0  uldiv.o(.text)
    .text                                    0x08080442   Section        0  llushr.o(.text)
    .text                                    0x08080462   Section        0  iusefp.o(.text)
    .text                                    0x08080462   Section        0  depilogue.o(.text)
    .text                                    0x08080520   Section        0  dadd.o(.text)
    .text                                    0x0808066e   Section        0  dfixul.o(.text)
    .text                                    0x080806a0   Section       36  init.o(.text)
    .text                                    0x080806c4   Section        0  llshl.o(.text)
    .text                                    0x080806e2   Section        0  llsshr.o(.text)
    i.BusFault_Handler                       0x08080706   Section        0  stm32f2xx_it.o(i.BusFault_Handler)
    i.DebugMon_Handler                       0x08080708   Section        0  stm32f2xx_it.o(i.DebugMon_Handler)
    i.FileFormat                             0x0808070c   Section        0  main.o(i.FileFormat)
    i.FileuMount                             0x0808075c   Section        0  main.o(i.FileuMount)
    i.GPIO_Init                              0x08080798   Section        0  stm32f2xx_gpio.o(i.GPIO_Init)
    i.GPIO_PinAFConfig                       0x0808083a   Section        0  stm32f2xx_gpio.o(i.GPIO_PinAFConfig)
    i.GPIO_ResetBits                         0x0808085a   Section        0  stm32f2xx_gpio.o(i.GPIO_ResetBits)
    i.GPIO_SetBits                           0x0808085e   Section        0  stm32f2xx_gpio.o(i.GPIO_SetBits)
    i.HardFault_Handler                      0x08080862   Section        0  stm32f2xx_it.o(i.HardFault_Handler)
    i.MemManage_Handler                      0x08080864   Section        0  stm32f2xx_it.o(i.MemManage_Handler)
    i.NMI_Handler                            0x08080866   Section        0  stm32f2xx_it.o(i.NMI_Handler)
    i.PendSV_Handler                         0x08080868   Section        0  stm32f2xx_it.o(i.PendSV_Handler)
    i.RCC_AHB1PeriphClockCmd                 0x0808086c   Section        0  stm32f2xx_rcc.o(i.RCC_AHB1PeriphClockCmd)
    i.RCC_APB1PeriphClockCmd                 0x08080884   Section        0  stm32f2xx_rcc.o(i.RCC_APB1PeriphClockCmd)
    i.RCC_GetClocksFreq                      0x0808089c   Section        0  stm32f2xx_rcc.o(i.RCC_GetClocksFreq)
    i.SPI_I2S_GetFlagStatus                  0x08080930   Section        0  stm32f2xx_spi.o(i.SPI_I2S_GetFlagStatus)
    i.SPI_I2S_ReceiveData                    0x0808093e   Section        0  stm32f2xx_spi.o(i.SPI_I2S_ReceiveData)
    i.SPI_I2S_SendData                       0x08080942   Section        0  stm32f2xx_spi.o(i.SPI_I2S_SendData)
    i.STM_EVAL_COMInit                       0x08080948   Section        0  stm322xg_eval.o(i.STM_EVAL_COMInit)
    i.STM_EVAL_LEDInit                       0x08080a04   Section        0  stm322xg_eval.o(i.STM_EVAL_LEDInit)
    i.STM_EVAL_LEDOff                        0x08080a4c   Section        0  stm322xg_eval.o(i.STM_EVAL_LEDOff)
    i.STM_EVAL_LEDOn                         0x08080a64   Section        0  stm322xg_eval.o(i.STM_EVAL_LEDOn)
    i.SVC_Handler                            0x08080a7c   Section        0  stm32f2xx_it.o(i.SVC_Handler)
    i.SetSysClock                            0x08080a80   Section        0  system_stm32f2xx.o(i.SetSysClock)
    SetSysClock                              0x08080a81   Thumb Code   140  system_stm32f2xx.o(i.SetSysClock)
    i.SysTick_Handler                        0x08080b18   Section        0  stm32f2xx_it.o(i.SysTick_Handler)
    i.SystemInit                             0x08080b1c   Section        0  system_stm32f2xx.o(i.SystemInit)
    i.TimingDelay_Decrement                  0x08080b6c   Section        0  main.o(i.TimingDelay_Decrement)
    i.USART1_IRQHandler                      0x08080b70   Section        0  main.o(i.USART1_IRQHandler)
    i.USART_Cmd                              0x08080bf8   Section        0  stm32f2xx_usart.o(i.USART_Cmd)
    i.USART_GetFlagStatus                    0x08080c0c   Section        0  stm32f2xx_usart.o(i.USART_GetFlagStatus)
    i.USART_GetITStatus                      0x08080c1a   Section        0  stm32f2xx_usart.o(i.USART_GetITStatus)
    i.USART_ITConfig                         0x08080c58   Section        0  stm32f2xx_usart.o(i.USART_ITConfig)
    i.USART_Init                             0x08080c88   Section        0  stm32f2xx_usart.o(i.USART_Init)
    i.USART_ReceiveData                      0x08080d40   Section        0  stm32f2xx_usart.o(i.USART_ReceiveData)
    i.USART_SendData                         0x08080d48   Section        0  stm32f2xx_usart.o(i.USART_SendData)
    i.UsageFault_Handler                     0x08080d50   Section        0  stm32f2xx_it.o(i.UsageFault_Handler)
    i.__0printf                              0x08080d54   Section        0  printfa.o(i.__0printf)
    i.__0vsprintf                            0x08080d74   Section        0  printfa.o(i.__0vsprintf)
    i.__scatterload_copy                     0x08080d98   Section       14  handlers.o(i.__scatterload_copy)
    i.__scatterload_null                     0x08080da6   Section        2  handlers.o(i.__scatterload_null)
    i.__scatterload_zeroinit                 0x08080da8   Section       14  handlers.o(i.__scatterload_zeroinit)
    i._fp_digits                             0x08080db8   Section        0  printfa.o(i._fp_digits)
    _fp_digits                               0x08080db9   Thumb Code   326  printfa.o(i._fp_digits)
    i._printf_core                           0x08080f14   Section        0  printfa.o(i._printf_core)
    _printf_core                             0x08080f15   Thumb Code  1762  printfa.o(i._printf_core)
    i._printf_post_padding                   0x08081604   Section        0  printfa.o(i._printf_post_padding)
    _printf_post_padding                     0x08081605   Thumb Code    38  printfa.o(i._printf_post_padding)
    i._printf_pre_padding                    0x0808162a   Section        0  printfa.o(i._printf_pre_padding)
    _printf_pre_padding                      0x0808162b   Thumb Code    48  printfa.o(i._printf_pre_padding)
    i._sputc                                 0x0808165a   Section        0  printfa.o(i._sputc)
    _sputc                                   0x0808165b   Thumb Code    10  printfa.o(i._sputc)
    i.check_fs                               0x08081664   Section        0  ff.o(i.check_fs)
    check_fs                                 0x08081665   Thumb Code   102  ff.o(i.check_fs)
    i.disk_initialize                        0x080816d4   Section        0  diskio.o(i.disk_initialize)
    i.disk_ioctl                             0x080816dc   Section        0  diskio.o(i.disk_ioctl)
    i.disk_read                              0x08081706   Section        0  diskio.o(i.disk_read)
    i.disk_status                            0x08081746   Section        0  diskio.o(i.disk_status)
    i.disk_write                             0x0808174e   Section        0  diskio.o(i.disk_write)
    i.f_mkfs                                 0x08081794   Section        0  ff.o(i.f_mkfs)
    i.f_mount                                0x08081cf0   Section        0  ff.o(i.f_mount)
    i.fatfstest                              0x08081d3c   Section        0  main.o(i.fatfstest)
    i.find_volume                            0x08081d4c   Section        0  ff.o(i.find_volume)
    find_volume                              0x08081d4d   Thumb Code   580  ff.o(i.find_volume)
    i.fputc                                  0x08081fa0   Section        0  main.o(i.fputc)
    i.get_fattime                            0x08081fd0   Section        0  diskio.o(i.get_fattime)
    i.get_ldnumber                           0x08081fd2   Section        0  ff.o(i.get_ldnumber)
    get_ldnumber                             0x08081fd3   Thumb Code    60  ff.o(i.get_ldnumber)
    i.ld_dword                               0x0808200e   Section        0  ff.o(i.ld_dword)
    ld_dword                                 0x0808200f   Thumb Code    22  ff.o(i.ld_dword)
    i.ld_word                                0x08082024   Section        0  ff.o(i.ld_word)
    ld_word                                  0x08082025   Thumb Code    10  ff.o(i.ld_word)
    i.main                                   0x08082030   Section        0  main.o(i.main)
    i.main_minivci_app                       0x08082174   Section        0  main_minivci.o(i.main_minivci_app)
    i.mem_cpy                                0x08082176   Section        0  ff.o(i.mem_cpy)
    mem_cpy                                  0x08082177   Thumb Code    18  ff.o(i.mem_cpy)
    i.mem_set                                0x08082188   Section        0  ff.o(i.mem_set)
    mem_set                                  0x08082189   Thumb Code    14  ff.o(i.mem_set)
    i.move_window                            0x08082196   Section        0  ff.o(i.move_window)
    move_window                              0x08082197   Thumb Code    50  ff.o(i.move_window)
    i.printfdebug                            0x080821c8   Section        0  main.o(i.printfdebug)
    i.sFLASH_EraseSector                     0x08082210   Section        0  spi_flash.o(i.sFLASH_EraseSector)
    i.sFLASH_ReadBuffer                      0x08082254   Section        0  spi_flash.o(i.sFLASH_ReadBuffer)
    i.sFLASH_SendByte                        0x080822ac   Section        0  spi_flash.o(i.sFLASH_SendByte)
    i.sFLASH_WaitForWriteEnd                 0x080822e0   Section        0  spi_flash.o(i.sFLASH_WaitForWriteEnd)
    i.sFLASH_WriteBuffer                     0x0808230c   Section        0  spi_flash.o(i.sFLASH_WriteBuffer)
    i.sFLASH_WriteEnable                     0x080823d0   Section        0  spi_flash.o(i.sFLASH_WriteEnable)
    i.sFLASH_WritePage                       0x080823f4   Section        0  spi_flash.o(i.sFLASH_WritePage)
    i.st_dword                               0x08082450   Section        0  ff.o(i.st_dword)
    st_dword                                 0x08082451   Thumb Code    16  ff.o(i.st_dword)
    i.st_word                                0x08082460   Section        0  ff.o(i.st_word)
    st_word                                  0x08082461   Thumb Code     8  ff.o(i.st_word)
    i.sync_window                            0x08082468   Section        0  ff.o(i.sync_window)
    sync_window                              0x08082469   Thumb Code    82  ff.o(i.sync_window)
    i.user_SysTick_Handler                   0x080824ba   Section        0  stm32f10x_it.o(i.user_SysTick_Handler)
    .constdata                               0x080824bc   Section      180  stm322xg_eval.o(.constdata)
    .constdata                               0x08082570   Section      170  ff.o(.constdata)
    ExCvt                                    0x08082570   Data         128  ff.o(.constdata)
    LfnOfs                                   0x080825f0   Data          13  ff.o(.constdata)
    cst                                      0x080825fe   Data          14  ff.o(.constdata)
    cst32                                    0x0808260c   Data          14  ff.o(.constdata)
    .data                                    0x20000000   Section       12  main.o(.data)
    TimingDelay                              0x20000008   Data           4  main.o(.data)
    .data                                    0x2000000c   Section      104  stm322xg_eval.o(.data)
    .data                                    0x20000074   Section       16  stm32f2xx_rcc.o(.data)
    APBAHBPrescTable                         0x20000074   Data          16  stm32f2xx_rcc.o(.data)
    .data                                    0x20000084   Section        8  ff.o(.data)
    Fsid                                     0x20000084   Data           2  ff.o(.data)
    FatFs                                    0x20000088   Data           4  ff.o(.data)
    .data                                    0x2000008c   Section        4  stdout.o(.data)
    .bss                                     0x20000090   Section     2612  main.o(.bss)
    .bss                                     0x20000ac4   Section      512  ff.o(.bss)
    LfnBuf                                   0x20000ac4   Data         512  ff.o(.bss)
    STACK                                    0x20000cc8   Section     1024  startup_stm32f2xx.o(STACK)

    Global Symbols

    Symbol Name                              Value     Ov Type        Size  Object(Section)

    BuildAttributes$$THM_ISAv4$P$D$K$B$S$PE$A:L22UL41UL21$X:L11$S22US41US21$IEEE1$IW$USESV6$~STKCKD$USESV7$~SHL$OTIME$ROPI$IEEEJ$EBA8$MICROLIB$REQ8$PRES8$EABIv2 0x00000000   Number         0  anon$$obj.o ABSOLUTE
    __ARM_use_no_argv                        0x00000000   Number         0  main.o ABSOLUTE
    _printf_a                                0x00000000   Number         0  stubs.o ABSOLUTE
    _printf_c                                0x00000000   Number         0  stubs.o ABSOLUTE
    _printf_charcount                        0x00000000   Number         0  stubs.o ABSOLUTE
    _printf_d                                0x00000000   Number         0  stubs.o ABSOLUTE
    _printf_e                                0x00000000   Number         0  stubs.o ABSOLUTE
    _printf_f                                0x00000000   Number         0  stubs.o ABSOLUTE
    _printf_flags                            0x00000000   Number         0  stubs.o ABSOLUTE
    _printf_fp_dec                           0x00000000   Number         0  stubs.o ABSOLUTE
    _printf_fp_hex                           0x00000000   Number         0  stubs.o ABSOLUTE
    _printf_g                                0x00000000   Number         0  stubs.o ABSOLUTE
    _printf_i                                0x00000000   Number         0  stubs.o ABSOLUTE
    _printf_int_dec                          0x00000000   Number         0  stubs.o ABSOLUTE
    _printf_l                                0x00000000   Number         0  stubs.o ABSOLUTE
    _printf_lc                               0x00000000   Number         0  stubs.o ABSOLUTE
    _printf_ll                               0x00000000   Number         0  stubs.o ABSOLUTE
    _printf_lld                              0x00000000   Number         0  stubs.o ABSOLUTE
    _printf_lli                              0x00000000   Number         0  stubs.o ABSOLUTE
    _printf_llo                              0x00000000   Number         0  stubs.o ABSOLUTE
    _printf_llu                              0x00000000   Number         0  stubs.o ABSOLUTE
    _printf_llx                              0x00000000   Number         0  stubs.o ABSOLUTE
    _printf_longlong_dec                     0x00000000   Number         0  stubs.o ABSOLUTE
    _printf_longlong_hex                     0x00000000   Number         0  stubs.o ABSOLUTE
    _printf_longlong_oct                     0x00000000   Number         0  stubs.o ABSOLUTE
    _printf_ls                               0x00000000   Number         0  stubs.o ABSOLUTE
    _printf_mbtowc                           0x00000000   Number         0  stubs.o ABSOLUTE
    _printf_n                                0x00000000   Number         0  stubs.o ABSOLUTE
    _printf_o                                0x00000000   Number         0  stubs.o ABSOLUTE
    _printf_p                                0x00000000   Number         0  stubs.o ABSOLUTE
    _printf_percent                          0x00000000   Number         0  stubs.o ABSOLUTE
    _printf_pre_padding                      0x00000000   Number         0  stubs.o ABSOLUTE
    _printf_return_value                     0x00000000   Number         0  stubs.o ABSOLUTE
    _printf_s                                0x00000000   Number         0  stubs.o ABSOLUTE
    _printf_sizespec                         0x00000000   Number         0  stubs.o ABSOLUTE
    _printf_str                              0x00000000   Number         0  stubs.o ABSOLUTE
    _printf_truncate_signed                  0x00000000   Number         0  stubs.o ABSOLUTE
    _printf_truncate_unsigned                0x00000000   Number         0  stubs.o ABSOLUTE
    _printf_u                                0x00000000   Number         0  stubs.o ABSOLUTE
    _printf_wc                               0x00000000   Number         0  stubs.o ABSOLUTE
    _printf_wctomb                           0x00000000   Number         0  stubs.o ABSOLUTE
    _printf_widthprec                        0x00000000   Number         0  stubs.o ABSOLUTE
    _printf_x                                0x00000000   Number         0  stubs.o ABSOLUTE
    __cpp_initialize__aeabi_                  - Undefined Weak Reference
    __cxa_finalize                            - Undefined Weak Reference
    __decompress                              - Undefined Weak Reference
    _clock_init                               - Undefined Weak Reference
    _microlib_exit                            - Undefined Weak Reference
    __Vectors_Size                           0x00000184   Number         0  startup_stm32f2xx.o ABSOLUTE
    __Vectors                                0x08080000   Data           4  startup_stm32f2xx.o(RESET)
    __Vectors_End                            0x08080184   Data           0  startup_stm32f2xx.o(RESET)
    __main                                   0x08080185   Thumb Code     0  entry.o(.ARM.Collect$$$$00000000)
    _main_stk                                0x08080185   Thumb Code     0  entry2.o(.ARM.Collect$$$$00000001)
    _main_scatterload                        0x08080189   Thumb Code     0  entry5.o(.ARM.Collect$$$$00000004)
    __main_after_scatterload                 0x0808018d   Thumb Code     0  entry5.o(.ARM.Collect$$$$00000004)
    _main_clock                              0x0808018d   Thumb Code     0  entry7b.o(.ARM.Collect$$$$00000008)
    _main_cpp_init                           0x0808018d   Thumb Code     0  entry8b.o(.ARM.Collect$$$$0000000A)
    _main_init                               0x0808018d   Thumb Code     0  entry9a.o(.ARM.Collect$$$$0000000B)
    __rt_final_cpp                           0x08080195   Thumb Code     0  entry10a.o(.ARM.Collect$$$$0000000D)
    __rt_final_exit                          0x08080195   Thumb Code     0  entry11a.o(.ARM.Collect$$$$0000000F)
    Reset_Handler                            0x08080199   Thumb Code     8  startup_stm32f2xx.o(.text)
    ADC_IRQHandler                           0x080801b3   Thumb Code     0  startup_stm32f2xx.o(.text)
    CAN1_RX0_IRQHandler                      0x080801b3   Thumb Code     0  startup_stm32f2xx.o(.text)
    CAN1_RX1_IRQHandler                      0x080801b3   Thumb Code     0  startup_stm32f2xx.o(.text)
    CAN1_SCE_IRQHandler                      0x080801b3   Thumb Code     0  startup_stm32f2xx.o(.text)
    CAN1_TX_IRQHandler                       0x080801b3   Thumb Code     0  startup_stm32f2xx.o(.text)
    CAN2_RX0_IRQHandler                      0x080801b3   Thumb Code     0  startup_stm32f2xx.o(.text)
    CAN2_RX1_IRQHandler                      0x080801b3   Thumb Code     0  startup_stm32f2xx.o(.text)
    CAN2_SCE_IRQHandler                      0x080801b3   Thumb Code     0  startup_stm32f2xx.o(.text)
    CAN2_TX_IRQHandler                       0x080801b3   Thumb Code     0  startup_stm32f2xx.o(.text)
    CRYP_IRQHandler                          0x080801b3   Thumb Code     0  startup_stm32f2xx.o(.text)
    DCMI_IRQHandler                          0x080801b3   Thumb Code     0  startup_stm32f2xx.o(.text)
    DMA1_Stream0_IRQHandler                  0x080801b3   Thumb Code     0  startup_stm32f2xx.o(.text)
    DMA1_Stream1_IRQHandler                  0x080801b3   Thumb Code     0  startup_stm32f2xx.o(.text)
    DMA1_Stream2_IRQHandler                  0x080801b3   Thumb Code     0  startup_stm32f2xx.o(.text)
    DMA1_Stream3_IRQHandler                  0x080801b3   Thumb Code     0  startup_stm32f2xx.o(.text)
    DMA1_Stream4_IRQHandler                  0x080801b3   Thumb Code     0  startup_stm32f2xx.o(.text)
    DMA1_Stream5_IRQHandler                  0x080801b3   Thumb Code     0  startup_stm32f2xx.o(.text)
    DMA1_Stream6_IRQHandler                  0x080801b3   Thumb Code     0  startup_stm32f2xx.o(.text)
    DMA1_Stream7_IRQHandler                  0x080801b3   Thumb Code     0  startup_stm32f2xx.o(.text)
    DMA2_Stream0_IRQHandler                  0x080801b3   Thumb Code     0  startup_stm32f2xx.o(.text)
    DMA2_Stream1_IRQHandler                  0x080801b3   Thumb Code     0  startup_stm32f2xx.o(.text)
    DMA2_Stream2_IRQHandler                  0x080801b3   Thumb Code     0  startup_stm32f2xx.o(.text)
    DMA2_Stream3_IRQHandler                  0x080801b3   Thumb Code     0  startup_stm32f2xx.o(.text)
    DMA2_Stream4_IRQHandler                  0x080801b3   Thumb Code     0  startup_stm32f2xx.o(.text)
    DMA2_Stream5_IRQHandler                  0x080801b3   Thumb Code     0  startup_stm32f2xx.o(.text)
    DMA2_Stream6_IRQHandler                  0x080801b3   Thumb Code     0  startup_stm32f2xx.o(.text)
    DMA2_Stream7_IRQHandler                  0x080801b3   Thumb Code     0  startup_stm32f2xx.o(.text)
    ETH_IRQHandler                           0x080801b3   Thumb Code     0  startup_stm32f2xx.o(.text)
    ETH_WKUP_IRQHandler                      0x080801b3   Thumb Code     0  startup_stm32f2xx.o(.text)
    EXTI0_IRQHandler                         0x080801b3   Thumb Code     0  startup_stm32f2xx.o(.text)
    EXTI15_10_IRQHandler                     0x080801b3   Thumb Code     0  startup_stm32f2xx.o(.text)
    EXTI1_IRQHandler                         0x080801b3   Thumb Code     0  startup_stm32f2xx.o(.text)
    EXTI2_IRQHandler                         0x080801b3   Thumb Code     0  startup_stm32f2xx.o(.text)
    EXTI3_IRQHandler                         0x080801b3   Thumb Code     0  startup_stm32f2xx.o(.text)
    EXTI4_IRQHandler                         0x080801b3   Thumb Code     0  startup_stm32f2xx.o(.text)
    EXTI9_5_IRQHandler                       0x080801b3   Thumb Code     0  startup_stm32f2xx.o(.text)
    FLASH_IRQHandler                         0x080801b3   Thumb Code     0  startup_stm32f2xx.o(.text)
    FSMC_IRQHandler                          0x080801b3   Thumb Code     0  startup_stm32f2xx.o(.text)
    HASH_RNG_IRQHandler                      0x080801b3   Thumb Code     0  startup_stm32f2xx.o(.text)
    I2C1_ER_IRQHandler                       0x080801b3   Thumb Code     0  startup_stm32f2xx.o(.text)
    I2C1_EV_IRQHandler                       0x080801b3   Thumb Code     0  startup_stm32f2xx.o(.text)
    I2C2_ER_IRQHandler                       0x080801b3   Thumb Code     0  startup_stm32f2xx.o(.text)
    I2C2_EV_IRQHandler                       0x080801b3   Thumb Code     0  startup_stm32f2xx.o(.text)
    I2C3_ER_IRQHandler                       0x080801b3   Thumb Code     0  startup_stm32f2xx.o(.text)
    I2C3_EV_IRQHandler                       0x080801b3   Thumb Code     0  startup_stm32f2xx.o(.text)
    OTG_FS_IRQHandler                        0x080801b3   Thumb Code     0  startup_stm32f2xx.o(.text)
    OTG_FS_WKUP_IRQHandler                   0x080801b3   Thumb Code     0  startup_stm32f2xx.o(.text)
    OTG_HS_EP1_IN_IRQHandler                 0x080801b3   Thumb Code     0  startup_stm32f2xx.o(.text)
    OTG_HS_EP1_OUT_IRQHandler                0x080801b3   Thumb Code     0  startup_stm32f2xx.o(.text)
    OTG_HS_IRQHandler                        0x080801b3   Thumb Code     0  startup_stm32f2xx.o(.text)
    OTG_HS_WKUP_IRQHandler                   0x080801b3   Thumb Code     0  startup_stm32f2xx.o(.text)
    PVD_IRQHandler                           0x080801b3   Thumb Code     0  startup_stm32f2xx.o(.text)
    RCC_IRQHandler                           0x080801b3   Thumb Code     0  startup_stm32f2xx.o(.text)
    RTC_Alarm_IRQHandler                     0x080801b3   Thumb Code     0  startup_stm32f2xx.o(.text)
    RTC_WKUP_IRQHandler                      0x080801b3   Thumb Code     0  startup_stm32f2xx.o(.text)
    SDIO_IRQHandler                          0x080801b3   Thumb Code     0  startup_stm32f2xx.o(.text)
    SPI1_IRQHandler                          0x080801b3   Thumb Code     0  startup_stm32f2xx.o(.text)
    SPI2_IRQHandler                          0x080801b3   Thumb Code     0  startup_stm32f2xx.o(.text)
    SPI3_IRQHandler                          0x080801b3   Thumb Code     0  startup_stm32f2xx.o(.text)
    TAMP_STAMP_IRQHandler                    0x080801b3   Thumb Code     0  startup_stm32f2xx.o(.text)
    TIM1_BRK_TIM9_IRQHandler                 0x080801b3   Thumb Code     0  startup_stm32f2xx.o(.text)
    TIM1_CC_IRQHandler                       0x080801b3   Thumb Code     0  startup_stm32f2xx.o(.text)
    TIM1_TRG_COM_TIM11_IRQHandler            0x080801b3   Thumb Code     0  startup_stm32f2xx.o(.text)
    TIM1_UP_TIM10_IRQHandler                 0x080801b3   Thumb Code     0  startup_stm32f2xx.o(.text)
    TIM2_IRQHandler                          0x080801b3   Thumb Code     0  startup_stm32f2xx.o(.text)
    TIM3_IRQHandler                          0x080801b3   Thumb Code     0  startup_stm32f2xx.o(.text)
    TIM4_IRQHandler                          0x080801b3   Thumb Code     0  startup_stm32f2xx.o(.text)
    TIM5_IRQHandler                          0x080801b3   Thumb Code     0  startup_stm32f2xx.o(.text)
    TIM6_DAC_IRQHandler                      0x080801b3   Thumb Code     0  startup_stm32f2xx.o(.text)
    TIM7_IRQHandler                          0x080801b3   Thumb Code     0  startup_stm32f2xx.o(.text)
    TIM8_BRK_TIM12_IRQHandler                0x080801b3   Thumb Code     0  startup_stm32f2xx.o(.text)
    TIM8_CC_IRQHandler                       0x080801b3   Thumb Code     0  startup_stm32f2xx.o(.text)
    TIM8_TRG_COM_TIM14_IRQHandler            0x080801b3   Thumb Code     0  startup_stm32f2xx.o(.text)
    TIM8_UP_TIM13_IRQHandler                 0x080801b3   Thumb Code     0  startup_stm32f2xx.o(.text)
    UART4_IRQHandler                         0x080801b3   Thumb Code     0  startup_stm32f2xx.o(.text)
    UART5_IRQHandler                         0x080801b3   Thumb Code     0  startup_stm32f2xx.o(.text)
    USART2_IRQHandler                        0x080801b3   Thumb Code     0  startup_stm32f2xx.o(.text)
    USART3_IRQHandler                        0x080801b3   Thumb Code     0  startup_stm32f2xx.o(.text)
    USART6_IRQHandler                        0x080801b3   Thumb Code     0  startup_stm32f2xx.o(.text)
    WWDG_IRQHandler                          0x080801b3   Thumb Code     0  startup_stm32f2xx.o(.text)
    strlen                                   0x080801bd   Thumb Code    14  strlen.o(.text)
    __aeabi_dmul                             0x080801cb   Thumb Code   228  dmul.o(.text)
    __aeabi_ddiv                             0x080802af   Thumb Code   222  ddiv.o(.text)
    __aeabi_cdrcmple                         0x0808038d   Thumb Code    38  cdrcmple.o(.text)
    __aeabi_uidiv                            0x080803b5   Thumb Code     0  uidiv.o(.text)
    __aeabi_uidivmod                         0x080803b5   Thumb Code    44  uidiv.o(.text)
    __aeabi_uldivmod                         0x080803e1   Thumb Code    98  uldiv.o(.text)
    __aeabi_llsr                             0x08080443   Thumb Code    32  llushr.o(.text)
    _ll_ushift_r                             0x08080443   Thumb Code     0  llushr.o(.text)
    __I$use$fp                               0x08080463   Thumb Code     0  iusefp.o(.text)
    _double_round                            0x08080463   Thumb Code    26  depilogue.o(.text)
    _double_epilogue                         0x0808047d   Thumb Code   164  depilogue.o(.text)
    __aeabi_dadd                             0x08080521   Thumb Code   322  dadd.o(.text)
    __aeabi_dsub                             0x08080663   Thumb Code     6  dadd.o(.text)
    __aeabi_drsub                            0x08080669   Thumb Code     6  dadd.o(.text)
    __aeabi_d2ulz                            0x0808066f   Thumb Code    48  dfixul.o(.text)
    __scatterload                            0x080806a1   Thumb Code    28  init.o(.text)
    __scatterload_rt2                        0x080806a1   Thumb Code     0  init.o(.text)
    __aeabi_llsl                             0x080806c5   Thumb Code    30  llshl.o(.text)
    _ll_shift_l                              0x080806c5   Thumb Code     0  llshl.o(.text)
    __aeabi_lasr                             0x080806e3   Thumb Code    36  llsshr.o(.text)
    _ll_sshift_r                             0x080806e3   Thumb Code     0  llsshr.o(.text)
    BusFault_Handler                         0x08080707   Thumb Code     2  stm32f2xx_it.o(i.BusFault_Handler)
    DebugMon_Handler                         0x08080709   Thumb Code     2  stm32f2xx_it.o(i.DebugMon_Handler)
    FileFormat                               0x0808070d   Thumb Code    44  main.o(i.FileFormat)
    FileuMount                               0x0808075d   Thumb Code    28  main.o(i.FileuMount)
    GPIO_Init                                0x08080799   Thumb Code   162  stm32f2xx_gpio.o(i.GPIO_Init)
    GPIO_PinAFConfig                         0x0808083b   Thumb Code    32  stm32f2xx_gpio.o(i.GPIO_PinAFConfig)
    GPIO_ResetBits                           0x0808085b   Thumb Code     4  stm32f2xx_gpio.o(i.GPIO_ResetBits)
    GPIO_SetBits                             0x0808085f   Thumb Code     4  stm32f2xx_gpio.o(i.GPIO_SetBits)
    HardFault_Handler                        0x08080863   Thumb Code     2  stm32f2xx_it.o(i.HardFault_Handler)
    MemManage_Handler                        0x08080865   Thumb Code     2  stm32f2xx_it.o(i.MemManage_Handler)
    NMI_Handler                              0x08080867   Thumb Code     2  stm32f2xx_it.o(i.NMI_Handler)
    PendSV_Handler                           0x08080869   Thumb Code     2  stm32f2xx_it.o(i.PendSV_Handler)
    RCC_AHB1PeriphClockCmd                   0x0808086d   Thumb Code    18  stm32f2xx_rcc.o(i.RCC_AHB1PeriphClockCmd)
    RCC_APB1PeriphClockCmd                   0x08080885   Thumb Code    18  stm32f2xx_rcc.o(i.RCC_APB1PeriphClockCmd)
    RCC_GetClocksFreq                        0x0808089d   Thumb Code   132  stm32f2xx_rcc.o(i.RCC_GetClocksFreq)
    SPI_I2S_GetFlagStatus                    0x08080931   Thumb Code    14  stm32f2xx_spi.o(i.SPI_I2S_GetFlagStatus)
    SPI_I2S_ReceiveData                      0x0808093f   Thumb Code     4  stm32f2xx_spi.o(i.SPI_I2S_ReceiveData)
    SPI_I2S_SendData                         0x08080943   Thumb Code     4  stm32f2xx_spi.o(i.SPI_I2S_SendData)
    STM_EVAL_COMInit                         0x08080949   Thumb Code   180  stm322xg_eval.o(i.STM_EVAL_COMInit)
    STM_EVAL_LEDInit                         0x08080a05   Thumb Code    62  stm322xg_eval.o(i.STM_EVAL_LEDInit)
    STM_EVAL_LEDOff                          0x08080a4d   Thumb Code    16  stm322xg_eval.o(i.STM_EVAL_LEDOff)
    STM_EVAL_LEDOn                           0x08080a65   Thumb Code    16  stm322xg_eval.o(i.STM_EVAL_LEDOn)
    SVC_Handler                              0x08080a7d   Thumb Code     2  stm32f2xx_it.o(i.SVC_Handler)
    SysTick_Handler                          0x08080b19   Thumb Code     4  stm32f2xx_it.o(i.SysTick_Handler)
    SystemInit                               0x08080b1d   Thumb Code    62  system_stm32f2xx.o(i.SystemInit)
    TimingDelay_Decrement                    0x08080b6d   Thumb Code     4  main.o(i.TimingDelay_Decrement)
    USART1_IRQHandler                        0x08080b71   Thumb Code   118  main.o(i.USART1_IRQHandler)
    USART_Cmd                                0x08080bf9   Thumb Code    20  stm32f2xx_usart.o(i.USART_Cmd)
    USART_GetFlagStatus                      0x08080c0d   Thumb Code    14  stm32f2xx_usart.o(i.USART_GetFlagStatus)
    USART_GetITStatus                        0x08080c1b   Thumb Code    62  stm32f2xx_usart.o(i.USART_GetITStatus)
    USART_ITConfig                           0x08080c59   Thumb Code    48  stm32f2xx_usart.o(i.USART_ITConfig)
    USART_Init                               0x08080c89   Thumb Code   174  stm32f2xx_usart.o(i.USART_Init)
    USART_ReceiveData                        0x08080d41   Thumb Code     8  stm32f2xx_usart.o(i.USART_ReceiveData)
    USART_SendData                           0x08080d49   Thumb Code     8  stm32f2xx_usart.o(i.USART_SendData)
    UsageFault_Handler                       0x08080d51   Thumb Code     2  stm32f2xx_it.o(i.UsageFault_Handler)
    __0printf                                0x08080d55   Thumb Code    22  printfa.o(i.__0printf)
    __1printf                                0x08080d55   Thumb Code     0  printfa.o(i.__0printf)
    __2printf                                0x08080d55   Thumb Code     0  printfa.o(i.__0printf)
    __c89printf                              0x08080d55   Thumb Code     0  printfa.o(i.__0printf)
    printf                                   0x08080d55   Thumb Code     0  printfa.o(i.__0printf)
    __0vsprintf                              0x08080d75   Thumb Code    30  printfa.o(i.__0vsprintf)
    __1vsprintf                              0x08080d75   Thumb Code     0  printfa.o(i.__0vsprintf)
    __2vsprintf                              0x08080d75   Thumb Code     0  printfa.o(i.__0vsprintf)
    __c89vsprintf                            0x08080d75   Thumb Code     0  printfa.o(i.__0vsprintf)
    vsprintf                                 0x08080d75   Thumb Code     0  printfa.o(i.__0vsprintf)
    __scatterload_copy                       0x08080d99   Thumb Code    14  handlers.o(i.__scatterload_copy)
    __scatterload_null                       0x08080da7   Thumb Code     2  handlers.o(i.__scatterload_null)
    __scatterload_zeroinit                   0x08080da9   Thumb Code    14  handlers.o(i.__scatterload_zeroinit)
    disk_initialize                          0x080816d5   Thumb Code     8  diskio.o(i.disk_initialize)
    disk_ioctl                               0x080816dd   Thumb Code    42  diskio.o(i.disk_ioctl)
    disk_read                                0x08081707   Thumb Code    64  diskio.o(i.disk_read)
    disk_status                              0x08081747   Thumb Code     8  diskio.o(i.disk_status)
    disk_write                               0x0808174f   Thumb Code    70  diskio.o(i.disk_write)
    f_mkfs                                   0x08081795   Thumb Code  1368  ff.o(i.f_mkfs)
    f_mount                                  0x08081cf1   Thumb Code    72  ff.o(i.f_mount)
    fatfstest                                0x08081d3d   Thumb Code    14  main.o(i.fatfstest)
    fputc                                    0x08081fa1   Thumb Code    42  main.o(i.fputc)
    get_fattime                              0x08081fd1   Thumb Code     2  diskio.o(i.get_fattime)
    main                                     0x08082031   Thumb Code   200  main.o(i.main)
    main_minivci_app                         0x08082175   Thumb Code     2  main_minivci.o(i.main_minivci_app)
    printfdebug                              0x080821c9   Thumb Code    66  main.o(i.printfdebug)
    sFLASH_EraseSector                       0x08082211   Thumb Code    62  spi_flash.o(i.sFLASH_EraseSector)
    sFLASH_ReadBuffer                        0x08082255   Thumb Code    82  spi_flash.o(i.sFLASH_ReadBuffer)
    sFLASH_SendByte                          0x080822ad   Thumb Code    48  spi_flash.o(i.sFLASH_SendByte)
    sFLASH_WaitForWriteEnd                   0x080822e1   Thumb Code    40  spi_flash.o(i.sFLASH_WaitForWriteEnd)
    sFLASH_WriteBuffer                       0x0808230d   Thumb Code   196  spi_flash.o(i.sFLASH_WriteBuffer)
    sFLASH_WriteEnable                       0x080823d1   Thumb Code    30  spi_flash.o(i.sFLASH_WriteEnable)
    sFLASH_WritePage                         0x080823f5   Thumb Code    88  spi_flash.o(i.sFLASH_WritePage)
    user_SysTick_Handler                     0x080824bb   Thumb Code     2  stm32f10x_it.o(i.user_SysTick_Handler)
    BUTTON_PORT_SOURCE                       0x080824bc   Data           3  stm322xg_eval.o(.constdata)
    BUTTON_PIN_SOURCE                        0x080824bf   Data           3  stm322xg_eval.o(.constdata)
    BUTTON_IRQn                              0x080824c2   Data           3  stm322xg_eval.o(.constdata)
    BUTTON_PIN                               0x080824c6   Data           6  stm322xg_eval.o(.constdata)
    BUTTON_EXTI_LINE                         0x080824cc   Data           6  stm322xg_eval.o(.constdata)
    COM_TX_PIN_SOURCE                        0x080824d2   Data           6  stm322xg_eval.o(.constdata)
    COM_RX_PIN_SOURCE                        0x080824d8   Data           6  stm322xg_eval.o(.constdata)
    COM_TX_AF                                0x080824de   Data           6  stm322xg_eval.o(.constdata)
    COM_RX_AF                                0x080824e4   Data           6  stm322xg_eval.o(.constdata)
    GPIO_PIN                                 0x080824ea   Data           8  stm322xg_eval.o(.constdata)
    GPIO_CLK                                 0x080824f4   Data          16  stm322xg_eval.o(.constdata)
    BUTTON_CLK                               0x08082504   Data          12  stm322xg_eval.o(.constdata)
    COM_USART_CLK                            0x08082510   Data          24  stm322xg_eval.o(.constdata)
    COM_TX_PORT_CLK                          0x08082528   Data          24  stm322xg_eval.o(.constdata)
    COM_RX_PORT_CLK                          0x08082540   Data          24  stm322xg_eval.o(.constdata)
    COM_TX_PIN                               0x08082558   Data          12  stm322xg_eval.o(.constdata)
    COM_RX_PIN                               0x08082564   Data          12  stm322xg_eval.o(.constdata)
    Region$$Table$$Base                      0x0808261c   Number         0  anon$$obj.o(Region$$Table)
    Region$$Table$$Limit                     0x0808263c   Number         0  anon$$obj.o(Region$$Table)
    TxCounter                                0x20000000   Data           1  main.o(.data)
    NbrOfDataToRead                          0x20000001   Data           1  main.o(.data)
    NbrOfDataToTransfer                      0x20000002   Data           1  main.o(.data)
    RxCounter                                0x20000004   Data           2  main.o(.data)
    NVIC_InitStructure                       0x2000000c   Data           4  stm322xg_eval.o(.data)
    GPIO_PORT                                0x20000010   Data          16  stm322xg_eval.o(.data)
    BUTTON_PORT                              0x20000020   Data          12  stm322xg_eval.o(.data)
    COM_USART                                0x2000002c   Data          24  stm322xg_eval.o(.data)
    COM_TX_PORT                              0x20000044   Data          24  stm322xg_eval.o(.data)
    COM_RX_PORT                              0x2000005c   Data          24  stm322xg_eval.o(.data)
    __stdout                                 0x2000008c   Data           4  stdout.o(.data)
    RxBuffer                                 0x20000090   Data        1024  main.o(.bss)
    TxBuffer                                 0x20000490   Data        1024  main.o(.bss)
    gDosFS                                   0x20000890   Data         564  main.o(.bss)
    __initial_sp                             0x200010c8   Data           0  startup_stm32f2xx.o(STACK)



==============================================================================

Memory Map of the image

  Image Entry point : 0x08080185

  Load Region LR_IROM1 (Base: 0x08080000, Size: 0x000026cc, Max: 0x00080000, ABSOLUTE)

    Execution Region ER_IROM1 (Base: 0x08080000, Size: 0x0000263c, Max: 0x00080000, ABSOLUTE)

    Base Addr    Size         Type   Attr      Idx    E Section Name        Object

    0x08080000   0x00000184   Data   RO         5830    RESET               startup_stm32f2xx.o
    0x08080184   0x00000000   Code   RO         9797  * .ARM.Collect$$$$00000000  mc_w.l(entry.o)
    0x08080184   0x00000004   Code   RO        10195    .ARM.Collect$$$$00000001  mc_w.l(entry2.o)
    0x08080188   0x00000004   Code   RO        10198    .ARM.Collect$$$$00000004  mc_w.l(entry5.o)
    0x0808018c   0x00000000   Code   RO        10200    .ARM.Collect$$$$00000008  mc_w.l(entry7b.o)
    0x0808018c   0x00000000   Code   RO        10202    .ARM.Collect$$$$0000000A  mc_w.l(entry8b.o)
    0x0808018c   0x00000008   Code   RO        10203    .ARM.Collect$$$$0000000B  mc_w.l(entry9a.o)
    0x08080194   0x00000000   Code   RO        10205    .ARM.Collect$$$$0000000D  mc_w.l(entry10a.o)
    0x08080194   0x00000000   Code   RO        10207    .ARM.Collect$$$$0000000F  mc_w.l(entry11a.o)
    0x08080194   0x00000004   Code   RO        10196    .ARM.Collect$$$$00002712  mc_w.l(entry2.o)
    0x08080198   0x00000024   Code   RO         5831    .text               startup_stm32f2xx.o
    0x080801bc   0x0000000e   Code   RO         9857    .text               mc_w.l(strlen.o)
    0x080801ca   0x000000e4   Code   RO        10177    .text               mf_w.l(dmul.o)
    0x080802ae   0x000000de   Code   RO        10179    .text               mf_w.l(ddiv.o)
    0x0808038c   0x00000028   Code   RO        10193    .text               mf_w.l(cdrcmple.o)
    0x080803b4   0x0000002c   Code   RO        10220    .text               mc_w.l(uidiv.o)
    0x080803e0   0x00000062   Code   RO        10222    .text               mc_w.l(uldiv.o)
    0x08080442   0x00000020   Code   RO        10224    .text               mc_w.l(llushr.o)
    0x08080462   0x00000000   Code   RO        10232    .text               mc_w.l(iusefp.o)
    0x08080462   0x000000be   Code   RO        10235    .text               mf_w.l(depilogue.o)
    0x08080520   0x0000014e   Code   RO        10237    .text               mf_w.l(dadd.o)
    0x0808066e   0x00000030   Code   RO        10239    .text               mf_w.l(dfixul.o)
    0x0808069e   0x00000002   PAD
    0x080806a0   0x00000024   Code   RO        10241    .text               mc_w.l(init.o)
    0x080806c4   0x0000001e   Code   RO        10244    .text               mc_w.l(llshl.o)
    0x080806e2   0x00000024   Code   RO        10246    .text               mc_w.l(llsshr.o)
    0x08080706   0x00000002   Code   RO          230    i.BusFault_Handler  stm32f2xx_it.o
    0x08080708   0x00000002   Code   RO          231    i.DebugMon_Handler  stm32f2xx_it.o
    0x0808070a   0x00000002   PAD
    0x0808070c   0x00000050   Code   RO            4    i.FileFormat        main.o
    0x0808075c   0x0000003c   Code   RO            5    i.FileuMount        main.o
    0x08080798   0x000000a2   Code   RO         3345    i.GPIO_Init         stm32f2xx_gpio.o
    0x0808083a   0x00000020   Code   RO         3346    i.GPIO_PinAFConfig  stm32f2xx_gpio.o
    0x0808085a   0x00000004   Code   RO         3352    i.GPIO_ResetBits    stm32f2xx_gpio.o
    0x0808085e   0x00000004   Code   RO         3353    i.GPIO_SetBits      stm32f2xx_gpio.o
    0x08080862   0x00000002   Code   RO          232    i.HardFault_Handler  stm32f2xx_it.o
    0x08080864   0x00000002   Code   RO          233    i.MemManage_Handler  stm32f2xx_it.o
    0x08080866   0x00000002   Code   RO          234    i.NMI_Handler       stm32f2xx_it.o
    0x08080868   0x00000002   Code   RO          235    i.PendSV_Handler    stm32f2xx_it.o
    0x0808086a   0x00000002   PAD
    0x0808086c   0x00000018   Code   RO         3961    i.RCC_AHB1PeriphClockCmd  stm32f2xx_rcc.o
    0x08080884   0x00000018   Code   RO         3970    i.RCC_APB1PeriphClockCmd  stm32f2xx_rcc.o
    0x0808089c   0x00000094   Code   RO         3982    i.RCC_GetClocksFreq  stm32f2xx_rcc.o
    0x08080930   0x0000000e   Code   RO         4792    i.SPI_I2S_GetFlagStatus  stm32f2xx_spi.o
    0x0808093e   0x00000004   Code   RO         4795    i.SPI_I2S_ReceiveData  stm32f2xx_spi.o
    0x08080942   0x00000004   Code   RO         4796    i.SPI_I2S_SendData  stm32f2xx_spi.o
    0x08080946   0x00000002   PAD
    0x08080948   0x000000bc   Code   RO         1721    i.STM_EVAL_COMInit  stm322xg_eval.o
    0x08080a04   0x00000048   Code   RO         1722    i.STM_EVAL_LEDInit  stm322xg_eval.o
    0x08080a4c   0x00000018   Code   RO         1723    i.STM_EVAL_LEDOff   stm322xg_eval.o
    0x08080a64   0x00000018   Code   RO         1724    i.STM_EVAL_LEDOn    stm322xg_eval.o
    0x08080a7c   0x00000002   Code   RO          236    i.SVC_Handler       stm32f2xx_it.o
    0x08080a7e   0x00000002   PAD
    0x08080a80   0x00000098   Code   RO         5793    i.SetSysClock       system_stm32f2xx.o
    0x08080b18   0x00000004   Code   RO          237    i.SysTick_Handler   stm32f2xx_it.o
    0x08080b1c   0x00000050   Code   RO         5795    i.SystemInit        system_stm32f2xx.o
    0x08080b6c   0x00000004   Code   RO            7    i.TimingDelay_Decrement  main.o
    0x08080b70   0x00000088   Code   RO            8    i.USART1_IRQHandler  main.o
    0x08080bf8   0x00000014   Code   RO         5544    i.USART_Cmd         stm32f2xx_usart.o
    0x08080c0c   0x0000000e   Code   RO         5547    i.USART_GetFlagStatus  stm32f2xx_usart.o
    0x08080c1a   0x0000003e   Code   RO         5548    i.USART_GetITStatus  stm32f2xx_usart.o
    0x08080c58   0x00000030   Code   RO         5550    i.USART_ITConfig    stm32f2xx_usart.o
    0x08080c88   0x000000b8   Code   RO         5551    i.USART_Init        stm32f2xx_usart.o
    0x08080d40   0x00000008   Code   RO         5558    i.USART_ReceiveData  stm32f2xx_usart.o
    0x08080d48   0x00000008   Code   RO         5561    i.USART_SendData    stm32f2xx_usart.o
    0x08080d50   0x00000002   Code   RO          238    i.UsageFault_Handler  stm32f2xx_it.o
    0x08080d52   0x00000002   PAD
    0x08080d54   0x00000020   Code   RO        10108    i.__0printf         mc_w.l(printfa.o)
    0x08080d74   0x00000024   Code   RO        10114    i.__0vsprintf       mc_w.l(printfa.o)
    0x08080d98   0x0000000e   Code   RO        10268    i.__scatterload_copy  mc_w.l(handlers.o)
    0x08080da6   0x00000002   Code   RO        10269    i.__scatterload_null  mc_w.l(handlers.o)
    0x08080da8   0x0000000e   Code   RO        10270    i.__scatterload_zeroinit  mc_w.l(handlers.o)
    0x08080db6   0x00000002   PAD
    0x08080db8   0x0000015c   Code   RO        10115    i._fp_digits        mc_w.l(printfa.o)
    0x08080f14   0x000006f0   Code   RO        10116    i._printf_core      mc_w.l(printfa.o)
    0x08081604   0x00000026   Code   RO        10117    i._printf_post_padding  mc_w.l(printfa.o)
    0x0808162a   0x00000030   Code   RO        10118    i._printf_pre_padding  mc_w.l(printfa.o)
    0x0808165a   0x0000000a   Code   RO        10120    i._sputc            mc_w.l(printfa.o)
    0x08081664   0x00000070   Code   RO         8422    i.check_fs          ff.o
    0x080816d4   0x00000008   Code   RO         8371    i.disk_initialize   diskio.o
    0x080816dc   0x0000002a   Code   RO         8372    i.disk_ioctl        diskio.o
    0x08081706   0x00000040   Code   RO         8373    i.disk_read         diskio.o
    0x08081746   0x00000008   Code   RO         8374    i.disk_status       diskio.o
    0x0808174e   0x00000046   Code   RO         8375    i.disk_write        diskio.o
    0x08081794   0x0000055c   Code   RO         8440    i.f_mkfs            ff.o
    0x08081cf0   0x0000004c   Code   RO         8441    i.f_mount           ff.o
    0x08081d3c   0x0000000e   Code   RO            9    i.fatfstest         main.o
    0x08081d4a   0x00000002   PAD
    0x08081d4c   0x00000254   Code   RO         8452    i.find_volume       ff.o
    0x08081fa0   0x00000030   Code   RO           10    i.fputc             main.o
    0x08081fd0   0x00000002   Code   RO         8376    i.get_fattime       diskio.o
    0x08081fd2   0x0000003c   Code   RO         8457    i.get_ldnumber      ff.o
    0x0808200e   0x00000016   Code   RO         8459    i.ld_dword          ff.o
    0x08082024   0x0000000a   Code   RO         8460    i.ld_word           ff.o
    0x0808202e   0x00000002   PAD
    0x08082030   0x00000144   Code   RO           11    i.main              main.o
    0x08082174   0x00000002   Code   RO         5896    i.main_minivci_app  main_minivci.o
    0x08082176   0x00000012   Code   RO         8461    i.mem_cpy           ff.o
    0x08082188   0x0000000e   Code   RO         8462    i.mem_set           ff.o
    0x08082196   0x00000032   Code   RO         8463    i.move_window       ff.o
    0x080821c8   0x00000048   Code   RO           12    i.printfdebug       main.o
    0x08082210   0x00000044   Code   RO         8266    i.sFLASH_EraseSector  spi_flash.o
    0x08082254   0x00000058   Code   RO         8270    i.sFLASH_ReadBuffer  spi_flash.o
    0x080822ac   0x00000034   Code   RO         8273    i.sFLASH_SendByte   spi_flash.o
    0x080822e0   0x0000002c   Code   RO         8276    i.sFLASH_WaitForWriteEnd  spi_flash.o
    0x0808230c   0x000000c4   Code   RO         8277    i.sFLASH_WriteBuffer  spi_flash.o
    0x080823d0   0x00000024   Code   RO         8278    i.sFLASH_WriteEnable  spi_flash.o
    0x080823f4   0x0000005c   Code   RO         8279    i.sFLASH_WritePage  spi_flash.o
    0x08082450   0x00000010   Code   RO         8468    i.st_dword          ff.o
    0x08082460   0x00000008   Code   RO         8469    i.st_word           ff.o
    0x08082468   0x00000052   Code   RO         8472    i.sync_window       ff.o
    0x080824ba   0x00000002   Code   RO         5838    i.user_SysTick_Handler  stm32f10x_it.o
    0x080824bc   0x000000b4   Data   RO         1732    .constdata          stm322xg_eval.o
    0x08082570   0x000000aa   Data   RO         8475    .constdata          ff.o
    0x0808261a   0x00000002   PAD
    0x0808261c   0x00000020   Data   RO        10266    Region$$Table       anon$$obj.o


    Execution Region RW_IRAM1 (Base: 0x20000000, Size: 0x000010c8, Max: 0x00020000, ABSOLUTE)

    Base Addr    Size         Type   Attr      Idx    E Section Name        Object

    0x20000000   0x0000000c   Data   RW           14    .data               main.o
    0x2000000c   0x00000068   Data   RW         1733    .data               stm322xg_eval.o
    0x20000074   0x00000010   Data   RW         4005    .data               stm32f2xx_rcc.o
    0x20000084   0x00000008   Data   RW         8476    .data               ff.o
    0x2000008c   0x00000004   Data   RW         9814    .data               mc_w.l(stdout.o)
    0x20000090   0x00000a34   Zero   RW           13    .bss                main.o
    0x20000ac4   0x00000200   Zero   RW         8474    .bss                ff.o
    0x20000cc4   0x00000004   PAD
    0x20000cc8   0x00000400   Zero   RW         5828    STACK               startup_stm32f2xx.o


==============================================================================

Image component sizes


      Code (inc. data)   RO Data    RW Data    ZI Data      Debug   Object Name

       194          0          0          0          0       5516   diskio.o
      2436        106        170          8        512      17639   ff.o
         0          0          0          0          0     219520   hardware.o
       738        222          0         12       2612     283095   main.o
         2          0          0          0          0        499   main_minivci.o
         0          0          0          0          0      12956   mmain.o
       576         30          0          0          0       4807   spi_flash.o
        36          8        388          0       1024        936   startup_stm32f2xx.o
       308         34        180        104          0       4609   stm322xg_eval.o
         0          0          0          0          0       8820   stm322xg_eval_fsmc_sram.o
         2          0          0          0          0        483   stm32f10x_it.o
       202          0          0          0          0       9579   stm32f2xx_gpio.o
        20          0          0          0          0       4082   stm32f2xx_it.o
       196         28          0         16          0       4138   stm32f2xx_rcc.o
        22          0          0          0          0      10477   stm32f2xx_spi.o
       344         10          0          0          0      11801   stm32f2xx_usart.o
       232         30          0          0          0       1717   system_stm32f2xx.o

    ----------------------------------------------------------------------
      5322        468        772        140       4152     600674   Object Totals
         0          0         32          0          0          0   (incl. Generated)
        14          0          2          0          4          0   (incl. Padding)

    ----------------------------------------------------------------------

      Code (inc. data)   RO Data    RW Data    ZI Data      Debug   Library Member Name

         0          0          0          0          0          0   entry.o
         0          0          0          0          0          0   entry10a.o
         0          0          0          0          0          0   entry11a.o
         8          4          0          0          0          0   entry2.o
         4          0          0          0          0          0   entry5.o
         0          0          0          0          0          0   entry7b.o
         0          0          0          0          0          0   entry8b.o
         8          4          0          0          0          0   entry9a.o
        30          0          0          0          0          0   handlers.o
        36          8          0          0          0         68   init.o
         0          0          0          0          0          0   iusefp.o
        30          0          0          0          0         68   llshl.o
        36          0          0          0          0         68   llsshr.o
        32          0          0          0          0         68   llushr.o
      2288         96          0          0          0        592   printfa.o
         0          0          0          4          0          0   stdout.o
        14          0          0          0          0         68   strlen.o
        44          0          0          0          0         80   uidiv.o
        98          0          0          0          0         92   uldiv.o
        40          2          0          0          0         68   cdrcmple.o
       334          0          0          0          0        148   dadd.o
       222          0          0          0          0        100   ddiv.o
       190          0          0          0          0        176   depilogue.o
        48          0          0          0          0         68   dfixul.o
       228          0          0          0          0         96   dmul.o

    ----------------------------------------------------------------------
      3694        114          0          4          0       1760   Library Totals
         4          0          0          0          0          0   (incl. Padding)

    ----------------------------------------------------------------------

      Code (inc. data)   RO Data    RW Data    ZI Data      Debug   Library Name

      2628        112          0          4          0       1104   mc_w.l
      1062          2          0          0          0        656   mf_w.l

    ----------------------------------------------------------------------
      3694        114          0          4          0       1760   Library Totals

    ----------------------------------------------------------------------

==============================================================================


      Code (inc. data)   RO Data    RW Data    ZI Data      Debug   

      9016        582        772        144       4152     598118   Grand Totals
      9016        582        772        144       4152     598118   ELF Image Totals
      9016        582        772        144          0          0   ROM Totals

==============================================================================

    Total RO  Size (Code + RO Data)                 9788 (   9.56kB)
    Total RW  Size (RW Data + ZI Data)              4296 (   4.20kB)
    Total ROM Size (Code + RO Data + RW Data)       9932 (   9.70kB)

==============================================================================

