<!doctype html public "-//w3c//dtd html 4.0 transitional//en">
<html><head>
<title>Static Call Graph - [.\STM322xG_EVAL\STM32F2xx_FCAR_OBDII_APP_V1_00_20190327.axf]</title></head>
<body><HR>
<H1>Static Call Graph for image .\STM322xG_EVAL\STM32F2xx_FCAR_OBDII_APP_V1_00_20190327.axf</H1><HR>
<BR><P>#&#060CALLGRAPH&#062# ARM Linker, 5.03 [Build 76]: Last Updated: Thu Apr 18 11:51:01 2019
<BR><P>
<H3>Maximum Stack Usage =       5680 bytes + Unknown(Cycles, Untraceable Function Pointers)</H3><H3>
Call chain for Maximum Stack Depth:</H3>
main &rArr; fatfstest &rArr; write_test &rArr; f_open &rArr; dir_register &rArr; dir_find &rArr; dir_next &rArr; create_chain &rArr; put_fat &rArr; move_window &rArr; sync_window &rArr; disk_write &rArr; sFLASH_WriteBuffer &rArr; sFLASH_WritePage &rArr; sFLASH_WriteEnable &rArr; sFLASH_SendByte
<P>
<H3>
Mutually Recursive functions
</H3> <LI><a href="#[1f]">ADC_IRQHandler</a>&nbsp;&nbsp;&nbsp;&rArr;&nbsp;&nbsp;&nbsp;<a href="#[1f]">ADC_IRQHandler</a><BR>
 <LI><a href="#[7]">BusFault_Handler</a>&nbsp;&nbsp;&nbsp;&rArr;&nbsp;&nbsp;&nbsp;<a href="#[7]">BusFault_Handler</a><BR>
 <LI><a href="#[199]">cJSON_Delete</a>&nbsp;&nbsp;&nbsp;&rArr;&nbsp;&nbsp;&nbsp;<a href="#[199]">cJSON_Delete</a><BR>
 <LI><a href="#[2e3]">print_object</a>&nbsp;&nbsp;&nbsp;&rArr;&nbsp;&nbsp;&nbsp;<a href="#[27c]">print_value</a><BR>
 <LI><a href="#[2e0]">print_array</a>&nbsp;&nbsp;&nbsp;&rArr;&nbsp;&nbsp;&nbsp;<a href="#[27c]">print_value</a><BR>
 <LI><a href="#[5]">HardFault_Handler</a>&nbsp;&nbsp;&nbsp;&rArr;&nbsp;&nbsp;&nbsp;<a href="#[5]">HardFault_Handler</a><BR>
 <LI><a href="#[6]">MemManage_Handler</a>&nbsp;&nbsp;&nbsp;&rArr;&nbsp;&nbsp;&nbsp;<a href="#[6]">MemManage_Handler</a><BR>
 <LI><a href="#[8]">UsageFault_Handler</a>&nbsp;&nbsp;&nbsp;&rArr;&nbsp;&nbsp;&nbsp;<a href="#[8]">UsageFault_Handler</a><BR>
 <LI><a href="#[2ae]">putc_bfd</a>&nbsp;&nbsp;&nbsp;&rArr;&nbsp;&nbsp;&nbsp;<a href="#[2ae]">putc_bfd</a><BR>
</UL>
<P>
<H3>
Function Pointers
</H3><UL>
 <LI><a href="#[1f]">ADC_IRQHandler</a> from startup_stm32f2xx.o(.text) referenced from startup_stm32f2xx.o(RESET)
 <LI><a href="#[b3]">ALL_KEEP_COM</a> from passthru.o(i.ALL_KEEP_COM) referenced from mmain.o(i.SpecialFun)
 <LI><a href="#[7]">BusFault_Handler</a> from stm32f2xx_it.o(i.BusFault_Handler) referenced from startup_stm32f2xx.o(RESET)
 <LI><a href="#[21]">CAN1_RX0_IRQHandler</a> from stm32f2xx_it.o(i.CAN1_RX0_IRQHandler) referenced from startup_stm32f2xx.o(RESET)
 <LI><a href="#[22]">CAN1_RX1_IRQHandler</a> from startup_stm32f2xx.o(.text) referenced from startup_stm32f2xx.o(RESET)
 <LI><a href="#[23]">CAN1_SCE_IRQHandler</a> from startup_stm32f2xx.o(.text) referenced from startup_stm32f2xx.o(RESET)
 <LI><a href="#[20]">CAN1_TX_IRQHandler</a> from startup_stm32f2xx.o(.text) referenced from startup_stm32f2xx.o(RESET)
 <LI><a href="#[4d]">CAN2_RX0_IRQHandler</a> from stm32f2xx_it.o(i.CAN2_RX0_IRQHandler) referenced from startup_stm32f2xx.o(RESET)
 <LI><a href="#[4e]">CAN2_RX1_IRQHandler</a> from startup_stm32f2xx.o(.text) referenced from startup_stm32f2xx.o(RESET)
 <LI><a href="#[4f]">CAN2_SCE_IRQHandler</a> from startup_stm32f2xx.o(.text) referenced from startup_stm32f2xx.o(RESET)
 <LI><a href="#[4c]">CAN2_TX_IRQHandler</a> from startup_stm32f2xx.o(.text) referenced from startup_stm32f2xx.o(RESET)
 <LI><a href="#[5c]">CRYP_IRQHandler</a> from startup_stm32f2xx.o(.text) referenced from startup_stm32f2xx.o(RESET)
 <LI><a href="#[5b]">DCMI_IRQHandler</a> from startup_stm32f2xx.o(.text) referenced from startup_stm32f2xx.o(RESET)
 <LI><a href="#[18]">DMA1_Stream0_IRQHandler</a> from startup_stm32f2xx.o(.text) referenced from startup_stm32f2xx.o(RESET)
 <LI><a href="#[19]">DMA1_Stream1_IRQHandler</a> from startup_stm32f2xx.o(.text) referenced from startup_stm32f2xx.o(RESET)
 <LI><a href="#[1a]">DMA1_Stream2_IRQHandler</a> from startup_stm32f2xx.o(.text) referenced from startup_stm32f2xx.o(RESET)
 <LI><a href="#[1b]">DMA1_Stream3_IRQHandler</a> from startup_stm32f2xx.o(.text) referenced from startup_stm32f2xx.o(RESET)
 <LI><a href="#[1c]">DMA1_Stream4_IRQHandler</a> from startup_stm32f2xx.o(.text) referenced from startup_stm32f2xx.o(RESET)
 <LI><a href="#[1d]">DMA1_Stream5_IRQHandler</a> from startup_stm32f2xx.o(.text) referenced from startup_stm32f2xx.o(RESET)
 <LI><a href="#[1e]">DMA1_Stream6_IRQHandler</a> from startup_stm32f2xx.o(.text) referenced from startup_stm32f2xx.o(RESET)
 <LI><a href="#[3c]">DMA1_Stream7_IRQHandler</a> from startup_stm32f2xx.o(.text) referenced from startup_stm32f2xx.o(RESET)
 <LI><a href="#[45]">DMA2_Stream0_IRQHandler</a> from startup_stm32f2xx.o(.text) referenced from startup_stm32f2xx.o(RESET)
 <LI><a href="#[46]">DMA2_Stream1_IRQHandler</a> from startup_stm32f2xx.o(.text) referenced from startup_stm32f2xx.o(RESET)
 <LI><a href="#[47]">DMA2_Stream2_IRQHandler</a> from startup_stm32f2xx.o(.text) referenced from startup_stm32f2xx.o(RESET)
 <LI><a href="#[48]">DMA2_Stream3_IRQHandler</a> from startup_stm32f2xx.o(.text) referenced from startup_stm32f2xx.o(RESET)
 <LI><a href="#[49]">DMA2_Stream4_IRQHandler</a> from startup_stm32f2xx.o(.text) referenced from startup_stm32f2xx.o(RESET)
 <LI><a href="#[51]">DMA2_Stream5_IRQHandler</a> from startup_stm32f2xx.o(.text) referenced from startup_stm32f2xx.o(RESET)
 <LI><a href="#[52]">DMA2_Stream6_IRQHandler</a> from startup_stm32f2xx.o(.text) referenced from startup_stm32f2xx.o(RESET)
 <LI><a href="#[53]">DMA2_Stream7_IRQHandler</a> from startup_stm32f2xx.o(.text) referenced from startup_stm32f2xx.o(RESET)
 <LI><a href="#[bb]">Data_transfer</a> from 2g_common_api.o(i.Data_transfer) referenced from main.o(i.main_FreeRTos)
 <LI><a href="#[a]">DebugMon_Handler</a> from stm32f2xx_it.o(i.DebugMon_Handler) referenced from startup_stm32f2xx.o(RESET)
 <LI><a href="#[4a]">ETH_IRQHandler</a> from startup_stm32f2xx.o(.text) referenced from startup_stm32f2xx.o(RESET)
 <LI><a href="#[4b]">ETH_WKUP_IRQHandler</a> from startup_stm32f2xx.o(.text) referenced from startup_stm32f2xx.o(RESET)
 <LI><a href="#[13]">EXTI0_IRQHandler</a> from startup_stm32f2xx.o(.text) referenced from startup_stm32f2xx.o(RESET)
 <LI><a href="#[35]">EXTI15_10_IRQHandler</a> from startup_stm32f2xx.o(.text) referenced from startup_stm32f2xx.o(RESET)
 <LI><a href="#[14]">EXTI1_IRQHandler</a> from startup_stm32f2xx.o(.text) referenced from startup_stm32f2xx.o(RESET)
 <LI><a href="#[15]">EXTI2_IRQHandler</a> from passthru_pwm.o(i.EXTI2_IRQHandler) referenced from startup_stm32f2xx.o(RESET)
 <LI><a href="#[16]">EXTI3_IRQHandler</a> from startup_stm32f2xx.o(.text) referenced from startup_stm32f2xx.o(RESET)
 <LI><a href="#[17]">EXTI4_IRQHandler</a> from startup_stm32f2xx.o(.text) referenced from startup_stm32f2xx.o(RESET)
 <LI><a href="#[24]">EXTI9_5_IRQHandler</a> from passthru_pwm.o(i.EXTI9_5_IRQHandler) referenced from startup_stm32f2xx.o(RESET)
 <LI><a href="#[11]">FLASH_IRQHandler</a> from startup_stm32f2xx.o(.text) referenced from startup_stm32f2xx.o(RESET)
 <LI><a href="#[3d]">FSMC_IRQHandler</a> from startup_stm32f2xx.o(.text) referenced from startup_stm32f2xx.o(RESET)
 <LI><a href="#[69]">HAL_MINIVCI_UART_READ</a> from passthru_kwp.o(i.HAL_MINIVCI_UART_READ) referenced from passthru_iso.o(i.PassThru_ISO_InitPort)
 <LI><a href="#[69]">HAL_MINIVCI_UART_READ</a> from passthru_kwp.o(i.HAL_MINIVCI_UART_READ) referenced from passthru_kwp.o(i.PassThru_KWP_InitPort)
 <LI><a href="#[61]">HAL_MINIVCI_USART_READ</a> from passthru_benz.o(i.HAL_MINIVCI_USART_READ) referenced from passthru_benz.o(i.PassThru_BENZ_InitPort)
 <LI><a href="#[5d]">HASH_RNG_IRQHandler</a> from startup_stm32f2xx.o(.text) referenced from startup_stm32f2xx.o(RESET)
 <LI><a href="#[5]">HardFault_Handler</a> from stm32f2xx_it.o(i.HardFault_Handler) referenced from startup_stm32f2xx.o(RESET)
 <LI><a href="#[2d]">I2C1_ER_IRQHandler</a> from startup_stm32f2xx.o(.text) referenced from startup_stm32f2xx.o(RESET)
 <LI><a href="#[2c]">I2C1_EV_IRQHandler</a> from startup_stm32f2xx.o(.text) referenced from startup_stm32f2xx.o(RESET)
 <LI><a href="#[2f]">I2C2_ER_IRQHandler</a> from startup_stm32f2xx.o(.text) referenced from startup_stm32f2xx.o(RESET)
 <LI><a href="#[2e]">I2C2_EV_IRQHandler</a> from startup_stm32f2xx.o(.text) referenced from startup_stm32f2xx.o(RESET)
 <LI><a href="#[56]">I2C3_ER_IRQHandler</a> from startup_stm32f2xx.o(.text) referenced from startup_stm32f2xx.o(RESET)
 <LI><a href="#[55]">I2C3_EV_IRQHandler</a> from startup_stm32f2xx.o(.text) referenced from startup_stm32f2xx.o(RESET)
 <LI><a href="#[b1]">MCU_UARTGetByte</a> from hardware.o(i.MCU_UARTGetByte) referenced from hardware.o(i.Set_DrvPort)
 <LI><a href="#[b2]">MCU_UARTSendByte</a> from hardware.o(i.MCU_UARTSendByte) referenced from hardware.o(i.Set_DrvPort)
 <LI><a href="#[6]">MemManage_Handler</a> from stm32f2xx_it.o(i.MemManage_Handler) referenced from startup_stm32f2xx.o(RESET)
 <LI><a href="#[4]">NMI_Handler</a> from stm32f2xx_it.o(i.NMI_Handler) referenced from startup_stm32f2xx.o(RESET)
 <LI><a href="#[d3]">OBDII_INIT_IO_FUNCTON</a> from obd_cmd_process.o(i.OBDII_INIT_IO_FUNCTON) referenced from obd_cmd_process.o(.constdata)
 <LI><a href="#[ed]">OBDII_READ_AIR_INPUT_Quantity_FUNCTON</a> from obd_cmd_process.o(i.OBDII_READ_AIR_INPUT_Quantity_FUNCTON) referenced from obd_cmd_process.o(.constdata)
 <LI><a href="#[f7]">OBDII_READ_AfterTreat1_SCR_Output_Temperature_FUNCTON</a> from obd_cmd_process.o(i.OBDII_READ_AfterTreat1_SCR_Output_Temperature_FUNCTON) referenced from obd_cmd_process.o(.constdata)
 <LI><a href="#[f3]">OBDII_READ_AfterTreat1_SCR_intake_temperature_FUNCTON</a> from obd_cmd_process.o(i.OBDII_READ_AfterTreat1_SCR_intake_temperature_FUNCTON) referenced from obd_cmd_process.o(.constdata)
 <LI><a href="#[f9]">OBDII_READ_AfterTreat2_SCR_Output_Temperature_FUNCTON</a> from obd_cmd_process.o(i.OBDII_READ_AfterTreat2_SCR_Output_Temperature_FUNCTON) referenced from obd_cmd_process.o(.constdata)
 <LI><a href="#[f5]">OBDII_READ_AfterTreat2_SCR_intake_temperature_FUNCTON</a> from obd_cmd_process.o(i.OBDII_READ_AfterTreat2_SCR_intake_temperature_FUNCTON) referenced from obd_cmd_process.o(.constdata)
 <LI><a href="#[dd]">OBDII_READ_BATTRY_VOLTAGE_FUNCTON</a> from obd_cmd_process.o(i.OBDII_READ_BATTRY_VOLTAGE_FUNCTON) referenced from obd_cmd_process.o(.constdata)
 <LI><a href="#[d7]">OBDII_READ_CRUUENT_DTC_FUNCTON</a> from obd_cmd_process.o(i.OBDII_READ_CRUUENT_DTC_FUNCTON) referenced from obd_cmd_process.o(.constdata)
 <LI><a href="#[ef]">OBDII_READ_DPF1Differential_Pressure_FUNCTON</a> from obd_cmd_process.o(i.OBDII_READ_DPF1Differential_Pressure_FUNCTON) referenced from obd_cmd_process.o(.constdata)
 <LI><a href="#[f1]">OBDII_READ_DPF2Differential_Pressure_FUNCTON</a> from obd_cmd_process.o(i.OBDII_READ_DPF2Differential_Pressure_FUNCTON) referenced from obd_cmd_process.o(.constdata)
 <LI><a href="#[db]">OBDII_READ_ENGINE_SPEED_FUNCTON</a> from obd_cmd_process.o(i.OBDII_READ_ENGINE_SPEED_FUNCTON) referenced from obd_cmd_process.o(.constdata)
 <LI><a href="#[df]">OBDII_READ_ENGINE_START_TIME_FUNCTON</a> from obd_cmd_process.o(i.OBDII_READ_ENGINE_START_TIME_FUNCTON) referenced from obd_cmd_process.o(.constdata)
 <LI><a href="#[e1]">OBDII_READ_ENGINE_STOP_TIME_FUNCTON</a> from obd_cmd_process.o(i.OBDII_READ_ENGINE_STOP_TIME_FUNCTON) referenced from obd_cmd_process.o(.constdata)
 <LI><a href="#[101]">OBDII_READ_Engine_Bench_Mark_Torque_FUNCTON</a> from obd_cmd_process.o(i.OBDII_READ_Engine_Bench_Mark_Torque_FUNCTON) referenced from obd_cmd_process.o(.constdata)
 <LI><a href="#[e7]">OBDII_READ_Engine_Coolant_Temperature_FUNCTON</a> from obd_cmd_process.o(i.OBDII_READ_Engine_Coolant_Temperature_FUNCTON) referenced from obd_cmd_process.o(.constdata)
 <LI><a href="#[fb]">OBDII_READ_Engine_Fuel_FUNCTON</a> from obd_cmd_process.o(i.OBDII_READ_Engine_Fuel_FUNCTON) referenced from obd_cmd_process.o(.constdata)
 <LI><a href="#[ff]">OBDII_READ_Engine_Net_Output_Torque_FUNCTON</a> from obd_cmd_process.o(i.OBDII_READ_Engine_Net_Output_Torque_FUNCTON) referenced from obd_cmd_process.o(.constdata)
 <LI><a href="#[fd]">OBDII_READ_Friction_Torque_FUNCTON</a> from obd_cmd_process.o(i.OBDII_READ_Friction_Torque_FUNCTON) referenced from obd_cmd_process.o(.constdata)
 <LI><a href="#[e9]">OBDII_READ_Fuel_Tank_FUNCTON</a> from obd_cmd_process.o(i.OBDII_READ_Fuel_Tank_FUNCTON) referenced from obd_cmd_process.o(.constdata)
 <LI><a href="#[e3]">OBDII_READ_GAS_COMSUME_FUNCTON</a> from obd_cmd_process.o(i.OBDII_READ_GAS_COMSUME_FUNCTON) referenced from obd_cmd_process.o(.constdata)
 <LI><a href="#[d9]">OBDII_READ_HISTORY_DTC_FUNCTON</a> from obd_cmd_process.o(i.OBDII_READ_HISTORY_DTC_FUNCTON) referenced from obd_cmd_process.o(.constdata)
 <LI><a href="#[e5]">OBDII_READ_INJECTON_QUANTITY_FUNCTON</a> from obd_cmd_process.o(i.OBDII_READ_INJECTON_QUANTITY_FUNCTON) referenced from obd_cmd_process.o(.constdata)
 <LI><a href="#[105]">OBDII_READ_Kilometres_FUNCTON</a> from obd_cmd_process.o(i.OBDII_READ_Kilometres_FUNCTON) referenced from obd_cmd_process.o(.constdata)
 <LI><a href="#[eb]">OBDII_READ_Reactant_FUNCTON</a> from obd_cmd_process.o(i.OBDII_READ_Reactant_FUNCTON) referenced from obd_cmd_process.o(.constdata)
 <LI><a href="#[103]">OBDII_READ_Speed_FUNCTON</a> from obd_cmd_process.o(i.OBDII_READ_Speed_FUNCTON) referenced from obd_cmd_process.o(.constdata)
 <LI><a href="#[d5]">OBDII_READ_VIN_FUNCTON</a> from obd_cmd_process.o(i.OBDII_READ_VIN_FUNCTON) referenced from obd_cmd_process.o(.constdata)
 <LI><a href="#[ec]">OBDII_SET_AIR_INPUT_Quantity_PGN_FILTER_FUNCTON</a> from obd_cmd_process.o(i.OBDII_SET_AIR_INPUT_Quantity_PGN_FILTER_FUNCTON) referenced from obd_cmd_process.o(.constdata)
 <LI><a href="#[f6]">OBDII_SET_AfterTreat1_SCR_Output_Temperature_PGN_FILTER_FUNCTON</a> from obd_cmd_process.o(i.OBDII_SET_AfterTreat1_SCR_Output_Temperature_PGN_FILTER_FUNCTON) referenced from obd_cmd_process.o(.constdata)
 <LI><a href="#[f2]">OBDII_SET_AfterTreat1_SCR_intake_temperature_PGN_FILTER_FUNCTON</a> from obd_cmd_process.o(i.OBDII_SET_AfterTreat1_SCR_intake_temperature_PGN_FILTER_FUNCTON) referenced from obd_cmd_process.o(.constdata)
 <LI><a href="#[f8]">OBDII_SET_AfterTreat2_SCR_Output_Temperature_PGN_FILTER_FUNCTON</a> from obd_cmd_process.o(i.OBDII_SET_AfterTreat2_SCR_Output_Temperature_PGN_FILTER_FUNCTON) referenced from obd_cmd_process.o(.constdata)
 <LI><a href="#[f4]">OBDII_SET_AfterTreat2_SCR_intake_temperature_PGN_FILTER_FUNCTON</a> from obd_cmd_process.o(i.OBDII_SET_AfterTreat2_SCR_intake_temperature_PGN_FILTER_FUNCTON) referenced from obd_cmd_process.o(.constdata)
 <LI><a href="#[dc]">OBDII_SET_BATTRY_VOLTAGE_PGN_FILTER_FUNCTON</a> from obd_cmd_process.o(i.OBDII_SET_BATTRY_VOLTAGE_PGN_FILTER_FUNCTON) referenced from obd_cmd_process.o(.constdata)
 <LI><a href="#[d6]">OBDII_SET_CRUUENT_DTC_FILTER_FUNCTON</a> from obd_cmd_process.o(i.OBDII_SET_CRUUENT_DTC_FILTER_FUNCTON) referenced from obd_cmd_process.o(.constdata)
 <LI><a href="#[ee]">OBDII_SET_DPF1Differential_Pressure_PGN_FILTER_FUNCTON</a> from obd_cmd_process.o(i.OBDII_SET_DPF1Differential_Pressure_PGN_FILTER_FUNCTON) referenced from obd_cmd_process.o(.constdata)
 <LI><a href="#[f0]">OBDII_SET_DPF2Differential_Pressure_PGN_FILTER_FUNCTON</a> from obd_cmd_process.o(i.OBDII_SET_DPF2Differential_Pressure_PGN_FILTER_FUNCTON) referenced from obd_cmd_process.o(.constdata)
 <LI><a href="#[da]">OBDII_SET_ENGINE_SPEED_PGN_FILTER_FUNCTON</a> from obd_cmd_process.o(i.OBDII_SET_ENGINE_SPEED_PGN_FILTER_FUNCTON) referenced from obd_cmd_process.o(.constdata)
 <LI><a href="#[de]">OBDII_SET_ENGINE_START_TIME_PGN_FILTER_FUNCTON</a> from obd_cmd_process.o(i.OBDII_SET_ENGINE_START_TIME_PGN_FILTER_FUNCTON) referenced from obd_cmd_process.o(.constdata)
 <LI><a href="#[e0]">OBDII_SET_ENGINE_STOP_TIME_PGN_FILTER_FUNCTON</a> from obd_cmd_process.o(i.OBDII_SET_ENGINE_STOP_TIME_PGN_FILTER_FUNCTON) referenced from obd_cmd_process.o(.constdata)
 <LI><a href="#[100]">OBDII_SET_Engine_Bench_Mark_Torque_PGN_FILTER_FUNCTON</a> from obd_cmd_process.o(i.OBDII_SET_Engine_Bench_Mark_Torque_PGN_FILTER_FUNCTON) referenced from obd_cmd_process.o(.constdata)
 <LI><a href="#[e6]">OBDII_SET_Engine_Coolant_Temperature_PGN_FILTER_FUNCTON</a> from obd_cmd_process.o(i.OBDII_SET_Engine_Coolant_Temperature_PGN_FILTER_FUNCTON) referenced from obd_cmd_process.o(.constdata)
 <LI><a href="#[fa]">OBDII_SET_Engine_Fuel_PGN_FILTER_FUNCTON</a> from obd_cmd_process.o(i.OBDII_SET_Engine_Fuel_PGN_FILTER_FUNCTON) referenced from obd_cmd_process.o(.constdata)
 <LI><a href="#[fe]">OBDII_SET_Engine_Net_Output_Torque_PGN_FILTER_FUNCTON</a> from obd_cmd_process.o(i.OBDII_SET_Engine_Net_Output_Torque_PGN_FILTER_FUNCTON) referenced from obd_cmd_process.o(.constdata)
 <LI><a href="#[fc]">OBDII_SET_Friction_Torque_PGN_FILTER_FUNCTON</a> from obd_cmd_process.o(i.OBDII_SET_Friction_Torque_PGN_FILTER_FUNCTON) referenced from obd_cmd_process.o(.constdata)
 <LI><a href="#[e8]">OBDII_SET_Fuel_Tank_PGN_FILTER_FUNCTON</a> from obd_cmd_process.o(i.OBDII_SET_Fuel_Tank_PGN_FILTER_FUNCTON) referenced from obd_cmd_process.o(.constdata)
 <LI><a href="#[e2]">OBDII_SET_GAS_COMSUME_PGN_FILTER_FUNCTON</a> from obd_cmd_process.o(i.OBDII_SET_GAS_COMSUME_PGN_FILTER_FUNCTON) referenced from obd_cmd_process.o(.constdata)
 <LI><a href="#[d8]">OBDII_SET_HISTORY_DTC_FILTER_FUNCTON</a> from obd_cmd_process.o(i.OBDII_SET_HISTORY_DTC_FILTER_FUNCTON) referenced from obd_cmd_process.o(.constdata)
 <LI><a href="#[e4]">OBDII_SET_INJECTON_QUANTITY_PGN_FILTER_FUNCTON</a> from obd_cmd_process.o(i.OBDII_SET_INJECTON_QUANTITY_PGN_FILTER_FUNCTON) referenced from obd_cmd_process.o(.constdata)
 <LI><a href="#[104]">OBDII_SET_Kilometres_PGN_FILTER_FUNCTON</a> from obd_cmd_process.o(i.OBDII_SET_Kilometres_PGN_FILTER_FUNCTON) referenced from obd_cmd_process.o(.constdata)
 <LI><a href="#[ea]">OBDII_SET_Reactant_PGN_FILTER_FUNCTON</a> from obd_cmd_process.o(i.OBDII_SET_Reactant_PGN_FILTER_FUNCTON) referenced from obd_cmd_process.o(.constdata)
 <LI><a href="#[102]">OBDII_SET_Speed_PGN_FILTER_FUNCTON</a> from obd_cmd_process.o(i.OBDII_SET_Speed_PGN_FILTER_FUNCTON) referenced from obd_cmd_process.o(.constdata)
 <LI><a href="#[d4]">OBDII_SET_VIN_FILTER_FUNCTON</a> from obd_cmd_process.o(i.OBDII_SET_VIN_FILTER_FUNCTON) referenced from obd_cmd_process.o(.constdata)
 <LI><a href="#[50]">OTG_FS_IRQHandler</a> from startup_stm32f2xx.o(.text) referenced from startup_stm32f2xx.o(RESET)
 <LI><a href="#[37]">OTG_FS_WKUP_IRQHandler</a> from startup_stm32f2xx.o(.text) referenced from startup_stm32f2xx.o(RESET)
 <LI><a href="#[58]">OTG_HS_EP1_IN_IRQHandler</a> from startup_stm32f2xx.o(.text) referenced from startup_stm32f2xx.o(RESET)
 <LI><a href="#[57]">OTG_HS_EP1_OUT_IRQHandler</a> from startup_stm32f2xx.o(.text) referenced from startup_stm32f2xx.o(RESET)
 <LI><a href="#[5a]">OTG_HS_IRQHandler</a> from startup_stm32f2xx.o(.text) referenced from startup_stm32f2xx.o(RESET)
 <LI><a href="#[59]">OTG_HS_WKUP_IRQHandler</a> from startup_stm32f2xx.o(.text) referenced from startup_stm32f2xx.o(RESET)
 <LI><a href="#[e]">PVD_IRQHandler</a> from startup_stm32f2xx.o(.text) referenced from startup_stm32f2xx.o(RESET)
 <LI><a href="#[63]">PassThru_BENZ_InitEcu</a> from passthru_benz.o(i.PassThru_BENZ_InitEcu) referenced from passthru_benz.o(i.PassThru_BENZ_InitPort)
 <LI><a href="#[ce]">PassThru_BENZ_InitPort</a> from passthru_benz.o(i.PassThru_BENZ_InitPort) referenced from mmain.o(.constdata)
 <LI><a href="#[67]">PassThru_BENZ_RxPack_DirectRead</a> from passthru_benz.o(i.PassThru_BENZ_RxPack_DirectRead) referenced from passthru_benz.o(i.PassThru_BENZ_InitPort)
 <LI><a href="#[65]">PassThru_BENZ_RxPack_Normal</a> from passthru_benz.o(i.PassThru_BENZ_RxPack_Normal) referenced from passthru_benz.o(i.PassThru_BENZ_InitPort)
 <LI><a href="#[66]">PassThru_BENZ_RxPack_SimuEcu</a> from passthru_benz.o(i.PassThru_BENZ_RxPack_SimuEcu) referenced from passthru_benz.o(i.PassThru_BENZ_InitPort)
 <LI><a href="#[cd]">PassThru_BENZ_SetConfig</a> from passthru_benz.o(i.PassThru_BENZ_SetConfig) referenced from mmain.o(.constdata)
 <LI><a href="#[64]">PassThru_BENZ_TxPack_Normal</a> from passthru_benz.o(i.PassThru_BENZ_TxPack_Normal) referenced from passthru_benz.o(i.PassThru_BENZ_InitPort)
 <LI><a href="#[68]">PassThru_BENZ_TxPack_WithRev</a> from passthru_benz.o(i.PassThru_BENZ_TxPack_WithRev) referenced from passthru_benz.o(i.PassThru_BENZ_InitPort)
 <LI><a href="#[c4]">PassThru_CAN_InitPort</a> from passthru_can.o(i.PassThru_CAN_InitPort) referenced from mmain.o(.constdata)
 <LI><a href="#[94]">PassThru_CAN_RxPack_Auto</a> from passthru_can.o(i.PassThru_CAN_RxPack_Auto) referenced from passthru_can.o(i.PassThru_SET_EACH_FUN)
 <LI><a href="#[9c]">PassThru_CAN_RxPack_AutoExt_ReadOnly</a> from passthru_can.o(i.PassThru_CAN_RxPack_AutoExt_ReadOnly) referenced from passthru_can.o(i.PassThru_SET_EACH_FUN)
 <LI><a href="#[95]">PassThru_CAN_RxPack_Auto_Ext</a> from passthru_can.o(i.PassThru_CAN_RxPack_Auto_Ext) referenced from passthru_can.o(i.PassThru_SET_EACH_FUN)
 <LI><a href="#[a2]">PassThru_CAN_RxPack_Auto_GM</a> from passthru_can.o(i.PassThru_CAN_RxPack_Auto_GM) referenced from passthru_can.o(i.PassThru_SET_EACH_FUN)
 <LI><a href="#[9a]">PassThru_CAN_RxPack_Auto_ReadOnly</a> from passthru_can.o(i.PassThru_CAN_RxPack_Auto_ReadOnly) referenced from passthru_can.o(i.PassThru_SET_EACH_FUN)
 <LI><a href="#[90]">PassThru_CAN_RxPack_GetID</a> from passthru_can.o(i.PassThru_CAN_RxPack_GetID) referenced from passthru_can.o(i.PassThru_SET_EACH_FUN)
 <LI><a href="#[9e]">PassThru_CAN_RxPack_Head</a> from passthru_can.o(i.PassThru_CAN_RxPack_Head) referenced from passthru_can.o(i.PassThru_SET_EACH_FUN)
 <LI><a href="#[98]">PassThru_CAN_RxPack_J1939</a> from passthru_can.o(i.PassThru_CAN_RxPack_J1939) referenced from passthru_can.o(i.PassThru_SET_EACH_FUN)
 <LI><a href="#[96]">PassThru_CAN_RxPack_J1939_ReadOnly</a> from passthru_can.o(i.PassThru_CAN_RxPack_J1939_ReadOnly) referenced from passthru_can.o(i.PassThru_SET_EACH_FUN)
 <LI><a href="#[a0]">PassThru_CAN_RxPack_J1939_ReadPGN</a> from passthru_can.o(i.PassThru_CAN_RxPack_J1939_ReadPGN) referenced from passthru_can.o(i.PassThru_SET_EACH_FUN)
 <LI><a href="#[92]">PassThru_CAN_RxPack_Normal</a> from passthru_can.o(i.PassThru_CAN_RxPack_Normal) referenced from passthru_can.o(i.PassThru_SET_EACH_FUN)
 <LI><a href="#[a6]">PassThru_CAN_RxPack_Normal_Multiple</a> from passthru_can.o(i.PassThru_CAN_RxPack_Normal_Multiple) referenced from passthru_can.o(i.PassThru_SET_EACH_FUN)
 <LI><a href="#[8d]">PassThru_CAN_RxPack_NotID</a> from passthru_can.o(i.PassThru_CAN_RxPack_NotID) referenced from passthru_can.o(i.PassThru_SET_EACH_FUN)
 <LI><a href="#[c3]">PassThru_CAN_SetConfig</a> from passthru_can.o(i.PassThru_CAN_SetConfig) referenced from mmain.o(.constdata)
 <LI><a href="#[9b]">PassThru_CAN_TxPack_Auto</a> from passthru_can.o(i.PassThru_CAN_TxPack_Auto) referenced from passthru_can.o(i.PassThru_SET_EACH_FUN)
 <LI><a href="#[9d]">PassThru_CAN_TxPack_Auto_Ext</a> from passthru_can.o(i.PassThru_CAN_TxPack_Auto_Ext) referenced from passthru_can.o(i.PassThru_SET_EACH_FUN)
 <LI><a href="#[a3]">PassThru_CAN_TxPack_Auto_GM</a> from passthru_can.o(i.PassThru_CAN_TxPack_Auto_GM) referenced from passthru_can.o(i.PassThru_SET_EACH_FUN)
 <LI><a href="#[91]">PassThru_CAN_TxPack_GetID</a> from passthru_can.o(i.PassThru_CAN_TxPack_GetID) referenced from passthru_can.o(i.PassThru_SET_EACH_FUN)
 <LI><a href="#[9f]">PassThru_CAN_TxPack_Head</a> from passthru_can.o(i.PassThru_CAN_TxPack_Head) referenced from passthru_can.o(i.PassThru_SET_EACH_FUN)
 <LI><a href="#[99]">PassThru_CAN_TxPack_J1939</a> from passthru_can.o(i.PassThru_CAN_TxPack_J1939) referenced from passthru_can.o(i.PassThru_SET_EACH_FUN)
 <LI><a href="#[97]">PassThru_CAN_TxPack_J1939_SendOnly</a> from passthru_can.o(i.PassThru_CAN_TxPack_J1939_SendOnly) referenced from passthru_can.o(i.PassThru_SET_EACH_FUN)
 <LI><a href="#[a1]">PassThru_CAN_TxPack_J1939_SendPGN</a> from passthru_can.o(i.PassThru_CAN_TxPack_J1939_SendPGN) referenced from passthru_can.o(i.PassThru_SET_EACH_FUN)
 <LI><a href="#[93]">PassThru_CAN_TxPack_Normal</a> from passthru_can.o(i.PassThru_CAN_TxPack_Normal) referenced from passthru_can.o(i.PassThru_SET_EACH_FUN)
 <LI><a href="#[a7]">PassThru_CAN_TxPack_Normal_Multiple</a> from passthru_can.o(i.PassThru_CAN_TxPack_Normal_Multiple) referenced from passthru_can.o(i.PassThru_SET_EACH_FUN)
 <LI><a href="#[8e]">PassThru_CAN_TxPack_NotID</a> from passthru_can.o(i.PassThru_CAN_TxPack_NotID) referenced from passthru_can.o(i.PassThru_SET_EACH_FUN)
 <LI><a href="#[8f]">PassThru_CAN_TxPack_NotID_Flash</a> from passthru_can.o(i.PassThru_CAN_TxPack_NotID_Flash) referenced from passthru_can.o(i.PassThru_SET_EACH_FUN)
 <LI><a href="#[a4]">PassThru_CAN_TxPack_flash_read</a> from passthru_can.o(i.PassThru_CAN_TxPack_flash_read) referenced from passthru_can.o(i.PassThru_SET_EACH_FUN)
 <LI><a href="#[a5]">PassThru_CAN_TxPack_flash_read_pos</a> from passthru_can.o(i.PassThru_CAN_TxPack_flash_read_pos) referenced from passthru_can.o(i.PassThru_SET_EACH_FUN)
 <LI><a href="#[cc]">PassThru_ISO_InitPort</a> from passthru_iso.o(i.PassThru_ISO_InitPort) referenced from mmain.o(.constdata)
 <LI><a href="#[6b]">PassThru_ISO_Init_Slow</a> from passthru_iso.o(i.PassThru_ISO_Init_Slow) referenced from passthru_iso.o(i.PassThru_ISO_InitPort)
 <LI><a href="#[6d]">PassThru_ISO_RxPack_Normal</a> from passthru_iso.o(i.PassThru_ISO_RxPack_Normal) referenced from passthru_iso.o(i.PassThru_ISO_InitPort)
 <LI><a href="#[6d]">PassThru_ISO_RxPack_Normal</a> from passthru_iso.o(i.PassThru_ISO_RxPack_Normal) referenced from passthru_iso.o(i.PassThru_ISO_Init_Slow)
 <LI><a href="#[6f]">PassThru_ISO_RxPack_WABCO</a> from passthru_iso.o(i.PassThru_ISO_RxPack_WABCO) referenced from passthru_iso.o(i.PassThru_ISO_InitPort)
 <LI><a href="#[6f]">PassThru_ISO_RxPack_WABCO</a> from passthru_iso.o(i.PassThru_ISO_RxPack_WABCO) referenced from passthru_iso.o(i.PassThru_ISO_Init_Slow)
 <LI><a href="#[cb]">PassThru_ISO_SetConfig</a> from passthru_iso.o(i.PassThru_ISO_SetConfig) referenced from mmain.o(.constdata)
 <LI><a href="#[6c]">PassThru_ISO_TxPack_Normal</a> from passthru_iso.o(i.PassThru_ISO_TxPack_Normal) referenced from passthru_iso.o(i.PassThru_ISO_InitPort)
 <LI><a href="#[6c]">PassThru_ISO_TxPack_Normal</a> from passthru_iso.o(i.PassThru_ISO_TxPack_Normal) referenced from passthru_iso.o(i.PassThru_ISO_Init_Slow)
 <LI><a href="#[6e]">PassThru_ISO_TxPack_WABCO</a> from passthru_iso.o(i.PassThru_ISO_TxPack_WABCO) referenced from passthru_iso.o(i.PassThru_ISO_InitPort)
 <LI><a href="#[6e]">PassThru_ISO_TxPack_WABCO</a> from passthru_iso.o(i.PassThru_ISO_TxPack_WABCO) referenced from passthru_iso.o(i.PassThru_ISO_Init_Slow)
 <LI><a href="#[ca]">PassThru_KWP_InitPort</a> from passthru_kwp.o(i.PassThru_KWP_InitPort) referenced from mmain.o(.constdata)
 <LI><a href="#[74]">PassThru_KWP_Init_Fast</a> from passthru_kwp.o(i.PassThru_KWP_Init_Fast) referenced from passthru_kwp.o(i.PassThru_KWP_InitPort)
 <LI><a href="#[78]">PassThru_KWP_Init_Slow</a> from passthru_kwp.o(i.PassThru_KWP_Init_Slow) referenced from passthru_kwp.o(i.PassThru_KWP_InitPort)
 <LI><a href="#[7e]">PassThru_KWP_RxPack_Cater</a> from passthru_kwp.o(i.PassThru_KWP_RxPack_Cater) referenced from passthru_kwp.o(i.PassThru_KWP_InitPort)
 <LI><a href="#[71]">PassThru_KWP_RxPack_DirectRead</a> from passthru_kwp.o(i.PassThru_KWP_RxPack_DirectRead) referenced from passthru_iso.o(i.PassThru_ISO_InitPort)
 <LI><a href="#[71]">PassThru_KWP_RxPack_DirectRead</a> from passthru_kwp.o(i.PassThru_KWP_RxPack_DirectRead) referenced from passthru_kwp.o(i.PassThru_KWP_InitPort)
 <LI><a href="#[70]">PassThru_KWP_RxPack_Interception</a> from passthru_kwp.o(i.PassThru_KWP_RxPack_Interception) referenced from passthru_iso.o(i.PassThru_ISO_InitPort)
 <LI><a href="#[70]">PassThru_KWP_RxPack_Interception</a> from passthru_kwp.o(i.PassThru_KWP_RxPack_Interception) referenced from passthru_kwp.o(i.PassThru_KWP_InitPort)
 <LI><a href="#[7f]">PassThru_KWP_RxPack_J1708MID</a> from passthru_kwp.o(i.PassThru_KWP_RxPack_J1708MID) referenced from passthru_kwp.o(i.PassThru_KWP_InitPort)
 <LI><a href="#[73]">PassThru_KWP_RxPack_Kwp2000</a> from passthru_kwp.o(i.PassThru_KWP_RxPack_Kwp2000) referenced from passthru_iso.o(i.PassThru_ISO_Init_Slow)
 <LI><a href="#[73]">PassThru_KWP_RxPack_Kwp2000</a> from passthru_kwp.o(i.PassThru_KWP_RxPack_Kwp2000) referenced from passthru_kwp.o(i.PassThru_KWP_InitPort)
 <LI><a href="#[79]">PassThru_KWP_RxPack_Length</a> from passthru_kwp.o(i.PassThru_KWP_RxPack_Length) referenced from passthru_kwp.o(i.PassThru_KWP_InitPort)
 <LI><a href="#[81]">PassThru_KWP_RxPack_Length3</a> from passthru_kwp.o(i.PassThru_KWP_RxPack_Length3) referenced from passthru_kwp.o(i.PassThru_KWP_InitPort)
 <LI><a href="#[80]">PassThru_KWP_RxPack_MazdaKWP</a> from passthru_kwp.o(i.PassThru_KWP_RxPack_MazdaKWP) referenced from passthru_kwp.o(i.PassThru_KWP_InitPort)
 <LI><a href="#[7b]">PassThru_KWP_RxPack_Mitsub</a> from passthru_kwp.o(i.PassThru_KWP_RxPack_Mitsub) referenced from passthru_kwp.o(i.PassThru_KWP_InitPort)
 <LI><a href="#[7a]">PassThru_KWP_RxPack_Nissan</a> from passthru_kwp.o(i.PassThru_KWP_RxPack_Nissan) referenced from passthru_kwp.o(i.PassThru_KWP_InitPort)
 <LI><a href="#[76]">PassThru_KWP_RxPack_Normal</a> from passthru_kwp.o(i.PassThru_KWP_RxPack_Normal) referenced from passthru_kwp.o(i.PassThru_KWP_InitPort)
 <LI><a href="#[7c]">PassThru_KWP_RxPack_Volvo</a> from passthru_kwp.o(i.PassThru_KWP_RxPack_Volvo) referenced from passthru_kwp.o(i.PassThru_KWP_InitPort)
 <LI><a href="#[c9]">PassThru_KWP_SetConfig</a> from passthru_kwp.o(i.PassThru_KWP_SetConfig) referenced from mmain.o(.constdata)
 <LI><a href="#[75]">PassThru_KWP_TxPack_Delay</a> from passthru_kwp.o(i.PassThru_KWP_TxPack_Delay) referenced from passthru_kwp.o(i.PassThru_KWP_InitPort)
 <LI><a href="#[72]">PassThru_KWP_TxPack_Normal</a> from passthru_kwp.o(i.PassThru_KWP_TxPack_Normal) referenced from passthru_iso.o(i.PassThru_ISO_Init_Slow)
 <LI><a href="#[72]">PassThru_KWP_TxPack_Normal</a> from passthru_kwp.o(i.PassThru_KWP_TxPack_Normal) referenced from passthru_kwp.o(i.PassThru_KWP_InitPort)
 <LI><a href="#[7d]">PassThru_KWP_TxPack_Volvo</a> from passthru_kwp.o(i.PassThru_KWP_TxPack_Volvo) referenced from passthru_kwp.o(i.PassThru_KWP_InitPort)
 <LI><a href="#[d0]">PassThru_PLUSE_InitPort</a> from passthru_pluse.o(i.PassThru_PLUSE_InitPort) referenced from mmain.o(.constdata)
 <LI><a href="#[87]">PassThru_PLUSE_ReadCodeByte</a> from passthru_pluse.o(i.PassThru_PLUSE_ReadCodeByte) referenced from passthru_pluse.o(i.PassThru_PLUSE_InitPort)
 <LI><a href="#[85]">PassThru_PLUSE_ReadDataStream</a> from passthru_pluse.o(i.PassThru_PLUSE_ReadDataStream) referenced from passthru_pluse.o(i.PassThru_PLUSE_InitPort)
 <LI><a href="#[84]">PassThru_PLUSE_SendCodeByte</a> from passthru_pluse.o(i.PassThru_PLUSE_SendCodeByte) referenced from passthru_pluse.o(i.PassThru_PLUSE_InitPort)
 <LI><a href="#[88]">PassThru_PLUSE_SendCodeBytes</a> from passthru_pluse.o(i.PassThru_PLUSE_SendCodeBytes) referenced from passthru_pluse.o(i.PassThru_PLUSE_InitPort)
 <LI><a href="#[86]">PassThru_PLUSE_SendDataStream</a> from passthru_pluse.o(i.PassThru_PLUSE_SendDataStream) referenced from passthru_pluse.o(i.PassThru_PLUSE_InitPort)
 <LI><a href="#[cf]">PassThru_PLUSE_SetConfig</a> from passthru_pluse.o(i.PassThru_PLUSE_SetConfig) referenced from mmain.o(.constdata)
 <LI><a href="#[8a]">PassThru_PWM_Indication</a> from passthru_pwm.o(i.PassThru_PWM_Indication) referenced from passthru_pwm.o(i.PassThru_PWM)
 <LI><a href="#[89]">PassThru_PWM_Indication_NULL</a> from passthru_pwm.o(i.PassThru_PWM_Indication_NULL) referenced from passthru_pwm.o(i.PassThru_PWM)
 <LI><a href="#[c8]">PassThru_PWM_InitPort</a> from passthru_pwm.o(i.PassThru_PWM_InitPort) referenced from mmain.o(.constdata)
 <LI><a href="#[8c]">PassThru_PWM_RxPack_Normal_minivci</a> from passthru_pwm.o(i.PassThru_PWM_RxPack_Normal_minivci) referenced from passthru_pwm.o(i.PassThru_PWM_InitPort)
 <LI><a href="#[c7]">PassThru_PWM_SetConfig</a> from passthru_pwm.o(i.PassThru_PWM_SetConfig) referenced from mmain.o(.constdata)
 <LI><a href="#[8b]">PassThru_PWM_TxPack_Normal_minivci</a> from passthru_pwm.o(i.PassThru_PWM_TxPack_Normal_minivci) referenced from passthru_pwm.o(i.PassThru_PWM_InitPort)
 <LI><a href="#[ad]">PassThru_VPW1_RxPack_Normal_minivci</a> from passthru_vpw.o(i.PassThru_VPW1_RxPack_Normal_minivci) referenced from passthru_vpw.o(i.PassThru_VPW_InitPort)
 <LI><a href="#[ac]">PassThru_VPW1_TxPack_Normal_Minivci</a> from passthru_vpw.o(i.PassThru_VPW1_TxPack_Normal_Minivci) referenced from passthru_vpw.o(i.PassThru_VPW_InitPort)
 <LI><a href="#[aa]">PassThru_VPW_Indication</a> from passthru_vpw.o(i.PassThru_VPW_Indication) referenced from passthru_vpw.o(i.PassThru_VPW)
 <LI><a href="#[a9]">PassThru_VPW_Indication_NULL</a> from passthru_vpw.o(i.PassThru_VPW_Indication_NULL) referenced from passthru_vpw.o(i.PassThru_VPW)
 <LI><a href="#[c6]">PassThru_VPW_InitPort</a> from passthru_vpw.o(i.PassThru_VPW_InitPort) referenced from mmain.o(.constdata)
 <LI><a href="#[af]">PassThru_VPW_RxPack_Normal_minivci</a> from passthru_vpw.o(i.PassThru_VPW_RxPack_Normal_minivci) referenced from passthru_vpw.o(i.PassThru_VPW_InitPort)
 <LI><a href="#[c5]">PassThru_VPW_SetConfig</a> from passthru_vpw.o(i.PassThru_VPW_SetConfig) referenced from mmain.o(.constdata)
 <LI><a href="#[ae]">PassThru_VPW_TxPack_Normal_minivci</a> from passthru_vpw.o(i.PassThru_VPW_TxPack_Normal_minivci) referenced from passthru_vpw.o(i.PassThru_VPW_InitPort)
 <LI><a href="#[d2]">PassThru_WAVE_InitPort</a> from passthru_wave.o(i.PassThru_WAVE_InitPort) referenced from mmain.o(.constdata)
 <LI><a href="#[b0]">PassThru_WAVE_ReadWave</a> from passthru_wave.o(i.PassThru_WAVE_ReadWave) referenced from passthru_wave.o(i.PassThru_WAVE_InitPort)
 <LI><a href="#[d1]">PassThru_WAVE_SetConfig</a> from passthru_wave.o(i.PassThru_WAVE_SetConfig) referenced from mmain.o(.constdata)
 <LI><a href="#[12]">RCC_IRQHandler</a> from startup_stm32f2xx.o(.text) referenced from startup_stm32f2xx.o(RESET)
 <LI><a href="#[36]">RTC_Alarm_IRQHandler</a> from startup_stm32f2xx.o(.text) referenced from startup_stm32f2xx.o(RESET)
 <LI><a href="#[10]">RTC_WKUP_IRQHandler</a> from startup_stm32f2xx.o(.text) referenced from startup_stm32f2xx.o(RESET)
 <LI><a href="#[3]">Reset_Handler</a> from startup_stm32f2xx.o(.text) referenced from startup_stm32f2xx.o(RESET)
 <LI><a href="#[3e]">SDIO_IRQHandler</a> from startup_stm32f2xx.o(.text) referenced from startup_stm32f2xx.o(RESET)
 <LI><a href="#[30]">SPI1_IRQHandler</a> from startup_stm32f2xx.o(.text) referenced from startup_stm32f2xx.o(RESET)
 <LI><a href="#[31]">SPI2_IRQHandler</a> from startup_stm32f2xx.o(.text) referenced from startup_stm32f2xx.o(RESET)
 <LI><a href="#[40]">SPI3_IRQHandler</a> from startup_stm32f2xx.o(.text) referenced from startup_stm32f2xx.o(RESET)
 <LI><a href="#[82]">SoftUartRxByte</a> from newsoftuart.o(i.SoftUartRxByte) referenced from passthru_pluse.o(i.PassThru_PLUSE_InitPort)
 <LI><a href="#[82]">SoftUartRxByte</a> from newsoftuart.o(i.SoftUartRxByte) referenced from mmain.o(i._SysFunc)
 <LI><a href="#[5f]">SystemInit</a> from system_stm32f2xx.o(i.SystemInit) referenced from startup_stm32f2xx.o(.text)
 <LI><a href="#[f]">TAMP_STAMP_IRQHandler</a> from startup_stm32f2xx.o(.text) referenced from startup_stm32f2xx.o(RESET)
 <LI><a href="#[25]">TIM1_BRK_TIM9_IRQHandler</a> from startup_stm32f2xx.o(.text) referenced from startup_stm32f2xx.o(RESET)
 <LI><a href="#[28]">TIM1_CC_IRQHandler</a> from startup_stm32f2xx.o(.text) referenced from startup_stm32f2xx.o(RESET)
 <LI><a href="#[27]">TIM1_TRG_COM_TIM11_IRQHandler</a> from startup_stm32f2xx.o(.text) referenced from startup_stm32f2xx.o(RESET)
 <LI><a href="#[26]">TIM1_UP_TIM10_IRQHandler</a> from startup_stm32f2xx.o(.text) referenced from startup_stm32f2xx.o(RESET)
 <LI><a href="#[29]">TIM2_IRQHandler</a> from stm32f2xx_it.o(i.TIM2_IRQHandler) referenced from startup_stm32f2xx.o(RESET)
 <LI><a href="#[2a]">TIM3_IRQHandler</a> from stm32f2xx_it.o(i.TIM3_IRQHandler) referenced from startup_stm32f2xx.o(RESET)
 <LI><a href="#[2b]">TIM4_IRQHandler</a> from startup_stm32f2xx.o(.text) referenced from startup_stm32f2xx.o(RESET)
 <LI><a href="#[3f]">TIM5_IRQHandler</a> from startup_stm32f2xx.o(.text) referenced from startup_stm32f2xx.o(RESET)
 <LI><a href="#[43]">TIM6_DAC_IRQHandler</a> from startup_stm32f2xx.o(.text) referenced from startup_stm32f2xx.o(RESET)
 <LI><a href="#[44]">TIM7_IRQHandler</a> from startup_stm32f2xx.o(.text) referenced from startup_stm32f2xx.o(RESET)
 <LI><a href="#[38]">TIM8_BRK_TIM12_IRQHandler</a> from startup_stm32f2xx.o(.text) referenced from startup_stm32f2xx.o(RESET)
 <LI><a href="#[3b]">TIM8_CC_IRQHandler</a> from startup_stm32f2xx.o(.text) referenced from startup_stm32f2xx.o(RESET)
 <LI><a href="#[3a]">TIM8_TRG_COM_TIM14_IRQHandler</a> from startup_stm32f2xx.o(.text) referenced from startup_stm32f2xx.o(RESET)
 <LI><a href="#[39]">TIM8_UP_TIM13_IRQHandler</a> from startup_stm32f2xx.o(.text) referenced from startup_stm32f2xx.o(RESET)
 <LI><a href="#[b9]">TaskCom_Proc</a> from mmain.o(i.TaskCom_Proc) referenced from main.o(i.main_FreeRTos)
 <LI><a href="#[ba]">Task_ObdiiCmdProcess_Proc</a> from obd_cmd_process.o(i.Task_ObdiiCmdProcess_Proc) referenced from main.o(i.main_FreeRTos)
 <LI><a href="#[b4]">TimerCallback</a> from mmain.o(i.TimerCallback) referenced from mmain.o(i.TimerCreate)
 <LI><a href="#[41]">UART4_IRQHandler</a> from stm32f2xx_it.o(i.UART4_IRQHandler) referenced from startup_stm32f2xx.o(RESET)
 <LI><a href="#[42]">UART5_IRQHandler</a> from stm32f2xx_it.o(i.UART5_IRQHandler) referenced from startup_stm32f2xx.o(RESET)
 <LI><a href="#[32]">USART1_IRQHandler</a> from stm32f2xx_it.o(i.USART1_IRQHandler) referenced from startup_stm32f2xx.o(RESET)
 <LI><a href="#[33]">USART2_IRQHandler</a> from stm32f2xx_it.o(i.USART2_IRQHandler) referenced from startup_stm32f2xx.o(RESET)
 <LI><a href="#[34]">USART3_IRQHandler</a> from startup_stm32f2xx.o(.text) referenced from startup_stm32f2xx.o(RESET)
 <LI><a href="#[54]">USART6_IRQHandler</a> from stm32f2xx_it.o(i.USART6_IRQHandler) referenced from startup_stm32f2xx.o(RESET)
 <LI><a href="#[8]">UsageFault_Handler</a> from stm32f2xx_it.o(i.UsageFault_Handler) referenced from startup_stm32f2xx.o(RESET)
 <LI><a href="#[a8]">VPW_RX0_handler</a> from passthru_vpw.o(i.VPW_RX0_handler) referenced from passthru_vpw.o(i.PassThru_VPW)
 <LI><a href="#[ab]">VPW_RX1_handler</a> from passthru_vpw.o(i.VPW_RX1_handler) referenced from passthru_vpw.o(i.PassThru_VPW)
 <LI><a href="#[d]">WWDG_IRQHandler</a> from startup_stm32f2xx.o(.text) referenced from startup_stm32f2xx.o(RESET)
 <LI><a href="#[b8]">_MainRoute2</a> from mmain.o(i._MainRoute2) referenced from main.o(i.main_FreeRTos)
 <LI><a href="#[83]">_SoftTxByte</a> from newsoftuart.o(i._SoftTxByte) referenced from passthru_pluse.o(i.PassThru_PLUSE_InitPort)
 <LI><a href="#[83]">_SoftTxByte</a> from newsoftuart.o(i._SoftTxByte) referenced from mmain.o(i._SysFunc)
 <LI><a href="#[60]">__main</a> from entry.o(.ARM.Collect$$$$00000000) referenced from startup_stm32f2xx.o(.text)
 <LI><a href="#[0]">_mxml_entity_cb</a> from mxml-entity.o(i._mxml_entity_cb) referenced 2 times from mxml-private.o(.data)
 <LI><a href="#[b6]">_snputc</a> from printfa.o(i._snputc) referenced from printfa.o(i.__0snprintf)
 <LI><a href="#[b7]">_sputc</a> from printfa.o(i._sputc) referenced from printfa.o(i.__0sprintf)
 <LI><a href="#[b7]">_sputc</a> from printfa.o(i._sputc) referenced from printfa.o(i.__0vsprintf)
 <LI><a href="#[b5]">fputc</a> from main.o(i.fputc) referenced from printfa.o(i.__0fprintf)
 <LI><a href="#[b5]">fputc</a> from main.o(i.fputc) referenced from printfa.o(i.__0printf)
 <LI><a href="#[2]">free</a> from mallocr.o(i.__free$realloc) referenced 2 times from cjson.o(.data)
 <LI><a href="#[6a]">hal_iso_send_byte_kwp</a> from passthru_iso.o(i.hal_iso_send_byte_kwp) referenced from passthru_iso.o(i.PassThru_ISO_InitPort)
 <LI><a href="#[62]">hal_kwp_send_byte16_kwp</a> from passthru_benz.o(i.hal_kwp_send_byte16_kwp) referenced from passthru_benz.o(i.PassThru_BENZ_InitPort)
 <LI><a href="#[77]">hal_kwp_send_byte_kwp</a> from passthru_kwp.o(i.hal_kwp_send_byte_kwp) referenced from passthru_kwp.o(i.PassThru_KWP_InitPort)
 <LI><a href="#[5e]">main</a> from main.o(i.main) referenced from entry9a.o(.ARM.Collect$$$$0000000B)
 <LI><a href="#[1]">malloc</a> from mallocr.o(i.__malloc$realloc) referenced 2 times from cjson.o(.data)
 <LI><a href="#[bf]">mxml_file_putc</a> from mxml-file.o(i.mxml_file_putc) referenced from mxml-file.o(i.mxmlSaveFile)
 <LI><a href="#[c1]">prvIdleTask</a> from tasks.o(i.prvIdleTask) referenced from tasks.o(i.vTaskStartScheduler)
 <LI><a href="#[c0]">prvTaskExitError</a> from port.o(i.prvTaskExitError) referenced from port.o(i.pxPortInitialiseStack)
 <LI><a href="#[c2]">prvTimerTask</a> from timers.o(i.prvTimerTask) referenced from timers.o(i.xTimerCreateTimerTask)
 <LI><a href="#[bc]">test1Timer_HandleCallback</a> from main.o(i.test1Timer_HandleCallback) referenced from main.o(i.main_FreeRTos)
 <LI><a href="#[bd]">test2Timer_HandleCallback</a> from main.o(i.test2Timer_HandleCallback) referenced from main.o(i.main_FreeRTos)
 <LI><a href="#[be]">whitespace_cb</a> from testmxml.o(i.whitespace_cb) referenced from testmxml.o(i.main_xml2)
 <LI><a href="#[b]">xPortPendSV_Handler</a> from port.o(.emb_text) referenced from startup_stm32f2xx.o(RESET)
 <LI><a href="#[9]">xPortSVC_Handler</a> from port.o(.emb_text) referenced from startup_stm32f2xx.o(RESET)
 <LI><a href="#[c]">xPortSysTick_Handler</a> from port.o(i.xPortSysTick_Handler) referenced from startup_stm32f2xx.o(RESET)
</UL>
<P>
<H3>
Global Symbols
</H3>
<P><STRONG><a name="[60]"></a>__main</STRONG> (Thumb, 0 bytes, Stack size unknown bytes, entry.o(.ARM.Collect$$$$00000000))
<BR>[Address Reference Count : 1]<UL><LI> startup_stm32f2xx.o(.text)
</UL>
<P><STRONG><a name="[323]"></a>_main_stk</STRONG> (Thumb, 0 bytes, Stack size unknown bytes, entry2.o(.ARM.Collect$$$$00000001))

<P><STRONG><a name="[106]"></a>_main_scatterload</STRONG> (Thumb, 0 bytes, Stack size unknown bytes, entry5.o(.ARM.Collect$$$$00000004))
<BR><BR>[Calls]<UL><LI><a href="#[107]">&gt;&gt;</a>&nbsp;&nbsp;&nbsp;__scatterload
</UL>

<P><STRONG><a name="[12a]"></a>__main_after_scatterload</STRONG> (Thumb, 0 bytes, Stack size unknown bytes, entry5.o(.ARM.Collect$$$$00000004))
<BR><BR>[Called By]<UL><LI><a href="#[107]">&gt;&gt;</a>&nbsp;&nbsp;&nbsp;__scatterload
</UL>

<P><STRONG><a name="[324]"></a>_main_clock</STRONG> (Thumb, 0 bytes, Stack size unknown bytes, entry7b.o(.ARM.Collect$$$$00000008))

<P><STRONG><a name="[325]"></a>_main_cpp_init</STRONG> (Thumb, 0 bytes, Stack size unknown bytes, entry8b.o(.ARM.Collect$$$$0000000A))

<P><STRONG><a name="[326]"></a>_main_init</STRONG> (Thumb, 0 bytes, Stack size unknown bytes, entry9a.o(.ARM.Collect$$$$0000000B))

<P><STRONG><a name="[327]"></a>__rt_final_cpp</STRONG> (Thumb, 0 bytes, Stack size unknown bytes, entry10a.o(.ARM.Collect$$$$0000000D))

<P><STRONG><a name="[328]"></a>__rt_final_exit</STRONG> (Thumb, 0 bytes, Stack size unknown bytes, entry11a.o(.ARM.Collect$$$$0000000F))

<P><STRONG><a name="[9]"></a>xPortSVC_Handler</STRONG> (Thumb, 32 bytes, Stack size 0 bytes, port.o(.emb_text))
<BR>[Address Reference Count : 1]<UL><LI> startup_stm32f2xx.o(RESET)
</UL>
<P><STRONG><a name="[31a]"></a>__asm___6_port_c_39a90d8d__prvStartFirstTask</STRONG> (Thumb, 28 bytes, Stack size 0 bytes, port.o(.emb_text))
<BR><BR>[Called By]<UL><LI><a href="#[315]">&gt;&gt;</a>&nbsp;&nbsp;&nbsp;xPortStartScheduler
</UL>

<P><STRONG><a name="[b]"></a>xPortPendSV_Handler</STRONG> (Thumb, 72 bytes, Stack size 0 bytes, port.o(.emb_text))
<BR><BR>[Calls]<UL><LI><a href="#[108]">&gt;&gt;</a>&nbsp;&nbsp;&nbsp;vTaskSwitchContext
</UL>
<BR>[Address Reference Count : 1]<UL><LI> startup_stm32f2xx.o(RESET)
</UL>
<P><STRONG><a name="[329]"></a>vPortGetIPSR</STRONG> (Thumb, 6 bytes, Stack size 0 bytes, port.o(.emb_text), UNUSED)

<P><STRONG><a name="[3]"></a>Reset_Handler</STRONG> (Thumb, 8 bytes, Stack size 0 bytes, startup_stm32f2xx.o(.text))
<BR>[Address Reference Count : 1]<UL><LI> startup_stm32f2xx.o(RESET)
</UL>
<P><STRONG><a name="[109]"></a>SVC_Handler</STRONG> (Thumb, 2 bytes, Stack size 0 bytes, startup_stm32f2xx.o(.text), UNUSED)
<BR><BR>[Calls]<UL><LI><a href="#[109]">&gt;&gt;</a>&nbsp;&nbsp;&nbsp;SVC_Handler
</UL>
<BR>[Called By]<UL><LI><a href="#[109]">&gt;&gt;</a>&nbsp;&nbsp;&nbsp;SVC_Handler
</UL>

<P><STRONG><a name="[10a]"></a>PendSV_Handler</STRONG> (Thumb, 2 bytes, Stack size 0 bytes, startup_stm32f2xx.o(.text), UNUSED)
<BR><BR>[Calls]<UL><LI><a href="#[10a]">&gt;&gt;</a>&nbsp;&nbsp;&nbsp;PendSV_Handler
</UL>
<BR>[Called By]<UL><LI><a href="#[10a]">&gt;&gt;</a>&nbsp;&nbsp;&nbsp;PendSV_Handler
</UL>

<P><STRONG><a name="[10b]"></a>SysTick_Handler</STRONG> (Thumb, 2 bytes, Stack size 0 bytes, startup_stm32f2xx.o(.text), UNUSED)
<BR><BR>[Calls]<UL><LI><a href="#[10b]">&gt;&gt;</a>&nbsp;&nbsp;&nbsp;SysTick_Handler
</UL>
<BR>[Called By]<UL><LI><a href="#[10b]">&gt;&gt;</a>&nbsp;&nbsp;&nbsp;SysTick_Handler
</UL>

<P><STRONG><a name="[1f]"></a>ADC_IRQHandler</STRONG> (Thumb, 0 bytes, Stack size 0 bytes, startup_stm32f2xx.o(.text))
<BR><BR>[Calls]<UL><LI><a href="#[1f]">&gt;&gt;</a>&nbsp;&nbsp;&nbsp;ADC_IRQHandler
</UL>
<BR>[Called By]<UL><LI><a href="#[1f]">&gt;&gt;</a>&nbsp;&nbsp;&nbsp;ADC_IRQHandler
</UL>
<BR>[Address Reference Count : 1]<UL><LI> startup_stm32f2xx.o(RESET)
</UL>
<P><STRONG><a name="[22]"></a>CAN1_RX1_IRQHandler</STRONG> (Thumb, 0 bytes, Stack size 0 bytes, startup_stm32f2xx.o(.text))
<BR>[Address Reference Count : 1]<UL><LI> startup_stm32f2xx.o(RESET)
</UL>
<P><STRONG><a name="[23]"></a>CAN1_SCE_IRQHandler</STRONG> (Thumb, 0 bytes, Stack size 0 bytes, startup_stm32f2xx.o(.text))
<BR>[Address Reference Count : 1]<UL><LI> startup_stm32f2xx.o(RESET)
</UL>
<P><STRONG><a name="[20]"></a>CAN1_TX_IRQHandler</STRONG> (Thumb, 0 bytes, Stack size 0 bytes, startup_stm32f2xx.o(.text))
<BR>[Address Reference Count : 1]<UL><LI> startup_stm32f2xx.o(RESET)
</UL>
<P><STRONG><a name="[4e]"></a>CAN2_RX1_IRQHandler</STRONG> (Thumb, 0 bytes, Stack size 0 bytes, startup_stm32f2xx.o(.text))
<BR>[Address Reference Count : 1]<UL><LI> startup_stm32f2xx.o(RESET)
</UL>
<P><STRONG><a name="[4f]"></a>CAN2_SCE_IRQHandler</STRONG> (Thumb, 0 bytes, Stack size 0 bytes, startup_stm32f2xx.o(.text))
<BR>[Address Reference Count : 1]<UL><LI> startup_stm32f2xx.o(RESET)
</UL>
<P><STRONG><a name="[4c]"></a>CAN2_TX_IRQHandler</STRONG> (Thumb, 0 bytes, Stack size 0 bytes, startup_stm32f2xx.o(.text))
<BR>[Address Reference Count : 1]<UL><LI> startup_stm32f2xx.o(RESET)
</UL>
<P><STRONG><a name="[5c]"></a>CRYP_IRQHandler</STRONG> (Thumb, 0 bytes, Stack size 0 bytes, startup_stm32f2xx.o(.text))
<BR>[Address Reference Count : 1]<UL><LI> startup_stm32f2xx.o(RESET)
</UL>
<P><STRONG><a name="[5b]"></a>DCMI_IRQHandler</STRONG> (Thumb, 0 bytes, Stack size 0 bytes, startup_stm32f2xx.o(.text))
<BR>[Address Reference Count : 1]<UL><LI> startup_stm32f2xx.o(RESET)
</UL>
<P><STRONG><a name="[18]"></a>DMA1_Stream0_IRQHandler</STRONG> (Thumb, 0 bytes, Stack size 0 bytes, startup_stm32f2xx.o(.text))
<BR>[Address Reference Count : 1]<UL><LI> startup_stm32f2xx.o(RESET)
</UL>
<P><STRONG><a name="[19]"></a>DMA1_Stream1_IRQHandler</STRONG> (Thumb, 0 bytes, Stack size 0 bytes, startup_stm32f2xx.o(.text))
<BR>[Address Reference Count : 1]<UL><LI> startup_stm32f2xx.o(RESET)
</UL>
<P><STRONG><a name="[1a]"></a>DMA1_Stream2_IRQHandler</STRONG> (Thumb, 0 bytes, Stack size 0 bytes, startup_stm32f2xx.o(.text))
<BR>[Address Reference Count : 1]<UL><LI> startup_stm32f2xx.o(RESET)
</UL>
<P><STRONG><a name="[1b]"></a>DMA1_Stream3_IRQHandler</STRONG> (Thumb, 0 bytes, Stack size 0 bytes, startup_stm32f2xx.o(.text))
<BR>[Address Reference Count : 1]<UL><LI> startup_stm32f2xx.o(RESET)
</UL>
<P><STRONG><a name="[1c]"></a>DMA1_Stream4_IRQHandler</STRONG> (Thumb, 0 bytes, Stack size 0 bytes, startup_stm32f2xx.o(.text))
<BR>[Address Reference Count : 1]<UL><LI> startup_stm32f2xx.o(RESET)
</UL>
<P><STRONG><a name="[1d]"></a>DMA1_Stream5_IRQHandler</STRONG> (Thumb, 0 bytes, Stack size 0 bytes, startup_stm32f2xx.o(.text))
<BR>[Address Reference Count : 1]<UL><LI> startup_stm32f2xx.o(RESET)
</UL>
<P><STRONG><a name="[1e]"></a>DMA1_Stream6_IRQHandler</STRONG> (Thumb, 0 bytes, Stack size 0 bytes, startup_stm32f2xx.o(.text))
<BR>[Address Reference Count : 1]<UL><LI> startup_stm32f2xx.o(RESET)
</UL>
<P><STRONG><a name="[3c]"></a>DMA1_Stream7_IRQHandler</STRONG> (Thumb, 0 bytes, Stack size 0 bytes, startup_stm32f2xx.o(.text))
<BR>[Address Reference Count : 1]<UL><LI> startup_stm32f2xx.o(RESET)
</UL>
<P><STRONG><a name="[45]"></a>DMA2_Stream0_IRQHandler</STRONG> (Thumb, 0 bytes, Stack size 0 bytes, startup_stm32f2xx.o(.text))
<BR>[Address Reference Count : 1]<UL><LI> startup_stm32f2xx.o(RESET)
</UL>
<P><STRONG><a name="[46]"></a>DMA2_Stream1_IRQHandler</STRONG> (Thumb, 0 bytes, Stack size 0 bytes, startup_stm32f2xx.o(.text))
<BR>[Address Reference Count : 1]<UL><LI> startup_stm32f2xx.o(RESET)
</UL>
<P><STRONG><a name="[47]"></a>DMA2_Stream2_IRQHandler</STRONG> (Thumb, 0 bytes, Stack size 0 bytes, startup_stm32f2xx.o(.text))
<BR>[Address Reference Count : 1]<UL><LI> startup_stm32f2xx.o(RESET)
</UL>
<P><STRONG><a name="[48]"></a>DMA2_Stream3_IRQHandler</STRONG> (Thumb, 0 bytes, Stack size 0 bytes, startup_stm32f2xx.o(.text))
<BR>[Address Reference Count : 1]<UL><LI> startup_stm32f2xx.o(RESET)
</UL>
<P><STRONG><a name="[49]"></a>DMA2_Stream4_IRQHandler</STRONG> (Thumb, 0 bytes, Stack size 0 bytes, startup_stm32f2xx.o(.text))
<BR>[Address Reference Count : 1]<UL><LI> startup_stm32f2xx.o(RESET)
</UL>
<P><STRONG><a name="[51]"></a>DMA2_Stream5_IRQHandler</STRONG> (Thumb, 0 bytes, Stack size 0 bytes, startup_stm32f2xx.o(.text))
<BR>[Address Reference Count : 1]<UL><LI> startup_stm32f2xx.o(RESET)
</UL>
<P><STRONG><a name="[52]"></a>DMA2_Stream6_IRQHandler</STRONG> (Thumb, 0 bytes, Stack size 0 bytes, startup_stm32f2xx.o(.text))
<BR>[Address Reference Count : 1]<UL><LI> startup_stm32f2xx.o(RESET)
</UL>
<P><STRONG><a name="[53]"></a>DMA2_Stream7_IRQHandler</STRONG> (Thumb, 0 bytes, Stack size 0 bytes, startup_stm32f2xx.o(.text))
<BR>[Address Reference Count : 1]<UL><LI> startup_stm32f2xx.o(RESET)
</UL>
<P><STRONG><a name="[4a]"></a>ETH_IRQHandler</STRONG> (Thumb, 0 bytes, Stack size 0 bytes, startup_stm32f2xx.o(.text))
<BR>[Address Reference Count : 1]<UL><LI> startup_stm32f2xx.o(RESET)
</UL>
<P><STRONG><a name="[4b]"></a>ETH_WKUP_IRQHandler</STRONG> (Thumb, 0 bytes, Stack size 0 bytes, startup_stm32f2xx.o(.text))
<BR>[Address Reference Count : 1]<UL><LI> startup_stm32f2xx.o(RESET)
</UL>
<P><STRONG><a name="[13]"></a>EXTI0_IRQHandler</STRONG> (Thumb, 0 bytes, Stack size 0 bytes, startup_stm32f2xx.o(.text))
<BR>[Address Reference Count : 1]<UL><LI> startup_stm32f2xx.o(RESET)
</UL>
<P><STRONG><a name="[35]"></a>EXTI15_10_IRQHandler</STRONG> (Thumb, 0 bytes, Stack size 0 bytes, startup_stm32f2xx.o(.text))
<BR>[Address Reference Count : 1]<UL><LI> startup_stm32f2xx.o(RESET)
</UL>
<P><STRONG><a name="[14]"></a>EXTI1_IRQHandler</STRONG> (Thumb, 0 bytes, Stack size 0 bytes, startup_stm32f2xx.o(.text))
<BR>[Address Reference Count : 1]<UL><LI> startup_stm32f2xx.o(RESET)
</UL>
<P><STRONG><a name="[16]"></a>EXTI3_IRQHandler</STRONG> (Thumb, 0 bytes, Stack size 0 bytes, startup_stm32f2xx.o(.text))
<BR>[Address Reference Count : 1]<UL><LI> startup_stm32f2xx.o(RESET)
</UL>
<P><STRONG><a name="[17]"></a>EXTI4_IRQHandler</STRONG> (Thumb, 0 bytes, Stack size 0 bytes, startup_stm32f2xx.o(.text))
<BR>[Address Reference Count : 1]<UL><LI> startup_stm32f2xx.o(RESET)
</UL>
<P><STRONG><a name="[11]"></a>FLASH_IRQHandler</STRONG> (Thumb, 0 bytes, Stack size 0 bytes, startup_stm32f2xx.o(.text))
<BR>[Address Reference Count : 1]<UL><LI> startup_stm32f2xx.o(RESET)
</UL>
<P><STRONG><a name="[3d]"></a>FSMC_IRQHandler</STRONG> (Thumb, 0 bytes, Stack size 0 bytes, startup_stm32f2xx.o(.text))
<BR>[Address Reference Count : 1]<UL><LI> startup_stm32f2xx.o(RESET)
</UL>
<P><STRONG><a name="[5d]"></a>HASH_RNG_IRQHandler</STRONG> (Thumb, 0 bytes, Stack size 0 bytes, startup_stm32f2xx.o(.text))
<BR>[Address Reference Count : 1]<UL><LI> startup_stm32f2xx.o(RESET)
</UL>
<P><STRONG><a name="[2d]"></a>I2C1_ER_IRQHandler</STRONG> (Thumb, 0 bytes, Stack size 0 bytes, startup_stm32f2xx.o(.text))
<BR>[Address Reference Count : 1]<UL><LI> startup_stm32f2xx.o(RESET)
</UL>
<P><STRONG><a name="[2c]"></a>I2C1_EV_IRQHandler</STRONG> (Thumb, 0 bytes, Stack size 0 bytes, startup_stm32f2xx.o(.text))
<BR>[Address Reference Count : 1]<UL><LI> startup_stm32f2xx.o(RESET)
</UL>
<P><STRONG><a name="[2f]"></a>I2C2_ER_IRQHandler</STRONG> (Thumb, 0 bytes, Stack size 0 bytes, startup_stm32f2xx.o(.text))
<BR>[Address Reference Count : 1]<UL><LI> startup_stm32f2xx.o(RESET)
</UL>
<P><STRONG><a name="[2e]"></a>I2C2_EV_IRQHandler</STRONG> (Thumb, 0 bytes, Stack size 0 bytes, startup_stm32f2xx.o(.text))
<BR>[Address Reference Count : 1]<UL><LI> startup_stm32f2xx.o(RESET)
</UL>
<P><STRONG><a name="[56]"></a>I2C3_ER_IRQHandler</STRONG> (Thumb, 0 bytes, Stack size 0 bytes, startup_stm32f2xx.o(.text))
<BR>[Address Reference Count : 1]<UL><LI> startup_stm32f2xx.o(RESET)
</UL>
<P><STRONG><a name="[55]"></a>I2C3_EV_IRQHandler</STRONG> (Thumb, 0 bytes, Stack size 0 bytes, startup_stm32f2xx.o(.text))
<BR>[Address Reference Count : 1]<UL><LI> startup_stm32f2xx.o(RESET)
</UL>
<P><STRONG><a name="[50]"></a>OTG_FS_IRQHandler</STRONG> (Thumb, 0 bytes, Stack size 0 bytes, startup_stm32f2xx.o(.text))
<BR>[Address Reference Count : 1]<UL><LI> startup_stm32f2xx.o(RESET)
</UL>
<P><STRONG><a name="[37]"></a>OTG_FS_WKUP_IRQHandler</STRONG> (Thumb, 0 bytes, Stack size 0 bytes, startup_stm32f2xx.o(.text))
<BR>[Address Reference Count : 1]<UL><LI> startup_stm32f2xx.o(RESET)
</UL>
<P><STRONG><a name="[58]"></a>OTG_HS_EP1_IN_IRQHandler</STRONG> (Thumb, 0 bytes, Stack size 0 bytes, startup_stm32f2xx.o(.text))
<BR>[Address Reference Count : 1]<UL><LI> startup_stm32f2xx.o(RESET)
</UL>
<P><STRONG><a name="[57]"></a>OTG_HS_EP1_OUT_IRQHandler</STRONG> (Thumb, 0 bytes, Stack size 0 bytes, startup_stm32f2xx.o(.text))
<BR>[Address Reference Count : 1]<UL><LI> startup_stm32f2xx.o(RESET)
</UL>
<P><STRONG><a name="[5a]"></a>OTG_HS_IRQHandler</STRONG> (Thumb, 0 bytes, Stack size 0 bytes, startup_stm32f2xx.o(.text))
<BR>[Address Reference Count : 1]<UL><LI> startup_stm32f2xx.o(RESET)
</UL>
<P><STRONG><a name="[59]"></a>OTG_HS_WKUP_IRQHandler</STRONG> (Thumb, 0 bytes, Stack size 0 bytes, startup_stm32f2xx.o(.text))
<BR>[Address Reference Count : 1]<UL><LI> startup_stm32f2xx.o(RESET)
</UL>
<P><STRONG><a name="[e]"></a>PVD_IRQHandler</STRONG> (Thumb, 0 bytes, Stack size 0 bytes, startup_stm32f2xx.o(.text))
<BR>[Address Reference Count : 1]<UL><LI> startup_stm32f2xx.o(RESET)
</UL>
<P><STRONG><a name="[12]"></a>RCC_IRQHandler</STRONG> (Thumb, 0 bytes, Stack size 0 bytes, startup_stm32f2xx.o(.text))
<BR>[Address Reference Count : 1]<UL><LI> startup_stm32f2xx.o(RESET)
</UL>
<P><STRONG><a name="[36]"></a>RTC_Alarm_IRQHandler</STRONG> (Thumb, 0 bytes, Stack size 0 bytes, startup_stm32f2xx.o(.text))
<BR>[Address Reference Count : 1]<UL><LI> startup_stm32f2xx.o(RESET)
</UL>
<P><STRONG><a name="[10]"></a>RTC_WKUP_IRQHandler</STRONG> (Thumb, 0 bytes, Stack size 0 bytes, startup_stm32f2xx.o(.text))
<BR>[Address Reference Count : 1]<UL><LI> startup_stm32f2xx.o(RESET)
</UL>
<P><STRONG><a name="[3e]"></a>SDIO_IRQHandler</STRONG> (Thumb, 0 bytes, Stack size 0 bytes, startup_stm32f2xx.o(.text))
<BR>[Address Reference Count : 1]<UL><LI> startup_stm32f2xx.o(RESET)
</UL>
<P><STRONG><a name="[30]"></a>SPI1_IRQHandler</STRONG> (Thumb, 0 bytes, Stack size 0 bytes, startup_stm32f2xx.o(.text))
<BR>[Address Reference Count : 1]<UL><LI> startup_stm32f2xx.o(RESET)
</UL>
<P><STRONG><a name="[31]"></a>SPI2_IRQHandler</STRONG> (Thumb, 0 bytes, Stack size 0 bytes, startup_stm32f2xx.o(.text))
<BR>[Address Reference Count : 1]<UL><LI> startup_stm32f2xx.o(RESET)
</UL>
<P><STRONG><a name="[40]"></a>SPI3_IRQHandler</STRONG> (Thumb, 0 bytes, Stack size 0 bytes, startup_stm32f2xx.o(.text))
<BR>[Address Reference Count : 1]<UL><LI> startup_stm32f2xx.o(RESET)
</UL>
<P><STRONG><a name="[f]"></a>TAMP_STAMP_IRQHandler</STRONG> (Thumb, 0 bytes, Stack size 0 bytes, startup_stm32f2xx.o(.text))
<BR>[Address Reference Count : 1]<UL><LI> startup_stm32f2xx.o(RESET)
</UL>
<P><STRONG><a name="[25]"></a>TIM1_BRK_TIM9_IRQHandler</STRONG> (Thumb, 0 bytes, Stack size 0 bytes, startup_stm32f2xx.o(.text))
<BR>[Address Reference Count : 1]<UL><LI> startup_stm32f2xx.o(RESET)
</UL>
<P><STRONG><a name="[28]"></a>TIM1_CC_IRQHandler</STRONG> (Thumb, 0 bytes, Stack size 0 bytes, startup_stm32f2xx.o(.text))
<BR>[Address Reference Count : 1]<UL><LI> startup_stm32f2xx.o(RESET)
</UL>
<P><STRONG><a name="[27]"></a>TIM1_TRG_COM_TIM11_IRQHandler</STRONG> (Thumb, 0 bytes, Stack size 0 bytes, startup_stm32f2xx.o(.text))
<BR>[Address Reference Count : 1]<UL><LI> startup_stm32f2xx.o(RESET)
</UL>
<P><STRONG><a name="[26]"></a>TIM1_UP_TIM10_IRQHandler</STRONG> (Thumb, 0 bytes, Stack size 0 bytes, startup_stm32f2xx.o(.text))
<BR>[Address Reference Count : 1]<UL><LI> startup_stm32f2xx.o(RESET)
</UL>
<P><STRONG><a name="[2b]"></a>TIM4_IRQHandler</STRONG> (Thumb, 0 bytes, Stack size 0 bytes, startup_stm32f2xx.o(.text))
<BR>[Address Reference Count : 1]<UL><LI> startup_stm32f2xx.o(RESET)
</UL>
<P><STRONG><a name="[3f]"></a>TIM5_IRQHandler</STRONG> (Thumb, 0 bytes, Stack size 0 bytes, startup_stm32f2xx.o(.text))
<BR>[Address Reference Count : 1]<UL><LI> startup_stm32f2xx.o(RESET)
</UL>
<P><STRONG><a name="[43]"></a>TIM6_DAC_IRQHandler</STRONG> (Thumb, 0 bytes, Stack size 0 bytes, startup_stm32f2xx.o(.text))
<BR>[Address Reference Count : 1]<UL><LI> startup_stm32f2xx.o(RESET)
</UL>
<P><STRONG><a name="[44]"></a>TIM7_IRQHandler</STRONG> (Thumb, 0 bytes, Stack size 0 bytes, startup_stm32f2xx.o(.text))
<BR>[Address Reference Count : 1]<UL><LI> startup_stm32f2xx.o(RESET)
</UL>
<P><STRONG><a name="[38]"></a>TIM8_BRK_TIM12_IRQHandler</STRONG> (Thumb, 0 bytes, Stack size 0 bytes, startup_stm32f2xx.o(.text))
<BR>[Address Reference Count : 1]<UL><LI> startup_stm32f2xx.o(RESET)
</UL>
<P><STRONG><a name="[3b]"></a>TIM8_CC_IRQHandler</STRONG> (Thumb, 0 bytes, Stack size 0 bytes, startup_stm32f2xx.o(.text))
<BR>[Address Reference Count : 1]<UL><LI> startup_stm32f2xx.o(RESET)
</UL>
<P><STRONG><a name="[3a]"></a>TIM8_TRG_COM_TIM14_IRQHandler</STRONG> (Thumb, 0 bytes, Stack size 0 bytes, startup_stm32f2xx.o(.text))
<BR>[Address Reference Count : 1]<UL><LI> startup_stm32f2xx.o(RESET)
</UL>
<P><STRONG><a name="[39]"></a>TIM8_UP_TIM13_IRQHandler</STRONG> (Thumb, 0 bytes, Stack size 0 bytes, startup_stm32f2xx.o(.text))
<BR>[Address Reference Count : 1]<UL><LI> startup_stm32f2xx.o(RESET)
</UL>
<P><STRONG><a name="[34]"></a>USART3_IRQHandler</STRONG> (Thumb, 0 bytes, Stack size 0 bytes, startup_stm32f2xx.o(.text))
<BR>[Address Reference Count : 1]<UL><LI> startup_stm32f2xx.o(RESET)
</UL>
<P><STRONG><a name="[d]"></a>WWDG_IRQHandler</STRONG> (Thumb, 0 bytes, Stack size 0 bytes, startup_stm32f2xx.o(.text))
<BR>[Address Reference Count : 1]<UL><LI> startup_stm32f2xx.o(RESET)
</UL>
<P><STRONG><a name="[111]"></a>__rt_ctype_table</STRONG> (Thumb, 4 bytes, Stack size 0 bytes, ctype_o.o(.text))
<BR><BR>[Called By]<UL><LI><a href="#[110]">&gt;&gt;</a>&nbsp;&nbsp;&nbsp;strtol
</UL>

<P><STRONG><a name="[27e]"></a>tolower</STRONG> (Thumb, 12 bytes, Stack size 0 bytes, tolower.o(.text))
<BR><BR>[Called By]<UL><LI><a href="#[27b]">&gt;&gt;</a>&nbsp;&nbsp;&nbsp;cJSON_strcasecmp
</UL>

<P><STRONG><a name="[196]"></a>rand</STRONG> (Thumb, 20 bytes, Stack size 0 bytes, rand.o(.text))
<BR><BR>[Called By]<UL><LI><a href="#[18f]">&gt;&gt;</a>&nbsp;&nbsp;&nbsp;Fcar_Data_pack_to_server
</UL>

<P><STRONG><a name="[195]"></a>srand</STRONG> (Thumb, 6 bytes, Stack size 0 bytes, rand.o(.text))
<BR><BR>[Called By]<UL><LI><a href="#[18f]">&gt;&gt;</a>&nbsp;&nbsp;&nbsp;Fcar_Data_pack_to_server
</UL>

<P><STRONG><a name="[32a]"></a>___aeabi_memcpy8$move</STRONG> (Thumb, 0 bytes, Stack size 8 bytes, memmovea.o(.text), UNUSED)

<P><STRONG><a name="[166]"></a>__aeabi_memcpy</STRONG> (Thumb, 64 bytes, Stack size 8 bytes, memmovea.o(.text))
<BR><BR>[Stack]<UL><LI>Max Depth = 8<LI>Call Chain = __aeabi_memcpy
</UL>
<BR>[Called By]<UL><LI><a href="#[1f2]">&gt;&gt;</a>&nbsp;&nbsp;&nbsp;UartTxQueuePack_DelCanID
<LI><a href="#[1a5]">&gt;&gt;</a>&nbsp;&nbsp;&nbsp;GetVer
<LI><a href="#[165]">&gt;&gt;</a>&nbsp;&nbsp;&nbsp;CmdKeepComfunction
<LI><a href="#[8f]">&gt;&gt;</a>&nbsp;&nbsp;&nbsp;PassThru_CAN_TxPack_NotID_Flash
<LI><a href="#[a3]">&gt;&gt;</a>&nbsp;&nbsp;&nbsp;PassThru_CAN_TxPack_Auto_GM
<LI><a href="#[9d]">&gt;&gt;</a>&nbsp;&nbsp;&nbsp;PassThru_CAN_TxPack_Auto_Ext
<LI><a href="#[9b]">&gt;&gt;</a>&nbsp;&nbsp;&nbsp;PassThru_CAN_TxPack_Auto
<LI><a href="#[9e]">&gt;&gt;</a>&nbsp;&nbsp;&nbsp;PassThru_CAN_RxPack_Head
<LI><a href="#[ab]">&gt;&gt;</a>&nbsp;&nbsp;&nbsp;VPW_RX1_handler
<LI><a href="#[a8]">&gt;&gt;</a>&nbsp;&nbsp;&nbsp;VPW_RX0_handler
<LI><a href="#[aa]">&gt;&gt;</a>&nbsp;&nbsp;&nbsp;PassThru_VPW_Indication
<LI><a href="#[8a]">&gt;&gt;</a>&nbsp;&nbsp;&nbsp;PassThru_PWM_Indication
<LI><a href="#[181]">&gt;&gt;</a>&nbsp;&nbsp;&nbsp;PWM_RX1_handler
<LI><a href="#[17f]">&gt;&gt;</a>&nbsp;&nbsp;&nbsp;PWM_RX0_handler
<LI><a href="#[2f2]">&gt;&gt;</a>&nbsp;&nbsp;&nbsp;prvCopyDataToQueue
<LI><a href="#[2f1]">&gt;&gt;</a>&nbsp;&nbsp;&nbsp;prvCopyDataFromQueue
<LI><a href="#[224]">&gt;&gt;</a>&nbsp;&nbsp;&nbsp;get_IMEI
<LI><a href="#[193]">&gt;&gt;</a>&nbsp;&nbsp;&nbsp;Get_current_time
<LI><a href="#[1a6]">&gt;&gt;</a>&nbsp;&nbsp;&nbsp;sendCommand
<LI><a href="#[1ce]">&gt;&gt;</a>&nbsp;&nbsp;&nbsp;OBDII_SEND_PGN_FILTER
<LI><a href="#[1ca]">&gt;&gt;</a>&nbsp;&nbsp;&nbsp;OBDII_SEND_PGN
<LI><a href="#[1c8]">&gt;&gt;</a>&nbsp;&nbsp;&nbsp;OBDII_SEND
<LI><a href="#[1c3]">&gt;&gt;</a>&nbsp;&nbsp;&nbsp;MD5Update
<LI><a href="#[277]">&gt;&gt;</a>&nbsp;&nbsp;&nbsp;cJSON_strdup
<LI><a href="#[18a]">&gt;&gt;</a>&nbsp;&nbsp;&nbsp;Encryption_Rule
<LI><a href="#[175]">&gt;&gt;</a>&nbsp;&nbsp;&nbsp;test_main
<LI><a href="#[26f]">&gt;&gt;</a>&nbsp;&nbsp;&nbsp;internal_alloc
</UL>

<P><STRONG><a name="[1f4]"></a>__aeabi_memcpy4</STRONG> (Thumb, 0 bytes, Stack size 8 bytes, memmovea.o(.text))
<BR><BR>[Stack]<UL><LI>Max Depth = 8<LI>Call Chain = __aeabi_memcpy4
</UL>
<BR>[Called By]<UL><LI><a href="#[1f3]">&gt;&gt;</a>&nbsp;&nbsp;&nbsp;PassThru_CAN_SELFTEST
<LI><a href="#[175]">&gt;&gt;</a>&nbsp;&nbsp;&nbsp;test_main
</UL>

<P><STRONG><a name="[32b]"></a>__aeabi_memmove</STRONG> (Thumb, 0 bytes, Stack size 8 bytes, memmovea.o(.text), UNUSED)

<P><STRONG><a name="[32c]"></a>__aeabi_memmove4</STRONG> (Thumb, 0 bytes, Stack size 8 bytes, memmovea.o(.text), UNUSED)

<P><STRONG><a name="[32d]"></a>__aeabi_memmove8</STRONG> (Thumb, 0 bytes, Stack size 8 bytes, memmovea.o(.text), UNUSED)

<P><STRONG><a name="[10d]"></a>__aeabi_memset</STRONG> (Thumb, 14 bytes, Stack size 0 bytes, memseta.o(.text))
<BR><BR>[Called By]<UL><LI><a href="#[151]">&gt;&gt;</a>&nbsp;&nbsp;&nbsp;CANx_MultiFilterMask_PGN
<LI><a href="#[97]">&gt;&gt;</a>&nbsp;&nbsp;&nbsp;PassThru_CAN_TxPack_J1939_SendOnly
<LI><a href="#[99]">&gt;&gt;</a>&nbsp;&nbsp;&nbsp;PassThru_CAN_TxPack_J1939
<LI><a href="#[10e]">&gt;&gt;</a>&nbsp;&nbsp;&nbsp;_memset$wrapper
<LI><a href="#[10c]">&gt;&gt;</a>&nbsp;&nbsp;&nbsp;__aeabi_memclr
</UL>

<P><STRONG><a name="[32e]"></a>__aeabi_memset4</STRONG> (Thumb, 0 bytes, Stack size 0 bytes, memseta.o(.text), UNUSED)

<P><STRONG><a name="[32f]"></a>__aeabi_memset8</STRONG> (Thumb, 0 bytes, Stack size 0 bytes, memseta.o(.text), UNUSED)

<P><STRONG><a name="[10c]"></a>__aeabi_memclr</STRONG> (Thumb, 4 bytes, Stack size 0 bytes, memseta.o(.text))
<BR><BR>[Calls]<UL><LI><a href="#[10d]">&gt;&gt;</a>&nbsp;&nbsp;&nbsp;__aeabi_memset
</UL>
<BR>[Called By]<UL><LI><a href="#[253]">&gt;&gt;</a>&nbsp;&nbsp;&nbsp;bluewifidatereceive
<LI><a href="#[147]">&gt;&gt;</a>&nbsp;&nbsp;&nbsp;UARTAnswerErr
<LI><a href="#[2c7]">&gt;&gt;</a>&nbsp;&nbsp;&nbsp;mmain
<LI><a href="#[256]">&gt;&gt;</a>&nbsp;&nbsp;&nbsp;UARTAnswer
<LI><a href="#[161]">&gt;&gt;</a>&nbsp;&nbsp;&nbsp;CmdEcufunction
<LI><a href="#[15a]">&gt;&gt;</a>&nbsp;&nbsp;&nbsp;CmdBusfunction
<LI><a href="#[21c]">&gt;&gt;</a>&nbsp;&nbsp;&nbsp;hal_init_VPW_RX1_IRQ
<LI><a href="#[21b]">&gt;&gt;</a>&nbsp;&nbsp;&nbsp;hal_init_VPW_RX0_IRQ
<LI><a href="#[20e]">&gt;&gt;</a>&nbsp;&nbsp;&nbsp;hal_init_PWM_RX0_IRQ
<LI><a href="#[193]">&gt;&gt;</a>&nbsp;&nbsp;&nbsp;Get_current_time
<LI><a href="#[1a6]">&gt;&gt;</a>&nbsp;&nbsp;&nbsp;sendCommand
<LI><a href="#[175]">&gt;&gt;</a>&nbsp;&nbsp;&nbsp;test_main
</UL>

<P><STRONG><a name="[16b]"></a>__aeabi_memclr4</STRONG> (Thumb, 0 bytes, Stack size 0 bytes, memseta.o(.text))
<BR><BR>[Called By]<UL><LI><a href="#[15b]">&gt;&gt;</a>&nbsp;&nbsp;&nbsp;Reset_All_IO
<LI><a href="#[2c7]">&gt;&gt;</a>&nbsp;&nbsp;&nbsp;mmain
<LI><a href="#[250]">&gt;&gt;</a>&nbsp;&nbsp;&nbsp;_SysFunc
<LI><a href="#[76]">&gt;&gt;</a>&nbsp;&nbsp;&nbsp;PassThru_KWP_RxPack_Normal
<LI><a href="#[7b]">&gt;&gt;</a>&nbsp;&nbsp;&nbsp;PassThru_KWP_RxPack_Mitsub
<LI><a href="#[79]">&gt;&gt;</a>&nbsp;&nbsp;&nbsp;PassThru_KWP_RxPack_Length
<LI><a href="#[7e]">&gt;&gt;</a>&nbsp;&nbsp;&nbsp;PassThru_KWP_RxPack_Cater
<LI><a href="#[a1]">&gt;&gt;</a>&nbsp;&nbsp;&nbsp;PassThru_CAN_TxPack_J1939_SendPGN
<LI><a href="#[a6]">&gt;&gt;</a>&nbsp;&nbsp;&nbsp;PassThru_CAN_RxPack_Normal_Multiple
<LI><a href="#[aa]">&gt;&gt;</a>&nbsp;&nbsp;&nbsp;PassThru_VPW_Indication
<LI><a href="#[8a]">&gt;&gt;</a>&nbsp;&nbsp;&nbsp;PassThru_PWM_Indication
<LI><a href="#[224]">&gt;&gt;</a>&nbsp;&nbsp;&nbsp;get_IMEI
<LI><a href="#[19a]">&gt;&gt;</a>&nbsp;&nbsp;&nbsp;Post_Request_pack
<LI><a href="#[174]">&gt;&gt;</a>&nbsp;&nbsp;&nbsp;Post_Common_init
<LI><a href="#[193]">&gt;&gt;</a>&nbsp;&nbsp;&nbsp;Get_current_time
<LI><a href="#[1ce]">&gt;&gt;</a>&nbsp;&nbsp;&nbsp;OBDII_SEND_PGN_FILTER
<LI><a href="#[1ca]">&gt;&gt;</a>&nbsp;&nbsp;&nbsp;OBDII_SEND_PGN
<LI><a href="#[1c8]">&gt;&gt;</a>&nbsp;&nbsp;&nbsp;OBDII_SEND
<LI><a href="#[2e3]">&gt;&gt;</a>&nbsp;&nbsp;&nbsp;print_object
<LI><a href="#[2e0]">&gt;&gt;</a>&nbsp;&nbsp;&nbsp;print_array
<LI><a href="#[279]">&gt;&gt;</a>&nbsp;&nbsp;&nbsp;cJSON_New_Item
<LI><a href="#[192]">&gt;&gt;</a>&nbsp;&nbsp;&nbsp;Vehicle_logout_pack_to_json
<LI><a href="#[190]">&gt;&gt;</a>&nbsp;&nbsp;&nbsp;Vehicle_login_pack_to_json
<LI><a href="#[191]">&gt;&gt;</a>&nbsp;&nbsp;&nbsp;Vehicle_diagnosis_pack_to_json
<LI><a href="#[18f]">&gt;&gt;</a>&nbsp;&nbsp;&nbsp;Fcar_Data_pack_to_server
<LI><a href="#[17a]">&gt;&gt;</a>&nbsp;&nbsp;&nbsp;Device_status_pack_to_json
<LI><a href="#[16a]">&gt;&gt;</a>&nbsp;&nbsp;&nbsp;Data_collection_pack_to_json
<LI><a href="#[18a]">&gt;&gt;</a>&nbsp;&nbsp;&nbsp;Encryption_Rule
<LI><a href="#[175]">&gt;&gt;</a>&nbsp;&nbsp;&nbsp;test_main
</UL>

<P><STRONG><a name="[330]"></a>__aeabi_memclr8</STRONG> (Thumb, 0 bytes, Stack size 0 bytes, memseta.o(.text), UNUSED)

<P><STRONG><a name="[10e]"></a>_memset$wrapper</STRONG> (Thumb, 18 bytes, Stack size 8 bytes, memseta.o(.text), UNUSED)
<BR><BR>[Calls]<UL><LI><a href="#[10d]">&gt;&gt;</a>&nbsp;&nbsp;&nbsp;__aeabi_memset
</UL>

<P><STRONG><a name="[1a7]"></a>strstr</STRONG> (Thumb, 36 bytes, Stack size 12 bytes, strstr.o(.text))
<BR><BR>[Stack]<UL><LI>Max Depth = 12<LI>Call Chain = strstr
</UL>
<BR>[Called By]<UL><LI><a href="#[224]">&gt;&gt;</a>&nbsp;&nbsp;&nbsp;get_IMEI
<LI><a href="#[193]">&gt;&gt;</a>&nbsp;&nbsp;&nbsp;Get_current_time
<LI><a href="#[1a6]">&gt;&gt;</a>&nbsp;&nbsp;&nbsp;sendCommand
</UL>

<P><STRONG><a name="[2e5]"></a>strchr</STRONG> (Thumb, 20 bytes, Stack size 0 bytes, strchr.o(.text))
<BR><BR>[Called By]<UL><LI><a href="#[2e4]">&gt;&gt;</a>&nbsp;&nbsp;&nbsp;print_string_ptr
</UL>

<P><STRONG><a name="[18b]"></a>strlen</STRONG> (Thumb, 14 bytes, Stack size 0 bytes, strlen.o(.text))
<BR><BR>[Called By]<UL><LI><a href="#[211]">&gt;&gt;</a>&nbsp;&nbsp;&nbsp;printfuartdebug
<LI><a href="#[1b1]">&gt;&gt;</a>&nbsp;&nbsp;&nbsp;printfkwp
<LI><a href="#[2d9]">&gt;&gt;</a>&nbsp;&nbsp;&nbsp;mxml_write_node
<LI><a href="#[2d6]">&gt;&gt;</a>&nbsp;&nbsp;&nbsp;strdup
<LI><a href="#[224]">&gt;&gt;</a>&nbsp;&nbsp;&nbsp;get_IMEI
<LI><a href="#[19a]">&gt;&gt;</a>&nbsp;&nbsp;&nbsp;Post_Request_pack
<LI><a href="#[193]">&gt;&gt;</a>&nbsp;&nbsp;&nbsp;Get_current_time
<LI><a href="#[1a6]">&gt;&gt;</a>&nbsp;&nbsp;&nbsp;sendCommand
<LI><a href="#[2e3]">&gt;&gt;</a>&nbsp;&nbsp;&nbsp;print_object
<LI><a href="#[2e0]">&gt;&gt;</a>&nbsp;&nbsp;&nbsp;print_array
<LI><a href="#[277]">&gt;&gt;</a>&nbsp;&nbsp;&nbsp;cJSON_strdup
<LI><a href="#[18f]">&gt;&gt;</a>&nbsp;&nbsp;&nbsp;Fcar_Data_pack_to_server
<LI><a href="#[18a]">&gt;&gt;</a>&nbsp;&nbsp;&nbsp;Encryption_Rule
<LI><a href="#[175]">&gt;&gt;</a>&nbsp;&nbsp;&nbsp;test_main
</UL>

<P><STRONG><a name="[272]"></a>strcmp</STRONG> (Thumb, 28 bytes, Stack size 8 bytes, strcmp.o(.text))
<BR><BR>[Stack]<UL><LI>Max Depth = 8<LI>Call Chain = strcmp
</UL>
<BR>[Called By]<UL><LI><a href="#[0]">&gt;&gt;</a>&nbsp;&nbsp;&nbsp;_mxml_entity_cb
<LI><a href="#[be]">&gt;&gt;</a>&nbsp;&nbsp;&nbsp;whitespace_cb
<LI><a href="#[197]">&gt;&gt;</a>&nbsp;&nbsp;&nbsp;encrypt_common_api
</UL>

<P><STRONG><a name="[25c]"></a>memcmp</STRONG> (Thumb, 26 bytes, Stack size 12 bytes, memcmp.o(.text))
<BR><BR>[Stack]<UL><LI>Max Depth = 12<LI>Call Chain = memcmp
</UL>
<BR>[Called By]<UL><LI><a href="#[159]">&gt;&gt;</a>&nbsp;&nbsp;&nbsp;UartTxQueuePack
</UL>

<P><STRONG><a name="[2b8]"></a>strcpy</STRONG> (Thumb, 18 bytes, Stack size 0 bytes, strcpy.o(.text))
<BR><BR>[Called By]<UL><LI><a href="#[2d6]">&gt;&gt;</a>&nbsp;&nbsp;&nbsp;strdup
<LI><a href="#[1cb]">&gt;&gt;</a>&nbsp;&nbsp;&nbsp;getCMPstrResult
<LI><a href="#[2e3]">&gt;&gt;</a>&nbsp;&nbsp;&nbsp;print_object
<LI><a href="#[2e0]">&gt;&gt;</a>&nbsp;&nbsp;&nbsp;print_array
</UL>

<P><STRONG><a name="[2dd]"></a>strncmp</STRONG> (Thumb, 30 bytes, Stack size 12 bytes, strncmp.o(.text))
<BR><BR>[Stack]<UL><LI>Max Depth = 12<LI>Call Chain = strncmp
</UL>
<BR>[Called By]<UL><LI><a href="#[2d9]">&gt;&gt;</a>&nbsp;&nbsp;&nbsp;mxml_write_node
<LI><a href="#[be]">&gt;&gt;</a>&nbsp;&nbsp;&nbsp;whitespace_cb
<LI><a href="#[1a6]">&gt;&gt;</a>&nbsp;&nbsp;&nbsp;sendCommand
</UL>

<P><STRONG><a name="[2df]"></a>strrchr</STRONG> (Thumb, 32 bytes, Stack size 0 bytes, strrchr.o(.text))
<BR><BR>[Called By]<UL><LI><a href="#[2d9]">&gt;&gt;</a>&nbsp;&nbsp;&nbsp;mxml_write_node
</UL>

<P><STRONG><a name="[10f]"></a>calloc</STRONG> (Thumb, 28 bytes, Stack size 8 bytes, calloc.o(.text))
<BR><BR>[Stack]<UL><LI>Max Depth = 72<LI>Call Chain = calloc &rArr; malloc &rArr; internal_alloc &rArr; __aeabi_memcpy
</UL>
<BR>[Calls]<UL><LI><a href="#[1]">&gt;&gt;</a>&nbsp;&nbsp;&nbsp;malloc
</UL>
<BR>[Called By]<UL><LI><a href="#[2d5]">&gt;&gt;</a>&nbsp;&nbsp;&nbsp;mxml_new
</UL>

<P><STRONG><a name="[110]"></a>strtol</STRONG> (Thumb, 112 bytes, Stack size 32 bytes, strtol.o(.text))
<BR><BR>[Stack]<UL><LI>Max Depth = 72<LI>Call Chain = strtol &rArr; _strtoul
</UL>
<BR>[Calls]<UL><LI><a href="#[111]">&gt;&gt;</a>&nbsp;&nbsp;&nbsp;__rt_ctype_table
<LI><a href="#[112]">&gt;&gt;</a>&nbsp;&nbsp;&nbsp;_strtoul
<LI><a href="#[113]">&gt;&gt;</a>&nbsp;&nbsp;&nbsp;__aeabi_errno_addr
</UL>
<BR>[Called By]<UL><LI><a href="#[114]">&gt;&gt;</a>&nbsp;&nbsp;&nbsp;atoi
</UL>

<P><STRONG><a name="[114]"></a>atoi</STRONG> (Thumb, 26 bytes, Stack size 16 bytes, atoi.o(.text))
<BR><BR>[Stack]<UL><LI>Max Depth = 88<LI>Call Chain = atoi &rArr; strtol &rArr; _strtoul
</UL>
<BR>[Calls]<UL><LI><a href="#[110]">&gt;&gt;</a>&nbsp;&nbsp;&nbsp;strtol
<LI><a href="#[113]">&gt;&gt;</a>&nbsp;&nbsp;&nbsp;__aeabi_errno_addr
</UL>
<BR>[Called By]<UL><LI><a href="#[1a8]">&gt;&gt;</a>&nbsp;&nbsp;&nbsp;parse_time_string
</UL>

<P><STRONG><a name="[115]"></a>__aeabi_fdiv</STRONG> (Thumb, 128 bytes, Stack size 8 bytes, fdiv.o(.text))
<BR><BR>[Stack]<UL><LI>Max Depth = 8<LI>Call Chain = __aeabi_fdiv
</UL>
<BR>[Calls]<UL><LI><a href="#[116]">&gt;&gt;</a>&nbsp;&nbsp;&nbsp;_float_round
</UL>
<BR>[Called By]<UL><LI><a href="#[c6]">&gt;&gt;</a>&nbsp;&nbsp;&nbsp;PassThru_VPW_InitPort
</UL>

<P><STRONG><a name="[117]"></a>__aeabi_dadd</STRONG> (Thumb, 322 bytes, Stack size 48 bytes, dadd.o(.text))
<BR><BR>[Stack]<UL><LI>Max Depth = 88<LI>Call Chain = __aeabi_dadd &rArr; _double_epilogue &rArr; _double_round
</UL>
<BR>[Calls]<UL><LI><a href="#[119]">&gt;&gt;</a>&nbsp;&nbsp;&nbsp;__aeabi_lasr
<LI><a href="#[118]">&gt;&gt;</a>&nbsp;&nbsp;&nbsp;__aeabi_llsl
<LI><a href="#[11b]">&gt;&gt;</a>&nbsp;&nbsp;&nbsp;_double_round
<LI><a href="#[11a]">&gt;&gt;</a>&nbsp;&nbsp;&nbsp;_double_epilogue
</UL>
<BR>[Called By]<UL><LI><a href="#[11d]">&gt;&gt;</a>&nbsp;&nbsp;&nbsp;__aeabi_drsub
<LI><a href="#[2b7]">&gt;&gt;</a>&nbsp;&nbsp;&nbsp;floor
<LI><a href="#[11c]">&gt;&gt;</a>&nbsp;&nbsp;&nbsp;__aeabi_dsub
<LI><a href="#[270]">&gt;&gt;</a>&nbsp;&nbsp;&nbsp;_fp_digits
</UL>

<P><STRONG><a name="[11c]"></a>__aeabi_dsub</STRONG> (Thumb, 6 bytes, Stack size 0 bytes, dadd.o(.text))
<BR><BR>[Stack]<UL><LI>Max Depth = 88<LI>Call Chain = __aeabi_dsub &rArr; __aeabi_dadd &rArr; _double_epilogue &rArr; _double_round
</UL>
<BR>[Calls]<UL><LI><a href="#[117]">&gt;&gt;</a>&nbsp;&nbsp;&nbsp;__aeabi_dadd
</UL>
<BR>[Called By]<UL><LI><a href="#[2e1]">&gt;&gt;</a>&nbsp;&nbsp;&nbsp;print_number
</UL>

<P><STRONG><a name="[11d]"></a>__aeabi_drsub</STRONG> (Thumb, 6 bytes, Stack size 0 bytes, dadd.o(.text))
<BR><BR>[Stack]<UL><LI>Max Depth = 88<LI>Call Chain = __aeabi_drsub &rArr; __aeabi_dadd &rArr; _double_epilogue &rArr; _double_round
</UL>
<BR>[Calls]<UL><LI><a href="#[117]">&gt;&gt;</a>&nbsp;&nbsp;&nbsp;__aeabi_dadd
</UL>
<BR>[Called By]<UL><LI><a href="#[2b7]">&gt;&gt;</a>&nbsp;&nbsp;&nbsp;floor
</UL>

<P><STRONG><a name="[11e]"></a>__aeabi_dmul</STRONG> (Thumb, 228 bytes, Stack size 48 bytes, dmul.o(.text))
<BR><BR>[Stack]<UL><LI>Max Depth = 88<LI>Call Chain = __aeabi_dmul &rArr; _double_epilogue &rArr; _double_round
</UL>
<BR>[Calls]<UL><LI><a href="#[11a]">&gt;&gt;</a>&nbsp;&nbsp;&nbsp;_double_epilogue
</UL>
<BR>[Called By]<UL><LI><a href="#[230]">&gt;&gt;</a>&nbsp;&nbsp;&nbsp;hal_SET_CMP_Volt
<LI><a href="#[270]">&gt;&gt;</a>&nbsp;&nbsp;&nbsp;_fp_digits
</UL>

<P><STRONG><a name="[11f]"></a>__aeabi_ddiv</STRONG> (Thumb, 222 bytes, Stack size 32 bytes, ddiv.o(.text))
<BR><BR>[Stack]<UL><LI>Max Depth = 40<LI>Call Chain = __aeabi_ddiv &rArr; _double_round
</UL>
<BR>[Calls]<UL><LI><a href="#[11b]">&gt;&gt;</a>&nbsp;&nbsp;&nbsp;_double_round
</UL>
<BR>[Called By]<UL><LI><a href="#[230]">&gt;&gt;</a>&nbsp;&nbsp;&nbsp;hal_SET_CMP_Volt
<LI><a href="#[270]">&gt;&gt;</a>&nbsp;&nbsp;&nbsp;_fp_digits
</UL>

<P><STRONG><a name="[120]"></a>__aeabi_ui2f</STRONG> (Thumb, 10 bytes, Stack size 0 bytes, ffltui.o(.text))
<BR><BR>[Stack]<UL><LI>Max Depth = 4<LI>Call Chain = __aeabi_ui2f &rArr; _float_epilogue
</UL>
<BR>[Calls]<UL><LI><a href="#[121]">&gt;&gt;</a>&nbsp;&nbsp;&nbsp;_float_epilogue
</UL>
<BR>[Called By]<UL><LI><a href="#[c6]">&gt;&gt;</a>&nbsp;&nbsp;&nbsp;PassThru_VPW_InitPort
</UL>

<P><STRONG><a name="[122]"></a>__aeabi_i2d</STRONG> (Thumb, 34 bytes, Stack size 16 bytes, dflti.o(.text))
<BR><BR>[Stack]<UL><LI>Max Depth = 56<LI>Call Chain = __aeabi_i2d &rArr; _double_epilogue &rArr; _double_round
</UL>
<BR>[Calls]<UL><LI><a href="#[11a]">&gt;&gt;</a>&nbsp;&nbsp;&nbsp;_double_epilogue
</UL>
<BR>[Called By]<UL><LI><a href="#[2e1]">&gt;&gt;</a>&nbsp;&nbsp;&nbsp;print_number
<LI><a href="#[16a]">&gt;&gt;</a>&nbsp;&nbsp;&nbsp;Data_collection_pack_to_json
</UL>

<P><STRONG><a name="[123]"></a>__aeabi_ui2d</STRONG> (Thumb, 26 bytes, Stack size 16 bytes, dfltui.o(.text))
<BR><BR>[Stack]<UL><LI>Max Depth = 56<LI>Call Chain = __aeabi_ui2d &rArr; _double_epilogue &rArr; _double_round
</UL>
<BR>[Calls]<UL><LI><a href="#[11a]">&gt;&gt;</a>&nbsp;&nbsp;&nbsp;_double_epilogue
</UL>
<BR>[Called By]<UL><LI><a href="#[230]">&gt;&gt;</a>&nbsp;&nbsp;&nbsp;hal_SET_CMP_Volt
</UL>

<P><STRONG><a name="[220]"></a>__aeabi_f2uiz</STRONG> (Thumb, 40 bytes, Stack size 0 bytes, ffixui.o(.text))
<BR><BR>[Called By]<UL><LI><a href="#[c6]">&gt;&gt;</a>&nbsp;&nbsp;&nbsp;PassThru_VPW_InitPort
</UL>

<P><STRONG><a name="[124]"></a>__aeabi_d2iz</STRONG> (Thumb, 62 bytes, Stack size 16 bytes, dfixi.o(.text))
<BR><BR>[Stack]<UL><LI>Max Depth = 16<LI>Call Chain = __aeabi_d2iz
</UL>
<BR>[Calls]<UL><LI><a href="#[125]">&gt;&gt;</a>&nbsp;&nbsp;&nbsp;__aeabi_llsr
</UL>
<BR>[Called By]<UL><LI><a href="#[170]">&gt;&gt;</a>&nbsp;&nbsp;&nbsp;cJSON_CreateNumber
</UL>

<P><STRONG><a name="[126]"></a>__aeabi_d2uiz</STRONG> (Thumb, 50 bytes, Stack size 8 bytes, dfixui.o(.text))
<BR><BR>[Stack]<UL><LI>Max Depth = 8<LI>Call Chain = __aeabi_d2uiz
</UL>
<BR>[Calls]<UL><LI><a href="#[125]">&gt;&gt;</a>&nbsp;&nbsp;&nbsp;__aeabi_llsr
</UL>
<BR>[Called By]<UL><LI><a href="#[230]">&gt;&gt;</a>&nbsp;&nbsp;&nbsp;hal_SET_CMP_Volt
</UL>

<P><STRONG><a name="[331]"></a>__aeabi_cdcmpeq</STRONG> (Thumb, 0 bytes, Stack size 0 bytes, cdcmple.o(.text), UNUSED)

<P><STRONG><a name="[2e2]"></a>__aeabi_cdcmple</STRONG> (Thumb, 38 bytes, Stack size 0 bytes, cdcmple.o(.text))
<BR><BR>[Called By]<UL><LI><a href="#[2e1]">&gt;&gt;</a>&nbsp;&nbsp;&nbsp;print_number
</UL>

<P><STRONG><a name="[271]"></a>__aeabi_cdrcmple</STRONG> (Thumb, 38 bytes, Stack size 0 bytes, cdrcmple.o(.text))
<BR><BR>[Called By]<UL><LI><a href="#[2b7]">&gt;&gt;</a>&nbsp;&nbsp;&nbsp;floor
<LI><a href="#[2e1]">&gt;&gt;</a>&nbsp;&nbsp;&nbsp;print_number
<LI><a href="#[270]">&gt;&gt;</a>&nbsp;&nbsp;&nbsp;_fp_digits
</UL>

<P><STRONG><a name="[332]"></a>__aeabi_uidiv</STRONG> (Thumb, 0 bytes, Stack size 12 bytes, uidiv.o(.text), UNUSED)

<P><STRONG><a name="[275]"></a>__aeabi_uidivmod</STRONG> (Thumb, 44 bytes, Stack size 12 bytes, uidiv.o(.text), UNUSED)
<BR><BR>[Called By]<UL><LI><a href="#[26a]">&gt;&gt;</a>&nbsp;&nbsp;&nbsp;_printf_core
</UL>

<P><STRONG><a name="[127]"></a>__aeabi_uldivmod</STRONG> (Thumb, 98 bytes, Stack size 40 bytes, uldiv.o(.text), UNUSED)
<BR><BR>[Calls]<UL><LI><a href="#[125]">&gt;&gt;</a>&nbsp;&nbsp;&nbsp;__aeabi_llsr
<LI><a href="#[118]">&gt;&gt;</a>&nbsp;&nbsp;&nbsp;__aeabi_llsl
</UL>
<BR>[Called By]<UL><LI><a href="#[26a]">&gt;&gt;</a>&nbsp;&nbsp;&nbsp;_printf_core
<LI><a href="#[270]">&gt;&gt;</a>&nbsp;&nbsp;&nbsp;_fp_digits
</UL>

<P><STRONG><a name="[118]"></a>__aeabi_llsl</STRONG> (Thumb, 30 bytes, Stack size 0 bytes, llshl.o(.text))
<BR><BR>[Called By]<UL><LI><a href="#[117]">&gt;&gt;</a>&nbsp;&nbsp;&nbsp;__aeabi_dadd
<LI><a href="#[127]">&gt;&gt;</a>&nbsp;&nbsp;&nbsp;__aeabi_uldivmod
<LI><a href="#[11a]">&gt;&gt;</a>&nbsp;&nbsp;&nbsp;_double_epilogue
<LI><a href="#[129]">&gt;&gt;</a>&nbsp;&nbsp;&nbsp;__aeabi_d2ulz
</UL>

<P><STRONG><a name="[333]"></a>_ll_shift_l</STRONG> (Thumb, 0 bytes, Stack size 0 bytes, llshl.o(.text), UNUSED)

<P><STRONG><a name="[125]"></a>__aeabi_llsr</STRONG> (Thumb, 32 bytes, Stack size 0 bytes, llushr.o(.text))
[...]
<LI><a href="#[2e8]">&gt;&gt;</a>&nbsp;&nbsp;&nbsp;uxListRemove
</UL>
<BR>[Called By]<UL><LI><a href="#[13b]">&gt;&gt;</a>&nbsp;&nbsp;&nbsp;vTaskDelay
<LI><a href="#[312]">&gt;&gt;</a>&nbsp;&nbsp;&nbsp;vTaskPlaceOnEventListRestricted
<LI><a href="#[313]">&gt;&gt;</a>&nbsp;&nbsp;&nbsp;vTaskPlaceOnEventList
</UL>

<P><STRONG><a name="[2eb]"></a>prvAddNewTaskToReadyList</STRONG> (Thumb, 194 bytes, Stack size 24 bytes, tasks.o(i.prvAddNewTaskToReadyList))
<BR><BR>[Stack]<UL><LI>Max Depth = 24<LI>Call Chain = prvAddNewTaskToReadyList
</UL>
<BR>[Calls]<UL><LI><a href="#[2ee]">&gt;&gt;</a>&nbsp;&nbsp;&nbsp;vPortExitCritical
<LI><a href="#[2ec]">&gt;&gt;</a>&nbsp;&nbsp;&nbsp;vPortEnterCritical
<LI><a href="#[2e9]">&gt;&gt;</a>&nbsp;&nbsp;&nbsp;vListInsertEnd
<LI><a href="#[2ed]">&gt;&gt;</a>&nbsp;&nbsp;&nbsp;vListInitialise
</UL>
<BR>[Called By]<UL><LI><a href="#[2c8]">&gt;&gt;</a>&nbsp;&nbsp;&nbsp;xTaskCreate
</UL>

<P><STRONG><a name="[2f3]"></a>prvDeleteTCB</STRONG> (Thumb, 20 bytes, Stack size 8 bytes, tasks.o(i.prvDeleteTCB))
<BR><BR>[Stack]<UL><LI>Max Depth = 72<LI>Call Chain = prvDeleteTCB &rArr; vPortFree &rArr; xTaskResumeAll &rArr; xTaskIncrementTick
</UL>
<BR>[Calls]<UL><LI><a href="#[2f4]">&gt;&gt;</a>&nbsp;&nbsp;&nbsp;vPortFree
</UL>
<BR>[Called By]<UL><LI><a href="#[c1]">&gt;&gt;</a>&nbsp;&nbsp;&nbsp;prvIdleTask
</UL>

<P><STRONG><a name="[c1]"></a>prvIdleTask</STRONG> (Thumb, 82 bytes, Stack size 0 bytes, tasks.o(i.prvIdleTask))
<BR><BR>[Stack]<UL><LI>Max Depth = 72<LI>Call Chain = prvIdleTask &rArr; prvDeleteTCB &rArr; vPortFree &rArr; xTaskResumeAll &rArr; xTaskIncrementTick
</UL>
<BR>[Calls]<UL><LI><a href="#[2f3]">&gt;&gt;</a>&nbsp;&nbsp;&nbsp;prvDeleteTCB
<LI><a href="#[2ee]">&gt;&gt;</a>&nbsp;&nbsp;&nbsp;vPortExitCritical
<LI><a href="#[2ec]">&gt;&gt;</a>&nbsp;&nbsp;&nbsp;vPortEnterCritical
<LI><a href="#[2e8]">&gt;&gt;</a>&nbsp;&nbsp;&nbsp;uxListRemove
</UL>
<BR>[Address Reference Count : 1]<UL><LI> tasks.o(i.vTaskStartScheduler)
</UL>
<P><STRONG><a name="[2f5]"></a>prvInitialiseNewTask</STRONG> (Thumb, 124 bytes, Stack size 32 bytes, tasks.o(i.prvInitialiseNewTask))
<BR><BR>[Stack]<UL><LI>Max Depth = 40<LI>Call Chain = prvInitialiseNewTask &rArr; pxPortInitialiseStack
</UL>
<BR>[Calls]<UL><LI><a href="#[2f7]">&gt;&gt;</a>&nbsp;&nbsp;&nbsp;pxPortInitialiseStack
<LI><a href="#[2f6]">&gt;&gt;</a>&nbsp;&nbsp;&nbsp;vListInitialiseItem
</UL>
<BR>[Called By]<UL><LI><a href="#[2c8]">&gt;&gt;</a>&nbsp;&nbsp;&nbsp;xTaskCreate
</UL>

<P><STRONG><a name="[321]"></a>prvResetNextTaskUnblockTime</STRONG> (Thumb, 26 bytes, Stack size 0 bytes, tasks.o(i.prvResetNextTaskUnblockTime))
<BR><BR>[Called By]<UL><LI><a href="#[31b]">&gt;&gt;</a>&nbsp;&nbsp;&nbsp;xTaskIncrementTick
<LI><a href="#[2ff]">&gt;&gt;</a>&nbsp;&nbsp;&nbsp;xTaskResumeAll
</UL>

<P><STRONG><a name="[2ef]"></a>prvCheckForValidListAndQueue</STRONG> (Thumb, 54 bytes, Stack size 8 bytes, timers.o(i.prvCheckForValidListAndQueue))
<BR><BR>[Stack]<UL><LI>Max Depth = 104<LI>Call Chain = prvCheckForValidListAndQueue &rArr; xQueueGenericCreate &rArr; pvPortMalloc &rArr; xTaskResumeAll &rArr; xTaskIncrementTick
</UL>
<BR>[Calls]<UL><LI><a href="#[2ee]">&gt;&gt;</a>&nbsp;&nbsp;&nbsp;vPortExitCritical
<LI><a href="#[2ec]">&gt;&gt;</a>&nbsp;&nbsp;&nbsp;vPortEnterCritical
<LI><a href="#[2f0]">&gt;&gt;</a>&nbsp;&nbsp;&nbsp;xQueueGenericCreate
<LI><a href="#[2ed]">&gt;&gt;</a>&nbsp;&nbsp;&nbsp;vListInitialise
</UL>
<BR>[Called By]<UL><LI><a href="#[245]">&gt;&gt;</a>&nbsp;&nbsp;&nbsp;xTimerCreate
<LI><a href="#[314]">&gt;&gt;</a>&nbsp;&nbsp;&nbsp;xTimerCreateTimerTask
</UL>

<P><STRONG><a name="[2f8]"></a>prvInsertTimerInActiveList</STRONG> (Thumb, 52 bytes, Stack size 16 bytes, timers.o(i.prvInsertTimerInActiveList))
<BR><BR>[Stack]<UL><LI>Max Depth = 28<LI>Call Chain = prvInsertTimerInActiveList &rArr; vListInsert
</UL>
<BR>[Calls]<UL><LI><a href="#[2ea]">&gt;&gt;</a>&nbsp;&nbsp;&nbsp;vListInsert
</UL>
<BR>[Called By]<UL><LI><a href="#[2fd]">&gt;&gt;</a>&nbsp;&nbsp;&nbsp;prvProcessTimerOrBlockTask
<LI><a href="#[2fa]">&gt;&gt;</a>&nbsp;&nbsp;&nbsp;prvProcessReceivedCommands
</UL>

<P><STRONG><a name="[2fa]"></a>prvProcessReceivedCommands</STRONG> (Thumb, 200 bytes, Stack size 40 bytes, timers.o(i.prvProcessReceivedCommands))
<BR><BR>[Stack]<UL><LI>Max Depth = 224<LI>Call Chain = prvProcessReceivedCommands &rArr; prvSampleTimeNow &rArr; prvSwitchTimerLists &rArr; xTimerGenericCommand &rArr; xQueueGenericSend &rArr; xTaskResumeAll &rArr; xTaskIncrementTick
</UL>
<BR>[Calls]<UL><LI><a href="#[247]">&gt;&gt;</a>&nbsp;&nbsp;&nbsp;xTimerGenericCommand
<LI><a href="#[2fb]">&gt;&gt;</a>&nbsp;&nbsp;&nbsp;prvSampleTimeNow
<LI><a href="#[2f8]">&gt;&gt;</a>&nbsp;&nbsp;&nbsp;prvInsertTimerInActiveList
<LI><a href="#[2f4]">&gt;&gt;</a>&nbsp;&nbsp;&nbsp;vPortFree
<LI><a href="#[2fc]">&gt;&gt;</a>&nbsp;&nbsp;&nbsp;xQueueReceive
<LI><a href="#[2e8]">&gt;&gt;</a>&nbsp;&nbsp;&nbsp;uxListRemove
</UL>
<BR>[Called By]<UL><LI><a href="#[c2]">&gt;&gt;</a>&nbsp;&nbsp;&nbsp;prvTimerTask
</UL>

<P><STRONG><a name="[2fd]"></a>prvProcessTimerOrBlockTask</STRONG> (Thumb, 166 bytes, Stack size 32 bytes, timers.o(i.prvProcessTimerOrBlockTask))
<BR><BR>[Stack]<UL><LI>Max Depth = 216<LI>Call Chain = prvProcessTimerOrBlockTask &rArr; prvSampleTimeNow &rArr; prvSwitchTimerLists &rArr; xTimerGenericCommand &rArr; xQueueGenericSend &rArr; xTaskResumeAll &rArr; xTaskIncrementTick
</UL>
<BR>[Calls]<UL><LI><a href="#[247]">&gt;&gt;</a>&nbsp;&nbsp;&nbsp;xTimerGenericCommand
<LI><a href="#[2fb]">&gt;&gt;</a>&nbsp;&nbsp;&nbsp;prvSampleTimeNow
<LI><a href="#[2f8]">&gt;&gt;</a>&nbsp;&nbsp;&nbsp;prvInsertTimerInActiveList
<LI><a href="#[2ff]">&gt;&gt;</a>&nbsp;&nbsp;&nbsp;xTaskResumeAll
<LI><a href="#[2fe]">&gt;&gt;</a>&nbsp;&nbsp;&nbsp;vTaskSuspendAll
<LI><a href="#[300]">&gt;&gt;</a>&nbsp;&nbsp;&nbsp;vQueueWaitForMessageRestricted
<LI><a href="#[2e8]">&gt;&gt;</a>&nbsp;&nbsp;&nbsp;uxListRemove
</UL>
<BR>[Called By]<UL><LI><a href="#[c2]">&gt;&gt;</a>&nbsp;&nbsp;&nbsp;prvTimerTask
</UL>

<P><STRONG><a name="[2fb]"></a>prvSampleTimeNow</STRONG> (Thumb, 36 bytes, Stack size 16 bytes, timers.o(i.prvSampleTimeNow))
<BR><BR>[Stack]<UL><LI>Max Depth = 184<LI>Call Chain = prvSampleTimeNow &rArr; prvSwitchTimerLists &rArr; xTimerGenericCommand &rArr; xQueueGenericSend &rArr; xTaskResumeAll &rArr; xTaskIncrementTick
</UL>
<BR>[Calls]<UL><LI><a href="#[246]">&gt;&gt;</a>&nbsp;&nbsp;&nbsp;xTaskGetTickCount
<LI><a href="#[301]">&gt;&gt;</a>&nbsp;&nbsp;&nbsp;prvSwitchTimerLists
</UL>
<BR>[Called By]<UL><LI><a href="#[2fd]">&gt;&gt;</a>&nbsp;&nbsp;&nbsp;prvProcessTimerOrBlockTask
<LI><a href="#[2fa]">&gt;&gt;</a>&nbsp;&nbsp;&nbsp;prvProcessReceivedCommands
</UL>

<P><STRONG><a name="[301]"></a>prvSwitchTimerLists</STRONG> (Thumb, 86 bytes, Stack size 24 bytes, timers.o(i.prvSwitchTimerLists))
<BR><BR>[Stack]<UL><LI>Max Depth = 168<LI>Call Chain = prvSwitchTimerLists &rArr; xTimerGenericCommand &rArr; xQueueGenericSend &rArr; xTaskResumeAll &rArr; xTaskIncrementTick
</UL>
<BR>[Calls]<UL><LI><a href="#[247]">&gt;&gt;</a>&nbsp;&nbsp;&nbsp;xTimerGenericCommand
<LI><a href="#[2ea]">&gt;&gt;</a>&nbsp;&nbsp;&nbsp;vListInsert
<LI><a href="#[2e8]">&gt;&gt;</a>&nbsp;&nbsp;&nbsp;uxListRemove
</UL>
<BR>[Called By]<UL><LI><a href="#[2fb]">&gt;&gt;</a>&nbsp;&nbsp;&nbsp;prvSampleTimeNow
</UL>

<P><STRONG><a name="[c2]"></a>prvTimerTask</STRONG> (Thumb, 32 bytes, Stack size 0 bytes, timers.o(i.prvTimerTask))
<BR><BR>[Stack]<UL><LI>Max Depth = 224<LI>Call Chain = prvTimerTask &rArr; prvProcessReceivedCommands &rArr; prvSampleTimeNow &rArr; prvSwitchTimerLists &rArr; xTimerGenericCommand &rArr; xQueueGenericSend &rArr; xTaskResumeAll &rArr; xTaskIncrementTick
</UL>
<BR>[Calls]<UL><LI><a href="#[2fd]">&gt;&gt;</a>&nbsp;&nbsp;&nbsp;prvProcessTimerOrBlockTask
<LI><a href="#[2fa]">&gt;&gt;</a>&nbsp;&nbsp;&nbsp;prvProcessReceivedCommands
</UL>
<BR>[Address Reference Count : 1]<UL><LI> timers.o(i.xTimerCreateTimerTask)
</UL>
<P><STRONG><a name="[c0]"></a>prvTaskExitError</STRONG> (Thumb, 16 bytes, Stack size 0 bytes, port.o(i.prvTaskExitError))
<BR>[Address Reference Count : 1]<UL><LI> port.o(i.pxPortInitialiseStack)
</UL>
<P><STRONG><a name="[1a6]"></a>sendCommand</STRONG> (Thumb, 360 bytes, Stack size 56 bytes, 2g_common_api.o(i.sendCommand))
<BR><BR>[Stack]<UL><LI>Max Depth = 120<LI>Call Chain = sendCommand &rArr; vTaskDelay &rArr; xTaskResumeAll &rArr; xTaskIncrementTick
</UL>
<BR>[Calls]<UL><LI><a href="#[13b]">&gt;&gt;</a>&nbsp;&nbsp;&nbsp;vTaskDelay
<LI><a href="#[254]">&gt;&gt;</a>&nbsp;&nbsp;&nbsp;USART_SendData
<LI><a href="#[276]">&gt;&gt;</a>&nbsp;&nbsp;&nbsp;USART_GetFlagStatus
<LI><a href="#[2dd]">&gt;&gt;</a>&nbsp;&nbsp;&nbsp;strncmp
<LI><a href="#[18b]">&gt;&gt;</a>&nbsp;&nbsp;&nbsp;strlen
<LI><a href="#[1a7]">&gt;&gt;</a>&nbsp;&nbsp;&nbsp;strstr
<LI><a href="#[10c]">&gt;&gt;</a>&nbsp;&nbsp;&nbsp;__aeabi_memclr
<LI><a href="#[166]">&gt;&gt;</a>&nbsp;&nbsp;&nbsp;__aeabi_memcpy
<LI><a href="#[172]">&gt;&gt;</a>&nbsp;&nbsp;&nbsp;__2printf
</UL>
<BR>[Called By]<UL><LI><a href="#[224]">&gt;&gt;</a>&nbsp;&nbsp;&nbsp;get_IMEI
<LI><a href="#[19a]">&gt;&gt;</a>&nbsp;&nbsp;&nbsp;Post_Request_pack
<LI><a href="#[174]">&gt;&gt;</a>&nbsp;&nbsp;&nbsp;Post_Common_init
<LI><a href="#[193]">&gt;&gt;</a>&nbsp;&nbsp;&nbsp;Get_current_time
</UL>

<P><STRONG><a name="[18a]"></a>Encryption_Rule</STRONG> (Thumb, 226 bytes, Stack size 456 bytes, fcar_api.o(i.Encryption_Rule))
<BR><BR>[Stack]<UL><LI>Max Depth = 1008<LI>Call Chain = Encryption_Rule &rArr; sha1_api &rArr; SHA1Result &rArr; SHA1PadMessage &rArr; SHA1ProcessMessageBlock
</UL>
<BR>[Calls]<UL><LI><a href="#[18b]">&gt;&gt;</a>&nbsp;&nbsp;&nbsp;strlen
<LI><a href="#[16b]">&gt;&gt;</a>&nbsp;&nbsp;&nbsp;__aeabi_memclr4
<LI><a href="#[166]">&gt;&gt;</a>&nbsp;&nbsp;&nbsp;__aeabi_memcpy
<LI><a href="#[18d]">&gt;&gt;</a>&nbsp;&nbsp;&nbsp;watch_startMD5
<LI><a href="#[18c]">&gt;&gt;</a>&nbsp;&nbsp;&nbsp;sha1_api
<LI><a href="#[18e]">&gt;&gt;</a>&nbsp;&nbsp;&nbsp;parse_json
<LI><a href="#[16f]">&gt;&gt;</a>&nbsp;&nbsp;&nbsp;__2sprintf
<LI><a href="#[172]">&gt;&gt;</a>&nbsp;&nbsp;&nbsp;__2printf
</UL>
<BR>[Called By]<UL><LI><a href="#[18f]">&gt;&gt;</a>&nbsp;&nbsp;&nbsp;Fcar_Data_pack_to_server
</UL>

<P><STRONG><a name="[197]"></a>encrypt_common_api</STRONG> (Thumb, 108 bytes, Stack size 24 bytes, fcar_api.o(i.encrypt_common_api))
<BR><BR>[Stack]<UL><LI>Max Depth = 48<LI>Call Chain = encrypt_common_api &rArr; __2printf
</UL>
<BR>[Calls]<UL><LI><a href="#[272]">&gt;&gt;</a>&nbsp;&nbsp;&nbsp;strcmp
<LI><a href="#[172]">&gt;&gt;</a>&nbsp;&nbsp;&nbsp;__2printf
</UL>
<BR>[Called By]<UL><LI><a href="#[18f]">&gt;&gt;</a>&nbsp;&nbsp;&nbsp;Fcar_Data_pack_to_server
</UL>

<P><STRONG><a name="[194]"></a>mktime_tom</STRONG> (Thumb, 90 bytes, Stack size 20 bytes, fcar_api.o(i.mktime_tom))
<BR><BR>[Stack]<UL><LI>Max Depth = 20<LI>Call Chain = mktime_tom
</UL>
<BR>[Called By]<UL><LI><a href="#[18f]">&gt;&gt;</a>&nbsp;&nbsp;&nbsp;Fcar_Data_pack_to_server
</UL>

<P><STRONG><a name="[18e]"></a>parse_json</STRONG> (Thumb, 30 bytes, Stack size 16 bytes, fcar_api.o(i.parse_json))
<BR><BR>[Stack]<UL><LI>Max Depth = 48<LI>Call Chain = parse_json &rArr; cJSON_GetObjectItem &rArr; cJSON_strcasecmp
</UL>
<BR>[Calls]<UL><LI><a href="#[27a]">&gt;&gt;</a>&nbsp;&nbsp;&nbsp;cJSON_GetObjectItem
<LI><a href="#[172]">&gt;&gt;</a>&nbsp;&nbsp;&nbsp;__2printf
</UL>
<BR>[Called By]<UL><LI><a href="#[18f]">&gt;&gt;</a>&nbsp;&nbsp;&nbsp;Fcar_Data_pack_to_server
<LI><a href="#[18a]">&gt;&gt;</a>&nbsp;&nbsp;&nbsp;Encryption_Rule
</UL>

<P><STRONG><a name="[279]"></a>cJSON_New_Item</STRONG> (Thumb, 24 bytes, Stack size 8 bytes, cjson.o(i.cJSON_New_Item))
<BR><BR>[Stack]<UL><LI>Max Depth = 8<LI>Call Chain = cJSON_New_Item
</UL>
<BR>[Calls]<UL><LI><a href="#[16b]">&gt;&gt;</a>&nbsp;&nbsp;&nbsp;__aeabi_memclr4
</UL>
<BR>[Called By]<UL><LI><a href="#[170]">&gt;&gt;</a>&nbsp;&nbsp;&nbsp;cJSON_CreateNumber
<LI><a href="#[16d]">&gt;&gt;</a>&nbsp;&nbsp;&nbsp;cJSON_CreateString
<LI><a href="#[16c]">&gt;&gt;</a>&nbsp;&nbsp;&nbsp;cJSON_CreateObject
</UL>

<P><STRONG><a name="[27b]"></a>cJSON_strcasecmp</STRONG> (Thumb, 66 bytes, Stack size 16 bytes, cjson.o(i.cJSON_strcasecmp))
<BR><BR>[Stack]<UL><LI>Max Depth = 16<LI>Call Chain = cJSON_strcasecmp
</UL>
<BR>[Calls]<UL><LI><a href="#[27e]">&gt;&gt;</a>&nbsp;&nbsp;&nbsp;tolower
</UL>
<BR>[Called By]<UL><LI><a href="#[198]">&gt;&gt;</a>&nbsp;&nbsp;&nbsp;cJSON_ReplaceItemInObject
<LI><a href="#[27a]">&gt;&gt;</a>&nbsp;&nbsp;&nbsp;cJSON_GetObjectItem
</UL>

<P><STRONG><a name="[277]"></a>cJSON_strdup</STRONG> (Thumb, 34 bytes, Stack size 16 bytes, cjson.o(i.cJSON_strdup))
<BR><BR>[Stack]<UL><LI>Max Depth = 24<LI>Call Chain = cJSON_strdup &rArr; __aeabi_memcpy
</UL>
<BR>[Calls]<UL><LI><a href="#[18b]">&gt;&gt;</a>&nbsp;&nbsp;&nbsp;strlen
<LI><a href="#[166]">&gt;&gt;</a>&nbsp;&nbsp;&nbsp;__aeabi_memcpy
</UL>
<BR>[Called By]<UL><LI><a href="#[27c]">&gt;&gt;</a>&nbsp;&nbsp;&nbsp;print_value
<LI><a href="#[2e4]">&gt;&gt;</a>&nbsp;&nbsp;&nbsp;print_string_ptr
<LI><a href="#[198]">&gt;&gt;</a>&nbsp;&nbsp;&nbsp;cJSON_ReplaceItemInObject
<LI><a href="#[16d]">&gt;&gt;</a>&nbsp;&nbsp;&nbsp;cJSON_CreateString
<LI><a href="#[16e]">&gt;&gt;</a>&nbsp;&nbsp;&nbsp;cJSON_AddItemToObject
</UL>

<P><STRONG><a name="[2e0]"></a>print_array</STRONG> (Thumb, 290 bytes, Stack size 48 bytes, cjson.o(i.print_array))
<BR><BR>[Stack]<UL><LI>Max Depth = 48 + In Cycle
<LI>Call Chain = print_array &rArr;  print_value (Cycle)
</UL>
<BR>[Calls]<UL><LI><a href="#[2b8]">&gt;&gt;</a>&nbsp;&nbsp;&nbsp;strcpy
<LI><a href="#[18b]">&gt;&gt;</a>&nbsp;&nbsp;&nbsp;strlen
<LI><a href="#[16b]">&gt;&gt;</a>&nbsp;&nbsp;&nbsp;__aeabi_memclr4
<LI><a href="#[27c]">&gt;&gt;</a>&nbsp;&nbsp;&nbsp;print_value
</UL>
<BR>[Called By]<UL><LI><a href="#[27c]">&gt;&gt;</a>&nbsp;&nbsp;&nbsp;print_value
</UL>

<P><STRONG><a name="[2e1]"></a>print_number</STRONG> (Thumb, 216 bytes, Stack size 24 bytes, cjson.o(i.print_number))
<BR><BR>[Stack]<UL><LI>Max Depth = 136<LI>Call Chain = print_number &rArr; floor &rArr; __aeabi_drsub &rArr; __aeabi_dadd &rArr; _double_epilogue &rArr; _double_round
</UL>
<BR>[Calls]<UL><LI><a href="#[122]">&gt;&gt;</a>&nbsp;&nbsp;&nbsp;__aeabi_i2d
<LI><a href="#[271]">&gt;&gt;</a>&nbsp;&nbsp;&nbsp;__aeabi_cdrcmple
<LI><a href="#[2e2]">&gt;&gt;</a>&nbsp;&nbsp;&nbsp;__aeabi_cdcmple
<LI><a href="#[2b7]">&gt;&gt;</a>&nbsp;&nbsp;&nbsp;floor
<LI><a href="#[11c]">&gt;&gt;</a>&nbsp;&nbsp;&nbsp;__aeabi_dsub
<LI><a href="#[16f]">&gt;&gt;</a>&nbsp;&nbsp;&nbsp;__2sprintf
</UL>
<BR>[Called By]<UL><LI><a href="#[27c]">&gt;&gt;</a>&nbsp;&nbsp;&nbsp;print_value
</UL>

<P><STRONG><a name="[2e3]"></a>print_object</STRONG> (Thumb, 526 bytes, Stack size 48 bytes, cjson.o(i.print_object))
<BR><BR>[Stack]<UL><LI>Max Depth = 96 + In Cycle
<LI>Call Chain = print_object &rArr;  print_value (Cycle)
</UL>
<BR>[Calls]<UL><LI><a href="#[2b8]">&gt;&gt;</a>&nbsp;&nbsp;&nbsp;strcpy
<LI><a href="#[18b]">&gt;&gt;</a>&nbsp;&nbsp;&nbsp;strlen
<LI><a href="#[16b]">&gt;&gt;</a>&nbsp;&nbsp;&nbsp;__aeabi_memclr4
<LI><a href="#[27c]">&gt;&gt;</a>&nbsp;&nbsp;&nbsp;print_value
<LI><a href="#[2e4]">&gt;&gt;</a>&nbsp;&nbsp;&nbsp;print_string_ptr
</UL>
<BR>[Called By]<UL><LI><a href="#[27c]">&gt;&gt;</a>&nbsp;&nbsp;&nbsp;print_value
</UL>

<P><STRONG><a name="[2e4]"></a>print_string_ptr</STRONG> (Thumb, 202 bytes, Stack size 24 bytes, cjson.o(i.print_string_ptr))
<BR><BR>[Stack]<UL><LI>Max Depth = 48<LI>Call Chain = print_string_ptr &rArr; cJSON_strdup &rArr; __aeabi_memcpy
</UL>
<BR>[Calls]<UL><LI><a href="#[2e5]">&gt;&gt;</a>&nbsp;&nbsp;&nbsp;strchr
<LI><a href="#[277]">&gt;&gt;</a>&nbsp;&nbsp;&nbsp;cJSON_strdup
<LI><a href="#[16f]">&gt;&gt;</a>&nbsp;&nbsp;&nbsp;__2sprintf
</UL>
<BR>[Called By]<UL><LI><a href="#[27c]">&gt;&gt;</a>&nbsp;&nbsp;&nbsp;print_value
<LI><a href="#[2e3]">&gt;&gt;</a>&nbsp;&nbsp;&nbsp;print_object
</UL>

<P><STRONG><a name="[27c]"></a>print_value</STRONG> (Thumb, 82 bytes, Stack size 8 bytes, cjson.o(i.print_value))
<BR><BR>[Stack]<UL><LI>Max Depth = 144<LI>Call Chain = print_value &rArr; print_number &rArr; floor &rArr; __aeabi_drsub &rArr; __aeabi_dadd &rArr; _double_epilogue &rArr; _double_round
</UL>
<BR>[Calls]<UL><LI><a href="#[2e4]">&gt;&gt;</a>&nbsp;&nbsp;&nbsp;print_string_ptr
<LI><a href="#[2e3]">&gt;&gt;</a>&nbsp;&nbsp;&nbsp;print_object
<LI><a href="#[2e1]">&gt;&gt;</a>&nbsp;&nbsp;&nbsp;print_number
<LI><a href="#[2e0]">&gt;&gt;</a>&nbsp;&nbsp;&nbsp;print_array
<LI><a href="#[277]">&gt;&gt;</a>&nbsp;&nbsp;&nbsp;cJSON_strdup
</UL>
<BR>[Called By]<UL><LI><a href="#[2e3]">&gt;&gt;</a>&nbsp;&nbsp;&nbsp;print_object
<LI><a href="#[2e0]">&gt;&gt;</a>&nbsp;&nbsp;&nbsp;print_array
<LI><a href="#[171]">&gt;&gt;</a>&nbsp;&nbsp;&nbsp;cJSON_Print
</UL>

<P><STRONG><a name="[270]"></a>_fp_digits</STRONG> (Thumb, 326 bytes, Stack size 56 bytes, printfa.o(i._fp_digits), UNUSED)
<BR><BR>[Calls]<UL><LI><a href="#[11e]">&gt;&gt;</a>&nbsp;&nbsp;&nbsp;__aeabi_dmul
<LI><a href="#[11f]">&gt;&gt;</a>&nbsp;&nbsp;&nbsp;__aeabi_ddiv
<LI><a href="#[271]">&gt;&gt;</a>&nbsp;&nbsp;&nbsp;__aeabi_cdrcmple
<LI><a href="#[117]">&gt;&gt;</a>&nbsp;&nbsp;&nbsp;__aeabi_dadd
<LI><a href="#[127]">&gt;&gt;</a>&nbsp;&nbsp;&nbsp;__aeabi_uldivmod
<LI><a href="#[129]">&gt;&gt;</a>&nbsp;&nbsp;&nbsp;__aeabi_d2ulz
</UL>
<BR>[Called By]<UL><LI><a href="#[26a]">&gt;&gt;</a>&nbsp;&nbsp;&nbsp;_printf_core
</UL>

<P><STRONG><a name="[26a]"></a>_printf_core</STRONG> (Thumb, 1762 bytes, Stack size 136 bytes, printfa.o(i._printf_core), UNUSED)
<BR><BR>[Calls]<UL><LI><a href="#[127]">&gt;&gt;</a>&nbsp;&nbsp;&nbsp;__aeabi_uldivmod
<LI><a href="#[275]">&gt;&gt;</a>&nbsp;&nbsp;&nbsp;__aeabi_uidivmod
<LI><a href="#[273]">&gt;&gt;</a>&nbsp;&nbsp;&nbsp;_printf_pre_padding
<LI><a href="#[274]">&gt;&gt;</a>&nbsp;&nbsp;&nbsp;_printf_post_padding
<LI><a href="#[270]">&gt;&gt;</a>&nbsp;&nbsp;&nbsp;_fp_digits
</UL>
<BR>[Called By]<UL><LI><a href="#[26e]">&gt;&gt;</a>&nbsp;&nbsp;&nbsp;__0vsprintf
<LI><a href="#[26d]">&gt;&gt;</a>&nbsp;&nbsp;&nbsp;__0sprintf
<LI><a href="#[26c]">&gt;&gt;</a>&nbsp;&nbsp;&nbsp;__0snprintf
<LI><a href="#[26b]">&gt;&gt;</a>&nbsp;&nbsp;&nbsp;__0printf
<LI><a href="#[269]">&gt;&gt;</a>&nbsp;&nbsp;&nbsp;__0fprintf
</UL>

<P><STRONG><a name="[274]"></a>_printf_post_padding</STRONG> (Thumb, 38 bytes, Stack size 24 bytes, printfa.o(i._printf_post_padding), UNUSED)
<BR><BR>[Called By]<UL><LI><a href="#[26a]">&gt;&gt;</a>&nbsp;&nbsp;&nbsp;_printf_core
</UL>

<P><STRONG><a name="[273]"></a>_printf_pre_padding</STRONG> (Thumb, 48 bytes, Stack size 24 bytes, printfa.o(i._printf_pre_padding), UNUSED)
<BR><BR>[Called By]<UL><LI><a href="#[26a]">&gt;&gt;</a>&nbsp;&nbsp;&nbsp;_printf_core
</UL>

<P><STRONG><a name="[b6]"></a>_snputc</STRONG> (Thumb, 22 bytes, Stack size 0 bytes, printfa.o(i._snputc))
<BR>[Address Reference Count : 1]<UL><LI> printfa.o(i.__0snprintf)
</UL>
<P><STRONG><a name="[b7]"></a>_sputc</STRONG> (Thumb, 10 bytes, Stack size 0 bytes, printfa.o(i._sputc))
<BR><BR>[Called By]<UL><LI><a href="#[26e]">&gt;&gt;</a>&nbsp;&nbsp;&nbsp;__0vsprintf
<LI><a href="#[26d]">&gt;&gt;</a>&nbsp;&nbsp;&nbsp;__0sprintf
</UL>
<BR>[Address Reference Count : 2]<UL><LI> printfa.o(i.__0sprintf)
<LI> printfa.o(i.__0vsprintf)
</UL>
<P><STRONG><a name="[26f]"></a>internal_alloc</STRONG> (Thumb, 76 bytes, Stack size 24 bytes, mallocr.o(i.internal_alloc))
<BR><BR>[Stack]<UL><LI>Max Depth = 32<LI>Call Chain = internal_alloc &rArr; __aeabi_memcpy
</UL>
<BR>[Calls]<UL><LI><a href="#[166]">&gt;&gt;</a>&nbsp;&nbsp;&nbsp;__aeabi_memcpy
</UL>
<BR>[Called By]<UL><LI><a href="#[1]">&gt;&gt;</a>&nbsp;&nbsp;&nbsp;malloc
</UL>
<P>
<H3>
Undefined Global Symbols
</H3><HR></body></html>
